# narrate replay uk100fut 2026-08-17 10:00:00+00:00 -> 2026-08-17 13:45:00+00:00 stack 1h/15min/1min (narrative-only=True)
# convention: bars stamped by CLOSE time; store/TradingView open-time stamp = close - TF
# state @ window start: 1h: phase=RANGING trend=+0 age=0 atr=12.2 close=10789.1 | 15min: phase=RANGING trend=+1 age=30 atr=11.9 close=10786.3; active hypotheses: none
10:05Z 1min   LABEL                        {'label': 'EFFORTLESS_ADVANCE', 'structural': 'EFFORTLESS_ADVANCE', 'segment': 'cash', 'open': 10775.6, 'high': 10779.1, 'low': 10775.6, 'close': 10779.1, 'volume': 40.0, 'rel_volume': 1.06, 'location_ref': 'signal_swing_level', 'location_level': 10780.8, 'dist_pts': -1.7, 'dist_signal_atr': -0.14}
10:08Z 1min   LABEL                        {'label': 'EFFORTLESS_ADVANCE', 'structural': 'EFFORTLESS_ADVANCE', 'segment': 'cash', 'open': 10778.6, 'high': 10781.1, 'low': 10777.6, 'close': 10780.6, 'volume': 34.0, 'rel_volume': 1.23, 'location_ref': 'signal_swing_level', 'location_level': 10780.8, 'dist_pts': -0.2, 'dist_signal_atr': -0.02}
10:09Z 3min   LABEL                        {'label': 'EFFORTLESS_ADVANCE', 'structural': 'EFFORTLESS_ADVANCE', 'segment': 'cash', 'open': 10779.8, 'high': 10782.1, 'low': 10777.3, 'close': 10781.8, 'volume': 82.0, 'rel_volume': 0.8}
10:09Z 1min   LABEL                        {'label': 'EFFORTLESS_ADVANCE', 'structural': 'EFFORTLESS_ADVANCE', 'segment': 'cash', 'open': 10780.1, 'high': 10782.1, 'low': 10779.6, 'close': 10781.8, 'volume': 21.0, 'rel_volume': 0.49, 'location_ref': 'signal_swing_level', 'location_level': 10780.8, 'dist_pts': 1.0, 'dist_signal_atr': 0.08}
10:17Z 1min   LABEL                        {'label': 'EFFORTLESS_ADVANCE', 'structural': 'EFFORTLESS_ADVANCE', 'segment': 'cash', 'open': 10780.6, 'high': 10782.3, 'low': 10780.1, 'close': 10782.1, 'volume': 26.0, 'rel_volume': 0.99, 'location_ref': 'signal_swing_level', 'location_level': 10780.8, 'dist_pts': 1.3, 'dist_signal_atr': 0.11}
10:18Z 3min   LABEL                        {'label': 'EFFORTLESS_ADVANCE', 'structural': 'EFFORTLESS_ADVANCE', 'segment': 'cash', 'open': 10780.1, 'high': 10783.6, 'low': 10778.8, 'close': 10783.3, 'volume': 74.0, 'rel_volume': 0.87}
10:19Z 1min   LABEL                        {'label': 'POTENTIAL_SELLING_CLIMAX', 'structural': 'SELLING_CLIMAX', 'segment': 'cash', 'open': 10783.1, 'high': 10791.3, 'low': 10781.1, 'close': 10781.6, 'volume': 120.0, 'rel_volume': 4.32, 'location_ref': 'signal_swing_level', 'location_level': 10780.8, 'dist_pts': 0.8, 'dist_signal_atr': 0.07}
10:19Z 1min   PHASE                        {'phase': 'POST_CLIMAX', 'trigger': 'POTENTIAL_SELLING_CLIMAX', 'direction': 1, 'segment': 'cash'}
10:19Z 1min   PULLBACK_EXPANDED            {'max_rel_vol': 4.32}
10:21Z 1min   LABEL                        {'label': 'TEST', 'structural': None, 'segment': 'cash', 'open': 10783.3, 'high': 10787.3, 'low': 10783.3, 'close': 10786.1, 'volume': 26.0, 'rel_volume': 0.83, 'location_ref': 'signal_swing_level', 'location_level': 10783.6, 'dist_pts': 2.5, 'dist_signal_atr': 0.2}
10:25Z 1min   LABEL                        {'label': 'TEST', 'structural': 'NO_DEMAND', 'segment': 'cash', 'open': 10783.8, 'high': 10785.1, 'low': 10783.3, 'close': 10784.6, 'volume': 19.0, 'rel_volume': 0.64, 'location_ref': 'signal_swing_level', 'location_level': 10783.6, 'dist_pts': 1.0, 'dist_signal_atr': 0.08}
10:26Z 1min   LABEL                        {'label': 'TEST', 'structural': None, 'segment': 'cash', 'open': 10784.3, 'high': 10785.6, 'low': 10783.3, 'close': 10785.1, 'volume': 17.0, 'rel_volume': 0.51, 'location_ref': 'signal_swing_level', 'location_level': 10783.6, 'dist_pts': 1.5, 'dist_signal_atr': 0.12}
10:29Z 1min   LABEL                        {'label': 'TEST', 'structural': None, 'segment': 'cash', 'open': 10784.1, 'high': 10785.6, 'low': 10783.6, 'close': 10785.1, 'volume': 27.0, 'rel_volume': 0.93, 'location_ref': 'signal_swing_level', 'location_level': 10783.6, 'dist_pts': 1.5, 'dist_signal_atr': 0.12}
10:29Z 1min   PHASE                        {'phase': 'RANGING', 'trigger': 'no_new_extreme', 'segment': 'cash'}
10:30Z 30min  LABEL                        {'label': 'EFFORTLESS_ADVANCE', 'structural': 'EFFORTLESS_ADVANCE', 'segment': 'cash', 'open': 10781.3, 'high': 10799.8, 'low': 10774.6, 'close': 10799.1, 'volume': 1136.0, 'rel_volume': 1.12}
10:30Z 5min   LABEL                        {'label': 'VALIDATED_ADVANCE', 'structural': 'VALIDATED_ADVANCE', 'segment': 'cash', 'open': 10784.3, 'high': 10799.8, 'low': 10783.3, 'close': 10799.1, 'volume': 380.0, 'rel_volume': 2.41}
10:30Z 15min  LABEL                        {'label': 'VALIDATED_ADVANCE', 'structural': 'VALIDATED_ADVANCE', 'segment': 'cash', 'open': 10780.1, 'high': 10799.8, 'low': 10778.8, 'close': 10799.1, 'volume': 708.0, 'rel_volume': 1.59}
10:31Z 1min   LABEL                        {'label': 'VALIDATED_DECLINE', 'structural': 'VALIDATED_DECLINE', 'segment': 'cash', 'open': 10798.6, 'high': 10799.6, 'low': 10790.1, 'close': 10791.1, 'volume': 196.0, 'rel_volume': 4.88, 'location_ref': 'signal_swing_level', 'location_level': 10795.0, 'dist_pts': -3.9, 'dist_signal_atr': -0.3}
10:32Z 1min   LABEL                        {'label': 'SPRING', 'structural': 'SPRING', 'segment': 'cash', 'open': 10790.6, 'high': 10792.1, 'low': 10786.8, 'close': 10791.1, 'volume': 81.0, 'rel_volume': 2.29, 'location_ref': 'signal_swing_level', 'location_level': 10783.6, 'dist_pts': 3.2, 'dist_signal_atr': 0.25}
10:33Z 1min   LABEL                        {'label': 'UPTHRUST', 'structural': 'UPTHRUST', 'segment': 'cash', 'open': 10790.8, 'high': 10793.6, 'low': 10789.6, 'close': 10789.6, 'volume': 48.0, 'rel_volume': 1.57, 'location_ref': 'signal_swing_level', 'location_level': 10795.0, 'dist_pts': -1.4, 'dist_signal_atr': -0.11}
10:35Z 5min   LABEL                        {'label': 'VALIDATED_DECLINE', 'structural': 'VALIDATED_DECLINE', 'segment': 'cash', 'open': 10798.6, 'high': 10799.6, 'low': 10786.8, 'close': 10788.3, 'volume': 394.0, 'rel_volume': 2.49}
10:35Z 1min   LABEL                        {'label': 'EFFORTLESS_DECLINE', 'structural': 'EFFORTLESS_DECLINE', 'segment': 'cash', 'open': 10791.8, 'high': 10792.1, 'low': 10788.1, 'close': 10788.3, 'volume': 28.0, 'rel_volume': 0.99, 'location_ref': 'signal_swing_level', 'location_level': 10783.6, 'dist_pts': 4.7, 'dist_signal_atr': 0.36}
10:37Z 1min   LABEL                        {'label': 'TEST', 'structural': None, 'segment': 'cash', 'open': 10788.1, 'high': 10792.6, 'low': 10788.1, 'close': 10790.6, 'volume': 25.0, 'rel_volume': 0.71, 'location_ref': 'signal_swing_level', 'location_level': 10795.0, 'dist_pts': -4.4, 'dist_signal_atr': -0.34}
10:38Z 1min   LABEL                        {'label': 'TEST', 'structural': None, 'segment': 'cash', 'open': 10790.8, 'high': 10792.1, 'low': 10790.3, 'close': 10791.3, 'volume': 24.0, 'rel_volume': 0.92, 'location_ref': 'signal_swing_level', 'location_level': 10795.0, 'dist_pts': -3.7, 'dist_signal_atr': -0.29}
10:39Z 1min   LABEL                        {'label': 'TEST', 'structural': None, 'segment': 'cash', 'open': 10791.1, 'high': 10791.6, 'low': 10790.1, 'close': 10791.6, 'volume': 15.0, 'rel_volume': 0.55, 'location_ref': 'signal_swing_level', 'location_level': 10795.0, 'dist_pts': -3.4, 'dist_signal_atr': -0.26}
10:40Z 5min   LABEL                        {'label': 'EFFORTLESS_ADVANCE', 'structural': 'EFFORTLESS_ADVANCE', 'segment': 'cash', 'open': 10788.1, 'high': 10795.3, 'low': 10787.1, 'close': 10794.3, 'volume': 125.0, 'rel_volume': 0.85}
11:01Z 1min   LABEL                        {'label': 'TEST', 'structural': None, 'segment': 'cash', 'open': 10791.1, 'high': 10793.1, 'low': 10789.3, 'close': 10790.3, 'volume': 42.0, 'rel_volume': 0.59, 'location_ref': 'signal_swing_level', 'location_level': 10795.0, 'dist_pts': -4.7, 'dist_signal_atr': -0.39}
11:02Z 1min   LABEL                        {'label': 'TEST', 'structural': None, 'segment': 'cash', 'open': 10790.1, 'high': 10792.6, 'low': 10790.1, 'close': 10791.1, 'volume': 35.0, 'rel_volume': 0.38, 'location_ref': 'signal_swing_level', 'location_level': 10795.0, 'dist_pts': -3.9, 'dist_signal_atr': -0.32}
11:26Z 1min   LABEL                        {'label': 'EFFORTLESS_ADVANCE', 'structural': 'EFFORTLESS_ADVANCE', 'segment': 'cash', 'open': 10797.8, 'high': 10800.6, 'low': 10797.8, 'close': 10800.1, 'volume': 10.0, 'rel_volume': 0.31, 'location_ref': 'signal_swing_level', 'location_level': 10799.5, 'dist_pts': 0.6, 'dist_signal_atr': 0.05}
11:27Z 3min   LABEL                        {'label': 'EFFORTLESS_ADVANCE', 'structural': 'EFFORTLESS_ADVANCE', 'segment': 'cash', 'open': 10795.8, 'high': 10801.1, 'low': 10795.8, 'close': 10800.8, 'volume': 52.0, 'rel_volume': 0.53}
11:34Z 1min   LABEL                        {'label': 'EFFORTLESS_DECLINE', 'structural': 'EFFORTLESS_DECLINE', 'segment': 'cash', 'open': 10800.6, 'high': 10801.6, 'low': 10798.6, 'close': 10799.1, 'volume': 34.0, 'rel_volume': 1.14, 'location_ref': 'signal_swing_level', 'location_level': 10799.5, 'dist_pts': -0.4, 'dist_signal_atr': -0.03}
11:46Z 1min   LABEL                        {'label': 'EFFORTLESS_ADVANCE', 'structural': 'EFFORTLESS_ADVANCE', 'segment': 'cash', 'open': 10800.3, 'high': 10803.1, 'low': 10800.1, 'close': 10802.8, 'volume': 27.0, 'rel_volume': 0.91, 'location_ref': 'signal_swing_level', 'location_level': 10801.1, 'dist_pts': 1.7, 'dist_signal_atr': 0.17}
11:48Z 3min   LABEL                        {'label': 'EFFORTLESS_DECLINE', 'structural': 'EFFORTLESS_DECLINE', 'segment': 'cash', 'open': 10800.3, 'high': 10803.3, 'low': 10796.6, 'close': 10796.6, 'volume': 62.0, 'rel_volume': 0.69}
11:48Z 1min   LABEL                        {'label': 'EFFORTLESS_DECLINE', 'structural': 'EFFORTLESS_DECLINE', 'segment': 'cash', 'open': 10799.8, 'high': 10800.1, 'low': 10796.6, 'close': 10796.6, 'volume': 17.0, 'rel_volume': 0.56, 'location_ref': 'signal_swing_level', 'location_level': 10796.1, 'dist_pts': 0.5, 'dist_signal_atr': 0.05}
11:49Z 1min   LABEL                        {'label': 'EFFORTLESS_DECLINE', 'structural': 'EFFORTLESS_DECLINE', 'segment': 'cash', 'open': 10796.8, 'high': 10796.8, 'low': 10793.6, 'close': 10793.6, 'volume': 26.0, 'rel_volume': 0.81, 'location_ref': 'signal_swing_level', 'location_level': 10795.0, 'dist_pts': -1.4, 'dist_signal_atr': -0.14}
11:50Z 5min   LABEL                        {'label': 'EFFORTLESS_DECLINE', 'structural': 'EFFORTLESS_DECLINE', 'segment': 'cash', 'open': 10800.3, 'high': 10803.3, 'low': 10790.3, 'close': 10790.3, 'volume': 117.0, 'rel_volume': 0.76}
11:50Z 1min   LABEL                        {'label': 'EFFORTLESS_DECLINE', 'structural': 'EFFORTLESS_DECLINE', 'segment': 'cash', 'open': 10793.3, 'high': 10793.3, 'low': 10790.3, 'close': 10790.3, 'volume': 29.0, 'rel_volume': 0.94, 'location_ref': 'signal_swing_level', 'location_level': 10795.0, 'dist_pts': -4.7, 'dist_signal_atr': -0.46}
11:51Z 1min   LABEL                        {'label': 'EFFORTLESS_ADVANCE', 'structural': 'EFFORTLESS_ADVANCE', 'segment': 'cash', 'open': 10790.6, 'high': 10793.3, 'low': 10790.6, 'close': 10793.1, 'volume': 22.0, 'rel_volume': 0.75, 'location_ref': 'signal_swing_level', 'location_level': 10795.0, 'dist_pts': -1.9, 'dist_signal_atr': -0.18}
12:00Z 30min  LABEL                        {'label': 'EFFORTLESS_DECLINE', 'structural': 'EFFORTLESS_DECLINE', 'segment': 'cash', 'open': 10800.3, 'high': 10803.3, 'low': 10786.3, 'close': 10789.6, 'volume': 727.0, 'rel_volume': 0.77}
12:00Z 15min  LABEL                        {'label': 'EFFORTLESS_DECLINE', 'structural': 'EFFORTLESS_DECLINE', 'segment': 'cash', 'open': 10800.3, 'high': 10803.3, 'low': 10786.3, 'close': 10789.6, 'volume': 358.0, 'rel_volume': 0.79}
12:05Z 1min   LABEL                        {'label': 'EFFORTLESS_DECLINE', 'structural': 'EFFORTLESS_DECLINE', 'segment': 'cash', 'open': 10787.6, 'high': 10787.6, 'low': 10783.8, 'close': 10784.3, 'volume': 32.0, 'rel_volume': 0.51, 'location_ref': 'signal_swing_level', 'location_level': 10783.6, 'dist_pts': 0.7, 'dist_signal_atr': 0.07}
12:18Z 3min   LABEL                        {'label': 'EFFORTLESS_DECLINE', 'structural': 'EFFORTLESS_DECLINE', 'segment': 'cash', 'open': 10780.8, 'high': 10781.1, 'low': 10774.3, 'close': 10775.3, 'volume': 94.0, 'rel_volume': 0.79}
12:20Z 5min   LABEL                        {'label': 'EFFORTLESS_DECLINE', 'structural': 'EFFORTLESS_DECLINE', 'segment': 'cash', 'open': 10780.8, 'high': 10781.1, 'low': 10771.1, 'close': 10771.3, 'volume': 154.0, 'rel_volume': 0.83}
12:21Z 3min   LABEL                        {'label': 'EFFORTLESS_DECLINE', 'structural': 'EFFORTLESS_DECLINE', 'segment': 'cash', 'open': 10775.1, 'high': 10775.1, 'low': 10768.6, 'close': 10768.8, 'volume': 88.0, 'rel_volume': 0.85}
12:21Z 1min   LABEL                        {'label': 'EFFORTLESS_DECLINE', 'structural': 'EFFORTLESS_DECLINE', 'segment': 'cash', 'open': 10771.6, 'high': 10772.1, 'low': 10768.6, 'close': 10768.8, 'volume': 28.0, 'rel_volume': 0.75, 'location_ref': 'session_low', 'location_level': 10768.6, 'dist_pts': 0.2, 'dist_signal_atr': 0.02}
12:27Z 1min   LABEL                        {'label': 'POTENTIAL_SELLING_CLIMAX', 'structural': 'SELLING_CLIMAX', 'segment': 'cash', 'open': 10772.1, 'high': 10772.1, 'low': 10763.1, 'close': 10767.6, 'volume': 182.0, 'rel_volume': 5.99, 'location_ref': 'session_low', 'location_level': 10763.1, 'dist_pts': 4.5, 'dist_signal_atr': 0.43}
12:27Z 1min   PHASE                        {'phase': 'POST_CLIMAX', 'trigger': 'POTENTIAL_SELLING_CLIMAX', 'direction': 1, 'segment': 'cash'}
12:28Z 1min   PULLBACK_EXPANDED            {'max_rel_vol': 1.97}
12:30Z 1h     LABEL                        {'label': 'EFFORTLESS_DECLINE', 'structural': 'EFFORTLESS_DECLINE', 'segment': 'cash', 'open': 10800.3, 'high': 10803.3, 'low': 10763.1, 'close': 10766.8, 'volume': 1782.0, 'rel_volume': 0.77}
12:35Z 1min   LABEL                        {'label': 'TEST', 'structural': 'NO_DEMAND', 'segment': 'cash', 'open': 10765.3, 'high': 10766.8, 'low': 10765.3, 'close': 10766.6, 'volume': 32.0, 'rel_volume': 0.42, 'location_ref': 'signal_swing_level', 'location_level': 10761.3, 'dist_pts': 5.3, 'dist_signal_atr': 0.48}
12:37Z 1min   PHASE                        {'phase': 'RANGING', 'trigger': 'no_new_extreme', 'segment': 'cash'}
12:43Z 1min   LABEL                        {'label': 'TEST', 'structural': None, 'segment': 'cash', 'open': 10766.1, 'high': 10766.8, 'low': 10765.1, 'close': 10766.3, 'volume': 39.0, 'rel_volume': 0.77, 'location_ref': 'signal_swing_level', 'location_level': 10761.3, 'dist_pts': 5.0, 'dist_signal_atr': 0.45}
12:44Z 1min   LABEL                        {'label': 'TEST', 'structural': None, 'segment': 'cash', 'open': 10766.6, 'high': 10767.3, 'low': 10764.8, 'close': 10766.6, 'volume': 30.0, 'rel_volume': 0.57, 'location_ref': 'signal_swing_level', 'location_level': 10761.3, 'dist_pts': 5.3, 'dist_signal_atr': 0.48}
12:45Z 1min   LABEL                        {'label': 'TEST', 'structural': 'NO_DEMAND', 'segment': 'cash', 'open': 10766.3, 'high': 10767.8, 'low': 10766.1, 'close': 10767.1, 'volume': 25.0, 'rel_volume': 0.52, 'location_ref': 'signal_swing_level', 'location_level': 10761.3, 'dist_pts': 5.8, 'dist_signal_atr': 0.51}
12:51Z 1min   LABEL                        {'label': 'TEST', 'structural': None, 'segment': 'cash', 'open': 10764.3, 'high': 10766.1, 'low': 10764.3, 'close': 10765.3, 'volume': 28.0, 'rel_volume': 0.72, 'location_ref': 'signal_swing_level', 'location_level': 10761.3, 'dist_pts': 4.0, 'dist_signal_atr': 0.35}
12:52Z 1min   LABEL                        {'label': 'TEST', 'structural': 'NO_DEMAND', 'segment': 'cash', 'open': 10765.1, 'high': 10766.1, 'low': 10764.8, 'close': 10765.6, 'volume': 15.0, 'rel_volume': 0.36, 'location_ref': 'signal_swing_level', 'location_level': 10761.3, 'dist_pts': 4.3, 'dist_signal_atr': 0.38}
13:00Z 30min  LABEL                        {'label': 'APATHY', 'structural': 'APATHY', 'segment': 'cash', 'open': 10766.6, 'high': 10773.3, 'low': 10760.6, 'close': 10766.6, 'volume': 949.0, 'rel_volume': 0.58}
13:13Z 1min   LABEL                        {'label': 'EFFORTLESS_DECLINE', 'structural': 'EFFORTLESS_DECLINE', 'segment': 'cash', 'open': 10759.3, 'high': 10760.3, 'low': 10756.6, 'close': 10756.8, 'volume': 30.0, 'rel_volume': 0.63, 'location_ref': 'session_low', 'location_level': 10756.6, 'dist_pts': 0.2, 'dist_signal_atr': 0.02}
13:27Z 3min   LABEL                        {'label': 'EFFORTLESS_DECLINE', 'structural': 'EFFORTLESS_DECLINE', 'segment': 'cash', 'open': 10760.3, 'high': 10760.6, 'low': 10753.3, 'close': 10753.8, 'volume': 106.0, 'rel_volume': 0.71}
13:27Z 1min   LABEL                        {'label': 'EFFORTLESS_DECLINE', 'structural': 'EFFORTLESS_DECLINE', 'segment': 'cash', 'open': 10757.3, 'high': 10757.3, 'low': 10753.3, 'close': 10753.8, 'volume': 33.0, 'rel_volume': 0.71, 'location_ref': 'session_low', 'location_level': 10753.3, 'dist_pts': 0.5, 'dist_signal_atr': 0.04}
13:33Z 1min   LABEL                        {'label': 'EFFORTLESS_ADVANCE', 'structural': 'EFFORTLESS_ADVANCE', 'segment': 'cash', 'open': 10759.6, 'high': 10767.3, 'low': 10757.8, 'close': 10765.8, 'volume': 157.0, 'rel_volume': 1.09, 'location_ref': 'signal_swing_level', 'location_level': 10761.3, 'dist_pts': 4.5, 'dist_signal_atr': 0.39}
# state @ window end: 1h: phase=RANGING trend=+1 age=3 atr=17.0 close=10757.6 | 15min: phase=RANGING trend=-1 age=4 atr=12.2 close=10762.1; active hypotheses: none
# end of window - uk100fut narrated through 2026-08-17 13:45Z
