=== sync start 2026-08-11T20:43:01Z ===

=== uk100 (id 16645) -> /Users/r.john/git/vc-tx2/data ===
  minute/mid:
      page 1: 10,000 bars  2026-07-31 10:46:00+00:00 -> 2026-08-11 20:42:00+00:00
      page 2: 10,000 bars  2026-07-22 02:00:00+00:00 -> 2026-07-31 10:45:00+00:00
      page 3:  9,704 bars  2026-07-12 22:05:00+00:00 -> 2026-07-22 01:59:00+00:00
      fetched 29,703 | +812 new | store 36,646 bars  2026-07-03 -> 2026-08-11

  minute/bid:
      page 1: 10,000 bars  2026-07-31 10:46:00+00:00 -> 2026-08-11 20:42:00+00:00
      page 2: 10,000 bars  2026-07-22 02:00:00+00:00 -> 2026-07-31 10:45:00+00:00
      page 3:  9,704 bars  2026-07-12 22:05:00+00:00 -> 2026-07-22 01:59:00+00:00
      fetched 29,703 | +812 new | store 36,646 bars  2026-07-03 -> 2026-08-11

  minute/ask:
      page 1: 10,000 bars  2026-07-31 10:46:00+00:00 -> 2026-08-11 20:42:00+00:00
      page 2: 10,000 bars  2026-07-22 02:00:00+00:00 -> 2026-07-31 10:45:00+00:00
      page 3:  9,704 bars  2026-07-12 22:05:00+00:00 -> 2026-07-22 01:59:00+00:00
      fetched 29,703 | +812 new | store 36,646 bars  2026-07-03 -> 2026-08-11

  quarter/mid:
      page 1: 10,000 bars  2026-03-04 07:00:00+00:00 -> 2026-08-11 20:30:00+00:00
      page 2: 10,000 bars  2025-09-24 15:30:00+00:00 -> 2026-03-04 06:45:00+00:00
      page 3:  2,772 bars  2025-08-11 20:45:00+00:00 -> 2025-09-24 15:15:00+00:00
      fetched 22,771 | +54 new | store 23,313 bars  2025-08-03 -> 2026-08-11

  quarter/bid:
      page 1: 10,000 bars  2026-03-04 07:00:00+00:00 -> 2026-08-11 20:30:00+00:00
      page 2: 10,000 bars  2025-09-24 15:30:00+00:00 -> 2026-03-04 06:45:00+00:00
      page 3:  2,772 bars  2025-08-11 20:45:00+00:00 -> 2025-09-24 15:15:00+00:00
      fetched 22,771 | +54 new | store 23,313 bars  2025-08-03 -> 2026-08-11

  quarter/ask:
      page 1: 10,000 bars  2026-03-04 07:00:00+00:00 -> 2026-08-11 20:30:00+00:00
      page 2: 10,000 bars  2025-09-24 15:30:00+00:00 -> 2026-03-04 06:45:00+00:00
      page 3:  2,772 bars  2025-08-11 20:45:00+00:00 -> 2025-09-24 15:15:00+00:00
      fetched 22,771 | +54 new | store 23,313 bars  2025-08-03 -> 2026-08-11

  hour/mid:
      page 1: 10,000 bars  2024-11-11 19:00:00+00:00 -> 2026-08-11 20:00:00+00:00
      page 2:  1,477 bars  2024-08-11 22:00:00+00:00 -> 2024-11-11 18:00:00+00:00
      fetched 11,476 | +14 new | store 11,590 bars  2024-08-04 -> 2026-08-11

  hour/bid:
      page 1: 10,000 bars  2024-11-11 19:00:00+00:00 -> 2026-08-11 20:00:00+00:00
      page 2:  1,477 bars  2024-08-11 22:00:00+00:00 -> 2024-11-11 18:00:00+00:00
      fetched 11,476 | +14 new | store 11,590 bars  2024-08-04 -> 2026-08-11

  hour/ask:
      page 1: 10,000 bars  2024-11-11 19:00:00+00:00 -> 2026-08-11 20:00:00+00:00
      page 2:  1,477 bars  2024-08-11 22:00:00+00:00 -> 2024-11-11 18:00:00+00:00
      fetched 11,476 | +14 new | store 11,590 bars  2024-08-04 -> 2026-08-11

  day/mid:
      page 1:  3,751 bars  2012-03-26 00:00:00+00:00 -> 2026-08-11 00:00:00+00:00
      fetched 3,750 | +0 new | store 3,750 bars  2012-03-26 -> 2026-08-10

  day/bid:
      page 1:  3,751 bars  2012-03-26 00:00:00+00:00 -> 2026-08-11 00:00:00+00:00
      fetched 3,750 | +0 new | store 3,750 bars  2012-03-26 -> 2026-08-10  !! {'open_outside_hl': 2}

  day/ask:
      page 1:  3,751 bars  2012-03-26 00:00:00+00:00 -> 2026-08-11 00:00:00+00:00
      fetched 3,750 | +0 new | store 3,750 bars  2012-03-26 -> 2026-08-10  !! {'close_outside_hl': 2}


=== ger40 (id 17068) -> /Users/r.john/git/vc-tx2/data ===
  minute/mid:
      page 1: 10,000 bars  2026-07-31 10:36:00+00:00 -> 2026-08-11 20:43:00+00:00
      page 2: 10,000 bars  2026-07-22 02:04:00+00:00 -> 2026-07-31 10:35:00+00:00
      page 3:  9,706 bars  2026-07-12 22:03:00+00:00 -> 2026-07-22 02:03:00+00:00
      fetched 29,705 | +4,373 new | store 36,462 bars  2026-07-05 -> 2026-08-11

  minute/bid:
      page 1: 10,000 bars  2026-07-31 10:36:00+00:00 -> 2026-08-11 20:43:00+00:00
      page 2: 10,000 bars  2026-07-22 02:04:00+00:00 -> 2026-07-31 10:35:00+00:00
      page 3:  9,706 bars  2026-07-12 22:03:00+00:00 -> 2026-07-22 02:03:00+00:00
      fetched 29,705 | +4,373 new | store 36,462 bars  2026-07-05 -> 2026-08-11

  minute/ask:
      page 1: 10,000 bars  2026-07-31 10:36:00+00:00 -> 2026-08-11 20:43:00+00:00
      page 2: 10,000 bars  2026-07-22 02:04:00+00:00 -> 2026-07-31 10:35:00+00:00
      page 3:  9,706 bars  2026-07-12 22:03:00+00:00 -> 2026-07-22 02:03:00+00:00
      fetched 29,705 | +4,373 new | store 36,462 bars  2026-07-05 -> 2026-08-11

  quarter/mid:
      page 1: 10,000 bars  2026-03-05 12:30:00+00:00 -> 2026-08-11 20:30:00+00:00
      page 2: 10,000 bars  2025-09-24 18:30:00+00:00 -> 2026-03-05 12:15:00+00:00
      page 3:  2,883 bars  2025-08-11 20:45:00+00:00 -> 2025-09-24 18:15:00+00:00
      fetched 22,882 | +293 new | store 23,346 bars  2025-08-04 -> 2026-08-11

  quarter/bid:
      page 1: 10,000 bars  2026-03-05 12:30:00+00:00 -> 2026-08-11 20:30:00+00:00
      page 2: 10,000 bars  2025-09-24 18:30:00+00:00 -> 2026-03-05 12:15:00+00:00
      page 3:  2,883 bars  2025-08-11 20:45:00+00:00 -> 2025-09-24 18:15:00+00:00
      fetched 22,882 | +293 new | store 23,346 bars  2025-08-04 -> 2026-08-11

  quarter/ask:
      page 1: 10,000 bars  2026-03-05 12:30:00+00:00 -> 2026-08-11 20:30:00+00:00
      page 2: 10,000 bars  2025-09-24 18:30:00+00:00 -> 2026-03-05 12:15:00+00:00
      page 3:  2,883 bars  2025-08-11 20:45:00+00:00 -> 2025-09-24 18:15:00+00:00
      fetched 22,882 | +293 new | store 23,346 bars  2025-08-04 -> 2026-08-11

  hour/mid:
      page 1: 10,000 bars  2024-11-12 23:00:00+00:00 -> 2026-08-11 20:00:00+00:00
      page 2:  1,528 bars  2024-08-11 22:00:00+00:00 -> 2024-11-12 21:00:00+00:00
      fetched 11,527 | +74 new | store 11,641 bars  2024-08-04 -> 2026-08-11

  hour/bid:
      page 1: 10,000 bars  2024-11-12 23:00:00+00:00 -> 2026-08-11 20:00:00+00:00
      page 2:  1,528 bars  2024-08-11 22:00:00+00:00 -> 2024-11-12 21:00:00+00:00
      fetched 11,527 | +74 new | store 11,641 bars  2024-08-04 -> 2026-08-11

  hour/ask:
      page 1: 10,000 bars  2024-11-12 23:00:00+00:00 -> 2026-08-11 20:00:00+00:00
      page 2:  1,528 bars  2024-08-11 22:00:00+00:00 -> 2024-11-12 21:00:00+00:00
      fetched 11,527 | +74 new | store 11,641 bars  2024-08-04 -> 2026-08-11

  day/mid:
      page 1:  3,770 bars  2012-01-30 00:00:00+00:00 -> 2026-08-11 00:00:00+00:00
      fetched 3,769 | +3 new | store 3,769 bars  2012-01-30 -> 2026-08-10

  day/bid:
      page 1:  3,770 bars  2012-01-30 00:00:00+00:00 -> 2026-08-11 00:00:00+00:00
      fetched 3,769 | +3 new | store 3,769 bars  2012-01-30 -> 2026-08-10

  day/ask:
      page 1:  3,770 bars  2012-01-30 00:00:00+00:00 -> 2026-08-11 00:00:00+00:00
      fetched 3,769 | +3 new | store 3,769 bars  2012-01-30 -> 2026-08-10


=== us30 (id 17322) -> /Users/r.john/git/vc-tx2/data ===
  minute/mid:
      page 1: 10,000 bars  2026-07-31 14:02:00+00:00 -> 2026-08-11 20:43:00+00:00
      page 2: 10,000 bars  2026-07-22 07:51:00+00:00 -> 2026-07-31 14:01:00+00:00
      page 3: 10,000 bars  2026-07-13 01:40:00+00:00 -> 2026-07-22 07:50:00+00:00
      page 4:    219 bars  2026-07-12 22:01:00+00:00 -> 2026-07-13 01:39:00+00:00
      fetched 30,218 | +4,477 new | store 37,087 bars  2026-07-05 -> 2026-08-11

  minute/bid:
      page 1: 10,000 bars  2026-07-31 14:03:00+00:00 -> 2026-08-11 20:44:00+00:00
      page 2: 10,000 bars  2026-07-22 07:52:00+00:00 -> 2026-07-31 14:02:00+00:00
      page 3: 10,000 bars  2026-07-13 01:41:00+00:00 -> 2026-07-22 07:51:00+00:00
      page 4:    220 bars  2026-07-12 22:01:00+00:00 -> 2026-07-13 01:40:00+00:00
      fetched 30,219 | +4,478 new | store 37,088 bars  2026-07-05 -> 2026-08-11

  minute/ask:
      page 1: 10,000 bars  2026-07-31 14:03:00+00:00 -> 2026-08-11 20:44:00+00:00
      page 2: 10,000 bars  2026-07-22 07:52:00+00:00 -> 2026-07-31 14:02:00+00:00
      page 3: 10,000 bars  2026-07-13 01:41:00+00:00 -> 2026-07-22 07:51:00+00:00
      page 4:    220 bars  2026-07-12 22:01:00+00:00 -> 2026-07-13 01:40:00+00:00
      fetched 30,219 | +4,478 new | store 37,088 bars  2026-07-05 -> 2026-08-11

  quarter/mid:
      page 1: 10,000 bars  2026-03-10 22:15:00+00:00 -> 2026-08-11 20:30:00+00:00
      page 2: 10,000 bars  2025-10-03 10:15:00+00:00 -> 2026-03-10 22:00:00+00:00
      page 3:  3,516 bars  2025-08-11 20:45:00+00:00 -> 2025-10-03 10:00:00+00:00
      fetched 23,515 | +298 new | store 23,986 bars  2025-08-04 -> 2026-08-11

  quarter/bid:
      page 1: 10,000 bars  2026-03-10 22:15:00+00:00 -> 2026-08-11 20:30:00+00:00
      page 2: 10,000 bars  2025-10-03 10:15:00+00:00 -> 2026-03-10 22:00:00+00:00
      page 3:  3,516 bars  2025-08-11 20:45:00+00:00 -> 2025-10-03 10:00:00+00:00
      fetched 23,515 | +298 new | store 23,986 bars  2025-08-04 -> 2026-08-11

  quarter/ask:
      page 1: 10,000 bars  2026-03-10 22:15:00+00:00 -> 2026-08-11 20:30:00+00:00
      page 2: 10,000 bars  2025-10-03 10:15:00+00:00 -> 2026-03-10 22:00:00+00:00
      page 3:  3,516 bars  2025-08-11 20:45:00+00:00 -> 2025-10-03 10:00:00+00:00
      fetched 23,515 | +298 new | store 23,986 bars  2025-08-04 -> 2026-08-11

  hour/mid:
      page 1: 10,000 bars  2024-11-28 05:00:00+00:00 -> 2026-08-11 20:00:00+00:00
      page 2:  1,796 bars  2024-08-11 22:00:00+00:00 -> 2024-11-28 04:00:00+00:00
      fetched 11,795 | +75 new | store 11,910 bars  2024-08-04 -> 2026-08-11

  hour/bid:
      page 1: 10,000 bars  2024-11-28 05:00:00+00:00 -> 2026-08-11 20:00:00+00:00
      page 2:  1,796 bars  2024-08-11 22:00:00+00:00 -> 2024-11-28 04:00:00+00:00
      fetched 11,795 | +75 new | store 11,910 bars  2024-08-04 -> 2026-08-11

  hour/ask:
      page 1: 10,000 bars  2024-11-28 05:00:00+00:00 -> 2026-08-11 20:00:00+00:00
      page 2:  1,796 bars  2024-08-11 22:00:00+00:00 -> 2024-11-28 04:00:00+00:00
      fetched 11,795 | +75 new | store 11,910 bars  2024-08-04 -> 2026-08-11

  day/mid:
      page 1:  3,843 bars  2012-03-05 00:00:00+00:00 -> 2026-08-11 00:00:00+00:00
      fetched 3,842 | +3 new | store 3,842 bars  2012-03-05 -> 2026-08-10

  day/bid:
      page 1:  3,843 bars  2012-03-05 00:00:00+00:00 -> 2026-08-11 00:00:00+00:00
      fetched 3,842 | +3 new | store 3,842 bars  2012-03-05 -> 2026-08-10

  day/ask:
      page 1:  3,843 bars  2012-03-05 00:00:00+00:00 -> 2026-08-11 00:00:00+00:00
      fetched 3,842 | +3 new | store 3,842 bars  2012-03-05 -> 2026-08-10


=== ustech100 (id 20190) -> /Users/r.john/git/vc-tx2/data ===
  minute/mid:
      page 1: 10,000 bars  2026-07-31 14:03:00+00:00 -> 2026-08-11 20:44:00+00:00
      page 2: 10,000 bars  2026-07-22 07:52:00+00:00 -> 2026-07-31 14:02:00+00:00
      page 3: 10,000 bars  2026-07-13 01:41:00+00:00 -> 2026-07-22 07:51:00+00:00
      page 4:    220 bars  2026-07-12 22:01:00+00:00 -> 2026-07-13 01:40:00+00:00
      fetched 30,219 | +4,477 new | store 37,088 bars  2026-07-05 -> 2026-08-11

  minute/bid:
      page 1: 10,000 bars  2026-07-31 14:03:00+00:00 -> 2026-08-11 20:44:00+00:00
      page 2: 10,000 bars  2026-07-22 07:52:00+00:00 -> 2026-07-31 14:02:00+00:00
      page 3: 10,000 bars  2026-07-13 01:41:00+00:00 -> 2026-07-22 07:51:00+00:00
      page 4:    220 bars  2026-07-12 22:01:00+00:00 -> 2026-07-13 01:40:00+00:00
      fetched 30,219 | +4,477 new | store 37,088 bars  2026-07-05 -> 2026-08-11

  minute/ask:
      page 1: 10,000 bars  2026-07-31 14:03:00+00:00 -> 2026-08-11 20:44:00+00:00
      page 2: 10,000 bars  2026-07-22 07:52:00+00:00 -> 2026-07-31 14:02:00+00:00
      page 3: 10,000 bars  2026-07-13 01:41:00+00:00 -> 2026-07-22 07:51:00+00:00
      page 4:    220 bars  2026-07-12 22:01:00+00:00 -> 2026-07-13 01:40:00+00:00
      fetched 30,219 | +4,477 new | store 37,088 bars  2026-07-05 -> 2026-08-11

  quarter/mid:
      page 1: 10,000 bars  2026-03-10 22:30:00+00:00 -> 2026-08-11 20:30:00+00:00
      page 2: 10,000 bars  2025-10-03 10:15:00+00:00 -> 2026-03-10 22:15:00+00:00
      page 3:  3,516 bars  2025-08-11 20:45:00+00:00 -> 2025-10-03 10:00:00+00:00
      fetched 23,515 | +298 new | store 23,986 bars  2025-08-04 -> 2026-08-11

  quarter/bid:
      page 1: 10,000 bars  2026-03-10 22:30:00+00:00 -> 2026-08-11 20:30:00+00:00
      page 2: 10,000 bars  2025-10-03 10:15:00+00:00 -> 2026-03-10 22:15:00+00:00
      page 3:  3,516 bars  2025-08-11 20:45:00+00:00 -> 2025-10-03 10:00:00+00:00
      fetched 23,515 | +298 new | store 23,986 bars  2025-08-04 -> 2026-08-11

  quarter/ask:
      page 1: 10,000 bars  2026-03-10 22:30:00+00:00 -> 2026-08-11 20:30:00+00:00
      page 2: 10,000 bars  2025-10-03 10:15:00+00:00 -> 2026-03-10 22:15:00+00:00
      page 3:  3,516 bars  2025-08-11 20:45:00+00:00 -> 2025-10-03 10:00:00+00:00
      fetched 23,515 | +298 new | store 23,986 bars  2025-08-04 -> 2026-08-11

  hour/mid:
      page 1: 10,000 bars  2024-11-28 06:00:00+00:00 -> 2026-08-11 20:00:00+00:00
      page 2:  1,797 bars  2024-08-11 22:00:00+00:00 -> 2024-11-28 05:00:00+00:00
      fetched 11,796 | +75 new | store 11,911 bars  2024-08-04 -> 2026-08-11

  hour/bid:
      page 1: 10,000 bars  2024-11-28 06:00:00+00:00 -> 2026-08-11 20:00:00+00:00
      page 2:  1,797 bars  2024-08-11 22:00:00+00:00 -> 2024-11-28 05:00:00+00:00
      fetched 11,796 | +75 new | store 11,911 bars  2024-08-04 -> 2026-08-11

  hour/ask:
      page 1: 10,000 bars  2024-11-28 06:00:00+00:00 -> 2026-08-11 20:00:00+00:00
      page 2:  1,797 bars  2024-08-11 22:00:00+00:00 -> 2024-11-28 05:00:00+00:00
      fetched 11,796 | +75 new | store 11,911 bars  2024-08-04 -> 2026-08-11

  day/mid:
      page 1:  3,843 bars  2012-03-05 00:00:00+00:00 -> 2026-08-11 00:00:00+00:00
      fetched 3,842 | +3 new | store 3,842 bars  2012-03-05 -> 2026-08-10

  day/bid:
      page 1:  3,843 bars  2012-03-05 00:00:00+00:00 -> 2026-08-11 00:00:00+00:00
      fetched 3,842 | +3 new | store 3,842 bars  2012-03-05 -> 2026-08-10

  day/ask:
      page 1:  3,843 bars  2012-03-05 00:00:00+00:00 -> 2026-08-11 00:00:00+00:00
      fetched 3,842 | +3 new | store 3,842 bars  2012-03-05 -> 2026-08-10


=== us500 (id 67995) -> /Users/r.john/git/vc-tx2/data ===
  minute/mid:
      page 1: 10,000 bars  2026-07-31 13:58:00+00:00 -> 2026-08-11 20:44:00+00:00
      page 2: 10,000 bars  2026-07-22 07:47:00+00:00 -> 2026-07-31 13:57:00+00:00
      page 3: 10,000 bars  2026-07-13 01:32:00+00:00 -> 2026-07-22 07:46:00+00:00
      page 4:    211 bars  2026-07-12 22:01:00+00:00 -> 2026-07-13 01:31:00+00:00
      fetched 30,210 | +4,473 new | store 37,079 bars  2026-07-05 -> 2026-08-11

  minute/bid:
      page 1: 10,000 bars  2026-07-31 13:59:00+00:00 -> 2026-08-11 20:45:00+00:00
      page 2: 10,000 bars  2026-07-22 07:48:00+00:00 -> 2026-07-31 13:58:00+00:00
      page 3: 10,000 bars  2026-07-13 01:33:00+00:00 -> 2026-07-22 07:47:00+00:00
      page 4:    212 bars  2026-07-12 22:01:00+00:00 -> 2026-07-13 01:32:00+00:00
      fetched 30,211 | +4,474 new | store 37,080 bars  2026-07-05 -> 2026-08-11

  minute/ask:
      page 1: 10,000 bars  2026-07-31 13:59:00+00:00 -> 2026-08-11 20:45:00+00:00
      page 2: 10,000 bars  2026-07-22 07:48:00+00:00 -> 2026-07-31 13:58:00+00:00
      page 3: 10,000 bars  2026-07-13 01:33:00+00:00 -> 2026-07-22 07:47:00+00:00
      page 4:    212 bars  2026-07-12 22:01:00+00:00 -> 2026-07-13 01:32:00+00:00
      fetched 30,211 | +4,474 new | store 37,080 bars  2026-07-05 -> 2026-08-11

  quarter/mid:
      page 1: 10,000 bars  2026-03-10 20:30:00+00:00 -> 2026-08-11 20:45:00+00:00
      page 2: 10,000 bars  2025-10-03 09:15:00+00:00 -> 2026-03-10 20:15:00+00:00
      page 3:  3,512 bars  2025-08-11 20:45:00+00:00 -> 2025-10-03 09:00:00+00:00
      fetched 23,511 | +299 new | store 23,980 bars  2025-08-04 -> 2026-08-11

  quarter/bid:
      page 1: 10,000 bars  2026-03-10 20:30:00+00:00 -> 2026-08-11 20:45:00+00:00
      page 2: 10,000 bars  2025-10-03 09:15:00+00:00 -> 2026-03-10 20:15:00+00:00
      page 3:  3,512 bars  2025-08-11 20:45:00+00:00 -> 2025-10-03 09:00:00+00:00
      fetched 23,511 | +299 new | store 23,980 bars  2025-08-04 -> 2026-08-11

  quarter/ask:
      page 1: 10,000 bars  2026-03-10 20:30:00+00:00 -> 2026-08-11 20:45:00+00:00
      page 2: 10,000 bars  2025-10-03 09:15:00+00:00 -> 2026-03-10 20:15:00+00:00
      page 3:  3,512 bars  2025-08-11 20:45:00+00:00 -> 2025-10-03 09:00:00+00:00
      fetched 23,511 | +299 new | store 23,980 bars  2025-08-04 -> 2026-08-11

  hour/mid:
      page 1: 10,000 bars  2024-11-28 05:00:00+00:00 -> 2026-08-11 20:00:00+00:00
      page 2:  1,796 bars  2024-08-11 22:00:00+00:00 -> 2024-11-28 04:00:00+00:00
      fetched 11,795 | +75 new | store 11,910 bars  2024-08-04 -> 2026-08-11

  hour/bid:
      page 1: 10,000 bars  2024-11-28 05:00:00+00:00 -> 2026-08-11 20:00:00+00:00
      page 2:  1,796 bars  2024-08-11 22:00:00+00:00 -> 2024-11-28 04:00:00+00:00
      fetched 11,795 | +75 new | store 11,910 bars  2024-08-04 -> 2026-08-11

  hour/ask:
      page 1: 10,000 bars  2024-11-28 05:00:00+00:00 -> 2026-08-11 20:00:00+00:00
      page 2:  1,796 bars  2024-08-11 22:00:00+00:00 -> 2024-11-28 04:00:00+00:00
      fetched 11,795 | +75 new | store 11,910 bars  2024-08-04 -> 2026-08-11

  day/mid:
      page 1:  3,836 bars  2012-03-13 00:00:00+00:00 -> 2026-08-11 00:00:00+00:00
      fetched 3,835 | +3 new | store 3,835 bars  2012-03-13 -> 2026-08-10

  day/bid:
      page 1:  3,836 bars  2012-03-13 00:00:00+00:00 -> 2026-08-11 00:00:00+00:00
      fetched 3,835 | +3 new | store 3,835 bars  2012-03-13 -> 2026-08-10

  day/ask:
      page 1:  3,836 bars  2012-03-13 00:00:00+00:00 -> 2026-08-11 00:00:00+00:00
      fetched 3,835 | +3 new | store 3,835 bars  2012-03-13 -> 2026-08-10


=== gold (id 68924) -> /Users/r.john/git/vc-tx2/data ===
  minute/mid:
      page 1: 10,000 bars  2026-07-31 14:55:00+00:00 -> 2026-08-11 20:45:00+00:00
      page 2: 10,000 bars  2026-07-22 09:06:00+00:00 -> 2026-07-31 14:54:00+00:00
      page 3: 10,000 bars  2026-07-13 03:13:00+00:00 -> 2026-07-22 09:05:00+00:00
      page 4:    312 bars  2026-07-12 22:01:00+00:00 -> 2026-07-13 03:12:00+00:00
      fetched 30,311 | +4,503 new | store 37,204 bars  2026-07-05 -> 2026-08-11

  minute/bid:
      page 1: 10,000 bars  2026-07-31 14:55:00+00:00 -> 2026-08-11 20:45:00+00:00
      page 2: 10,000 bars  2026-07-22 09:06:00+00:00 -> 2026-07-31 14:54:00+00:00
      page 3: 10,000 bars  2026-07-13 03:13:00+00:00 -> 2026-07-22 09:05:00+00:00
      page 4:    312 bars  2026-07-12 22:01:00+00:00 -> 2026-07-13 03:12:00+00:00
      fetched 30,311 | +4,503 new | store 37,204 bars  2026-07-05 -> 2026-08-11

  minute/ask:
      page 1: 10,000 bars  2026-07-31 14:55:00+00:00 -> 2026-08-11 20:45:00+00:00
      page 2: 10,000 bars  2026-07-22 09:06:00+00:00 -> 2026-07-31 14:54:00+00:00
      page 3: 10,000 bars  2026-07-13 03:13:00+00:00 -> 2026-07-22 09:05:00+00:00
      page 4:    312 bars  2026-07-12 22:01:00+00:00 -> 2026-07-13 03:12:00+00:00
      fetched 30,311 | +4,503 new | store 37,204 bars  2026-07-05 -> 2026-08-11

  quarter/mid:
      page 1: 10,000 bars  2026-03-10 17:30:00+00:00 -> 2026-08-11 20:45:00+00:00
      page 2: 10,000 bars  2025-10-06 10:45:00+00:00 -> 2026-03-10 17:15:00+00:00
      page 3:  3,629 bars  2025-08-11 22:00:00+00:00 -> 2025-10-06 10:30:00+00:00
      fetched 23,628 | +301 new | store 24,102 bars  2025-08-04 -> 2026-08-11

  quarter/bid:
      page 1: 10,000 bars  2026-03-10 17:30:00+00:00 -> 2026-08-11 20:45:00+00:00
      page 2: 10,000 bars  2025-10-06 10:45:00+00:00 -> 2026-03-10 17:15:00+00:00
      page 3:  3,629 bars  2025-08-11 22:00:00+00:00 -> 2025-10-06 10:30:00+00:00
      fetched 23,628 | +301 new | store 24,102 bars  2025-08-04 -> 2026-08-11

  quarter/ask:
      page 1: 10,000 bars  2026-03-10 17:30:00+00:00 -> 2026-08-11 20:45:00+00:00
      page 2: 10,000 bars  2025-10-06 10:45:00+00:00 -> 2026-03-10 17:15:00+00:00
      page 3:  3,629 bars  2025-08-11 22:00:00+00:00 -> 2025-10-06 10:30:00+00:00
      fetched 23,628 | +301 new | store 24,102 bars  2025-08-04 -> 2026-08-11

  hour/mid:
      page 1: 10,000 bars  2024-11-29 09:00:00+00:00 -> 2026-08-11 20:00:00+00:00
      page 2:  1,822 bars  2024-08-11 22:00:00+00:00 -> 2024-11-29 08:00:00+00:00
      fetched 11,821 | +75 new | store 11,936 bars  2024-08-04 -> 2026-08-11

  hour/bid:
      page 1: 10,000 bars  2024-11-29 09:00:00+00:00 -> 2026-08-11 20:00:00+00:00
      page 2:  1,822 bars  2024-08-11 22:00:00+00:00 -> 2024-11-29 08:00:00+00:00
      fetched 11,821 | +75 new | store 11,936 bars  2024-08-04 -> 2026-08-11

  hour/ask:
      page 1: 10,000 bars  2024-11-29 09:00:00+00:00 -> 2026-08-11 20:00:00+00:00
      page 2:  1,822 bars  2024-08-11 22:00:00+00:00 -> 2024-11-29 08:00:00+00:00
      fetched 11,821 | +75 new | store 11,936 bars  2024-08-04 -> 2026-08-11

  day/mid:
      page 1:  3,841 bars  2011-12-30 00:00:00+00:00 -> 2026-08-11 00:00:00+00:00
      fetched 3,840 | +3 new | store 3,840 bars  2011-12-30 -> 2026-08-10

  day/bid:
      page 1:  3,841 bars  2011-12-30 00:00:00+00:00 -> 2026-08-11 00:00:00+00:00
      fetched 3,840 | +3 new | store 3,840 bars  2011-12-30 -> 2026-08-10

  day/ask:
      page 1:  3,841 bars  2011-12-30 00:00:00+00:00 -> 2026-08-11 00:00:00+00:00
      fetched 3,840 | +3 new | store 3,840 bars  2011-12-30 -> 2026-08-10


=== goldvar (id 72302) -> /Users/r.john/git/vc-tx2/data ===
  minute/mid:
      page 1: 10,000 bars  2026-07-31 14:56:00+00:00 -> 2026-08-11 20:46:00+00:00
      page 2: 10,000 bars  2026-07-22 09:07:00+00:00 -> 2026-07-31 14:55:00+00:00
      page 3: 10,000 bars  2026-07-13 03:14:00+00:00 -> 2026-07-22 09:06:00+00:00
      page 4:    313 bars  2026-07-12 22:01:00+00:00 -> 2026-07-13 03:13:00+00:00
      fetched 30,312 | +4,504 new | store 37,205 bars  2026-07-05 -> 2026-08-11

  minute/bid:
      page 1: 10,000 bars  2026-07-31 14:56:00+00:00 -> 2026-08-11 20:46:00+00:00
      page 2: 10,000 bars  2026-07-22 09:07:00+00:00 -> 2026-07-31 14:55:00+00:00
      page 3: 10,000 bars  2026-07-13 03:14:00+00:00 -> 2026-07-22 09:06:00+00:00
      page 4:    313 bars  2026-07-12 22:01:00+00:00 -> 2026-07-13 03:13:00+00:00
      fetched 30,312 | +4,504 new | store 37,205 bars  2026-07-05 -> 2026-08-11

  minute/ask:
      page 1: 10,000 bars  2026-07-31 14:56:00+00:00 -> 2026-08-11 20:46:00+00:00
      page 2: 10,000 bars  2026-07-22 09:07:00+00:00 -> 2026-07-31 14:55:00+00:00
      page 3: 10,000 bars  2026-07-13 03:14:00+00:00 -> 2026-07-22 09:06:00+00:00
      page 4:    313 bars  2026-07-12 22:01:00+00:00 -> 2026-07-13 03:13:00+00:00
      fetched 30,312 | +4,504 new | store 37,205 bars  2026-07-05 -> 2026-08-11

  quarter/mid:
      page 1: 10,000 bars  2026-03-10 17:30:00+00:00 -> 2026-08-11 20:45:00+00:00
      page 2: 10,000 bars  2025-10-06 10:45:00+00:00 -> 2026-03-10 17:15:00+00:00
      page 3:  3,629 bars  2025-08-11 22:00:00+00:00 -> 2025-10-06 10:30:00+00:00
      fetched 23,628 | +301 new | store 24,102 bars  2025-08-04 -> 2026-08-11

  quarter/bid:
      page 1: 10,000 bars  2026-03-10 17:30:00+00:00 -> 2026-08-11 20:45:00+00:00
      page 2: 10,000 bars  2025-10-06 10:45:00+00:00 -> 2026-03-10 17:15:00+00:00
      page 3:  3,629 bars  2025-08-11 22:00:00+00:00 -> 2025-10-06 10:30:00+00:00
      fetched 23,628 | +301 new | store 24,102 bars  2025-08-04 -> 2026-08-11

  quarter/ask:
      page 1: 10,000 bars  2026-03-10 17:30:00+00:00 -> 2026-08-11 20:45:00+00:00
      page 2: 10,000 bars  2025-10-06 10:45:00+00:00 -> 2026-03-10 17:15:00+00:00
      page 3:  3,629 bars  2025-08-11 22:00:00+00:00 -> 2025-10-06 10:30:00+00:00
      fetched 23,628 | +301 new | store 24,102 bars  2025-08-04 -> 2026-08-11

  hour/mid:
      page 1: 10,000 bars  2024-11-29 09:00:00+00:00 -> 2026-08-11 20:00:00+00:00
      page 2:  1,822 bars  2024-08-11 22:00:00+00:00 -> 2024-11-29 08:00:00+00:00
      fetched 11,821 | +75 new | store 11,936 bars  2024-08-04 -> 2026-08-11

  hour/bid:
      page 1: 10,000 bars  2024-11-29 09:00:00+00:00 -> 2026-08-11 20:00:00+00:00
      page 2:  1,822 bars  2024-08-11 22:00:00+00:00 -> 2024-11-29 08:00:00+00:00
      fetched 11,821 | +75 new | store 11,936 bars  2024-08-04 -> 2026-08-11

  hour/ask:
      page 1: 10,000 bars  2024-11-29 09:00:00+00:00 -> 2026-08-11 20:00:00+00:00
      page 2:  1,822 bars  2024-08-11 22:00:00+00:00 -> 2024-11-29 08:00:00+00:00
      fetched 11,821 | +75 new | store 11,936 bars  2024-08-04 -> 2026-08-11

  day/mid:
      page 1:  3,841 bars  2011-12-30 00:00:00+00:00 -> 2026-08-11 00:00:00+00:00
      fetched 3,840 | +3 new | store 3,840 bars  2011-12-30 -> 2026-08-10

  day/bid:
      page 1:  3,841 bars  2011-12-30 00:00:00+00:00 -> 2026-08-11 00:00:00+00:00
      fetched 3,840 | +3 new | store 3,840 bars  2011-12-30 -> 2026-08-10

  day/ask:
      page 1:  3,841 bars  2011-12-30 00:00:00+00:00 -> 2026-08-11 00:00:00+00:00
      fetched 3,840 | +3 new | store 3,840 bars  2011-12-30 -> 2026-08-10


=== eurusd (id 16635) -> /Users/r.john/git/vc-tx2/data ===
  minute/mid:
      page 1: 10,000 bars  2026-07-31 20:51:00+00:00 -> 2026-08-11 20:46:00+00:00
      page 2: 10,000 bars  2026-07-22 21:05:00+00:00 -> 2026-07-31 20:50:00+00:00
      page 3: 10,000 bars  2026-07-13 20:55:00+00:00 -> 2026-07-22 20:59:00+00:00
      page 4:  1,419 bars  2026-07-12 21:05:00+00:00 -> 2026-07-13 20:54:00+00:00
      fetched 31,418 | +4,640 new | store 38,563 bars  2026-07-05 -> 2026-08-11

  minute/bid:
      page 1: 10,000 bars  2026-07-31 20:51:00+00:00 -> 2026-08-11 20:46:00+00:00
      page 2: 10,000 bars  2026-07-22 21:05:00+00:00 -> 2026-07-31 20:50:00+00:00
      page 3: 10,000 bars  2026-07-13 20:55:00+00:00 -> 2026-07-22 20:59:00+00:00
      page 4:  1,419 bars  2026-07-12 21:05:00+00:00 -> 2026-07-13 20:54:00+00:00
      fetched 31,418 | +4,640 new | store 38,563 bars  2026-07-05 -> 2026-08-11

  minute/ask:
      page 1: 10,000 bars  2026-07-31 20:51:00+00:00 -> 2026-08-11 20:46:00+00:00
      page 2: 10,000 bars  2026-07-22 21:05:00+00:00 -> 2026-07-31 20:50:00+00:00
      page 3: 10,000 bars  2026-07-13 20:55:00+00:00 -> 2026-07-22 20:59:00+00:00
      page 4:  1,419 bars  2026-07-12 21:05:00+00:00 -> 2026-07-13 20:54:00+00:00
      fetched 31,418 | +4,640 new | store 38,563 bars  2026-07-05 -> 2026-08-11

  quarter/mid:
      page 1: 10,000 bars  2026-03-18 08:15:00+00:00 -> 2026-08-11 20:45:00+00:00
      page 2: 10,000 bars  2025-10-21 01:00:00+00:00 -> 2026-03-18 08:00:00+00:00
      page 3:  4,816 bars  2025-08-11 21:00:00+00:00 -> 2025-10-21 00:45:00+00:00
      fetched 24,815 | +313 new | store 25,309 bars  2025-08-04 -> 2026-08-11

  quarter/bid:
      page 1: 10,000 bars  2026-03-18 08:15:00+00:00 -> 2026-08-11 20:45:00+00:00
      page 2: 10,000 bars  2025-10-21 01:00:00+00:00 -> 2026-03-18 08:00:00+00:00
      page 3:  4,816 bars  2025-08-11 21:00:00+00:00 -> 2025-10-21 00:45:00+00:00
      fetched 24,815 | +313 new | store 25,309 bars  2025-08-04 -> 2026-08-11

  quarter/ask:
      page 1: 10,000 bars  2026-03-18 08:15:00+00:00 -> 2026-08-11 20:45:00+00:00
      page 2: 10,000 bars  2025-10-21 01:00:00+00:00 -> 2026-03-18 08:00:00+00:00
      page 3:  4,816 bars  2025-08-11 21:00:00+00:00 -> 2025-10-21 00:45:00+00:00
      fetched 24,815 | +313 new | store 25,309 bars  2025-08-04 -> 2026-08-11

  hour/mid:
      page 1: 10,000 bars  2024-12-30 19:00:00+00:00 -> 2026-08-11 20:00:00+00:00
      page 2:  2,394 bars  2024-08-11 21:00:00+00:00 -> 2024-12-30 18:00:00+00:00
      fetched 12,393 | +78 new | store 12,513 bars  2024-08-04 -> 2026-08-11

  hour/bid:
      page 1: 10,000 bars  2024-12-30 19:00:00+00:00 -> 2026-08-11 20:00:00+00:00
      page 2:  2,394 bars  2024-08-11 21:00:00+00:00 -> 2024-12-30 18:00:00+00:00
      fetched 12,393 | +78 new | store 12,513 bars  2024-08-04 -> 2026-08-11

  hour/ask:
      page 1: 10,000 bars  2024-12-30 19:00:00+00:00 -> 2026-08-11 20:00:00+00:00
      page 2:  2,394 bars  2024-08-11 21:00:00+00:00 -> 2024-12-30 18:00:00+00:00
      fetched 12,393 | +78 new | store 12,513 bars  2024-08-04 -> 2026-08-11

  day/mid:
      page 1:  7,444 bars  1999-01-04 00:00:00+00:00 -> 2026-08-11 00:00:00+00:00
      fetched 7,443 | +4 new | store 7,443 bars  1999-01-04 -> 2026-08-10

  day/bid:
      page 1:  7,444 bars  1999-01-04 00:00:00+00:00 -> 2026-08-11 00:00:00+00:00
      fetched 7,443 | +4 new | store 7,443 bars  1999-01-04 -> 2026-08-10

  day/ask:
      page 1:  7,444 bars  1999-01-04 00:00:00+00:00 -> 2026-08-11 00:00:00+00:00
      fetched 7,443 | +4 new | store 7,443 bars  1999-01-04 -> 2026-08-10


=== uk100fut (id 70152) -> /Users/r.john/git/vc-tx2/data ===
  minute/mid:
      page 1: 10,000 bars  2026-07-31 10:46:00+00:00 -> 2026-08-11 20:47:00+00:00
      page 2: 10,000 bars  2026-07-22 02:00:00+00:00 -> 2026-07-31 10:45:00+00:00
      page 3:  9,670 bars  2026-07-12 22:05:00+00:00 -> 2026-07-22 01:59:00+00:00
      fetched 29,669 | +1,340 new | store 29,669 bars  2026-07-12 -> 2026-08-11

  minute/bid:
      page 1: 10,000 bars  2026-07-31 10:46:00+00:00 -> 2026-08-11 20:47:00+00:00
      page 2: 10,000 bars  2026-07-22 02:00:00+00:00 -> 2026-07-31 10:45:00+00:00
      page 3:  9,670 bars  2026-07-12 22:05:00+00:00 -> 2026-07-22 01:59:00+00:00
      fetched 29,669 | +1,340 new | store 29,669 bars  2026-07-12 -> 2026-08-11

  minute/ask:
      page 1: 10,000 bars  2026-07-31 10:46:00+00:00 -> 2026-08-11 20:47:00+00:00
      page 2: 10,000 bars  2026-07-22 02:00:00+00:00 -> 2026-07-31 10:45:00+00:00
      page 3:  9,670 bars  2026-07-12 22:05:00+00:00 -> 2026-07-22 01:59:00+00:00
      fetched 29,669 | +1,340 new | store 29,669 bars  2026-07-12 -> 2026-08-11

  quarter/mid:
      page 1: 10,000 bars  2026-03-04 06:00:00+00:00 -> 2026-08-11 20:45:00+00:00
      page 2: 10,000 bars  2025-09-24 15:30:00+00:00 -> 2026-03-04 05:45:00+00:00
      page 3:  2,771 bars  2025-08-11 22:00:00+00:00 -> 2025-09-24 15:15:00+00:00
      fetched 22,770 | +91 new | store 22,861 bars  2025-08-10 -> 2026-08-11

  quarter/bid:
      page 1: 10,000 bars  2026-03-04 06:00:00+00:00 -> 2026-08-11 20:45:00+00:00
      page 2: 10,000 bars  2025-09-24 15:30:00+00:00 -> 2026-03-04 05:45:00+00:00
      page 3:  2,771 bars  2025-08-11 22:00:00+00:00 -> 2025-09-24 15:15:00+00:00
      fetched 22,770 | +91 new | store 22,861 bars  2025-08-10 -> 2026-08-11

  quarter/ask:
      page 1: 10,000 bars  2026-03-04 06:00:00+00:00 -> 2026-08-11 20:45:00+00:00
      page 2: 10,000 bars  2025-09-24 15:30:00+00:00 -> 2026-03-04 05:45:00+00:00
      page 3:  2,771 bars  2025-08-11 22:00:00+00:00 -> 2025-09-24 15:15:00+00:00
      fetched 22,770 | +91 new | store 22,861 bars  2025-08-10 -> 2026-08-11

  hour/mid:
      page 1: 10,000 bars  2024-11-11 08:00:00+00:00 -> 2026-08-11 20:00:00+00:00
      page 2:  1,466 bars  2024-08-11 22:00:00+00:00 -> 2024-11-11 07:00:00+00:00
      fetched 11,465 | +23 new | store 11,465 bars  2024-08-11 -> 2026-08-11

  hour/bid:
      page 1: 10,000 bars  2024-11-11 08:00:00+00:00 -> 2026-08-11 20:00:00+00:00
      page 2:  1,466 bars  2024-08-11 22:00:00+00:00 -> 2024-11-11 07:00:00+00:00
      fetched 11,465 | +23 new | store 11,465 bars  2024-08-11 -> 2026-08-11

  hour/ask:
      page 1: 10,000 bars  2024-11-11 08:00:00+00:00 -> 2026-08-11 20:00:00+00:00
      page 2:  1,466 bars  2024-08-11 22:00:00+00:00 -> 2024-11-11 07:00:00+00:00
      fetched 11,465 | +23 new | store 11,465 bars  2024-08-11 -> 2026-08-11

  day/mid:
      page 1:  1,288 bars  2021-07-05 00:00:00+00:00 -> 2026-08-11 00:00:00+00:00
      fetched 1,287 | +1 new | store 1,287 bars  2021-07-05 -> 2026-08-10

  day/bid:
      page 1:  1,288 bars  2021-07-05 00:00:00+00:00 -> 2026-08-11 00:00:00+00:00
      fetched 1,287 | +1 new | store 1,287 bars  2021-07-05 -> 2026-08-10  !! {'open_outside_hl': 1}

  day/ask:
      page 1:  1,288 bars  2021-07-05 00:00:00+00:00 -> 2026-08-11 00:00:00+00:00
      fetched 1,287 | +1 new | store 1,287 bars  2021-07-05 -> 2026-08-10  !! {'close_outside_hl': 1}


=== uk100sep26 (id 72516) -> /Users/r.john/git/vc-tx2/data ===
  minute/mid:
      page 1: 10,000 bars  2026-07-31 10:46:00+00:00 -> 2026-08-11 20:47:00+00:00
      page 2: 10,000 bars  2026-07-22 02:00:00+00:00 -> 2026-07-31 10:45:00+00:00
      page 3:  9,670 bars  2026-07-12 22:05:00+00:00 -> 2026-07-22 01:59:00+00:00
      fetched 29,669 | +1,340 new | store 29,669 bars  2026-07-12 -> 2026-08-11

  minute/bid:
      page 1: 10,000 bars  2026-07-31 10:46:00+00:00 -> 2026-08-11 20:47:00+00:00
      page 2: 10,000 bars  2026-07-22 02:00:00+00:00 -> 2026-07-31 10:45:00+00:00
      page 3:  9,670 bars  2026-07-12 22:05:00+00:00 -> 2026-07-22 01:59:00+00:00
      fetched 29,669 | +1,340 new | store 29,669 bars  2026-07-12 -> 2026-08-11

  minute/ask:
      page 1: 10,000 bars  2026-07-31 10:46:00+00:00 -> 2026-08-11 20:47:00+00:00
      page 2: 10,000 bars  2026-07-22 02:00:00+00:00 -> 2026-07-31 10:45:00+00:00
      page 3:  9,670 bars  2026-07-12 22:05:00+00:00 -> 2026-07-22 01:59:00+00:00
      fetched 29,669 | +1,340 new | store 29,669 bars  2026-07-12 -> 2026-08-11

  quarter/mid:
      page 1:  3,897 bars  2026-06-11 17:30:00+00:00 -> 2026-08-11 20:45:00+00:00
      fetched 3,896 | +91 new | store 3,896 bars  2026-06-11 -> 2026-08-11

  quarter/bid:
      page 1:  3,897 bars  2026-06-11 17:30:00+00:00 -> 2026-08-11 20:45:00+00:00
      fetched 3,896 | +91 new | store 3,896 bars  2026-06-11 -> 2026-08-11

  quarter/ask:
      page 1:  3,897 bars  2026-06-11 17:30:00+00:00 -> 2026-08-11 20:45:00+00:00
      fetched 3,896 | +91 new | store 3,896 bars  2026-06-11 -> 2026-08-11

  hour/mid:
      page 1:    984 bars  2026-06-11 17:00:00+00:00 -> 2026-08-11 20:00:00+00:00
      fetched 983 | +23 new | store 983 bars  2026-06-11 -> 2026-08-11

  hour/bid:
      page 1:    984 bars  2026-06-11 17:00:00+00:00 -> 2026-08-11 20:00:00+00:00
      fetched 983 | +23 new | store 983 bars  2026-06-11 -> 2026-08-11

  hour/ask:
      page 1:    984 bars  2026-06-11 17:00:00+00:00 -> 2026-08-11 20:00:00+00:00
      fetched 983 | +23 new | store 983 bars  2026-06-11 -> 2026-08-11

  day/mid:
      page 1:     44 bars  2026-06-11 00:00:00+00:00 -> 2026-08-11 00:00:00+00:00
      fetched 43 | +1 new | store 43 bars  2026-06-11 -> 2026-08-10

  day/bid:
      page 1:     44 bars  2026-06-11 00:00:00+00:00 -> 2026-08-11 00:00:00+00:00
      fetched 43 | +1 new | store 43 bars  2026-06-11 -> 2026-08-10

  day/ask:
      page 1:     44 bars  2026-06-11 00:00:00+00:00 -> 2026-08-11 00:00:00+00:00
      fetched 43 | +1 new | store 43 bars  2026-06-11 -> 2026-08-10


Done. `python3 collect.py status` for a summary.
     instr    feed side  bars       from         to  sessions  vol=0 %        last sync
     uk100  minute  mid 36646 2026-07-03 2026-08-11        34      0.0 2026-08-11T20:43
     uk100  minute  bid 36646 2026-07-03 2026-08-11        34      0.0 2026-08-11T20:43
     uk100  minute  ask 36646 2026-07-03 2026-08-11        34      0.0 2026-08-11T20:43
     uk100 quarter  mid 23313 2025-08-03 2026-08-11       309      0.0 2026-08-11T20:43
     uk100 quarter  bid 23313 2025-08-03 2026-08-11       309      0.0 2026-08-11T20:43
     uk100 quarter  ask 23313 2025-08-03 2026-08-11       309      0.0 2026-08-11T20:43
     uk100    hour  mid 11590 2024-08-04 2026-08-11       611      0.0 2026-08-11T20:43
     uk100    hour  bid 11590 2024-08-04 2026-08-11       611      0.0 2026-08-11T20:43
     uk100    hour  ask 11590 2024-08-04 2026-08-11       611      0.0 2026-08-11T20:43
     uk100     day  mid  3750 2012-03-26 2026-08-10      3750     59.9 2026-08-11T20:43
     uk100     day  bid  3750 2012-03-26 2026-08-10      3750     59.9 2026-08-11T20:43
     uk100     day  ask  3750 2012-03-26 2026-08-10      3750     59.9 2026-08-11T20:43
     ger40  minute  mid 36462 2026-07-05 2026-08-11        33      0.0 2026-08-11T20:43
     ger40  minute  bid 36462 2026-07-05 2026-08-11        33      0.0 2026-08-11T20:43
     ger40  minute  ask 36462 2026-07-05 2026-08-11        33      0.0 2026-08-11T20:43
     ger40 quarter  mid 23346 2025-08-04 2026-08-11       312      0.0 2026-08-11T20:43
     ger40 quarter  bid 23346 2025-08-04 2026-08-11       312      0.0 2026-08-11T20:43
     ger40 quarter  ask 23346 2025-08-04 2026-08-11       312      0.0 2026-08-11T20:43
     ger40    hour  mid 11641 2024-08-04 2026-08-11       619      0.0 2026-08-11T20:43
     ger40    hour  bid 11641 2024-08-04 2026-08-11       619      0.0 2026-08-11T20:43
     ger40    hour  ask 11641 2024-08-04 2026-08-11       619      0.0 2026-08-11T20:43
     ger40     day  mid  3769 2012-01-30 2026-08-10      3769     60.2 2026-08-11T20:43
     ger40     day  bid  3769 2012-01-30 2026-08-10      3769     60.2 2026-08-11T20:43
     ger40     day  ask  3769 2012-01-30 2026-08-10      3769     60.2 2026-08-11T20:43
      us30  minute  mid 37087 2026-07-05 2026-08-11        33      0.0 2026-08-11T20:44
      us30  minute  bid 37088 2026-07-05 2026-08-11        33      0.0 2026-08-11T20:44
      us30  minute  ask 37088 2026-07-05 2026-08-11        33      0.0 2026-08-11T20:44
      us30 quarter  mid 23986 2025-08-04 2026-08-11       320      0.0 2026-08-11T20:44
      us30 quarter  bid 23986 2025-08-04 2026-08-11       320      0.0 2026-08-11T20:44
      us30 quarter  ask 23986 2025-08-04 2026-08-11       320      0.0 2026-08-11T20:44
      us30    hour  mid 11910 2024-08-04 2026-08-11       632      0.0 2026-08-11T20:44
      us30    hour  bid 11910 2024-08-04 2026-08-11       632      0.0 2026-08-11T20:44
      us30    hour  ask 11910 2024-08-04 2026-08-11       632      0.0 2026-08-11T20:44
      us30     day  mid  3842 2012-03-05 2026-08-10      3842     60.9 2026-08-11T20:44
      us30     day  bid  3842 2012-03-05 2026-08-10      3842     60.9 2026-08-11T20:44
      us30     day  ask  3842 2012-03-05 2026-08-10      3842     60.9 2026-08-11T20:44
 ustech100  minute  mid 37088 2026-07-05 2026-08-11        33      0.0 2026-08-11T20:44
 ustech100  minute  bid 37088 2026-07-05 2026-08-11        33      0.0 2026-08-11T20:44
 ustech100  minute  ask 37088 2026-07-05 2026-08-11        33      0.0 2026-08-11T20:44
 ustech100 quarter  mid 23986 2025-08-04 2026-08-11       320      0.0 2026-08-11T20:44
 ustech100 quarter  bid 23986 2025-08-04 2026-08-11       320      0.0 2026-08-11T20:44
 ustech100 quarter  ask 23986 2025-08-04 2026-08-11       320      0.0 2026-08-11T20:44
 ustech100    hour  mid 11911 2024-08-04 2026-08-11       632      0.0 2026-08-11T20:44
 ustech100    hour  bid 11911 2024-08-04 2026-08-11       632      0.0 2026-08-11T20:44
 ustech100    hour  ask 11911 2024-08-04 2026-08-11       632      0.0 2026-08-11T20:44
 ustech100     day  mid  3842 2012-03-05 2026-08-10      3842     60.9 2026-08-11T20:44
 ustech100     day  bid  3842 2012-03-05 2026-08-10      3842     60.9 2026-08-11T20:44
 ustech100     day  ask  3842 2012-03-05 2026-08-10      3842     60.9 2026-08-11T20:45
     us500  minute  mid 37079 2026-07-05 2026-08-11        33      0.0 2026-08-11T20:45
     us500  minute  bid 37080 2026-07-05 2026-08-11        33      0.0 2026-08-11T20:45
     us500  minute  ask 37080 2026-07-05 2026-08-11        33      0.0 2026-08-11T20:45
     us500 quarter  mid 23980 2025-08-04 2026-08-11       320      0.0 2026-08-11T20:45
     us500 quarter  bid 23980 2025-08-04 2026-08-11       320      0.0 2026-08-11T20:45
     us500 quarter  ask 23980 2025-08-04 2026-08-11       320      0.0 2026-08-11T20:45
     us500    hour  mid 11910 2024-08-04 2026-08-11       632      0.0 2026-08-11T20:45
     us500    hour  bid 11910 2024-08-04 2026-08-11       632      0.0 2026-08-11T20:45
     us500    hour  ask 11910 2024-08-04 2026-08-11       632      0.0 2026-08-11T20:45
     us500     day  mid  3835 2012-03-13 2026-08-10      3835     60.9 2026-08-11T20:45
     us500     day  bid  3835 2012-03-13 2026-08-10      3835     60.9 2026-08-11T20:45
     us500     day  ask  3835 2012-03-13 2026-08-10      3835     60.9 2026-08-11T20:45
      gold  minute  mid 37204 2026-07-05 2026-08-11        33      0.0 2026-08-11T20:45
      gold  minute  bid 37204 2026-07-05 2026-08-11        33      0.0 2026-08-11T20:45
      gold  minute  ask 37204 2026-07-05 2026-08-11        33      0.0 2026-08-11T20:45
      gold quarter  mid 24102 2025-08-04 2026-08-11       319      0.0 2026-08-11T20:45
      gold quarter  bid 24102 2025-08-04 2026-08-11       319      0.0 2026-08-11T20:45
      gold quarter  ask 24102 2025-08-04 2026-08-11       319      0.0 2026-08-11T20:46
      gold    hour  mid 11936 2024-08-04 2026-08-11       631      0.0 2026-08-11T20:46
      gold    hour  bid 11936 2024-08-04 2026-08-11       631      0.0 2026-08-11T20:46
      gold    hour  ask 11936 2024-08-04 2026-08-11       631      0.0 2026-08-11T20:46
      gold     day  mid  3840 2011-12-30 2026-08-10      3840     60.9 2026-08-11T20:46
      gold     day  bid  3840 2011-12-30 2026-08-10      3840     60.9 2026-08-11T20:46
      gold     day  ask  3840 2011-12-30 2026-08-10      3840     60.9 2026-08-11T20:46
   goldvar  minute  mid 37205 2026-07-05 2026-08-11        33      0.0 2026-08-11T20:46
   goldvar  minute  bid 37205 2026-07-05 2026-08-11        33      0.0 2026-08-11T20:46
   goldvar  minute  ask 37205 2026-07-05 2026-08-11        33      0.0 2026-08-11T20:46
   goldvar quarter  mid 24102 2025-08-04 2026-08-11       319      0.0 2026-08-11T20:46
   goldvar quarter  bid 24102 2025-08-04 2026-08-11       319      0.0 2026-08-11T20:46
   goldvar quarter  ask 24102 2025-08-04 2026-08-11       319      0.0 2026-08-11T20:46
   goldvar    hour  mid 11936 2024-08-04 2026-08-11       631      0.0 2026-08-11T20:46
   goldvar    hour  bid 11936 2024-08-04 2026-08-11       631      0.0 2026-08-11T20:46
   goldvar    hour  ask 11936 2024-08-04 2026-08-11       631      0.0 2026-08-11T20:46
   goldvar     day  mid  3840 2011-12-30 2026-08-10      3840     60.9 2026-08-11T20:46
   goldvar     day  bid  3840 2011-12-30 2026-08-10      3840     60.9 2026-08-11T20:46
   goldvar     day  ask  3840 2011-12-30 2026-08-10      3840     60.9 2026-08-11T20:46
    eurusd  minute  mid 38563 2026-07-05 2026-08-11        33      0.0 2026-08-11T20:46
    eurusd  minute  bid 38563 2026-07-05 2026-08-11        33      0.0 2026-08-11T20:46
    eurusd  minute  ask 38563 2026-07-05 2026-08-11        33      0.0 2026-08-11T20:46
    eurusd quarter  mid 25309 2025-08-04 2026-08-11       320      0.0 2026-08-11T20:46
    eurusd quarter  bid 25309 2025-08-04 2026-08-11       320      0.0 2026-08-11T20:47
    eurusd quarter  ask 25309 2025-08-04 2026-08-11       320      0.0 2026-08-11T20:47
    eurusd    hour  mid 12513 2024-08-04 2026-08-11       632      0.0 2026-08-11T20:47
    eurusd    hour  bid 12513 2024-08-04 2026-08-11       632      0.0 2026-08-11T20:47
    eurusd    hour  ask 12513 2024-08-04 2026-08-11       632      0.0 2026-08-11T20:47
    eurusd     day  mid  7443 1999-01-04 2026-08-10      7443     79.4 2026-08-11T20:47
    eurusd     day  bid  7443 1999-01-04 2026-08-10      7443     79.4 2026-08-11T20:47
    eurusd     day  ask  7443 1999-01-04 2026-08-10      7443     79.4 2026-08-11T20:47
  uk100fut  minute  mid 29669 2026-07-12 2026-08-11        27      0.0 2026-08-11T20:47
  uk100fut  minute  bid 29669 2026-07-12 2026-08-11        27      0.0 2026-08-11T20:47
  uk100fut  minute  ask 29669 2026-07-12 2026-08-11        27      0.0 2026-08-11T20:47
  uk100fut quarter  mid 22861 2025-08-10 2026-08-11       304      0.0 2026-08-11T20:47
  uk100fut quarter  bid 22861 2025-08-10 2026-08-11       304      0.0 2026-08-11T20:47
  uk100fut quarter  ask 22861 2025-08-10 2026-08-11       304      0.0 2026-08-11T20:47
  uk100fut    hour  mid 11465 2024-08-11 2026-08-11       603      0.0 2026-08-11T20:47
  uk100fut    hour  bid 11465 2024-08-11 2026-08-11       603      0.0 2026-08-11T20:47
  uk100fut    hour  ask 11465 2024-08-11 2026-08-11       603      0.0 2026-08-11T20:47
  uk100fut     day  mid  1287 2021-07-05 2026-08-10      1287     49.6 2026-08-11T20:47
  uk100fut     day  bid  1287 2021-07-05 2026-08-10      1287     49.6 2026-08-11T20:47
  uk100fut     day  ask  1287 2021-07-05 2026-08-10      1287     49.6 2026-08-11T20:47
uk100sep26  minute  mid 29669 2026-07-12 2026-08-11        27      0.0 2026-08-11T20:47
uk100sep26  minute  bid 29669 2026-07-12 2026-08-11        27      0.0 2026-08-11T20:47
uk100sep26  minute  ask 29669 2026-07-12 2026-08-11        27      0.0 2026-08-11T20:47
uk100sep26 quarter  mid  3896 2026-06-11 2026-08-11        53      0.0 2026-08-11T20:47
uk100sep26 quarter  bid  3896 2026-06-11 2026-08-11        53      0.0 2026-08-11T20:48
uk100sep26 quarter  ask  3896 2026-06-11 2026-08-11        53      0.0 2026-08-11T20:48
uk100sep26    hour  mid   983 2026-06-11 2026-08-11        53      0.0 2026-08-11T20:48
uk100sep26    hour  bid   983 2026-06-11 2026-08-11        53      0.0 2026-08-11T20:48
uk100sep26    hour  ask   983 2026-06-11 2026-08-11        53      0.0 2026-08-11T20:48
uk100sep26     day  mid    43 2026-06-11 2026-08-10        43      0.0 2026-08-11T20:48
uk100sep26     day  bid    43 2026-06-11 2026-08-10        43      0.0 2026-08-11T20:48
uk100sep26     day  ask    43 2026-06-11 2026-08-10        43      0.0 2026-08-11T20:48

spread (minute, n=36,646): median 1.00 pts | p90 5.00 | core 07:00-15:59 UTC median 0.80 pts (n=14,580)

spread (quarter, n=23,313): median 1.00 pts | p90 5.00 | core 07:00-15:59 UTC median 0.80 pts (n=9,299)

spread (hour, n=11,590): median 1.00 pts | p90 5.00 | core 07:00-15:59 UTC median 0.80 pts (n=4,587)

spread (day, n=3,750): median 0.00 pts | p90 5.00 | core 07:00-15:59 UTC median nan pts (n=0)
uk100/minute/mid: 36,646 bars | OK | zero-volume 0.0% | 93 gaps > one bar (weekends/closures expected)
uk100/minute/bid: 36,646 bars | OK | zero-volume 0.0% | 93 gaps > one bar (weekends/closures expected)
uk100/minute/ask: 36,646 bars | OK | zero-volume 0.0% | 93 gaps > one bar (weekends/closures expected)
uk100/quarter/mid: 23,313 bars | OK | zero-volume 0.0% | 444 gaps > one bar (weekends/closures expected)
uk100/quarter/bid: 23,313 bars | OK | zero-volume 0.0% | 444 gaps > one bar (weekends/closures expected)
uk100/quarter/ask: 23,313 bars | OK | zero-volume 0.0% | 444 gaps > one bar (weekends/closures expected)
uk100/hour/mid: 11,590 bars | OK | zero-volume 0.0% | 510 gaps > one bar (weekends/closures expected)
uk100/hour/bid: 11,590 bars | OK | zero-volume 0.0% | 510 gaps > one bar (weekends/closures expected)
uk100/hour/ask: 11,590 bars | OK | zero-volume 0.0% | 510 gaps > one bar (weekends/closures expected)
uk100/day/mid: 3,750 bars | OK | zero-volume 59.89% | 747 gaps > one bar (weekends/closures expected)
uk100/day/bid: 3,750 bars | ISSUES {'open_outside_hl': 2} | zero-volume 59.89% | 747 gaps > one bar (weekends/closures expected)
uk100/day/ask: 3,750 bars | ISSUES {'close_outside_hl': 2} | zero-volume 59.89% | 747 gaps > one bar (weekends/closures expected)
ger40/minute/mid: 36,462 bars | OK | zero-volume 0.0% | 135 gaps > one bar (weekends/closures expected)
ger40/minute/bid: 36,462 bars | OK | zero-volume 0.0% | 135 gaps > one bar (weekends/closures expected)
ger40/minute/ask: 36,462 bars | OK | zero-volume 0.0% | 135 gaps > one bar (weekends/closures expected)
ger40/quarter/mid: 23,346 bars | OK | zero-volume 0.0% | 447 gaps > one bar (weekends/closures expected)
ger40/quarter/bid: 23,346 bars | OK | zero-volume 0.0% | 447 gaps > one bar (weekends/closures expected)
ger40/quarter/ask: 23,346 bars | OK | zero-volume 0.0% | 447 gaps > one bar (weekends/closures expected)
ger40/hour/mid: 11,641 bars | OK | zero-volume 0.0% | 511 gaps > one bar (weekends/closures expected)
ger40/hour/bid: 11,641 bars | OK | zero-volume 0.0% | 511 gaps > one bar (weekends/closures expected)
ger40/hour/ask: 11,641 bars | OK | zero-volume 0.0% | 511 gaps > one bar (weekends/closures expected)
ger40/day/mid: 3,769 bars | OK | zero-volume 60.2% | 766 gaps > one bar (weekends/closures expected)
ger40/day/bid: 3,769 bars | OK | zero-volume 60.2% | 766 gaps > one bar (weekends/closures expected)
ger40/day/ask: 3,769 bars | OK | zero-volume 60.2% | 766 gaps > one bar (weekends/closures expected)
us30/minute/mid: 37,087 bars | OK | zero-volume 0.0% | 26 gaps > one bar (weekends/closures expected)
us30/minute/bid: 37,088 bars | OK | zero-volume 0.0% | 26 gaps > one bar (weekends/closures expected)
us30/minute/ask: 37,088 bars | OK | zero-volume 0.0% | 26 gaps > one bar (weekends/closures expected)
us30/quarter/mid: 23,986 bars | OK | zero-volume 0.0% | 266 gaps > one bar (weekends/closures expected)
us30/quarter/bid: 23,986 bars | OK | zero-volume 0.0% | 266 gaps > one bar (weekends/closures expected)
us30/quarter/ask: 23,986 bars | OK | zero-volume 0.0% | 266 gaps > one bar (weekends/closures expected)
us30/hour/mid: 11,910 bars | OK | zero-volume 0.0% | 522 gaps > one bar (weekends/closures expected)
us30/hour/bid: 11,910 bars | OK | zero-volume 0.0% | 522 gaps > one bar (weekends/closures expected)
us30/hour/ask: 11,910 bars | OK | zero-volume 0.0% | 522 gaps > one bar (weekends/closures expected)
us30/day/mid: 3,842 bars | OK | zero-volume 60.91% | 759 gaps > one bar (weekends/closures expected)
us30/day/bid: 3,842 bars | OK | zero-volume 60.91% | 759 gaps > one bar (weekends/closures expected)
us30/day/ask: 3,842 bars | OK | zero-volume 60.91% | 759 gaps > one bar (weekends/closures expected)
ustech100/minute/mid: 37,088 bars | OK | zero-volume 0.0% | 26 gaps > one bar (weekends/closures expected)
ustech100/minute/bid: 37,088 bars | OK | zero-volume 0.0% | 26 gaps > one bar (weekends/closures expected)
ustech100/minute/ask: 37,088 bars | OK | zero-volume 0.0% | 26 gaps > one bar (weekends/closures expected)
ustech100/quarter/mid: 23,986 bars | OK | zero-volume 0.0% | 267 gaps > one bar (weekends/closures expected)
ustech100/quarter/bid: 23,986 bars | OK | zero-volume 0.0% | 267 gaps > one bar (weekends/closures expected)
ustech100/quarter/ask: 23,986 bars | OK | zero-volume 0.0% | 267 gaps > one bar (weekends/closures expected)
ustech100/hour/mid: 11,911 bars | OK | zero-volume 0.0% | 522 gaps > one bar (weekends/closures expected)
ustech100/hour/bid: 11,911 bars | OK | zero-volume 0.0% | 522 gaps > one bar (weekends/closures expected)
ustech100/hour/ask: 11,911 bars | OK | zero-volume 0.0% | 522 gaps > one bar (weekends/closures expected)
ustech100/day/mid: 3,842 bars | OK | zero-volume 60.93% | 759 gaps > one bar (weekends/closures expected)
ustech100/day/bid: 3,842 bars | OK | zero-volume 60.93% | 759 gaps > one bar (weekends/closures expected)
ustech100/day/ask: 3,842 bars | OK | zero-volume 60.93% | 759 gaps > one bar (weekends/closures expected)
us500/minute/mid: 37,079 bars | OK | zero-volume 0.0% | 32 gaps > one bar (weekends/closures expected)
us500/minute/bid: 37,080 bars | OK | zero-volume 0.0% | 32 gaps > one bar (weekends/closures expected)
us500/minute/ask: 37,080 bars | OK | zero-volume 0.0% | 32 gaps > one bar (weekends/closures expected)
us500/quarter/mid: 23,980 bars | OK | zero-volume 0.0% | 266 gaps > one bar (weekends/closures expected)
us500/quarter/bid: 23,980 bars | OK | zero-volume 0.0% | 266 gaps > one bar (weekends/closures expected)
us500/quarter/ask: 23,980 bars | OK | zero-volume 0.0% | 266 gaps > one bar (weekends/closures expected)
us500/hour/mid: 11,910 bars | OK | zero-volume 0.0% | 522 gaps > one bar (weekends/closures expected)
us500/hour/bid: 11,910 bars | OK | zero-volume 0.0% | 522 gaps > one bar (weekends/closures expected)
us500/hour/ask: 11,910 bars | OK | zero-volume 0.0% | 522 gaps > one bar (weekends/closures expected)
us500/day/mid: 3,835 bars | OK | zero-volume 60.86% | 759 gaps > one bar (weekends/closures expected)
us500/day/bid: 3,835 bars | OK | zero-volume 60.86% | 759 gaps > one bar (weekends/closures expected)
us500/day/ask: 3,835 bars | OK | zero-volume 60.86% | 759 gaps > one bar (weekends/closures expected)
gold/minute/mid: 37,204 bars | OK | zero-volume 0.0% | 26 gaps > one bar (weekends/closures expected)
gold/minute/bid: 37,204 bars | OK | zero-volume 0.0% | 26 gaps > one bar (weekends/closures expected)
gold/minute/ask: 37,204 bars | OK | zero-volume 0.0% | 26 gaps > one bar (weekends/closures expected)
gold/quarter/mid: 24,102 bars | OK | zero-volume 0.0% | 265 gaps > one bar (weekends/closures expected)
gold/quarter/bid: 24,102 bars | OK | zero-volume 0.0% | 265 gaps > one bar (weekends/closures expected)
gold/quarter/ask: 24,102 bars | OK | zero-volume 0.0% | 265 gaps > one bar (weekends/closures expected)
gold/hour/mid: 11,936 bars | OK | zero-volume 0.0% | 520 gaps > one bar (weekends/closures expected)
gold/hour/bid: 11,936 bars | OK | zero-volume 0.0% | 520 gaps > one bar (weekends/closures expected)
gold/hour/ask: 11,936 bars | OK | zero-volume 0.0% | 520 gaps > one bar (weekends/closures expected)
gold/day/mid: 3,840 bars | OK | zero-volume 60.94% | 766 gaps > one bar (weekends/closures expected)
gold/day/bid: 3,840 bars | OK | zero-volume 60.94% | 766 gaps > one bar (weekends/closures expected)
gold/day/ask: 3,840 bars | OK | zero-volume 60.94% | 766 gaps > one bar (weekends/closures expected)
goldvar/minute/mid: 37,205 bars | OK | zero-volume 0.0% | 26 gaps > one bar (weekends/closures expected)
goldvar/minute/bid: 37,205 bars | OK | zero-volume 0.0% | 26 gaps > one bar (weekends/closures expected)
goldvar/minute/ask: 37,205 bars | OK | zero-volume 0.0% | 26 gaps > one bar (weekends/closures expected)
goldvar/quarter/mid: 24,102 bars | OK | zero-volume 0.0% | 265 gaps > one bar (weekends/closures expected)
goldvar/quarter/bid: 24,102 bars | OK | zero-volume 0.0% | 265 gaps > one bar (weekends/closures expected)
goldvar/quarter/ask: 24,102 bars | OK | zero-volume 0.0% | 265 gaps > one bar (weekends/closures expected)
goldvar/hour/mid: 11,936 bars | OK | zero-volume 0.0% | 520 gaps > one bar (weekends/closures expected)
goldvar/hour/bid: 11,936 bars | OK | zero-volume 0.0% | 520 gaps > one bar (weekends/closures expected)
goldvar/hour/ask: 11,936 bars | OK | zero-volume 0.0% | 520 gaps > one bar (weekends/closures expected)
goldvar/day/mid: 3,840 bars | OK | zero-volume 60.94% | 766 gaps > one bar (weekends/closures expected)
goldvar/day/bid: 3,840 bars | OK | zero-volume 60.94% | 766 gaps > one bar (weekends/closures expected)
goldvar/day/ask: 3,840 bars | OK | zero-volume 60.94% | 766 gaps > one bar (weekends/closures expected)
eurusd/minute/mid: 38,563 bars | OK | zero-volume 0.0% | 163 gaps > one bar (weekends/closures expected)
eurusd/minute/bid: 38,563 bars | OK | zero-volume 0.0% | 163 gaps > one bar (weekends/closures expected)
eurusd/minute/ask: 38,563 bars | OK | zero-volume 0.0% | 163 gaps > one bar (weekends/closures expected)
eurusd/quarter/mid: 25,309 bars | OK | zero-volume 0.0% | 57 gaps > one bar (weekends/closures expected)
eurusd/quarter/bid: 25,309 bars | OK | zero-volume 0.0% | 57 gaps > one bar (weekends/closures expected)
eurusd/quarter/ask: 25,309 bars | OK | zero-volume 0.0% | 57 gaps > one bar (weekends/closures expected)
eurusd/hour/mid: 12,513 bars | OK | zero-volume 0.0% | 110 gaps > one bar (weekends/closures expected)
eurusd/hour/bid: 12,513 bars | OK | zero-volume 0.0% | 110 gaps > one bar (weekends/closures expected)
eurusd/hour/ask: 12,513 bars | OK | zero-volume 0.0% | 110 gaps > one bar (weekends/closures expected)
eurusd/day/mid: 7,443 bars | OK | zero-volume 79.38% | 1,441 gaps > one bar (weekends/closures expected)
eurusd/day/bid: 7,443 bars | OK | zero-volume 79.38% | 1,441 gaps > one bar (weekends/closures expected)
eurusd/day/ask: 7,443 bars | OK | zero-volume 79.38% | 1,441 gaps > one bar (weekends/closures expected)
uk100fut/minute/mid: 29,669 bars | OK | zero-volume 0.0% | 59 gaps > one bar (weekends/closures expected)
uk100fut/minute/bid: 29,669 bars | OK | zero-volume 0.0% | 59 gaps > one bar (weekends/closures expected)
uk100fut/minute/ask: 29,669 bars | OK | zero-volume 0.0% | 59 gaps > one bar (weekends/closures expected)
uk100fut/quarter/mid: 22,861 bars | OK | zero-volume 0.0% | 437 gaps > one bar (weekends/closures expected)
uk100fut/quarter/bid: 22,861 bars | OK | zero-volume 0.0% | 437 gaps > one bar (weekends/closures expected)
uk100fut/quarter/ask: 22,861 bars | OK | zero-volume 0.0% | 437 gaps > one bar (weekends/closures expected)
uk100fut/hour/mid: 11,465 bars | OK | zero-volume 0.0% | 506 gaps > one bar (weekends/closures expected)
uk100fut/hour/bid: 11,465 bars | OK | zero-volume 0.0% | 506 gaps > one bar (weekends/closures expected)
uk100fut/hour/ask: 11,465 bars | OK | zero-volume 0.0% | 506 gaps > one bar (weekends/closures expected)
uk100fut/day/mid: 1,287 bars | OK | zero-volume 49.57% | 270 gaps > one bar (weekends/closures expected)
uk100fut/day/bid: 1,287 bars | ISSUES {'open_outside_hl': 1} | zero-volume 49.57% | 270 gaps > one bar (weekends/closures expected)
uk100fut/day/ask: 1,287 bars | ISSUES {'close_outside_hl': 1} | zero-volume 49.57% | 270 gaps > one bar (weekends/closures expected)
uk100sep26/minute/mid: 29,669 bars | OK | zero-volume 0.0% | 59 gaps > one bar (weekends/closures expected)
uk100sep26/minute/bid: 29,669 bars | OK | zero-volume 0.0% | 59 gaps > one bar (weekends/closures expected)
uk100sep26/minute/ask: 29,669 bars | OK | zero-volume 0.0% | 59 gaps > one bar (weekends/closures expected)
uk100sep26/quarter/mid: 3,896 bars | OK | zero-volume 0.0% | 78 gaps > one bar (weekends/closures expected)
uk100sep26/quarter/bid: 3,896 bars | OK | zero-volume 0.0% | 78 gaps > one bar (weekends/closures expected)
uk100sep26/quarter/ask: 3,896 bars | OK | zero-volume 0.0% | 78 gaps > one bar (weekends/closures expected)
uk100sep26/hour/mid: 983 bars | OK | zero-volume 0.0% | 43 gaps > one bar (weekends/closures expected)
uk100sep26/hour/bid: 983 bars | OK | zero-volume 0.0% | 43 gaps > one bar (weekends/closures expected)
uk100sep26/hour/ask: 983 bars | OK | zero-volume 0.0% | 43 gaps > one bar (weekends/closures expected)
uk100sep26/day/mid: 43 bars | OK | zero-volume 0.0% | 9 gaps > one bar (weekends/closures expected)
uk100sep26/day/bid: 43 bars | OK | zero-volume 0.0% | 9 gaps > one bar (weekends/closures expected)
uk100sep26/day/ask: 43 bars | OK | zero-volume 0.0% | 9 gaps > one bar (weekends/closures expected)

See issues above.

=== uk100  (cash 8.0-16.5 London) ===
    1min:  36,646 bars (13,770 cash) 2026-07-03 -> 2026-08-11   spread 0.8
   15min:  23,313 bars ( 8,777 cash) 2025-08-03 -> 2026-08-11   spread 0.8
      1h:  11,590 bars ( 4,583 cash) 2024-08-04 -> 2026-08-11   spread 0.8
      4h:   3,158 bars ( 1,529 cash) 2024-08-04 -> 2026-08-11   spread 0.8
      1d:   3,750 bars ( 3,750 cash) 2012-03-26 -> 2026-08-10   spread 0.0

=== ger40  (cash 8.0-16.5 London) ===
    1min:  36,462 bars (13,770 cash) 2026-07-05 -> 2026-08-11   spread 1.0
   15min:  23,346 bars ( 8,771 cash) 2025-08-04 -> 2026-08-11   spread 1.0
      1h:  11,641 bars ( 4,599 cash) 2024-08-04 -> 2026-08-11   spread 1.0
      4h:   3,173 bars ( 1,533 cash) 2024-08-04 -> 2026-08-11   spread 1.0
      1d:   3,769 bars ( 3,769 cash) 2012-01-30 -> 2026-08-10   spread 0.0

=== us500  (cash 14.5-21.0 London) ===
    1min:  37,079 bars (10,530 cash) 2026-07-05 -> 2026-08-11   spread 0.4
   15min:  23,980 bars ( 6,728 cash) 2025-08-04 -> 2026-08-11   spread 0.4
      1h:  11,910 bars ( 3,068 cash) 2024-08-04 -> 2026-08-11   spread 0.4
      4h:   3,115 bars ( 1,021 cash) 2024-08-04 -> 2026-08-11   spread 0.4
      1d:   3,835 bars ( 3,835 cash) 2012-03-13 -> 2026-08-10   spread 0.0

=== us30  (cash 14.5-21.0 London) ===
    1min:  37,087 bars (10,530 cash) 2026-07-05 -> 2026-08-11   spread 1.9
   15min:  23,986 bars ( 6,734 cash) 2025-08-04 -> 2026-08-11   spread 1.9
      1h:  11,910 bars ( 3,068 cash) 2024-08-04 -> 2026-08-11   spread 1.9
      4h:   3,115 bars ( 1,021 cash) 2024-08-04 -> 2026-08-11   spread 1.9
      1d:   3,842 bars ( 3,842 cash) 2012-03-05 -> 2026-08-10   spread 0.0

=== ustech100  (cash 14.5-21.0 London) ===
    1min:  37,088 bars (10,530 cash) 2026-07-05 -> 2026-08-11   spread 0.9
   15min:  23,986 bars ( 6,733 cash) 2025-08-04 -> 2026-08-11   spread 0.9
      1h:  11,911 bars ( 3,068 cash) 2024-08-04 -> 2026-08-11   spread 0.9
      4h:   3,116 bars ( 1,021 cash) 2024-08-04 -> 2026-08-11   spread 1.1
      1d:   3,842 bars ( 3,842 cash) 2012-03-05 -> 2026-08-10   spread 0.0

=== gold  (cash 13.0-21.0 London) ===
    1min:  37,204 bars (12,960 cash) 2026-07-05 -> 2026-08-11   spread 0.4
   15min:  24,102 bars ( 8,357 cash) 2025-08-04 -> 2026-08-11   spread 0.4
      1h:  11,936 bars ( 4,140 cash) 2024-08-04 -> 2026-08-11   spread 0.3
      4h:   3,220 bars ( 1,042 cash) 2024-08-04 -> 2026-08-11   spread 0.4
      1d:   3,840 bars ( 3,840 cash) 2011-12-30 -> 2026-08-10   spread 0.0

=== goldvar  (cash 13.0-21.0 London) ===
    1min:  37,205 bars (12,960 cash) 2026-07-05 -> 2026-08-11   spread 0.4
   15min:  24,102 bars ( 8,357 cash) 2025-08-04 -> 2026-08-11   spread 0.4
      1h:  11,936 bars ( 4,140 cash) 2024-08-04 -> 2026-08-11   spread 0.3
      4h:   3,220 bars ( 1,042 cash) 2024-08-04 -> 2026-08-11   spread 0.4
      1d:   3,840 bars ( 3,840 cash) 2011-12-30 -> 2026-08-10   spread 0.0

=== eurusd  (cash 8.0-21.0 London) ===
    1min:  38,563 bars (21,060 cash) 2026-07-05 -> 2026-08-11   spread 0.0001
   15min:  25,309 bars (13,702 cash) 2025-08-04 -> 2026-08-11   spread 0.0001
      1h:  12,513 bars ( 6,776 cash) 2024-08-04 -> 2026-08-11   spread 0.0
      4h:   3,238 bars ( 2,084 cash) 2024-08-04 -> 2026-08-11   spread 0.0
      1d:   7,443 bars ( 7,443 cash) 1999-01-04 -> 2026-08-10   spread 0.0

=== uk100fut  (cash 8.0-16.5 London) ===
    1min:  29,669 bars (11,220 cash) 2026-07-12 -> 2026-08-11   spread 1.3
   15min:  22,861 bars ( 8,607 cash) 2025-08-10 -> 2026-08-11   spread 1.3
      1h:  11,465 bars ( 4,538 cash) 2024-08-11 -> 2026-08-11   spread 1.3
      4h:   3,124 bars ( 1,514 cash) 2024-08-11 -> 2026-08-11   spread 1.3
      1d:   1,287 bars ( 1,287 cash) 2021-07-05 -> 2026-08-10   spread 5.0

=== uk100sep26  (cash 8.0-16.5 London) ===
    1min:  29,669 bars (11,220 cash) 2026-07-12 -> 2026-08-11   spread 4.0
   15min:   3,896 bars ( 1,462 cash) 2026-06-11 -> 2026-08-11   spread 4.0
      1h:     983 bars (   387 cash) 2026-06-11 -> 2026-08-11   spread 4.0
      4h:     269 bars (   129 cash) 2026-06-11 -> 2026-08-11   spread 4.0
      1d:      43 bars (    43 cash) 2026-06-11 -> 2026-08-10   spread 6.0

Wrote /Users/r.john/git/vc-tx2/clean_finsa/
uk100      14/14 passed
ger40      14/14 passed
us500      14/14 passed
us30       14/14 passed
ustech100  14/14 passed
gold       14/14 passed
goldvar    14/14 passed
eurusd     14/14 passed
uk100fut   14/14 passed
uk100sep26 14/14 passed

140/140 checks passed overall.
=== done 2026-08-11T20:48:13Z sync=0 build=0 verify=0 ===
