=== sync start 2026-08-20T13:22:31Z ===

=== uk100 (id 16645) -> /Users/r.john/git/vc-tx2/data ===
  minute/mid:
      page 1: 10,000 bars  2026-08-11 03:32:00+00:00 -> 2026-08-20 13:22:00+00:00
      page 2: 10,000 bars  2026-07-30 16:31:00+00:00 -> 2026-08-11 03:31:00+00:00
      page 3: 10,000 bars  2026-07-21 07:44:00+00:00 -> 2026-07-30 16:30:00+00:00
      page 4:  1,021 bars  2026-07-20 13:22:00+00:00 -> 2026-07-21 07:43:00+00:00
      fetched 31,020 | +901 new | store 45,631 bars  2026-07-03 -> 2026-08-20

  minute/bid:
      page 1: 10,000 bars  2026-08-11 03:32:00+00:00 -> 2026-08-20 13:22:00+00:00
      page 2: 10,000 bars  2026-07-30 16:31:00+00:00 -> 2026-08-11 03:31:00+00:00
      page 3: 10,000 bars  2026-07-21 07:44:00+00:00 -> 2026-07-30 16:30:00+00:00
      page 4:  1,020 bars  2026-07-20 13:23:00+00:00 -> 2026-07-21 07:43:00+00:00
      fetched 31,019 | +0 new | store 45,631 bars  2026-07-03 -> 2026-08-20

  minute/ask:
      page 1: 10,000 bars  2026-08-11 03:32:00+00:00 -> 2026-08-20 13:22:00+00:00
      page 2: 10,000 bars  2026-07-30 16:31:00+00:00 -> 2026-08-11 03:31:00+00:00
      page 3: 10,000 bars  2026-07-21 07:44:00+00:00 -> 2026-07-30 16:30:00+00:00
      page 4:  1,020 bars  2026-07-20 13:23:00+00:00 -> 2026-07-21 07:43:00+00:00
      fetched 31,019 | +0 new | store 45,631 bars  2026-07-03 -> 2026-08-20

  quarter/mid:
      page 1: 10,000 bars  2026-03-12 22:00:00+00:00 -> 2026-08-20 13:15:00+00:00
      page 2: 10,000 bars  2025-10-03 08:30:00+00:00 -> 2026-03-12 20:45:00+00:00
      page 3:  2,772 bars  2025-08-20 13:30:00+00:00 -> 2025-10-03 08:15:00+00:00
      fetched 22,771 | +60 new | store 23,919 bars  2025-08-03 -> 2026-08-20

  quarter/bid:
      page 1: 10,000 bars  2026-03-12 22:00:00+00:00 -> 2026-08-20 13:15:00+00:00
      page 2: 10,000 bars  2025-10-03 08:30:00+00:00 -> 2026-03-12 20:45:00+00:00
      page 3:  2,772 bars  2025-08-20 13:30:00+00:00 -> 2025-10-03 08:15:00+00:00
      fetched 22,771 | +60 new | store 23,919 bars  2025-08-03 -> 2026-08-20

  quarter/ask:
      page 1: 10,000 bars  2026-03-12 22:00:00+00:00 -> 2026-08-20 13:15:00+00:00
      page 2: 10,000 bars  2025-10-03 08:30:00+00:00 -> 2026-03-12 20:45:00+00:00
      page 3:  2,772 bars  2025-08-20 13:30:00+00:00 -> 2025-10-03 08:15:00+00:00
      fetched 22,771 | +60 new | store 23,919 bars  2025-08-03 -> 2026-08-20

  hour/mid:
      page 1: 10,000 bars  2024-11-20 12:00:00+00:00 -> 2026-08-20 13:00:00+00:00
      page 2:  1,477 bars  2024-08-20 14:00:00+00:00 -> 2024-11-20 11:00:00+00:00
      fetched 11,476 | +15 new | store 11,743 bars  2024-08-04 -> 2026-08-20

  hour/bid:
      page 1: 10,000 bars  2024-11-20 12:00:00+00:00 -> 2026-08-20 13:00:00+00:00
      page 2:  1,477 bars  2024-08-20 14:00:00+00:00 -> 2024-11-20 11:00:00+00:00
      fetched 11,476 | +15 new | store 11,743 bars  2024-08-04 -> 2026-08-20

  hour/ask:
      page 1: 10,000 bars  2024-11-20 12:00:00+00:00 -> 2026-08-20 13:00:00+00:00
      page 2:  1,477 bars  2024-08-20 14:00:00+00:00 -> 2024-11-20 11:00:00+00:00
      fetched 11,476 | +15 new | store 11,743 bars  2024-08-04 -> 2026-08-20

  day/mid:
      page 1:  3,758 bars  2012-03-26 00:00:00+00:00 -> 2026-08-20 00:00:00+00:00
      fetched 3,757 | +1 new | store 3,757 bars  2012-03-26 -> 2026-08-19

  day/bid:
      page 1:  3,758 bars  2012-03-26 00:00:00+00:00 -> 2026-08-20 00:00:00+00:00
      fetched 3,757 | +1 new | store 3,757 bars  2012-03-26 -> 2026-08-19  !! {'open_outside_hl': 2}

  day/ask:
      page 1:  3,758 bars  2012-03-26 00:00:00+00:00 -> 2026-08-20 00:00:00+00:00
      fetched 3,757 | +1 new | store 3,757 bars  2012-03-26 -> 2026-08-19  !! {'close_outside_hl': 2}


=== ger40 (id 17068) -> /Users/r.john/git/vc-tx2/data ===
  minute/mid:
      page 1: 10,000 bars  2026-08-11 03:58:00+00:00 -> 2026-08-20 13:22:00+00:00
      page 2: 10,000 bars  2026-07-30 16:49:00+00:00 -> 2026-08-11 03:57:00+00:00
      page 3: 10,000 bars  2026-07-21 08:10:00+00:00 -> 2026-07-30 16:48:00+00:00
      page 4:  1,045 bars  2026-07-20 13:23:00+00:00 -> 2026-07-21 08:09:00+00:00
      fetched 31,044 | +898 new | store 45,472 bars  2026-07-05 -> 2026-08-20

  minute/bid:
      page 1: 10,000 bars  2026-08-11 03:59:00+00:00 -> 2026-08-20 13:23:00+00:00
      page 2: 10,000 bars  2026-07-30 16:50:00+00:00 -> 2026-08-11 03:58:00+00:00
      page 3: 10,000 bars  2026-07-21 08:11:00+00:00 -> 2026-07-30 16:49:00+00:00
      page 4:  1,046 bars  2026-07-20 13:23:00+00:00 -> 2026-07-21 08:10:00+00:00
      fetched 31,045 | +899 new | store 45,473 bars  2026-07-05 -> 2026-08-20

  minute/ask:
      page 1: 10,000 bars  2026-08-11 03:59:00+00:00 -> 2026-08-20 13:23:00+00:00
      page 2: 10,000 bars  2026-07-30 16:50:00+00:00 -> 2026-08-11 03:58:00+00:00
      page 3: 10,000 bars  2026-07-21 08:11:00+00:00 -> 2026-07-30 16:49:00+00:00
      page 4:  1,046 bars  2026-07-20 13:23:00+00:00 -> 2026-07-21 08:10:00+00:00
      fetched 31,045 | +898 new | store 45,473 bars  2026-07-05 -> 2026-08-20

  quarter/mid:
      page 1: 10,000 bars  2026-03-16 03:15:00+00:00 -> 2026-08-20 13:15:00+00:00
      page 2: 10,000 bars  2025-10-03 11:30:00+00:00 -> 2026-03-16 03:00:00+00:00
      page 3:  2,883 bars  2025-08-20 13:30:00+00:00 -> 2025-10-03 11:15:00+00:00
      fetched 22,882 | +60 new | store 23,952 bars  2025-08-04 -> 2026-08-20

  quarter/bid:
      page 1: 10,000 bars  2026-03-16 03:15:00+00:00 -> 2026-08-20 13:15:00+00:00
      page 2: 10,000 bars  2025-10-03 11:30:00+00:00 -> 2026-03-16 03:00:00+00:00
      page 3:  2,883 bars  2025-08-20 13:30:00+00:00 -> 2025-10-03 11:15:00+00:00
      fetched 22,882 | +60 new | store 23,952 bars  2025-08-04 -> 2026-08-20

  quarter/ask:
      page 1: 10,000 bars  2026-03-16 03:15:00+00:00 -> 2026-08-20 13:15:00+00:00
      page 2: 10,000 bars  2025-10-03 11:30:00+00:00 -> 2026-03-16 03:00:00+00:00
      page 3:  2,883 bars  2025-08-20 13:30:00+00:00 -> 2025-10-03 11:15:00+00:00
      fetched 22,882 | +60 new | store 23,952 bars  2025-08-04 -> 2026-08-20

  hour/mid:
      page 1: 10,000 bars  2024-11-21 15:00:00+00:00 -> 2026-08-20 13:00:00+00:00
      page 2:  1,528 bars  2024-08-20 14:00:00+00:00 -> 2024-11-21 14:00:00+00:00
      fetched 11,527 | +15 new | store 11,794 bars  2024-08-04 -> 2026-08-20

  hour/bid:
      page 1: 10,000 bars  2024-11-21 15:00:00+00:00 -> 2026-08-20 13:00:00+00:00
      page 2:  1,528 bars  2024-08-20 14:00:00+00:00 -> 2024-11-21 14:00:00+00:00
      fetched 11,527 | +15 new | store 11,794 bars  2024-08-04 -> 2026-08-20

  hour/ask:
      page 1: 10,000 bars  2024-11-21 15:00:00+00:00 -> 2026-08-20 13:00:00+00:00
      page 2:  1,528 bars  2024-08-20 14:00:00+00:00 -> 2024-11-21 14:00:00+00:00
      fetched 11,527 | +15 new | store 11,794 bars  2024-08-04 -> 2026-08-20

  day/mid:
      page 1:  3,777 bars  2012-01-30 00:00:00+00:00 -> 2026-08-20 00:00:00+00:00
      fetched 3,776 | +1 new | store 3,776 bars  2012-01-30 -> 2026-08-19

  day/bid:
      page 1:  3,777 bars  2012-01-30 00:00:00+00:00 -> 2026-08-20 00:00:00+00:00
      fetched 3,776 | +1 new | store 3,776 bars  2012-01-30 -> 2026-08-19

  day/ask:
      page 1:  3,777 bars  2012-01-30 00:00:00+00:00 -> 2026-08-20 00:00:00+00:00
      fetched 3,776 | +1 new | store 3,776 bars  2012-01-30 -> 2026-08-19


=== us30 (id 17322) -> /Users/r.john/git/vc-tx2/data ===
  minute/mid:
      page 1: 10,000 bars  2026-08-11 07:12:00+00:00 -> 2026-08-20 13:23:00+00:00
      page 2: 10,000 bars  2026-07-31 00:30:00+00:00 -> 2026-08-11 07:11:00+00:00
      page 3: 10,000 bars  2026-07-21 17:19:00+00:00 -> 2026-07-31 00:29:00+00:00
      page 4:  1,616 bars  2026-07-20 13:23:00+00:00 -> 2026-07-21 17:18:00+00:00
      fetched 31,615 | +902 new | store 46,275 bars  2026-07-05 -> 2026-08-20

  minute/bid:
      page 1: 10,000 bars  2026-08-11 07:12:00+00:00 -> 2026-08-20 13:23:00+00:00
      page 2: 10,000 bars  2026-07-31 00:30:00+00:00 -> 2026-08-11 07:11:00+00:00
      page 3: 10,000 bars  2026-07-21 17:19:00+00:00 -> 2026-07-31 00:29:00+00:00
      page 4:  1,616 bars  2026-07-20 13:23:00+00:00 -> 2026-07-21 17:18:00+00:00
      fetched 31,615 | +902 new | store 46,275 bars  2026-07-05 -> 2026-08-20

  minute/ask:
      page 1: 10,000 bars  2026-08-11 07:12:00+00:00 -> 2026-08-20 13:23:00+00:00
      page 2: 10,000 bars  2026-07-31 00:30:00+00:00 -> 2026-08-11 07:11:00+00:00
      page 3: 10,000 bars  2026-07-21 17:19:00+00:00 -> 2026-07-31 00:29:00+00:00
      page 4:  1,615 bars  2026-07-20 13:24:00+00:00 -> 2026-07-21 17:18:00+00:00
      fetched 31,614 | +902 new | store 46,275 bars  2026-07-05 -> 2026-08-20

  quarter/mid:
      page 1: 10,000 bars  2026-03-19 14:00:00+00:00 -> 2026-08-20 13:15:00+00:00
      page 2: 10,000 bars  2025-10-14 03:30:00+00:00 -> 2026-03-19 13:45:00+00:00
      page 3:  3,516 bars  2025-08-20 13:30:00+00:00 -> 2025-10-14 03:15:00+00:00
      fetched 23,515 | +60 new | store 24,599 bars  2025-08-04 -> 2026-08-20

  quarter/bid:
      page 1: 10,000 bars  2026-03-19 14:00:00+00:00 -> 2026-08-20 13:15:00+00:00
      page 2: 10,000 bars  2025-10-14 03:30:00+00:00 -> 2026-03-19 13:45:00+00:00
      page 3:  3,516 bars  2025-08-20 13:30:00+00:00 -> 2025-10-14 03:15:00+00:00
      fetched 23,515 | +60 new | store 24,599 bars  2025-08-04 -> 2026-08-20

  quarter/ask:
      page 1: 10,000 bars  2026-03-19 14:00:00+00:00 -> 2026-08-20 13:15:00+00:00
      page 2: 10,000 bars  2025-10-14 03:30:00+00:00 -> 2026-03-19 13:45:00+00:00
      page 3:  3,516 bars  2025-08-20 13:30:00+00:00 -> 2025-10-14 03:15:00+00:00
      fetched 23,515 | +60 new | store 24,599 bars  2025-08-04 -> 2026-08-20

  hour/mid:
      page 1: 10,000 bars  2024-12-09 05:00:00+00:00 -> 2026-08-20 13:00:00+00:00
      page 2:  1,796 bars  2024-08-20 14:00:00+00:00 -> 2024-12-09 04:00:00+00:00
      fetched 11,795 | +15 new | store 12,064 bars  2024-08-04 -> 2026-08-20

  hour/bid:
      page 1: 10,000 bars  2024-12-09 05:00:00+00:00 -> 2026-08-20 13:00:00+00:00
      page 2:  1,796 bars  2024-08-20 14:00:00+00:00 -> 2024-12-09 04:00:00+00:00
      fetched 11,795 | +15 new | store 12,064 bars  2024-08-04 -> 2026-08-20

  hour/ask:
      page 1: 10,000 bars  2024-12-09 05:00:00+00:00 -> 2026-08-20 13:00:00+00:00
      page 2:  1,796 bars  2024-08-20 14:00:00+00:00 -> 2024-12-09 04:00:00+00:00
      fetched 11,795 | +15 new | store 12,064 bars  2024-08-04 -> 2026-08-20

  day/mid:
      page 1:  3,850 bars  2012-03-05 00:00:00+00:00 -> 2026-08-20 00:00:00+00:00
      fetched 3,849 | +1 new | store 3,849 bars  2012-03-05 -> 2026-08-19

  day/bid:
      page 1:  3,850 bars  2012-03-05 00:00:00+00:00 -> 2026-08-20 00:00:00+00:00
      fetched 3,849 | +1 new | store 3,849 bars  2012-03-05 -> 2026-08-19

  day/ask:
      page 1:  3,850 bars  2012-03-05 00:00:00+00:00 -> 2026-08-20 00:00:00+00:00
      fetched 3,849 | +1 new | store 3,849 bars  2012-03-05 -> 2026-08-19


=== nas100 (id 20190) -> /Users/r.john/git/vc-tx2/data ===
  minute/mid:
      page 1: 10,000 bars  2026-08-11 07:13:00+00:00 -> 2026-08-20 13:23:00+00:00
      page 2: 10,000 bars  2026-07-31 00:31:00+00:00 -> 2026-08-11 07:12:00+00:00
      page 3: 10,000 bars  2026-07-21 17:20:00+00:00 -> 2026-07-31 00:30:00+00:00
      page 4:  1,616 bars  2026-07-20 13:24:00+00:00 -> 2026-07-21 17:19:00+00:00
      fetched 31,615 | +902 new | store 46,276 bars  2026-07-05 -> 2026-08-20

  minute/bid:
      page 1: 10,000 bars  2026-08-11 07:13:00+00:00 -> 2026-08-20 13:23:00+00:00
      page 2: 10,000 bars  2026-07-31 00:31:00+00:00 -> 2026-08-11 07:12:00+00:00
      page 3: 10,000 bars  2026-07-21 17:20:00+00:00 -> 2026-07-31 00:30:00+00:00
      page 4:  1,616 bars  2026-07-20 13:24:00+00:00 -> 2026-07-21 17:19:00+00:00
      fetched 31,615 | +902 new | store 46,276 bars  2026-07-05 -> 2026-08-20

  minute/ask:
      page 1: 10,000 bars  2026-08-11 07:14:00+00:00 -> 2026-08-20 13:24:00+00:00
      page 2: 10,000 bars  2026-07-31 00:32:00+00:00 -> 2026-08-11 07:13:00+00:00
      page 3: 10,000 bars  2026-07-21 17:21:00+00:00 -> 2026-07-31 00:31:00+00:00
      page 4:  1,617 bars  2026-07-20 13:24:00+00:00 -> 2026-07-21 17:20:00+00:00
      fetched 31,616 | +902 new | store 46,277 bars  2026-07-05 -> 2026-08-20

  quarter/mid:
      page 1: 10,000 bars  2026-03-19 14:15:00+00:00 -> 2026-08-20 13:15:00+00:00
      page 2: 10,000 bars  2025-10-14 03:30:00+00:00 -> 2026-03-19 14:00:00+00:00
      page 3:  3,516 bars  2025-08-20 13:30:00+00:00 -> 2025-10-14 03:15:00+00:00
      fetched 23,515 | +60 new | store 24,599 bars  2025-08-04 -> 2026-08-20

  quarter/bid:
      page 1: 10,000 bars  2026-03-19 14:15:00+00:00 -> 2026-08-20 13:15:00+00:00
      page 2: 10,000 bars  2025-10-14 03:30:00+00:00 -> 2026-03-19 14:00:00+00:00
      page 3:  3,516 bars  2025-08-20 13:30:00+00:00 -> 2025-10-14 03:15:00+00:00
      fetched 23,515 | +60 new | store 24,599 bars  2025-08-04 -> 2026-08-20

  quarter/ask:
      page 1: 10,000 bars  2026-03-19 14:15:00+00:00 -> 2026-08-20 13:15:00+00:00
      page 2: 10,000 bars  2025-10-14 03:30:00+00:00 -> 2026-03-19 14:00:00+00:00
      page 3:  3,516 bars  2025-08-20 13:30:00+00:00 -> 2025-10-14 03:15:00+00:00
      fetched 23,515 | +60 new | store 24,599 bars  2025-08-04 -> 2026-08-20

  hour/mid:
      page 1: 10,000 bars  2024-12-09 06:00:00+00:00 -> 2026-08-20 13:00:00+00:00
      page 2:  1,797 bars  2024-08-20 14:00:00+00:00 -> 2024-12-09 05:00:00+00:00
      fetched 11,796 | +15 new | store 12,065 bars  2024-08-04 -> 2026-08-20

  hour/bid:
      page 1: 10,000 bars  2024-12-09 06:00:00+00:00 -> 2026-08-20 13:00:00+00:00
      page 2:  1,797 bars  2024-08-20 14:00:00+00:00 -> 2024-12-09 05:00:00+00:00
      fetched 11,796 | +15 new | store 12,065 bars  2024-08-04 -> 2026-08-20

  hour/ask:
      page 1: 10,000 bars  2024-12-09 06:00:00+00:00 -> 2026-08-20 13:00:00+00:00
      page 2:  1,797 bars  2024-08-20 14:00:00+00:00 -> 2024-12-09 05:00:00+00:00
      fetched 11,796 | +15 new | store 12,065 bars  2024-08-04 -> 2026-08-20

  day/mid:
      page 1:  3,850 bars  2012-03-05 00:00:00+00:00 -> 2026-08-20 00:00:00+00:00
      fetched 3,849 | +1 new | store 3,849 bars  2012-03-05 -> 2026-08-19

  day/bid:
      page 1:  3,850 bars  2012-03-05 00:00:00+00:00 -> 2026-08-20 00:00:00+00:00
      fetched 3,849 | +1 new | store 3,849 bars  2012-03-05 -> 2026-08-19

  day/ask:
      page 1:  3,850 bars  2012-03-05 00:00:00+00:00 -> 2026-08-20 00:00:00+00:00
      fetched 3,849 | +1 new | store 3,849 bars  2012-03-05 -> 2026-08-19


=== us500 (id 67995) -> /Users/r.john/git/vc-tx2/data ===
  minute/mid:
      page 1: 10,000 bars  2026-08-11 06:15:00+00:00 -> 2026-08-20 13:24:00+00:00
      page 2: 10,000 bars  2026-07-30 23:28:00+00:00 -> 2026-08-11 06:14:00+00:00
      page 3: 10,000 bars  2026-07-21 16:17:00+00:00 -> 2026-07-30 23:27:00+00:00
      page 4:  1,552 bars  2026-07-20 13:24:00+00:00 -> 2026-07-21 16:16:00+00:00
      fetched 31,551 | +902 new | store 46,209 bars  2026-07-05 -> 2026-08-20

  minute/bid:
      page 1: 10,000 bars  2026-08-11 06:15:00+00:00 -> 2026-08-20 13:24:00+00:00
      page 2: 10,000 bars  2026-07-30 23:28:00+00:00 -> 2026-08-11 06:14:00+00:00
      page 3: 10,000 bars  2026-07-21 16:17:00+00:00 -> 2026-07-30 23:27:00+00:00
      page 4:  1,552 bars  2026-07-20 13:24:00+00:00 -> 2026-07-21 16:16:00+00:00
      fetched 31,551 | +902 new | store 46,209 bars  2026-07-05 -> 2026-08-20

  minute/ask:
      page 1: 10,000 bars  2026-08-11 06:15:00+00:00 -> 2026-08-20 13:24:00+00:00
      page 2: 10,000 bars  2026-07-30 23:28:00+00:00 -> 2026-08-11 06:14:00+00:00
      page 3: 10,000 bars  2026-07-21 16:17:00+00:00 -> 2026-07-30 23:27:00+00:00
      page 4:  1,552 bars  2026-07-20 13:24:00+00:00 -> 2026-07-21 16:16:00+00:00
      fetched 31,551 | +902 new | store 46,209 bars  2026-07-05 -> 2026-08-20

  quarter/mid:
      page 1: 10,000 bars  2026-03-19 13:00:00+00:00 -> 2026-08-20 13:15:00+00:00
      page 2: 10,000 bars  2025-10-14 02:15:00+00:00 -> 2026-03-19 12:45:00+00:00
      page 3:  3,511 bars  2025-08-20 13:30:00+00:00 -> 2025-10-14 02:00:00+00:00
      fetched 23,510 | +60 new | store 24,592 bars  2025-08-04 -> 2026-08-20

  quarter/bid:
      page 1: 10,000 bars  2026-03-19 13:00:00+00:00 -> 2026-08-20 13:15:00+00:00
      page 2: 10,000 bars  2025-10-14 02:15:00+00:00 -> 2026-03-19 12:45:00+00:00
      page 3:  3,511 bars  2025-08-20 13:30:00+00:00 -> 2025-10-14 02:00:00+00:00
      fetched 23,510 | +60 new | store 24,592 bars  2025-08-04 -> 2026-08-20

  quarter/ask:
      page 1: 10,000 bars  2026-03-19 13:00:00+00:00 -> 2026-08-20 13:15:00+00:00
      page 2: 10,000 bars  2025-10-14 02:15:00+00:00 -> 2026-03-19 12:45:00+00:00
      page 3:  3,511 bars  2025-08-20 13:30:00+00:00 -> 2025-10-14 02:00:00+00:00
      fetched 23,510 | +60 new | store 24,592 bars  2025-08-04 -> 2026-08-20

  hour/mid:
      page 1: 10,000 bars  2024-12-09 05:00:00+00:00 -> 2026-08-20 13:00:00+00:00
      page 2:  1,796 bars  2024-08-20 14:00:00+00:00 -> 2024-12-09 04:00:00+00:00
      fetched 11,795 | +15 new | store 12,064 bars  2024-08-04 -> 2026-08-20

  hour/bid:
      page 1: 10,000 bars  2024-12-09 05:00:00+00:00 -> 2026-08-20 13:00:00+00:00
      page 2:  1,796 bars  2024-08-20 14:00:00+00:00 -> 2024-12-09 04:00:00+00:00
      fetched 11,795 | +15 new | store 12,064 bars  2024-08-04 -> 2026-08-20

  hour/ask:
      page 1: 10,000 bars  2024-12-09 05:00:00+00:00 -> 2026-08-20 13:00:00+00:00
      page 2:  1,796 bars  2024-08-20 14:00:00+00:00 -> 2024-12-09 04:00:00+00:00
      fetched 11,795 | +15 new | store 12,064 bars  2024-08-04 -> 2026-08-20

  day/mid:
      page 1:  3,843 bars  2012-03-13 00:00:00+00:00 -> 2026-08-20 00:00:00+00:00
      fetched 3,842 | +1 new | store 3,842 bars  2012-03-13 -> 2026-08-19

  day/bid:
      page 1:  3,843 bars  2012-03-13 00:00:00+00:00 -> 2026-08-20 00:00:00+00:00
      fetched 3,842 | +1 new | store 3,842 bars  2012-03-13 -> 2026-08-19

  day/ask:
      page 1:  3,843 bars  2012-03-13 00:00:00+00:00 -> 2026-08-20 00:00:00+00:00
      fetched 3,842 | +1 new | store 3,842 bars  2012-03-13 -> 2026-08-19


=== gold (id 68924) -> /Users/r.john/git/vc-tx2/data ===
  minute/mid:
      page 1: 10,000 bars  2026-08-11 07:36:00+00:00 -> 2026-08-20 13:24:00+00:00
      page 2: 10,000 bars  2026-07-31 01:45:00+00:00 -> 2026-08-11 07:35:00+00:00
      page 3: 10,000 bars  2026-07-21 18:55:00+00:00 -> 2026-07-31 01:44:00+00:00
      page 4:  1,709 bars  2026-07-20 13:25:00+00:00 -> 2026-07-21 18:54:00+00:00
      fetched 31,708 | +902 new | store 46,414 bars  2026-07-05 -> 2026-08-20

  minute/bid:
      page 1: 10,000 bars  2026-08-11 07:36:00+00:00 -> 2026-08-20 13:24:00+00:00
      page 2: 10,000 bars  2026-07-31 01:45:00+00:00 -> 2026-08-11 07:35:00+00:00
      page 3: 10,000 bars  2026-07-21 18:55:00+00:00 -> 2026-07-31 01:44:00+00:00
      page 4:  1,709 bars  2026-07-20 13:25:00+00:00 -> 2026-07-21 18:54:00+00:00
      fetched 31,708 | +902 new | store 46,414 bars  2026-07-05 -> 2026-08-20

  minute/ask:
      page 1: 10,000 bars  2026-08-11 07:36:00+00:00 -> 2026-08-20 13:24:00+00:00
      page 2: 10,000 bars  2026-07-31 01:45:00+00:00 -> 2026-08-11 07:35:00+00:00
      page 3: 10,000 bars  2026-07-21 18:55:00+00:00 -> 2026-07-31 01:44:00+00:00
      page 4:  1,709 bars  2026-07-20 13:25:00+00:00 -> 2026-07-21 18:54:00+00:00
      fetched 31,708 | +901 new | store 46,414 bars  2026-07-05 -> 2026-08-20

  quarter/mid:
      page 1: 10,000 bars  2026-03-19 10:00:00+00:00 -> 2026-08-20 13:15:00+00:00
      page 2: 10,000 bars  2025-10-15 03:15:00+00:00 -> 2026-03-19 09:45:00+00:00
      page 3:  3,629 bars  2025-08-20 13:30:00+00:00 -> 2025-10-15 03:00:00+00:00
      fetched 23,628 | +60 new | store 24,716 bars  2025-08-04 -> 2026-08-20

  quarter/bid:
      page 1: 10,000 bars  2026-03-19 10:00:00+00:00 -> 2026-08-20 13:15:00+00:00
      page 2: 10,000 bars  2025-10-15 03:15:00+00:00 -> 2026-03-19 09:45:00+00:00
      page 3:  3,629 bars  2025-08-20 13:30:00+00:00 -> 2025-10-15 03:00:00+00:00
      fetched 23,628 | +60 new | store 24,716 bars  2025-08-04 -> 2026-08-20

  quarter/ask:
      page 1: 10,000 bars  2026-03-19 10:00:00+00:00 -> 2026-08-20 13:15:00+00:00
      page 2: 10,000 bars  2025-10-15 03:15:00+00:00 -> 2026-03-19 09:45:00+00:00
      page 3:  3,629 bars  2025-08-20 13:30:00+00:00 -> 2025-10-15 03:00:00+00:00
      fetched 23,628 | +60 new | store 24,716 bars  2025-08-04 -> 2026-08-20

  hour/mid:
      page 1: 10,000 bars  2024-12-10 05:00:00+00:00 -> 2026-08-20 13:00:00+00:00
      page 2:  1,822 bars  2024-08-20 14:00:00+00:00 -> 2024-12-10 04:00:00+00:00
      fetched 11,821 | +15 new | store 12,090 bars  2024-08-04 -> 2026-08-20

  hour/bid:
      page 1: 10,000 bars  2024-12-10 05:00:00+00:00 -> 2026-08-20 13:00:00+00:00
      page 2:  1,822 bars  2024-08-20 14:00:00+00:00 -> 2024-12-10 04:00:00+00:00
      fetched 11,821 | +15 new | store 12,090 bars  2024-08-04 -> 2026-08-20

  hour/ask:
      page 1: 10,000 bars  2024-12-10 05:00:00+00:00 -> 2026-08-20 13:00:00+00:00
      page 2:  1,822 bars  2024-08-20 14:00:00+00:00 -> 2024-12-10 04:00:00+00:00
      fetched 11,821 | +15 new | store 12,090 bars  2024-08-04 -> 2026-08-20

  day/mid:
      page 1:  3,848 bars  2011-12-30 00:00:00+00:00 -> 2026-08-20 00:00:00+00:00
      fetched 3,847 | +1 new | store 3,847 bars  2011-12-30 -> 2026-08-19

  day/bid:
      page 1:  3,848 bars  2011-12-30 00:00:00+00:00 -> 2026-08-20 00:00:00+00:00
      fetched 3,847 | +1 new | store 3,847 bars  2011-12-30 -> 2026-08-19

  day/ask:
      page 1:  3,848 bars  2011-12-30 00:00:00+00:00 -> 2026-08-20 00:00:00+00:00
      fetched 3,847 | +1 new | store 3,847 bars  2011-12-30 -> 2026-08-19


=== goldvar (id 72302) -> /Users/r.john/git/vc-tx2/data ===
  minute/mid:
      page 1: 10,000 bars  2026-08-11 07:37:00+00:00 -> 2026-08-20 13:25:00+00:00
      page 2: 10,000 bars  2026-07-31 01:46:00+00:00 -> 2026-08-11 07:36:00+00:00
      page 3: 10,000 bars  2026-07-21 18:56:00+00:00 -> 2026-07-31 01:45:00+00:00
      page 4:  1,710 bars  2026-07-20 13:25:00+00:00 -> 2026-07-21 18:55:00+00:00
      fetched 31,709 | +902 new | store 46,415 bars  2026-07-05 -> 2026-08-20

  minute/bid:
      page 1: 10,000 bars  2026-08-11 07:37:00+00:00 -> 2026-08-20 13:25:00+00:00
      page 2: 10,000 bars  2026-07-31 01:46:00+00:00 -> 2026-08-11 07:36:00+00:00
      page 3: 10,000 bars  2026-07-21 18:56:00+00:00 -> 2026-07-31 01:45:00+00:00
      page 4:  1,710 bars  2026-07-20 13:25:00+00:00 -> 2026-07-21 18:55:00+00:00
      fetched 31,709 | +902 new | store 46,415 bars  2026-07-05 -> 2026-08-20

  minute/ask:
      page 1: 10,000 bars  2026-08-11 07:37:00+00:00 -> 2026-08-20 13:25:00+00:00
      page 2: 10,000 bars  2026-07-31 01:46:00+00:00 -> 2026-08-11 07:36:00+00:00
      page 3: 10,000 bars  2026-07-21 18:56:00+00:00 -> 2026-07-31 01:45:00+00:00
      page 4:  1,710 bars  2026-07-20 13:25:00+00:00 -> 2026-07-21 18:55:00+00:00
      fetched 31,709 | +902 new | store 46,415 bars  2026-07-05 -> 2026-08-20

  quarter/mid:
      page 1: 10,000 bars  2026-03-19 10:00:00+00:00 -> 2026-08-20 13:15:00+00:00
      page 2: 10,000 bars  2025-10-15 03:15:00+00:00 -> 2026-03-19 09:45:00+00:00
      page 3:  3,629 bars  2025-08-20 13:30:00+00:00 -> 2025-10-15 03:00:00+00:00
      fetched 23,628 | +60 new | store 24,716 bars  2025-08-04 -> 2026-08-20

  quarter/bid:
      page 1: 10,000 bars  2026-03-19 10:00:00+00:00 -> 2026-08-20 13:15:00+00:00
      page 2: 10,000 bars  2025-10-15 03:15:00+00:00 -> 2026-03-19 09:45:00+00:00
      page 3:  3,629 bars  2025-08-20 13:30:00+00:00 -> 2025-10-15 03:00:00+00:00
      fetched 23,628 | +60 new | store 24,716 bars  2025-08-04 -> 2026-08-20

  quarter/ask:
      page 1: 10,000 bars  2026-03-19 10:00:00+00:00 -> 2026-08-20 13:15:00+00:00
      page 2: 10,000 bars  2025-10-15 03:15:00+00:00 -> 2026-03-19 09:45:00+00:00
      page 3:  3,629 bars  2025-08-20 13:30:00+00:00 -> 2025-10-15 03:00:00+00:00
      fetched 23,628 | +60 new | store 24,716 bars  2025-08-04 -> 2026-08-20

  hour/mid:
      page 1: 10,000 bars  2024-12-10 05:00:00+00:00 -> 2026-08-20 13:00:00+00:00
      page 2:  1,822 bars  2024-08-20 14:00:00+00:00 -> 2024-12-10 04:00:00+00:00
      fetched 11,821 | +15 new | store 12,090 bars  2024-08-04 -> 2026-08-20

  hour/bid:
      page 1: 10,000 bars  2024-12-10 05:00:00+00:00 -> 2026-08-20 13:00:00+00:00
      page 2:  1,822 bars  2024-08-20 14:00:00+00:00 -> 2024-12-10 04:00:00+00:00
      fetched 11,821 | +15 new | store 12,090 bars  2024-08-04 -> 2026-08-20

  hour/ask:
      page 1: 10,000 bars  2024-12-10 05:00:00+00:00 -> 2026-08-20 13:00:00+00:00
      page 2:  1,822 bars  2024-08-20 14:00:00+00:00 -> 2024-12-10 04:00:00+00:00
      fetched 11,821 | +15 new | store 12,090 bars  2024-08-04 -> 2026-08-20

  day/mid:
      page 1:  3,848 bars  2011-12-30 00:00:00+00:00 -> 2026-08-20 00:00:00+00:00
      fetched 3,847 | +1 new | store 3,847 bars  2011-12-30 -> 2026-08-19

  day/bid:
      page 1:  3,848 bars  2011-12-30 00:00:00+00:00 -> 2026-08-20 00:00:00+00:00
      fetched 3,847 | +1 new | store 3,847 bars  2011-12-30 -> 2026-08-19

  day/ask:
      page 1:  3,848 bars  2011-12-30 00:00:00+00:00 -> 2026-08-20 00:00:00+00:00
      fetched 3,847 | +1 new | store 3,847 bars  2011-12-30 -> 2026-08-19


=== eurusd (id 16635) -> /Users/r.john/git/vc-tx2/data ===
  minute/mid:
      page 1: 10,000 bars  2026-08-11 13:09:00+00:00 -> 2026-08-20 13:25:00+00:00
      page 2: 10,000 bars  2026-07-31 13:15:00+00:00 -> 2026-08-11 13:08:00+00:00
      page 3: 10,000 bars  2026-07-22 13:23:00+00:00 -> 2026-07-31 13:14:00+00:00
      page 4:  2,848 bars  2026-07-20 13:26:00+00:00 -> 2026-07-22 13:22:00+00:00
      fetched 32,847 | +902 new | store 48,107 bars  2026-07-05 -> 2026-08-20

  minute/bid:
      page 1: 10,000 bars  2026-08-11 13:09:00+00:00 -> 2026-08-20 13:25:00+00:00
      page 2: 10,000 bars  2026-07-31 13:15:00+00:00 -> 2026-08-11 13:08:00+00:00
      page 3: 10,000 bars  2026-07-22 13:23:00+00:00 -> 2026-07-31 13:14:00+00:00
      page 4:  2,848 bars  2026-07-20 13:26:00+00:00 -> 2026-07-22 13:22:00+00:00
      fetched 32,847 | +902 new | store 48,107 bars  2026-07-05 -> 2026-08-20

  minute/ask:
      page 1: 10,000 bars  2026-08-11 13:09:00+00:00 -> 2026-08-20 13:25:00+00:00
      page 2: 10,000 bars  2026-07-31 13:15:00+00:00 -> 2026-08-11 13:08:00+00:00
      page 3: 10,000 bars  2026-07-22 13:23:00+00:00 -> 2026-07-31 13:14:00+00:00
      page 4:  2,848 bars  2026-07-20 13:26:00+00:00 -> 2026-07-22 13:22:00+00:00
      fetched 32,847 | +901 new | store 48,107 bars  2026-07-05 -> 2026-08-20

  quarter/mid:
      page 1: 10,000 bars  2026-03-27 00:45:00+00:00 -> 2026-08-20 13:15:00+00:00
      page 2: 10,000 bars  2025-10-29 17:30:00+00:00 -> 2026-03-27 00:30:00+00:00
      page 3:  4,816 bars  2025-08-20 13:30:00+00:00 -> 2025-10-29 17:15:00+00:00
      fetched 24,815 | +60 new | store 25,951 bars  2025-08-04 -> 2026-08-20

  quarter/bid:
      page 1: 10,000 bars  2026-03-27 00:45:00+00:00 -> 2026-08-20 13:15:00+00:00
      page 2: 10,000 bars  2025-10-29 17:30:00+00:00 -> 2026-03-27 00:30:00+00:00
      page 3:  4,816 bars  2025-08-20 13:30:00+00:00 -> 2025-10-29 17:15:00+00:00
      fetched 24,815 | +60 new | store 25,951 bars  2025-08-04 -> 2026-08-20

  quarter/ask:
      page 1: 10,000 bars  2026-03-27 00:45:00+00:00 -> 2026-08-20 13:15:00+00:00
      page 2: 10,000 bars  2025-10-29 17:30:00+00:00 -> 2026-03-27 00:30:00+00:00
      page 3:  4,816 bars  2025-08-20 13:30:00+00:00 -> 2025-10-29 17:15:00+00:00
      fetched 24,815 | +60 new | store 25,951 bars  2025-08-04 -> 2026-08-20

  hour/mid:
      page 1: 10,000 bars  2025-01-09 12:00:00+00:00 -> 2026-08-20 13:00:00+00:00
      page 2:  2,394 bars  2024-08-20 14:00:00+00:00 -> 2025-01-09 11:00:00+00:00
      fetched 12,393 | +15 new | store 12,674 bars  2024-08-04 -> 2026-08-20

  hour/bid:
      page 1: 10,000 bars  2025-01-09 12:00:00+00:00 -> 2026-08-20 13:00:00+00:00
      page 2:  2,394 bars  2024-08-20 14:00:00+00:00 -> 2025-01-09 11:00:00+00:00
      fetched 12,393 | +15 new | store 12,674 bars  2024-08-04 -> 2026-08-20

  hour/ask:
      page 1: 10,000 bars  2025-01-09 12:00:00+00:00 -> 2026-08-20 13:00:00+00:00
      page 2:  2,394 bars  2024-08-20 14:00:00+00:00 -> 2025-01-09 11:00:00+00:00
      fetched 12,393 | +15 new | store 12,674 bars  2024-08-04 -> 2026-08-20

  day/mid:
      page 1:  7,452 bars  1999-01-04 00:00:00+00:00 -> 2026-08-20 00:00:00+00:00
      fetched 7,451 | +1 new | store 7,451 bars  1999-01-04 -> 2026-08-19

  day/bid:
      page 1:  7,452 bars  1999-01-04 00:00:00+00:00 -> 2026-08-20 00:00:00+00:00
      fetched 7,451 | +1 new | store 7,451 bars  1999-01-04 -> 2026-08-19

  day/ask:
      page 1:  7,452 bars  1999-01-04 00:00:00+00:00 -> 2026-08-20 00:00:00+00:00
      fetched 7,451 | +1 new | store 7,451 bars  1999-01-04 -> 2026-08-19


=== uk100fut (id 70152) -> /Users/r.john/git/vc-tx2/data ===
  minute/mid:
      page 1: 10,000 bars  2026-08-11 03:15:00+00:00 -> 2026-08-20 13:26:00+00:00
      page 2: 10,000 bars  2026-07-30 16:11:00+00:00 -> 2026-08-11 03:14:00+00:00
      page 3: 10,000 bars  2026-07-21 07:24:00+00:00 -> 2026-07-30 16:10:00+00:00
      page 4:    997 bars  2026-07-20 13:26:00+00:00 -> 2026-07-21 07:23:00+00:00
      fetched 30,996 | +1 new | store 38,634 bars  2026-07-12 -> 2026-08-20

  minute/bid:
      page 1: 10,000 bars  2026-08-11 03:15:00+00:00 -> 2026-08-20 13:26:00+00:00
      page 2: 10,000 bars  2026-07-30 16:11:00+00:00 -> 2026-08-11 03:14:00+00:00
      page 3: 10,000 bars  2026-07-21 07:24:00+00:00 -> 2026-07-30 16:10:00+00:00
      page 4:    997 bars  2026-07-20 13:26:00+00:00 -> 2026-07-21 07:23:00+00:00
      fetched 30,996 | +901 new | store 38,634 bars  2026-07-12 -> 2026-08-20

  minute/ask:
      page 1: 10,000 bars  2026-08-11 03:15:00+00:00 -> 2026-08-20 13:26:00+00:00
      page 2: 10,000 bars  2026-07-30 16:11:00+00:00 -> 2026-08-11 03:14:00+00:00
      page 3: 10,000 bars  2026-07-21 07:24:00+00:00 -> 2026-07-30 16:10:00+00:00
      page 4:    997 bars  2026-07-20 13:26:00+00:00 -> 2026-07-21 07:23:00+00:00
      fetched 30,996 | +901 new | store 38,634 bars  2026-07-12 -> 2026-08-20

  quarter/mid:
      page 1: 10,000 bars  2026-03-12 20:30:00+00:00 -> 2026-08-20 13:15:00+00:00
      page 2: 10,000 bars  2025-10-03 08:15:00+00:00 -> 2026-03-12 20:15:00+00:00
      page 3:  2,771 bars  2025-08-20 13:30:00+00:00 -> 2025-10-03 08:00:00+00:00
      fetched 22,770 | +60 new | store 23,466 bars  2025-08-10 -> 2026-08-20

  quarter/bid:
      page 1: 10,000 bars  2026-03-12 20:30:00+00:00 -> 2026-08-20 13:15:00+00:00
      page 2: 10,000 bars  2025-10-03 08:15:00+00:00 -> 2026-03-12 20:15:00+00:00
      page 3:  2,771 bars  2025-08-20 13:30:00+00:00 -> 2025-10-03 08:00:00+00:00
      fetched 22,770 | +60 new | store 23,466 bars  2025-08-10 -> 2026-08-20

  quarter/ask:
      page 1: 10,000 bars  2026-03-12 20:30:00+00:00 -> 2026-08-20 13:15:00+00:00
      page 2: 10,000 bars  2025-10-03 08:15:00+00:00 -> 2026-03-12 20:15:00+00:00
      page 3:  2,771 bars  2025-08-20 13:30:00+00:00 -> 2025-10-03 08:00:00+00:00
      fetched 22,770 | +60 new | store 23,466 bars  2025-08-10 -> 2026-08-20

  hour/mid:
      page 1: 10,000 bars  2024-11-20 01:00:00+00:00 -> 2026-08-20 13:00:00+00:00
      page 2:  1,466 bars  2024-08-20 14:00:00+00:00 -> 2024-11-20 00:00:00+00:00
      fetched 11,465 | +15 new | store 11,618 bars  2024-08-11 -> 2026-08-20

  hour/bid:
      page 1: 10,000 bars  2024-11-20 01:00:00+00:00 -> 2026-08-20 13:00:00+00:00
      page 2:  1,466 bars  2024-08-20 14:00:00+00:00 -> 2024-11-20 00:00:00+00:00
      fetched 11,465 | +15 new | store 11,618 bars  2024-08-11 -> 2026-08-20

  hour/ask:
      page 1: 10,000 bars  2024-11-20 01:00:00+00:00 -> 2026-08-20 13:00:00+00:00
      page 2:  1,466 bars  2024-08-20 14:00:00+00:00 -> 2024-11-20 00:00:00+00:00
      fetched 11,465 | +15 new | store 11,618 bars  2024-08-11 -> 2026-08-20

  day/mid:
      page 1:  1,295 bars  2021-07-05 00:00:00+00:00 -> 2026-08-20 00:00:00+00:00
      fetched 1,294 | +1 new | store 1,294 bars  2021-07-05 -> 2026-08-19

  day/bid:
      page 1:  1,295 bars  2021-07-05 00:00:00+00:00 -> 2026-08-20 00:00:00+00:00
      fetched 1,294 | +1 new | store 1,294 bars  2021-07-05 -> 2026-08-19  !! {'open_outside_hl': 1}

  day/ask:
      page 1:  1,295 bars  2021-07-05 00:00:00+00:00 -> 2026-08-20 00:00:00+00:00
      fetched 1,294 | +1 new | store 1,294 bars  2021-07-05 -> 2026-08-19  !! {'close_outside_hl': 1}


=== ger40fut (id 70088) -> /Users/r.john/git/vc-tx2/data ===
  minute/mid:
      page 1: 10,000 bars  2026-08-11 01:36:00+00:00 -> 2026-08-20 13:26:00+00:00
      page 2: 10,000 bars  2026-07-30 12:03:00+00:00 -> 2026-08-11 01:35:00+00:00
      page 3: 10,000 bars  2026-07-21 01:11:00+00:00 -> 2026-07-30 12:02:00+00:00
      page 4:    606 bars  2026-07-20 13:27:00+00:00 -> 2026-07-21 01:10:00+00:00
      fetched 30,605 | +886 new | store 31,475 bars  2026-07-19 -> 2026-08-20

  minute/bid:
      page 1: 10,000 bars  2026-08-11 01:36:00+00:00 -> 2026-08-20 13:26:00+00:00
      page 2: 10,000 bars  2026-07-30 12:03:00+00:00 -> 2026-08-11 01:35:00+00:00
      page 3: 10,000 bars  2026-07-21 01:11:00+00:00 -> 2026-07-30 12:02:00+00:00
      page 4:    606 bars  2026-07-20 13:27:00+00:00 -> 2026-07-21 01:10:00+00:00
      fetched 30,605 | +885 new | store 31,475 bars  2026-07-19 -> 2026-08-20

  minute/ask:
      page 1: 10,000 bars  2026-08-11 01:36:00+00:00 -> 2026-08-20 13:26:00+00:00
      page 2: 10,000 bars  2026-07-30 12:03:00+00:00 -> 2026-08-11 01:35:00+00:00
      page 3: 10,000 bars  2026-07-21 01:11:00+00:00 -> 2026-07-30 12:02:00+00:00
      page 4:    606 bars  2026-07-20 13:27:00+00:00 -> 2026-07-21 01:10:00+00:00
      fetched 30,605 | +885 new | store 31,475 bars  2026-07-19 -> 2026-08-20

  quarter/mid:
      page 1: 10,000 bars  2026-03-12 20:45:00+00:00 -> 2026-08-20 13:15:00+00:00
      page 2: 10,000 bars  2025-10-02 01:45:00+00:00 -> 2026-03-12 20:30:00+00:00
      page 3:  2,754 bars  2025-08-20 13:30:00+00:00 -> 2025-10-02 01:30:00+00:00
      fetched 22,753 | +59 new | store 22,848 bars  2025-08-19 -> 2026-08-20

  quarter/bid:
      page 1: 10,000 bars  2026-03-12 20:45:00+00:00 -> 2026-08-20 13:15:00+00:00
      page 2: 10,000 bars  2025-10-02 01:45:00+00:00 -> 2026-03-12 20:30:00+00:00
      page 3:  2,754 bars  2025-08-20 13:30:00+00:00 -> 2025-10-02 01:30:00+00:00
      fetched 22,753 | +59 new | store 22,848 bars  2025-08-19 -> 2026-08-20

  quarter/ask:
      page 1: 10,000 bars  2026-03-12 20:45:00+00:00 -> 2026-08-20 13:15:00+00:00
      page 2: 10,000 bars  2025-10-02 01:45:00+00:00 -> 2026-03-12 20:30:00+00:00
      page 3:  2,754 bars  2025-08-20 13:30:00+00:00 -> 2025-10-02 01:30:00+00:00
      fetched 22,753 | +59 new | store 22,848 bars  2025-08-19 -> 2026-08-20

  hour/mid:
      page 1: 10,000 bars  2024-11-21 05:00:00+00:00 -> 2026-08-20 13:00:00+00:00
      page 2:  1,518 bars  2024-08-20 14:00:00+00:00 -> 2024-11-21 04:00:00+00:00
      fetched 11,517 | +15 new | store 11,541 bars  2024-08-19 -> 2026-08-20

  hour/bid:
      page 1: 10,000 bars  2024-11-21 05:00:00+00:00 -> 2026-08-20 13:00:00+00:00
      page 2:  1,518 bars  2024-08-20 14:00:00+00:00 -> 2024-11-21 04:00:00+00:00
      fetched 11,517 | +15 new | store 11,541 bars  2024-08-19 -> 2026-08-20

  hour/ask:
      page 1: 10,000 bars  2024-11-21 05:00:00+00:00 -> 2026-08-20 13:00:00+00:00
      page 2:  1,518 bars  2024-08-20 14:00:00+00:00 -> 2024-11-21 04:00:00+00:00
      fetched 11,517 | +15 new | store 11,541 bars  2024-08-19 -> 2026-08-20

  day/mid:
      page 1:  2,764 bars  2015-11-21 00:00:00+00:00 -> 2026-08-20 00:00:00+00:00
      fetched 2,763 | +1 new | store 2,763 bars  2015-11-21 -> 2026-08-19

  day/bid:
      page 1:  2,764 bars  2015-11-21 00:00:00+00:00 -> 2026-08-20 00:00:00+00:00
      fetched 2,763 | +1 new | store 2,763 bars  2015-11-21 -> 2026-08-19

  day/ask:
      page 1:  2,764 bars  2015-11-21 00:00:00+00:00 -> 2026-08-20 00:00:00+00:00
      fetched 2,763 | +1 new | store 2,763 bars  2015-11-21 -> 2026-08-19


=== nas100fut (id 70433) -> /Users/r.john/git/vc-tx2/data ===
  minute/mid:
      page 1: 10,000 bars  2026-08-11 07:17:00+00:00 -> 2026-08-20 13:27:00+00:00
      page 2: 10,000 bars  2026-07-31 00:35:00+00:00 -> 2026-08-11 07:16:00+00:00
      page 3: 10,000 bars  2026-07-21 17:24:00+00:00 -> 2026-07-31 00:34:00+00:00
      page 4:  1,617 bars  2026-07-20 13:27:00+00:00 -> 2026-07-21 17:23:00+00:00
      fetched 31,616 | +902 new | store 32,542 bars  2026-07-19 -> 2026-08-20

  minute/bid:
      page 1: 10,000 bars  2026-08-11 07:17:00+00:00 -> 2026-08-20 13:27:00+00:00
      page 2: 10,000 bars  2026-07-31 00:35:00+00:00 -> 2026-08-11 07:16:00+00:00
      page 3: 10,000 bars  2026-07-21 17:24:00+00:00 -> 2026-07-31 00:34:00+00:00
      page 4:  1,617 bars  2026-07-20 13:27:00+00:00 -> 2026-07-21 17:23:00+00:00
      fetched 31,616 | +902 new | store 32,542 bars  2026-07-19 -> 2026-08-20

  minute/ask:
      page 1: 10,000 bars  2026-08-11 07:17:00+00:00 -> 2026-08-20 13:27:00+00:00
      page 2: 10,000 bars  2026-07-31 00:35:00+00:00 -> 2026-08-11 07:16:00+00:00
      page 3: 10,000 bars  2026-07-21 17:24:00+00:00 -> 2026-07-31 00:34:00+00:00
      page 4:  1,617 bars  2026-07-20 13:27:00+00:00 -> 2026-07-21 17:23:00+00:00
      fetched 31,616 | +902 new | store 32,542 bars  2026-07-19 -> 2026-08-20

  quarter/mid:
      page 1: 10,000 bars  2026-03-19 14:30:00+00:00 -> 2026-08-20 13:15:00+00:00
      page 2: 10,000 bars  2025-10-14 03:00:00+00:00 -> 2026-03-19 14:15:00+00:00
      page 3:  3,515 bars  2025-08-20 13:30:00+00:00 -> 2025-10-14 02:45:00+00:00
      fetched 23,514 | +60 new | store 23,610 bars  2025-08-19 -> 2026-08-20

  quarter/bid:
      page 1: 10,000 bars  2026-03-19 14:30:00+00:00 -> 2026-08-20 13:15:00+00:00
      page 2: 10,000 bars  2025-10-14 03:00:00+00:00 -> 2026-03-19 14:15:00+00:00
      page 3:  3,515 bars  2025-08-20 13:30:00+00:00 -> 2025-10-14 02:45:00+00:00
      fetched 23,514 | +60 new | store 23,610 bars  2025-08-19 -> 2026-08-20

  quarter/ask:
      page 1: 10,000 bars  2026-03-19 14:30:00+00:00 -> 2026-08-20 13:15:00+00:00
      page 2: 10,000 bars  2025-10-14 03:00:00+00:00 -> 2026-03-19 14:15:00+00:00
      page 3:  3,515 bars  2025-08-20 13:30:00+00:00 -> 2025-10-14 02:45:00+00:00
      fetched 23,514 | +60 new | store 23,610 bars  2025-08-19 -> 2026-08-20

  hour/mid:
      page 1: 10,000 bars  2024-12-09 07:00:00+00:00 -> 2026-08-20 13:00:00+00:00
      page 2:  1,797 bars  2024-08-20 14:00:00+00:00 -> 2024-12-09 06:00:00+00:00
      fetched 11,796 | +15 new | store 11,820 bars  2024-08-19 -> 2026-08-20

  hour/bid:
      page 1: 10,000 bars  2024-12-09 07:00:00+00:00 -> 2026-08-20 13:00:00+00:00
      page 2:  1,797 bars  2024-08-20 14:00:00+00:00 -> 2024-12-09 06:00:00+00:00
      fetched 11,796 | +15 new | store 11,820 bars  2024-08-19 -> 2026-08-20

  hour/ask:
      page 1: 10,000 bars  2024-12-09 07:00:00+00:00 -> 2026-08-20 13:00:00+00:00
      page 2:  1,797 bars  2024-08-20 14:00:00+00:00 -> 2024-12-09 06:00:00+00:00
      fetched 11,796 | +15 new | store 11,820 bars  2024-08-19 -> 2026-08-20

  day/mid:
      page 1:  1,175 bars  2022-02-03 00:00:00+00:00 -> 2026-08-20 00:00:00+00:00
      fetched 1,174 | +1 new | store 1,174 bars  2022-02-03 -> 2026-08-19

  day/bid:
      page 1:  1,175 bars  2022-02-03 00:00:00+00:00 -> 2026-08-20 00:00:00+00:00
      fetched 1,174 | +1 new | store 1,174 bars  2022-02-03 -> 2026-08-19

  day/ask:
      page 1:  1,175 bars  2022-02-03 00:00:00+00:00 -> 2026-08-20 00:00:00+00:00
      fetched 1,174 | +1 new | store 1,174 bars  2022-02-03 -> 2026-08-19


=== us30fut (id 70153) -> /Users/r.john/git/vc-tx2/data ===
  minute/mid:
      page 1: 10,000 bars  2026-08-11 07:01:00+00:00 -> 2026-08-20 13:27:00+00:00
      page 2: 10,000 bars  2026-07-31 00:12:00+00:00 -> 2026-08-11 07:00:00+00:00
      page 3: 10,000 bars  2026-07-21 17:01:00+00:00 -> 2026-07-31 00:11:00+00:00
      page 4:  1,593 bars  2026-07-20 13:28:00+00:00 -> 2026-07-21 17:00:00+00:00
      fetched 31,592 | +902 new | store 32,519 bars  2026-07-19 -> 2026-08-20

  minute/bid:
      page 1: 10,000 bars  2026-08-11 07:01:00+00:00 -> 2026-08-20 13:27:00+00:00
      page 2: 10,000 bars  2026-07-31 00:12:00+00:00 -> 2026-08-11 07:00:00+00:00
      page 3: 10,000 bars  2026-07-21 17:01:00+00:00 -> 2026-07-31 00:11:00+00:00
      page 4:  1,593 bars  2026-07-20 13:28:00+00:00 -> 2026-07-21 17:00:00+00:00
      fetched 31,592 | +902 new | store 32,519 bars  2026-07-19 -> 2026-08-20

  minute/ask:
      page 1: 10,000 bars  2026-08-11 07:01:00+00:00 -> 2026-08-20 13:27:00+00:00
      page 2: 10,000 bars  2026-07-31 00:12:00+00:00 -> 2026-08-11 07:00:00+00:00
      page 3: 10,000 bars  2026-07-21 17:01:00+00:00 -> 2026-07-31 00:11:00+00:00
      page 4:  1,593 bars  2026-07-20 13:28:00+00:00 -> 2026-07-21 17:00:00+00:00
      fetched 31,592 | +901 new | store 32,519 bars  2026-07-19 -> 2026-08-20

  quarter/mid:
      page 1: 10,000 bars  2026-03-19 14:30:00+00:00 -> 2026-08-20 13:15:00+00:00
      page 2: 10,000 bars  2025-10-14 03:15:00+00:00 -> 2026-03-19 14:15:00+00:00
      page 3:  3,517 bars  2025-08-20 13:30:00+00:00 -> 2025-10-14 03:00:00+00:00
      fetched 23,516 | +60 new | store 23,612 bars  2025-08-19 -> 2026-08-20

  quarter/bid:
      page 1: 10,000 bars  2026-03-19 14:30:00+00:00 -> 2026-08-20 13:15:00+00:00
      page 2: 10,000 bars  2025-10-14 03:15:00+00:00 -> 2026-03-19 14:15:00+00:00
      page 3:  3,517 bars  2025-08-20 13:30:00+00:00 -> 2025-10-14 03:00:00+00:00
      fetched 23,516 | +60 new | store 23,612 bars  2025-08-19 -> 2026-08-20

  quarter/ask:
      page 1: 10,000 bars  2026-03-19 14:30:00+00:00 -> 2026-08-20 13:15:00+00:00
      page 2: 10,000 bars  2025-10-14 03:15:00+00:00 -> 2026-03-19 14:15:00+00:00
      page 3:  3,517 bars  2025-08-20 13:30:00+00:00 -> 2025-10-14 03:00:00+00:00
      fetched 23,516 | +60 new | store 23,612 bars  2025-08-19 -> 2026-08-20

  hour/mid:
      page 1: 10,000 bars  2024-12-09 07:00:00+00:00 -> 2026-08-20 13:00:00+00:00
      page 2:  1,798 bars  2024-08-20 14:00:00+00:00 -> 2024-12-09 06:00:00+00:00
      fetched 11,797 | +15 new | store 11,821 bars  2024-08-19 -> 2026-08-20

  hour/bid:
      page 1: 10,000 bars  2024-12-09 07:00:00+00:00 -> 2026-08-20 13:00:00+00:00
      page 2:  1,798 bars  2024-08-20 14:00:00+00:00 -> 2024-12-09 06:00:00+00:00
      fetched 11,797 | +15 new | store 11,821 bars  2024-08-19 -> 2026-08-20

  hour/ask:
      page 1: 10,000 bars  2024-12-09 07:00:00+00:00 -> 2026-08-20 13:00:00+00:00
      page 2:  1,798 bars  2024-08-20 14:00:00+00:00 -> 2024-12-09 06:00:00+00:00
      fetched 11,797 | +15 new | store 11,821 bars  2024-08-19 -> 2026-08-20

  day/mid:
      page 1:  1,326 bars  2021-07-05 00:00:00+00:00 -> 2026-08-20 00:00:00+00:00
      fetched 1,325 | +1 new | store 1,325 bars  2021-07-05 -> 2026-08-19

  day/bid:
      page 1:  1,326 bars  2021-07-05 00:00:00+00:00 -> 2026-08-20 00:00:00+00:00
      fetched 1,325 | +1 new | store 1,325 bars  2021-07-05 -> 2026-08-19

  day/ask:
      page 1:  1,326 bars  2021-07-05 00:00:00+00:00 -> 2026-08-20 00:00:00+00:00
      fetched 1,325 | +1 new | store 1,325 bars  2021-07-05 -> 2026-08-19


=== uk100sep26 (id 72516) -> /Users/r.john/git/vc-tx2/data ===
  minute/mid:
      page 1: 10,000 bars  2026-08-11 03:17:00+00:00 -> 2026-08-20 13:28:00+00:00
      page 2: 10,000 bars  2026-07-30 16:13:00+00:00 -> 2026-08-11 03:16:00+00:00
      page 3: 10,000 bars  2026-07-21 07:26:00+00:00 -> 2026-07-30 16:12:00+00:00
      page 4:    997 bars  2026-07-20 13:28:00+00:00 -> 2026-07-21 07:25:00+00:00
      fetched 30,996 | +901 new | store 38,636 bars  2026-07-12 -> 2026-08-20

  minute/bid:
      page 1: 10,000 bars  2026-08-11 03:17:00+00:00 -> 2026-08-20 13:28:00+00:00
      page 2: 10,000 bars  2026-07-30 16:13:00+00:00 -> 2026-08-11 03:16:00+00:00
      page 3: 10,000 bars  2026-07-21 07:26:00+00:00 -> 2026-07-30 16:12:00+00:00
      page 4:    997 bars  2026-07-20 13:28:00+00:00 -> 2026-07-21 07:25:00+00:00
      fetched 30,996 | +901 new | store 38,636 bars  2026-07-12 -> 2026-08-20

  minute/ask:
      page 1: 10,000 bars  2026-08-11 03:17:00+00:00 -> 2026-08-20 13:28:00+00:00
      page 2: 10,000 bars  2026-07-30 16:13:00+00:00 -> 2026-08-11 03:16:00+00:00
      page 3: 10,000 bars  2026-07-21 07:26:00+00:00 -> 2026-07-30 16:12:00+00:00
      page 4:    997 bars  2026-07-20 13:28:00+00:00 -> 2026-07-21 07:25:00+00:00
      fetched 30,996 | +901 new | store 38,636 bars  2026-07-12 -> 2026-08-20

  quarter/mid:
      page 1:  4,502 bars  2026-06-11 17:30:00+00:00 -> 2026-08-20 13:15:00+00:00
      fetched 4,501 | +60 new | store 4,501 bars  2026-06-11 -> 2026-08-20

  quarter/bid:
      page 1:  4,502 bars  2026-06-11 17:30:00+00:00 -> 2026-08-20 13:15:00+00:00
      fetched 4,501 | +60 new | store 4,501 bars  2026-06-11 -> 2026-08-20

  quarter/ask:
      page 1:  4,502 bars  2026-06-11 17:30:00+00:00 -> 2026-08-20 13:15:00+00:00
      fetched 4,501 | +60 new | store 4,501 bars  2026-06-11 -> 2026-08-20

  hour/mid:
      page 1:  1,137 bars  2026-06-11 17:00:00+00:00 -> 2026-08-20 13:00:00+00:00
      fetched 1,136 | +15 new | store 1,136 bars  2026-06-11 -> 2026-08-20

  hour/bid:
      page 1:  1,137 bars  2026-06-11 17:00:00+00:00 -> 2026-08-20 13:00:00+00:00
      fetched 1,136 | +15 new | store 1,136 bars  2026-06-11 -> 2026-08-20

  hour/ask:
      page 1:  1,137 bars  2026-06-11 17:00:00+00:00 -> 2026-08-20 13:00:00+00:00
      fetched 1,136 | +15 new | store 1,136 bars  2026-06-11 -> 2026-08-20

  day/mid:
      page 1:     51 bars  2026-06-11 00:00:00+00:00 -> 2026-08-20 00:00:00+00:00
      fetched 50 | +1 new | store 50 bars  2026-06-11 -> 2026-08-19

  day/bid:
      page 1:     51 bars  2026-06-11 00:00:00+00:00 -> 2026-08-20 00:00:00+00:00
      fetched 50 | +1 new | store 50 bars  2026-06-11 -> 2026-08-19

  day/ask:
      page 1:     51 bars  2026-06-11 00:00:00+00:00 -> 2026-08-20 00:00:00+00:00
      fetched 50 | +1 new | store 50 bars  2026-06-11 -> 2026-08-19


Done. `python3 collect.py status` for a summary.
     instr    feed side  bars       from         to  sessions  vol=0 %        last sync
     uk100  minute  mid 45631 2026-07-03 2026-08-20        42      0.0 2026-08-20T13:22
     uk100  minute  bid 45637 2026-07-03 2026-08-20        42      0.0 2026-08-20T13:22
     uk100  minute  ask 45637 2026-07-03 2026-08-20        42      0.0 2026-08-20T13:22
     uk100 quarter  mid 23919 2025-08-03 2026-08-20       317      0.0 2026-08-20T13:22
     uk100 quarter  bid 23919 2025-08-03 2026-08-20       317      0.0 2026-08-20T13:22
     uk100 quarter  ask 23919 2025-08-03 2026-08-20       317      0.0 2026-08-20T13:22
     uk100    hour  mid 11743 2024-08-04 2026-08-20       619      0.0 2026-08-20T13:22
     uk100    hour  bid 11743 2024-08-04 2026-08-20       619      0.0 2026-08-20T13:22
     uk100    hour  ask 11743 2024-08-04 2026-08-20       619      0.0 2026-08-20T13:22
     uk100     day  mid  3757 2012-03-26 2026-08-19      3757     59.8 2026-08-20T13:22
     uk100     day  bid  3757 2012-03-26 2026-08-19      3757     59.8 2026-08-20T13:22
     uk100     day  ask  3757 2012-03-26 2026-08-19      3757     59.8 2026-08-20T13:22
     ger40  minute  mid 45472 2026-07-05 2026-08-20        41      0.0 2026-08-20T13:23
     ger40  minute  bid 45473 2026-07-05 2026-08-20        41      0.0 2026-08-20T13:23
     ger40  minute  ask 45473 2026-07-05 2026-08-20        41      0.0 2026-08-20T13:23
     ger40 quarter  mid 23952 2025-08-04 2026-08-20       320      0.0 2026-08-20T13:23
     ger40 quarter  bid 23952 2025-08-04 2026-08-20       320      0.0 2026-08-20T13:23
     ger40 quarter  ask 23952 2025-08-04 2026-08-20       320      0.0 2026-08-20T13:23
     ger40    hour  mid 11794 2024-08-04 2026-08-20       627      0.0 2026-08-20T13:23
     ger40    hour  bid 11794 2024-08-04 2026-08-20       627      0.0 2026-08-20T13:23
     ger40    hour  ask 11794 2024-08-04 2026-08-20       627      0.0 2026-08-20T13:23
     ger40     day  mid  3776 2012-01-30 2026-08-19      3776     60.1 2026-08-20T13:23
     ger40     day  bid  3776 2012-01-30 2026-08-19      3776     60.1 2026-08-20T13:23
     ger40     day  ask  3776 2012-01-30 2026-08-19      3776     60.1 2026-08-20T13:23
      us30  minute  mid 46275 2026-07-05 2026-08-20        41      0.0 2026-08-20T13:23
      us30  minute  bid 46275 2026-07-05 2026-08-20        41      0.0 2026-08-20T13:23
      us30  minute  ask 46275 2026-07-05 2026-08-20        41      0.0 2026-08-20T13:23
      us30 quarter  mid 24599 2025-08-04 2026-08-20       328      0.0 2026-08-20T13:23
      us30 quarter  bid 24599 2025-08-04 2026-08-20       328      0.0 2026-08-20T13:23
      us30 quarter  ask 24599 2025-08-04 2026-08-20       328      0.0 2026-08-20T13:23
      us30    hour  mid 12064 2024-08-04 2026-08-20       640      0.0 2026-08-20T13:23
      us30    hour  bid 12064 2024-08-04 2026-08-20       640      0.0 2026-08-20T13:23
      us30    hour  ask 12064 2024-08-04 2026-08-20       640      0.0 2026-08-20T13:23
      us30     day  mid  3849 2012-03-05 2026-08-19      3849     60.8 2026-08-20T13:23
      us30     day  bid  3849 2012-03-05 2026-08-19      3849     60.8 2026-08-20T13:23
      us30     day  ask  3849 2012-03-05 2026-08-19      3849     60.8 2026-08-20T13:23
    nas100  minute  mid 46276 2026-07-05 2026-08-20        41      0.0 2026-08-20T13:23
    nas100  minute  bid 46276 2026-07-05 2026-08-20        41      0.0 2026-08-20T13:24
    nas100  minute  ask 46277 2026-07-05 2026-08-20        41      0.0 2026-08-20T13:24
    nas100 quarter  mid 24599 2025-08-04 2026-08-20       328      0.0 2026-08-20T13:24
    nas100 quarter  bid 24599 2025-08-04 2026-08-20       328      0.0 2026-08-20T13:24
    nas100 quarter  ask 24599 2025-08-04 2026-08-20       328      0.0 2026-08-20T13:24
    nas100    hour  mid 12065 2024-08-04 2026-08-20       640      0.0 2026-08-20T13:24
    nas100    hour  bid 12065 2024-08-04 2026-08-20       640      0.0 2026-08-20T13:24
    nas100    hour  ask 12065 2024-08-04 2026-08-20       640      0.0 2026-08-20T13:24
    nas100     day  mid  3849 2012-03-05 2026-08-19      3849     60.8 2026-08-20T13:24
    nas100     day  bid  3849 2012-03-05 2026-08-19      3849     60.8 2026-08-20T13:24
    nas100     day  ask  3849 2012-03-05 2026-08-19      3849     60.8 2026-08-20T13:24
     us500  minute  mid 46209 2026-07-05 2026-08-20        41      0.0 2026-08-20T13:24
     us500  minute  bid 46209 2026-07-05 2026-08-20        41      0.0 2026-08-20T13:24
     us500  minute  ask 46209 2026-07-05 2026-08-20        41      0.0 2026-08-20T13:24
     us500 quarter  mid 24592 2025-08-04 2026-08-20       328      0.0 2026-08-20T13:24
     us500 quarter  bid 24592 2025-08-04 2026-08-20       328      0.0 2026-08-20T13:24
     us500 quarter  ask 24592 2025-08-04 2026-08-20       328      0.0 2026-08-20T13:24
     us500    hour  mid 12064 2024-08-04 2026-08-20       640      0.0 2026-08-20T13:24
     us500    hour  bid 12064 2024-08-04 2026-08-20       640      0.0 2026-08-20T13:24
     us500    hour  ask 12064 2024-08-04 2026-08-20       640      0.0 2026-08-20T13:24
     us500     day  mid  3842 2012-03-13 2026-08-19      3842     60.7 2026-08-20T13:24
     us500     day  bid  3842 2012-03-13 2026-08-19      3842     60.7 2026-08-20T13:24
     us500     day  ask  3842 2012-03-13 2026-08-19      3842     60.7 2026-08-20T13:24
      gold  minute  mid 46414 2026-07-05 2026-08-20        41      0.0 2026-08-20T13:24
      gold  minute  bid 46414 2026-07-05 2026-08-20        41      0.0 2026-08-20T13:24
      gold  minute  ask 46414 2026-07-05 2026-08-20        41      0.0 2026-08-20T13:25
      gold quarter  mid 24716 2025-08-04 2026-08-20       327      0.0 2026-08-20T13:25
      gold quarter  bid 24716 2025-08-04 2026-08-20       327      0.0 2026-08-20T13:25
      gold quarter  ask 24716 2025-08-04 2026-08-20       327      0.0 2026-08-20T13:25
      gold    hour  mid 12090 2024-08-04 2026-08-20       639      0.0 2026-08-20T13:25
      gold    hour  bid 12090 2024-08-04 2026-08-20       639      0.0 2026-08-20T13:25
      gold    hour  ask 12090 2024-08-04 2026-08-20       639      0.0 2026-08-20T13:25
      gold     day  mid  3847 2011-12-30 2026-08-19      3847     60.8 2026-08-20T13:25
      gold     day  bid  3847 2011-12-30 2026-08-19      3847     60.8 2026-08-20T13:25
      gold     day  ask  3847 2011-12-30 2026-08-19      3847     60.8 2026-08-20T13:25
   goldvar  minute  mid 46415 2026-07-05 2026-08-20        41      0.0 2026-08-20T13:25
   goldvar  minute  bid 46415 2026-07-05 2026-08-20        41      0.0 2026-08-20T13:25
   goldvar  minute  ask 46415 2026-07-05 2026-08-20        41      0.0 2026-08-20T13:25
   goldvar quarter  mid 24716 2025-08-04 2026-08-20       327      0.0 2026-08-20T13:25
   goldvar quarter  bid 24716 2025-08-04 2026-08-20       327      0.0 2026-08-20T13:25
   goldvar quarter  ask 24716 2025-08-04 2026-08-20       327      0.0 2026-08-20T13:25
   goldvar    hour  mid 12090 2024-08-04 2026-08-20       639      0.0 2026-08-20T13:25
   goldvar    hour  bid 12090 2024-08-04 2026-08-20       639      0.0 2026-08-20T13:25
   goldvar    hour  ask 12090 2024-08-04 2026-08-20       639      0.0 2026-08-20T13:25
   goldvar     day  mid  3847 2011-12-30 2026-08-19      3847     60.8 2026-08-20T13:25
   goldvar     day  bid  3847 2011-12-30 2026-08-19      3847     60.8 2026-08-20T13:25
   goldvar     day  ask  3847 2011-12-30 2026-08-19      3847     60.8 2026-08-20T13:25
    eurusd  minute  mid 48107 2026-07-05 2026-08-20        41      0.0 2026-08-20T13:25
    eurusd  minute  bid 48107 2026-07-05 2026-08-20        41      0.0 2026-08-20T13:25
    eurusd  minute  ask 48107 2026-07-05 2026-08-20        41      0.0 2026-08-20T13:26
    eurusd quarter  mid 25951 2025-08-04 2026-08-20       328      0.0 2026-08-20T13:26
    eurusd quarter  bid 25951 2025-08-04 2026-08-20       328      0.0 2026-08-20T13:26
    eurusd quarter  ask 25951 2025-08-04 2026-08-20       328      0.0 2026-08-20T13:26
    eurusd    hour  mid 12674 2024-08-04 2026-08-20       640      0.0 2026-08-20T13:26
    eurusd    hour  bid 12674 2024-08-04 2026-08-20       640      0.0 2026-08-20T13:26
    eurusd    hour  ask 12674 2024-08-04 2026-08-20       640      0.0 2026-08-20T13:26
    eurusd     day  mid  7451 1999-01-04 2026-08-19      7451     79.3 2026-08-20T13:26
    eurusd     day  bid  7451 1999-01-04 2026-08-19      7451     79.3 2026-08-20T13:26
    eurusd     day  ask  7451 1999-01-04 2026-08-19      7451     79.3 2026-08-20T13:26
  uk100fut  minute  mid 38636 2026-07-12 2026-08-20        35      0.0 2026-08-20T13:26
  uk100fut  minute  bid 38634 2026-07-12 2026-08-20        35      0.0 2026-08-20T13:26
  uk100fut  minute  ask 38634 2026-07-12 2026-08-20        35      0.0 2026-08-20T13:26
  uk100fut quarter  mid 23466 2025-08-10 2026-08-20       312      0.0 2026-08-20T13:26
  uk100fut quarter  bid 23466 2025-08-10 2026-08-20       312      0.0 2026-08-20T13:26
  uk100fut quarter  ask 23466 2025-08-10 2026-08-20       312      0.0 2026-08-20T13:26
  uk100fut    hour  mid 11618 2024-08-11 2026-08-20       611      0.0 2026-08-20T13:26
  uk100fut    hour  bid 11618 2024-08-11 2026-08-20       611      0.0 2026-08-20T13:26
  uk100fut    hour  ask 11618 2024-08-11 2026-08-20       611      0.0 2026-08-20T13:26
  uk100fut     day  mid  1294 2021-07-05 2026-08-19      1294     49.3 2026-08-20T13:26
  uk100fut     day  bid  1294 2021-07-05 2026-08-19      1294     49.3 2026-08-20T13:26
  uk100fut     day  ask  1294 2021-07-05 2026-08-19      1294     49.3 2026-08-20T13:26
  ger40fut  minute  mid 31475 2026-07-19 2026-08-20        29      0.0 2026-08-20T13:26
  ger40fut  minute  bid 31475 2026-07-19 2026-08-20        29      0.0 2026-08-20T13:26
  ger40fut  minute  ask 31475 2026-07-19 2026-08-20        29      0.0 2026-08-20T13:27
  ger40fut quarter  mid 22848 2025-08-19 2026-08-20       304      0.0 2026-08-20T13:27
  ger40fut quarter  bid 22848 2025-08-19 2026-08-20       304      0.0 2026-08-20T13:27
  ger40fut quarter  ask 22848 2025-08-19 2026-08-20       304      0.0 2026-08-20T13:27
  ger40fut    hour  mid 11541 2024-08-19 2026-08-20       611      0.0 2026-08-20T13:27
  ger40fut    hour  bid 11541 2024-08-19 2026-08-20       611      0.0 2026-08-20T13:27
  ger40fut    hour  ask 11541 2024-08-19 2026-08-20       611      0.0 2026-08-20T13:27
  ger40fut     day  mid  2763 2015-11-21 2026-08-19      2763     76.2 2026-08-20T13:27
  ger40fut     day  bid  2763 2015-11-21 2026-08-19      2763     76.2 2026-08-20T13:27
  ger40fut     day  ask  2763 2015-11-21 2026-08-19      2763     76.2 2026-08-20T13:27
 nas100fut  minute  mid 32542 2026-07-19 2026-08-20        29      0.0 2026-08-20T13:27
 nas100fut  minute  bid 32542 2026-07-19 2026-08-20        29      0.0 2026-08-20T13:27
 nas100fut  minute  ask 32542 2026-07-19 2026-08-20        29      0.0 2026-08-20T13:27
 nas100fut quarter  mid 23610 2025-08-19 2026-08-20       315      0.0 2026-08-20T13:27
 nas100fut quarter  bid 23610 2025-08-19 2026-08-20       315      0.0 2026-08-20T13:27
 nas100fut quarter  ask 23610 2025-08-19 2026-08-20       315      0.0 2026-08-20T13:27
 nas100fut    hour  mid 11820 2024-08-19 2026-08-20       627      0.0 2026-08-20T13:27
 nas100fut    hour  bid 11820 2024-08-19 2026-08-20       627      0.0 2026-08-20T13:27
 nas100fut    hour  ask 11820 2024-08-19 2026-08-20       627      0.0 2026-08-20T13:27
 nas100fut     day  mid  1174 2022-02-03 2026-08-19      1174     42.9 2026-08-20T13:27
 nas100fut     day  bid  1174 2022-02-03 2026-08-19      1174     42.9 2026-08-20T13:27
 nas100fut     day  ask  1174 2022-02-03 2026-08-19      1174     42.9 2026-08-20T13:27
   us30fut  minute  mid 32519 2026-07-19 2026-08-20        29      0.0 2026-08-20T13:27
   us30fut  minute  bid 32519 2026-07-19 2026-08-20        29      0.0 2026-08-20T13:27
   us30fut  minute  ask 32519 2026-07-19 2026-08-20        29      0.0 2026-08-20T13:28
   us30fut quarter  mid 23612 2025-08-19 2026-08-20       315      0.0 2026-08-20T13:28
   us30fut quarter  bid 23612 2025-08-19 2026-08-20       315      0.0 2026-08-20T13:28
   us30fut quarter  ask 23612 2025-08-19 2026-08-20       315      0.0 2026-08-20T13:28
   us30fut    hour  mid 11821 2024-08-19 2026-08-20       627      0.0 2026-08-20T13:28
   us30fut    hour  bid 11821 2024-08-19 2026-08-20       627      0.0 2026-08-20T13:28
   us30fut    hour  ask 11821 2024-08-19 2026-08-20       627      0.0 2026-08-20T13:28
   us30fut     day  mid  1325 2021-07-05 2026-08-19      1325     49.4 2026-08-20T13:28
   us30fut     day  bid  1325 2021-07-05 2026-08-19      1325     49.4 2026-08-20T13:28
   us30fut     day  ask  1325 2021-07-05 2026-08-19      1325     49.4 2026-08-20T13:28
uk100sep26  minute  mid 38636 2026-07-12 2026-08-20        35      0.0 2026-08-20T13:28
uk100sep26  minute  bid 38636 2026-07-12 2026-08-20        35      0.0 2026-08-20T13:28
uk100sep26  minute  ask 38636 2026-07-12 2026-08-20        35      0.0 2026-08-20T13:28
uk100sep26 quarter  mid  4501 2026-06-11 2026-08-20        61      0.0 2026-08-20T13:28
uk100sep26 quarter  bid  4501 2026-06-11 2026-08-20        61      0.0 2026-08-20T13:28
uk100sep26 quarter  ask  4501 2026-06-11 2026-08-20        61      0.0 2026-08-20T13:28
uk100sep26    hour  mid  1136 2026-06-11 2026-08-20        61      0.0 2026-08-20T13:28
uk100sep26    hour  bid  1136 2026-06-11 2026-08-20        61      0.0 2026-08-20T13:28
uk100sep26    hour  ask  1136 2026-06-11 2026-08-20        61      0.0 2026-08-20T13:28
uk100sep26     day  mid    50 2026-06-11 2026-08-19        50      0.0 2026-08-20T13:28
uk100sep26     day  bid    50 2026-06-11 2026-08-19        50      0.0 2026-08-20T13:28
uk100sep26     day  ask    50 2026-06-11 2026-08-19        50      0.0 2026-08-20T13:28

spread (minute, n=45,637): median 1.00 pts | p90 5.00 | core 07:00-15:59 UTC median 0.80 pts (n=18,208)

spread (quarter, n=23,919): median 1.00 pts | p90 5.00 | core 07:00-15:59 UTC median 0.80 pts (n=9,540)

spread (hour, n=11,743): median 1.00 pts | p90 5.00 | core 07:00-15:59 UTC median 0.80 pts (n=4,647)

spread (day, n=3,757): median 0.00 pts | p90 5.00 | core 07:00-15:59 UTC median nan pts (n=0)
uk100/minute/mid: 45,631 bars | OK | zero-volume 0.0% | 158 gaps > one bar (weekends/closures expected)
uk100/minute/bid: 45,637 bars | OK | zero-volume 0.0% | 158 gaps > one bar (weekends/closures expected)
uk100/minute/ask: 45,637 bars | OK | zero-volume 0.0% | 158 gaps > one bar (weekends/closures expected)
uk100/quarter/mid: 23,919 bars | OK | zero-volume 0.0% | 457 gaps > one bar (weekends/closures expected)
uk100/quarter/bid: 23,919 bars | OK | zero-volume 0.0% | 457 gaps > one bar (weekends/closures expected)
uk100/quarter/ask: 23,919 bars | OK | zero-volume 0.0% | 457 gaps > one bar (weekends/closures expected)
uk100/hour/mid: 11,743 bars | OK | zero-volume 0.0% | 517 gaps > one bar (weekends/closures expected)
uk100/hour/bid: 11,743 bars | OK | zero-volume 0.0% | 517 gaps > one bar (weekends/closures expected)
uk100/hour/ask: 11,743 bars | OK | zero-volume 0.0% | 517 gaps > one bar (weekends/closures expected)
uk100/day/mid: 3,757 bars | OK | zero-volume 59.78% | 748 gaps > one bar (weekends/closures expected)
uk100/day/bid: 3,757 bars | known {'open_outside_hl': 2} | zero-volume 59.78% | 748 gaps > one bar (weekends/closures expected)
uk100/day/ask: 3,757 bars | known {'close_outside_hl': 2} | zero-volume 59.78% | 748 gaps > one bar (weekends/closures expected)
ger40/minute/mid: 45,472 bars | OK | zero-volume 0.0% | 197 gaps > one bar (weekends/closures expected)
ger40/minute/bid: 45,473 bars | OK | zero-volume 0.0% | 197 gaps > one bar (weekends/closures expected)
ger40/minute/ask: 45,473 bars | OK | zero-volume 0.0% | 197 gaps > one bar (weekends/closures expected)
ger40/quarter/mid: 23,952 bars | OK | zero-volume 0.0% | 460 gaps > one bar (weekends/closures expected)
ger40/quarter/bid: 23,952 bars | OK | zero-volume 0.0% | 460 gaps > one bar (weekends/closures expected)
ger40/quarter/ask: 23,952 bars | OK | zero-volume 0.0% | 460 gaps > one bar (weekends/closures expected)
ger40/hour/mid: 11,794 bars | OK | zero-volume 0.0% | 518 gaps > one bar (weekends/closures expected)
ger40/hour/bid: 11,794 bars | OK | zero-volume 0.0% | 518 gaps > one bar (weekends/closures expected)
ger40/hour/ask: 11,794 bars | OK | zero-volume 0.0% | 518 gaps > one bar (weekends/closures expected)
ger40/day/mid: 3,776 bars | OK | zero-volume 60.09% | 767 gaps > one bar (weekends/closures expected)
ger40/day/bid: 3,776 bars | OK | zero-volume 60.09% | 767 gaps > one bar (weekends/closures expected)
ger40/day/ask: 3,776 bars | OK | zero-volume 60.09% | 767 gaps > one bar (weekends/closures expected)
us30/minute/mid: 46,275 bars | OK | zero-volume 0.0% | 34 gaps > one bar (weekends/closures expected)
us30/minute/bid: 46,275 bars | OK | zero-volume 0.0% | 34 gaps > one bar (weekends/closures expected)
us30/minute/ask: 46,275 bars | OK | zero-volume 0.0% | 34 gaps > one bar (weekends/closures expected)
us30/quarter/mid: 24,599 bars | OK | zero-volume 0.0% | 273 gaps > one bar (weekends/closures expected)
us30/quarter/bid: 24,599 bars | OK | zero-volume 0.0% | 273 gaps > one bar (weekends/closures expected)
us30/quarter/ask: 24,599 bars | OK | zero-volume 0.0% | 273 gaps > one bar (weekends/closures expected)
us30/hour/mid: 12,064 bars | OK | zero-volume 0.0% | 529 gaps > one bar (weekends/closures expected)
us30/hour/bid: 12,064 bars | OK | zero-volume 0.0% | 529 gaps > one bar (weekends/closures expected)
us30/hour/ask: 12,064 bars | OK | zero-volume 0.0% | 529 gaps > one bar (weekends/closures expected)
us30/day/mid: 3,849 bars | OK | zero-volume 60.8% | 760 gaps > one bar (weekends/closures expected)
us30/day/bid: 3,849 bars | OK | zero-volume 60.8% | 760 gaps > one bar (weekends/closures expected)
us30/day/ask: 3,849 bars | OK | zero-volume 60.8% | 760 gaps > one bar (weekends/closures expected)
nas100/minute/mid: 46,276 bars | OK | zero-volume 0.0% | 33 gaps > one bar (weekends/closures expected)
nas100/minute/bid: 46,276 bars | OK | zero-volume 0.0% | 33 gaps > one bar (weekends/closures expected)
nas100/minute/ask: 46,277 bars | OK | zero-volume 0.0% | 33 gaps > one bar (weekends/closures expected)
nas100/quarter/mid: 24,599 bars | OK | zero-volume 0.0% | 274 gaps > one bar (weekends/closures expected)
nas100/quarter/bid: 24,599 bars | OK | zero-volume 0.0% | 274 gaps > one bar (weekends/closures expected)
nas100/quarter/ask: 24,599 bars | OK | zero-volume 0.0% | 274 gaps > one bar (weekends/closures expected)
nas100/hour/mid: 12,065 bars | OK | zero-volume 0.0% | 529 gaps > one bar (weekends/closures expected)
nas100/hour/bid: 12,065 bars | OK | zero-volume 0.0% | 529 gaps > one bar (weekends/closures expected)
nas100/hour/ask: 12,065 bars | OK | zero-volume 0.0% | 529 gaps > one bar (weekends/closures expected)
nas100/day/mid: 3,849 bars | OK | zero-volume 60.82% | 760 gaps > one bar (weekends/closures expected)
nas100/day/bid: 3,849 bars | OK | zero-volume 60.82% | 760 gaps > one bar (weekends/closures expected)
nas100/day/ask: 3,849 bars | OK | zero-volume 60.82% | 760 gaps > one bar (weekends/closures expected)
us500/minute/mid: 46,209 bars | OK | zero-volume 0.0% | 90 gaps > one bar (weekends/closures expected)
us500/minute/bid: 46,209 bars | OK | zero-volume 0.0% | 90 gaps > one bar (weekends/closures expected)
us500/minute/ask: 46,209 bars | OK | zero-volume 0.0% | 90 gaps > one bar (weekends/closures expected)
us500/quarter/mid: 24,592 bars | OK | zero-volume 0.0% | 273 gaps > one bar (weekends/closures expected)
us500/quarter/bid: 24,592 bars | OK | zero-volume 0.0% | 273 gaps > one bar (weekends/closures expected)
us500/quarter/ask: 24,592 bars | OK | zero-volume 0.0% | 273 gaps > one bar (weekends/closures expected)
us500/hour/mid: 12,064 bars | OK | zero-volume 0.0% | 529 gaps > one bar (weekends/closures expected)
us500/hour/bid: 12,064 bars | OK | zero-volume 0.0% | 529 gaps > one bar (weekends/closures expected)
us500/hour/ask: 12,064 bars | OK | zero-volume 0.0% | 529 gaps > one bar (weekends/closures expected)
us500/day/mid: 3,842 bars | OK | zero-volume 60.75% | 760 gaps > one bar (weekends/closures expected)
us500/day/bid: 3,842 bars | OK | zero-volume 60.75% | 760 gaps > one bar (weekends/closures expected)
us500/day/ask: 3,842 bars | OK | zero-volume 60.75% | 760 gaps > one bar (weekends/closures expected)
gold/minute/mid: 46,414 bars | OK | zero-volume 0.0% | 33 gaps > one bar (weekends/closures expected)
gold/minute/bid: 46,414 bars | OK | zero-volume 0.0% | 33 gaps > one bar (weekends/closures expected)
gold/minute/ask: 46,414 bars | OK | zero-volume 0.0% | 33 gaps > one bar (weekends/closures expected)
gold/quarter/mid: 24,716 bars | OK | zero-volume 0.0% | 272 gaps > one bar (weekends/closures expected)
gold/quarter/bid: 24,716 bars | OK | zero-volume 0.0% | 272 gaps > one bar (weekends/closures expected)
gold/quarter/ask: 24,716 bars | OK | zero-volume 0.0% | 272 gaps > one bar (weekends/closures expected)
gold/hour/mid: 12,090 bars | OK | zero-volume 0.0% | 527 gaps > one bar (weekends/closures expected)
gold/hour/bid: 12,090 bars | OK | zero-volume 0.0% | 527 gaps > one bar (weekends/closures expected)
gold/hour/ask: 12,090 bars | OK | zero-volume 0.0% | 527 gaps > one bar (weekends/closures expected)
gold/day/mid: 3,847 bars | OK | zero-volume 60.83% | 767 gaps > one bar (weekends/closures expected)
gold/day/bid: 3,847 bars | OK | zero-volume 60.83% | 767 gaps > one bar (weekends/closures expected)
gold/day/ask: 3,847 bars | OK | zero-volume 60.83% | 767 gaps > one bar (weekends/closures expected)
goldvar/minute/mid: 46,415 bars | OK | zero-volume 0.0% | 33 gaps > one bar (weekends/closures expected)
goldvar/minute/bid: 46,415 bars | OK | zero-volume 0.0% | 33 gaps > one bar (weekends/closures expected)
goldvar/minute/ask: 46,415 bars | OK | zero-volume 0.0% | 33 gaps > one bar (weekends/closures expected)
goldvar/quarter/mid: 24,716 bars | OK | zero-volume 0.0% | 272 gaps > one bar (weekends/closures expected)
goldvar/quarter/bid: 24,716 bars | OK | zero-volume 0.0% | 272 gaps > one bar (weekends/closures expected)
goldvar/quarter/ask: 24,716 bars | OK | zero-volume 0.0% | 272 gaps > one bar (weekends/closures expected)
goldvar/hour/mid: 12,090 bars | OK | zero-volume 0.0% | 527 gaps > one bar (weekends/closures expected)
goldvar/hour/bid: 12,090 bars | OK | zero-volume 0.0% | 527 gaps > one bar (weekends/closures expected)
goldvar/hour/ask: 12,090 bars | OK | zero-volume 0.0% | 527 gaps > one bar (weekends/closures expected)
goldvar/day/mid: 3,847 bars | OK | zero-volume 60.83% | 767 gaps > one bar (weekends/closures expected)
goldvar/day/bid: 3,847 bars | OK | zero-volume 60.83% | 767 gaps > one bar (weekends/closures expected)
goldvar/day/ask: 3,847 bars | OK | zero-volume 60.83% | 767 gaps > one bar (weekends/closures expected)
eurusd/minute/mid: 48,107 bars | OK | zero-volume 0.0% | 223 gaps > one bar (weekends/closures expected)
eurusd/minute/bid: 48,107 bars | OK | zero-volume 0.0% | 223 gaps > one bar (weekends/closures expected)
eurusd/minute/ask: 48,107 bars | OK | zero-volume 0.0% | 223 gaps > one bar (weekends/closures expected)
eurusd/quarter/mid: 25,951 bars | OK | zero-volume 0.0% | 58 gaps > one bar (weekends/closures expected)
eurusd/quarter/bid: 25,951 bars | OK | zero-volume 0.0% | 58 gaps > one bar (weekends/closures expected)
eurusd/quarter/ask: 25,951 bars | OK | zero-volume 0.0% | 58 gaps > one bar (weekends/closures expected)
eurusd/hour/mid: 12,674 bars | OK | zero-volume 0.0% | 111 gaps > one bar (weekends/closures expected)
eurusd/hour/bid: 12,674 bars | OK | zero-volume 0.0% | 111 gaps > one bar (weekends/closures expected)
eurusd/hour/ask: 12,674 bars | OK | zero-volume 0.0% | 111 gaps > one bar (weekends/closures expected)
eurusd/day/mid: 7,451 bars | OK | zero-volume 79.29% | 1,442 gaps > one bar (weekends/closures expected)
eurusd/day/bid: 7,451 bars | OK | zero-volume 79.29% | 1,442 gaps > one bar (weekends/closures expected)
eurusd/day/ask: 7,451 bars | OK | zero-volume 79.29% | 1,442 gaps > one bar (weekends/closures expected)
uk100fut/minute/mid: 38,636 bars | OK | zero-volume 0.0% | 140 gaps > one bar (weekends/closures expected)
uk100fut/minute/bid: 38,634 bars | OK | zero-volume 0.0% | 140 gaps > one bar (weekends/closures expected)
uk100fut/minute/ask: 38,634 bars | OK | zero-volume 0.0% | 140 gaps > one bar (weekends/closures expected)
uk100fut/quarter/mid: 23,466 bars | OK | zero-volume 0.0% | 449 gaps > one bar (weekends/closures expected)
uk100fut/quarter/bid: 23,466 bars | OK | zero-volume 0.0% | 449 gaps > one bar (weekends/closures expected)
uk100fut/quarter/ask: 23,466 bars | OK | zero-volume 0.0% | 449 gaps > one bar (weekends/closures expected)
uk100fut/hour/mid: 11,618 bars | OK | zero-volume 0.0% | 513 gaps > one bar (weekends/closures expected)
uk100fut/hour/bid: 11,618 bars | OK | zero-volume 0.0% | 513 gaps > one bar (weekends/closures expected)
uk100fut/hour/ask: 11,618 bars | OK | zero-volume 0.0% | 513 gaps > one bar (weekends/closures expected)
uk100fut/day/mid: 1,294 bars | OK | zero-volume 49.3% | 271 gaps > one bar (weekends/closures expected)
uk100fut/day/bid: 1,294 bars | known {'open_outside_hl': 1} | zero-volume 49.3% | 271 gaps > one bar (weekends/closures expected)
uk100fut/day/ask: 1,294 bars | known {'close_outside_hl': 1} | zero-volume 49.3% | 271 gaps > one bar (weekends/closures expected)
ger40fut/minute/mid: 31,475 bars | OK | zero-volume 0.0% | 176 gaps > one bar (weekends/closures expected)
ger40fut/minute/bid: 31,475 bars | OK | zero-volume 0.0% | 176 gaps > one bar (weekends/closures expected)
ger40fut/minute/ask: 31,475 bars | OK | zero-volume 0.0% | 176 gaps > one bar (weekends/closures expected)
ger40fut/quarter/mid: 22,848 bars | OK | zero-volume 0.0% | 512 gaps > one bar (weekends/closures expected)
ger40fut/quarter/bid: 22,848 bars | OK | zero-volume 0.0% | 512 gaps > one bar (weekends/closures expected)
ger40fut/quarter/ask: 22,848 bars | OK | zero-volume 0.0% | 512 gaps > one bar (weekends/closures expected)
ger40fut/hour/mid: 11,541 bars | OK | zero-volume 0.0% | 507 gaps > one bar (weekends/closures expected)
ger40fut/hour/bid: 11,541 bars | OK | zero-volume 0.0% | 507 gaps > one bar (weekends/closures expected)
ger40fut/hour/ask: 11,541 bars | OK | zero-volume 0.0% | 507 gaps > one bar (weekends/closures expected)
ger40fut/day/mid: 2,763 bars | OK | zero-volume 76.22% | 562 gaps > one bar (weekends/closures expected)
ger40fut/day/bid: 2,763 bars | OK | zero-volume 76.22% | 562 gaps > one bar (weekends/closures expected)
ger40fut/day/ask: 2,763 bars | OK | zero-volume 76.22% | 562 gaps > one bar (weekends/closures expected)
nas100fut/minute/mid: 32,542 bars | OK | zero-volume 0.0% | 23 gaps > one bar (weekends/closures expected)
nas100fut/minute/bid: 32,542 bars | OK | zero-volume 0.0% | 23 gaps > one bar (weekends/closures expected)
nas100fut/minute/ask: 32,542 bars | OK | zero-volume 0.0% | 23 gaps > one bar (weekends/closures expected)
nas100fut/quarter/mid: 23,610 bars | OK | zero-volume 0.0% | 263 gaps > one bar (weekends/closures expected)
nas100fut/quarter/bid: 23,610 bars | OK | zero-volume 0.0% | 263 gaps > one bar (weekends/closures expected)
nas100fut/quarter/ask: 23,610 bars | OK | zero-volume 0.0% | 263 gaps > one bar (weekends/closures expected)
nas100fut/hour/mid: 11,820 bars | OK | zero-volume 0.0% | 517 gaps > one bar (weekends/closures expected)
nas100fut/hour/bid: 11,820 bars | OK | zero-volume 0.0% | 517 gaps > one bar (weekends/closures expected)
nas100fut/hour/ask: 11,820 bars | OK | zero-volume 0.0% | 517 gaps > one bar (weekends/closures expected)
nas100fut/day/mid: 1,174 bars | OK | zero-volume 42.93% | 241 gaps > one bar (weekends/closures expected)
nas100fut/day/bid: 1,174 bars | OK | zero-volume 42.93% | 241 gaps > one bar (weekends/closures expected)
nas100fut/day/ask: 1,174 bars | OK | zero-volume 42.93% | 241 gaps > one bar (weekends/closures expected)
us30fut/minute/mid: 32,519 bars | OK | zero-volume 0.0% | 44 gaps > one bar (weekends/closures expected)
us30fut/minute/bid: 32,519 bars | OK | zero-volume 0.0% | 44 gaps > one bar (weekends/closures expected)
us30fut/minute/ask: 32,519 bars | OK | zero-volume 0.0% | 44 gaps > one bar (weekends/closures expected)
us30fut/quarter/mid: 23,612 bars | OK | zero-volume 0.0% | 262 gaps > one bar (weekends/closures expected)
us30fut/quarter/bid: 23,612 bars | OK | zero-volume 0.0% | 262 gaps > one bar (weekends/closures expected)
us30fut/quarter/ask: 23,612 bars | OK | zero-volume 0.0% | 262 gaps > one bar (weekends/closures expected)
us30fut/hour/mid: 11,821 bars | OK | zero-volume 0.0% | 517 gaps > one bar (weekends/closures expected)
us30fut/hour/bid: 11,821 bars | OK | zero-volume 0.0% | 517 gaps > one bar (weekends/closures expected)
us30fut/hour/ask: 11,821 bars | OK | zero-volume 0.0% | 517 gaps > one bar (weekends/closures expected)
us30fut/day/mid: 1,325 bars | OK | zero-volume 49.43% | 272 gaps > one bar (weekends/closures expected)
us30fut/day/bid: 1,325 bars | OK | zero-volume 49.43% | 272 gaps > one bar (weekends/closures expected)
us30fut/day/ask: 1,325 bars | OK | zero-volume 49.43% | 272 gaps > one bar (weekends/closures expected)
uk100sep26/minute/mid: 38,636 bars | OK | zero-volume 0.0% | 140 gaps > one bar (weekends/closures expected)
uk100sep26/minute/bid: 38,636 bars | OK | zero-volume 0.0% | 140 gaps > one bar (weekends/closures expected)
uk100sep26/minute/ask: 38,636 bars | OK | zero-volume 0.0% | 140 gaps > one bar (weekends/closures expected)
uk100sep26/quarter/mid: 4,501 bars | OK | zero-volume 0.0% | 90 gaps > one bar (weekends/closures expected)
uk100sep26/quarter/bid: 4,501 bars | OK | zero-volume 0.0% | 90 gaps > one bar (weekends/closures expected)
uk100sep26/quarter/ask: 4,501 bars | OK | zero-volume 0.0% | 90 gaps > one bar (weekends/closures expected)
uk100sep26/hour/mid: 1,136 bars | OK | zero-volume 0.0% | 50 gaps > one bar (weekends/closures expected)
uk100sep26/hour/bid: 1,136 bars | OK | zero-volume 0.0% | 50 gaps > one bar (weekends/closures expected)
uk100sep26/hour/ask: 1,136 bars | OK | zero-volume 0.0% | 50 gaps > one bar (weekends/closures expected)
uk100sep26/day/mid: 50 bars | OK | zero-volume 0.0% | 10 gaps > one bar (weekends/closures expected)
uk100sep26/day/bid: 50 bars | OK | zero-volume 0.0% | 10 gaps > one bar (weekends/closures expected)
uk100sep26/day/ask: 50 bars | OK | zero-volume 0.0% | 10 gaps > one bar (weekends/closures expected)

All structural checks passed (known baseline accepted).

=== uk100  (cash 8.0-16.5 London) ===
    1min:  45,631 bars (17,212 cash) 2026-07-03 -> 2026-08-20   spread 0.8
   15min:  23,919 bars ( 9,006 cash) 2025-08-03 -> 2026-08-20   spread 0.8
      1h:  11,743 bars ( 4,643 cash) 2024-08-04 -> 2026-08-20   spread 0.8
      4h:   3,199 bars ( 1,549 cash) 2024-08-04 -> 2026-08-20   spread 0.8
      1d:   3,757 bars ( 3,757 cash) 2012-03-26 -> 2026-08-19   spread 0.0

=== ger40  (cash 9.0-17.5 London) ===
    1min:  45,472 bars (17,212 cash) 2026-07-05 -> 2026-08-20   spread 1.0
   15min:  23,952 bars ( 9,000 cash) 2025-08-04 -> 2026-08-20   spread 1.0
      1h:  11,794 bars ( 4,659 cash) 2024-08-04 -> 2026-08-20   spread 1.0
      4h:   3,112 bars ( 1,036 cash) 2024-08-04 -> 2026-08-20   spread 1.0875
      1d:   3,776 bars ( 3,776 cash) 2012-01-30 -> 2026-08-19   spread 0.0

=== ger40fut  (cash 9.0-17.5 London) ===
    1min:  31,475 bars (12,116 cash) 2026-07-19 -> 2026-08-20   spread 1.5
   15min:  22,848 bars ( 8,637 cash) 2025-08-19 -> 2026-08-20   spread 1.5
      1h:  11,541 bars ( 4,563 cash) 2024-08-19 -> 2026-08-20   spread 1.5
      4h:   3,044 bars ( 1,015 cash) 2024-08-19 -> 2026-08-20   spread 1.5
      1d:   2,763 bars ( 2,763 cash) 2015-11-21 -> 2026-08-19   spread 0.0

=== us500  (cash 9.5-16.0 London) ===
    1min:  46,209 bars (12,865 cash) 2026-07-05 -> 2026-08-20   spread 0.4
   15min:  24,592 bars ( 6,891 cash) 2025-08-04 -> 2026-08-20   spread 0.4
      1h:  12,064 bars ( 3,104 cash) 2024-08-04 -> 2026-08-20   spread 0.4
      4h:   3,155 bars (   552 cash) 2024-08-04 -> 2026-08-20   spread 0.425
      1d:   3,842 bars ( 3,842 cash) 2012-03-13 -> 2026-08-19   spread 0.0

=== us30  (cash 9.5-16.0 London) ===
    1min:  46,275 bars (12,870 cash) 2026-07-05 -> 2026-08-20   spread 1.9
   15min:  24,599 bars ( 6,897 cash) 2025-08-04 -> 2026-08-20   spread 1.9
      1h:  12,064 bars ( 3,104 cash) 2024-08-04 -> 2026-08-20   spread 1.9
      4h:   3,155 bars (   552 cash) 2024-08-04 -> 2026-08-20   spread 2.2667
      1d:   3,849 bars ( 3,849 cash) 2012-03-05 -> 2026-08-19   spread 0.0

=== nas100  (cash 9.5-16.0 London) ===
    1min:  46,276 bars (12,870 cash) 2026-07-05 -> 2026-08-20   spread 0.9
   15min:  24,599 bars ( 6,897 cash) 2025-08-04 -> 2026-08-20   spread 0.9
      1h:  12,065 bars ( 3,104 cash) 2024-08-04 -> 2026-08-20   spread 0.9
      4h:   3,155 bars (   552 cash) 2024-08-04 -> 2026-08-20   spread 1.125
      1d:   3,849 bars ( 3,849 cash) 2012-03-05 -> 2026-08-19   spread 0.0

=== nas100fut  (cash 9.5-16.0 London) ===
    1min:  32,542 bars ( 8,970 cash) 2026-07-19 -> 2026-08-20   spread 1.8
   15min:  23,610 bars ( 6,627 cash) 2025-08-19 -> 2026-08-20   spread 1.8
      1h:  11,820 bars ( 3,044 cash) 2024-08-19 -> 2026-08-20   spread 1.8
      4h:   3,091 bars (   542 cash) 2024-08-19 -> 2026-08-20   spread 2.05
      1d:   1,174 bars ( 1,174 cash) 2022-02-03 -> 2026-08-19   spread 1.5

=== us30fut  (cash 9.5-16.0 London) ===
    1min:  32,519 bars ( 8,970 cash) 2026-07-19 -> 2026-08-20   spread 2.6
   15min:  23,612 bars ( 6,628 cash) 2025-08-19 -> 2026-08-20   spread 2.6
      1h:  11,821 bars ( 3,044 cash) 2024-08-19 -> 2026-08-20   spread 2.6
      4h:   3,091 bars (   542 cash) 2024-08-19 -> 2026-08-20   spread 3.45
      1d:   1,325 bars ( 1,325 cash) 2021-07-05 -> 2026-08-19   spread 4.0

=== gold  (cash 8.0-16.0 London) ===
    1min:  46,414 bars (15,924 cash) 2026-07-05 -> 2026-08-20   spread 0.4
   15min:  24,716 bars ( 8,554 cash) 2025-08-04 -> 2026-08-20   spread 0.4
      1h:  12,090 bars ( 4,189 cash) 2024-08-04 -> 2026-08-20   spread 0.3
      4h:   3,270 bars ( 1,036 cash) 2024-08-04 -> 2026-08-20   spread 0.45
      1d:   3,847 bars ( 3,847 cash) 2011-12-30 -> 2026-08-19   spread 0.0

=== goldvar  (cash 8.0-16.0 London) ===
    1min:  46,415 bars (15,925 cash) 2026-07-05 -> 2026-08-20   spread 0.4
   15min:  24,716 bars ( 8,554 cash) 2025-08-04 -> 2026-08-20   spread 0.4
      1h:  12,090 bars ( 4,189 cash) 2024-08-04 -> 2026-08-20   spread 0.3
      4h:   3,270 bars ( 1,036 cash) 2024-08-04 -> 2026-08-20   spread 0.4
      1d:   3,847 bars ( 3,847 cash) 2011-12-30 -> 2026-08-19   spread 0.0

=== eurusd  (cash 8.0-21.0 London) ===
    1min:  48,107 bars (26,125 cash) 2026-07-05 -> 2026-08-20   spread 0.0001
   15min:  25,951 bars (14,039 cash) 2025-08-04 -> 2026-08-20   spread 0.0001
      1h:  12,674 bars ( 6,860 cash) 2024-08-04 -> 2026-08-20   spread 0.0
      4h:   3,279 bars ( 2,110 cash) 2024-08-04 -> 2026-08-20   spread 0.0
      1d:   7,451 bars ( 7,451 cash) 1999-01-04 -> 2026-08-19   spread 0.0

=== uk100fut  (cash 8.0-16.5 London) ===
    1min:  38,636 bars (14,668 cash) 2026-07-12 -> 2026-08-20   spread 1.3
   15min:  23,466 bars ( 8,836 cash) 2025-08-10 -> 2026-08-20   spread 1.3
      1h:  11,618 bars ( 4,598 cash) 2024-08-11 -> 2026-08-20   spread 1.3
      4h:   3,165 bars ( 1,534 cash) 2024-08-11 -> 2026-08-20   spread 1.3
      1d:   1,294 bars ( 1,294 cash) 2021-07-05 -> 2026-08-19   spread 5.0

=== uk100sep26  (cash 8.0-16.5 London) ===
    1min:  38,636 bars (14,668 cash) 2026-07-12 -> 2026-08-20   spread 4.0
   15min:   4,501 bars ( 1,691 cash) 2026-06-11 -> 2026-08-20   spread 4.0
      1h:   1,136 bars (   447 cash) 2026-06-11 -> 2026-08-20   spread 4.0
      4h:     310 bars (   149 cash) 2026-06-11 -> 2026-08-20   spread 4.0
      1d:      50 bars (    50 cash) 2026-06-11 -> 2026-08-19   spread 6.0

Wrote /Users/r.john/git/vc-tx2/clean_finsa/
uk100      14/14 passed
ger40      14/14 passed
ger40fut   14/14 passed
us500      14/14 passed
us30       14/14 passed
nas100     14/14 passed
nas100fut  14/14 passed
us30fut    14/14 passed
gold       14/14 passed
goldvar    14/14 passed
eurusd     14/14 passed
uk100fut   14/14 passed
uk100sep26 14/14 passed

182/182 checks passed overall.
=== done 2026-08-20T13:28:52Z sync=0 validate=0 build=0 verify=0 ===
