=== sync start 2026-08-16T19:57:20Z ===

=== uk100 (id 16645) -> /Users/r.john/git/vc-tx2/data ===
  minute/mid:
      page 1: 10,000 bars  2026-08-05 10:39:00+00:00 -> 2026-08-14 19:59:00+00:00
      page 2: 10,000 bars  2026-07-27 01:52:00+00:00 -> 2026-08-05 10:38:00+00:00
      page 3:  8,340 bars  2026-07-16 19:57:00+00:00 -> 2026-07-27 01:51:00+00:00
      fetched 28,339 | +190 new | store 40,673 bars  2026-07-03 -> 2026-08-14

  minute/bid:
      page 1: 10,000 bars  2026-08-05 10:39:00+00:00 -> 2026-08-14 19:59:00+00:00
      page 2: 10,000 bars  2026-07-27 01:52:00+00:00 -> 2026-08-05 10:38:00+00:00
      page 3:  8,340 bars  2026-07-16 19:57:00+00:00 -> 2026-07-27 01:51:00+00:00
      fetched 28,339 | +180 new | store 40,673 bars  2026-07-03 -> 2026-08-14

  minute/ask:
      page 1: 10,000 bars  2026-08-05 10:39:00+00:00 -> 2026-08-14 19:59:00+00:00
      page 2: 10,000 bars  2026-07-27 01:52:00+00:00 -> 2026-08-05 10:38:00+00:00
      page 3:  8,340 bars  2026-07-16 19:57:00+00:00 -> 2026-07-27 01:51:00+00:00
      fetched 28,339 | +180 new | store 40,673 bars  2026-07-03 -> 2026-08-14

  quarter/mid:
      page 1: 10,000 bars  2026-03-09 06:15:00+00:00 -> 2026-08-14 19:45:00+00:00
      page 2: 10,000 bars  2025-09-29 15:45:00+00:00 -> 2026-03-09 06:00:00+00:00
      page 3:  2,681 bars  2025-08-17 22:00:00+00:00 -> 2025-09-29 15:30:00+00:00
      fetched 22,680 | +12 new | store 23,584 bars  2025-08-03 -> 2026-08-14

  quarter/bid:
      page 1: 10,000 bars  2026-03-09 06:15:00+00:00 -> 2026-08-14 19:45:00+00:00
      page 2: 10,000 bars  2025-09-29 15:45:00+00:00 -> 2026-03-09 06:00:00+00:00
      page 3:  2,681 bars  2025-08-17 22:00:00+00:00 -> 2025-09-29 15:30:00+00:00
      fetched 22,680 | +12 new | store 23,584 bars  2025-08-03 -> 2026-08-14

  quarter/ask:
      page 1: 10,000 bars  2026-03-09 06:15:00+00:00 -> 2026-08-14 19:45:00+00:00
      page 2: 10,000 bars  2025-09-29 15:45:00+00:00 -> 2026-03-09 06:00:00+00:00
      page 3:  2,681 bars  2025-08-17 22:00:00+00:00 -> 2025-09-29 15:30:00+00:00
      fetched 22,680 | +12 new | store 23,584 bars  2025-08-03 -> 2026-08-14

  hour/mid:
      page 1: 10,000 bars  2024-11-14 18:00:00+00:00 -> 2026-08-14 19:00:00+00:00
      page 2:  1,431 bars  2024-08-18 22:00:00+00:00 -> 2024-11-14 17:00:00+00:00
      fetched 11,430 | +3 new | store 11,658 bars  2024-08-04 -> 2026-08-14

  hour/bid:
      page 1: 10,000 bars  2024-11-14 18:00:00+00:00 -> 2026-08-14 19:00:00+00:00
      page 2:  1,431 bars  2024-08-18 22:00:00+00:00 -> 2024-11-14 17:00:00+00:00
      fetched 11,430 | +3 new | store 11,658 bars  2024-08-04 -> 2026-08-14

  hour/ask:
      page 1: 10,000 bars  2024-11-14 18:00:00+00:00 -> 2026-08-14 19:00:00+00:00
      page 2:  1,431 bars  2024-08-18 22:00:00+00:00 -> 2024-11-14 17:00:00+00:00
      fetched 11,430 | +3 new | store 11,658 bars  2024-08-04 -> 2026-08-14

  day/mid:
      page 1:  3,754 bars  2012-03-26 00:00:00+00:00 -> 2026-08-14 00:00:00+00:00
      fetched 3,753 | +0 new | store 3,753 bars  2012-03-26 -> 2026-08-13

  day/bid:
      page 1:  3,754 bars  2012-03-26 00:00:00+00:00 -> 2026-08-14 00:00:00+00:00
      fetched 3,753 | +0 new | store 3,753 bars  2012-03-26 -> 2026-08-13  !! {'open_outside_hl': 2}

  day/ask:
      page 1:  3,754 bars  2012-03-26 00:00:00+00:00 -> 2026-08-14 00:00:00+00:00
      fetched 3,753 | +0 new | store 3,753 bars  2012-03-26 -> 2026-08-13  !! {'close_outside_hl': 2}


=== ger40 (id 17068) -> /Users/r.john/git/vc-tx2/data ===
  minute/mid:
      page 1: 10,000 bars  2026-08-05 10:46:00+00:00 -> 2026-08-14 19:59:00+00:00
      page 2: 10,000 bars  2026-07-27 02:02:00+00:00 -> 2026-08-05 10:45:00+00:00
      page 3:  8,353 bars  2026-07-16 19:57:00+00:00 -> 2026-07-27 02:01:00+00:00
      fetched 28,352 | +190 new | store 40,501 bars  2026-07-05 -> 2026-08-14

  minute/bid:
      page 1: 10,000 bars  2026-08-05 10:46:00+00:00 -> 2026-08-14 19:59:00+00:00
      page 2: 10,000 bars  2026-07-27 02:02:00+00:00 -> 2026-08-05 10:45:00+00:00
      page 3:  8,353 bars  2026-07-16 19:57:00+00:00 -> 2026-07-27 02:01:00+00:00
      fetched 28,352 | +190 new | store 40,501 bars  2026-07-05 -> 2026-08-14

  minute/ask:
      page 1: 10,000 bars  2026-08-05 10:46:00+00:00 -> 2026-08-14 19:59:00+00:00
      page 2: 10,000 bars  2026-07-27 02:02:00+00:00 -> 2026-08-05 10:45:00+00:00
      page 3:  8,353 bars  2026-07-16 19:57:00+00:00 -> 2026-07-27 02:01:00+00:00
      fetched 28,352 | +190 new | store 40,501 bars  2026-07-05 -> 2026-08-14

  quarter/mid:
      page 1: 10,000 bars  2026-03-10 11:30:00+00:00 -> 2026-08-14 19:45:00+00:00
      page 2: 10,000 bars  2025-09-29 18:45:00+00:00 -> 2026-03-10 11:15:00+00:00
      page 3:  2,792 bars  2025-08-17 22:00:00+00:00 -> 2025-09-29 18:30:00+00:00
      fetched 22,791 | +12 new | store 23,617 bars  2025-08-04 -> 2026-08-14

  quarter/bid:
      page 1: 10,000 bars  2026-03-10 11:30:00+00:00 -> 2026-08-14 19:45:00+00:00
      page 2: 10,000 bars  2025-09-29 18:45:00+00:00 -> 2026-03-10 11:15:00+00:00
      page 3:  2,792 bars  2025-08-17 22:00:00+00:00 -> 2025-09-29 18:30:00+00:00
      fetched 22,791 | +12 new | store 23,617 bars  2025-08-04 -> 2026-08-14

  quarter/ask:
      page 1: 10,000 bars  2026-03-10 11:30:00+00:00 -> 2026-08-14 19:45:00+00:00
      page 2: 10,000 bars  2025-09-29 18:45:00+00:00 -> 2026-03-10 11:15:00+00:00
      page 3:  2,792 bars  2025-08-17 22:00:00+00:00 -> 2025-09-29 18:30:00+00:00
      fetched 22,791 | +12 new | store 23,617 bars  2025-08-04 -> 2026-08-14

  hour/mid:
      page 1: 10,000 bars  2024-11-17 23:00:00+00:00 -> 2026-08-14 19:00:00+00:00
      page 2:  1,482 bars  2024-08-18 22:00:00+00:00 -> 2024-11-15 20:00:00+00:00
      fetched 11,481 | +3 new | store 11,709 bars  2024-08-04 -> 2026-08-14

  hour/bid:
      page 1: 10,000 bars  2024-11-17 23:00:00+00:00 -> 2026-08-14 19:00:00+00:00
      page 2:  1,482 bars  2024-08-18 22:00:00+00:00 -> 2024-11-15 20:00:00+00:00
      fetched 11,481 | +3 new | store 11,709 bars  2024-08-04 -> 2026-08-14

  hour/ask:
      page 1: 10,000 bars  2024-11-17 23:00:00+00:00 -> 2026-08-14 19:00:00+00:00
      page 2:  1,482 bars  2024-08-18 22:00:00+00:00 -> 2024-11-15 20:00:00+00:00
      fetched 11,481 | +3 new | store 11,709 bars  2024-08-04 -> 2026-08-14

  day/mid:
      page 1:  3,773 bars  2012-01-30 00:00:00+00:00 -> 2026-08-14 00:00:00+00:00
      fetched 3,772 | +0 new | store 3,772 bars  2012-01-30 -> 2026-08-13

  day/bid:
      page 1:  3,773 bars  2012-01-30 00:00:00+00:00 -> 2026-08-14 00:00:00+00:00
      fetched 3,772 | +0 new | store 3,772 bars  2012-01-30 -> 2026-08-13

  day/ask:
      page 1:  3,773 bars  2012-01-30 00:00:00+00:00 -> 2026-08-14 00:00:00+00:00
      fetched 3,772 | +0 new | store 3,772 bars  2012-01-30 -> 2026-08-13


=== us30 (id 17322) -> /Users/r.john/git/vc-tx2/data ===
  minute/mid:
      page 1: 10,000 bars  2026-08-05 14:18:00+00:00 -> 2026-08-14 20:29:00+00:00
      page 2: 10,000 bars  2026-07-27 08:07:00+00:00 -> 2026-08-05 14:17:00+00:00
      page 3:  8,887 bars  2026-07-16 19:58:00+00:00 -> 2026-07-27 08:06:00+00:00
      fetched 28,886 | +219 new | store 41,212 bars  2026-07-05 -> 2026-08-14

  minute/bid:
      page 1: 10,000 bars  2026-08-05 14:18:00+00:00 -> 2026-08-14 20:29:00+00:00
      page 2: 10,000 bars  2026-07-27 08:07:00+00:00 -> 2026-08-05 14:17:00+00:00
      page 3:  8,887 bars  2026-07-16 19:58:00+00:00 -> 2026-07-27 08:06:00+00:00
      fetched 28,886 | +219 new | store 41,212 bars  2026-07-05 -> 2026-08-14

  minute/ask:
      page 1: 10,000 bars  2026-08-05 14:18:00+00:00 -> 2026-08-14 20:29:00+00:00
      page 2: 10,000 bars  2026-07-27 08:07:00+00:00 -> 2026-08-05 14:17:00+00:00
      page 3:  8,887 bars  2026-07-16 19:58:00+00:00 -> 2026-07-27 08:06:00+00:00
      fetched 28,886 | +219 new | store 41,212 bars  2026-07-05 -> 2026-08-14

  quarter/mid:
      page 1: 10,000 bars  2026-03-15 22:30:00+00:00 -> 2026-08-14 20:15:00+00:00
      page 2: 10,000 bars  2025-10-08 10:30:00+00:00 -> 2026-03-15 22:15:00+00:00
      page 3:  3,424 bars  2025-08-17 22:00:00+00:00 -> 2025-10-08 10:15:00+00:00
      fetched 23,423 | +14 new | store 24,261 bars  2025-08-04 -> 2026-08-14

  quarter/bid:
      page 1: 10,000 bars  2026-03-15 22:30:00+00:00 -> 2026-08-14 20:15:00+00:00
      page 2: 10,000 bars  2025-10-08 10:30:00+00:00 -> 2026-03-15 22:15:00+00:00
      page 3:  3,424 bars  2025-08-17 22:00:00+00:00 -> 2025-10-08 10:15:00+00:00
      fetched 23,423 | +14 new | store 24,261 bars  2025-08-04 -> 2026-08-14

  quarter/ask:
      page 1: 10,000 bars  2026-03-15 22:30:00+00:00 -> 2026-08-14 20:15:00+00:00
      page 2: 10,000 bars  2025-10-08 10:30:00+00:00 -> 2026-03-15 22:15:00+00:00
      page 3:  3,424 bars  2025-08-17 22:00:00+00:00 -> 2025-10-08 10:15:00+00:00
      fetched 23,423 | +14 new | store 24,261 bars  2025-08-04 -> 2026-08-14

  hour/mid:
      page 1: 10,000 bars  2024-12-03 12:00:00+00:00 -> 2026-08-14 20:00:00+00:00
      page 2:  1,751 bars  2024-08-16 20:00:00+00:00 -> 2024-12-03 11:00:00+00:00
      fetched 11,750 | +4 new | store 11,979 bars  2024-08-04 -> 2026-08-14

  hour/bid:
      page 1: 10,000 bars  2024-12-03 12:00:00+00:00 -> 2026-08-14 20:00:00+00:00
      page 2:  1,751 bars  2024-08-16 20:00:00+00:00 -> 2024-12-03 11:00:00+00:00
      fetched 11,750 | +4 new | store 11,979 bars  2024-08-04 -> 2026-08-14

  hour/ask:
      page 1: 10,000 bars  2024-12-03 12:00:00+00:00 -> 2026-08-14 20:00:00+00:00
      page 2:  1,751 bars  2024-08-16 20:00:00+00:00 -> 2024-12-03 11:00:00+00:00
      fetched 11,750 | +4 new | store 11,979 bars  2024-08-04 -> 2026-08-14

  day/mid:
      page 1:  3,846 bars  2012-03-05 00:00:00+00:00 -> 2026-08-14 00:00:00+00:00
      fetched 3,845 | +0 new | store 3,845 bars  2012-03-05 -> 2026-08-13

  day/bid:
      page 1:  3,846 bars  2012-03-05 00:00:00+00:00 -> 2026-08-14 00:00:00+00:00
      fetched 3,845 | +0 new | store 3,845 bars  2012-03-05 -> 2026-08-13

  day/ask:
      page 1:  3,846 bars  2012-03-05 00:00:00+00:00 -> 2026-08-14 00:00:00+00:00
      fetched 3,845 | +0 new | store 3,845 bars  2012-03-05 -> 2026-08-13


=== ustech100 (id 20190) -> /Users/r.john/git/vc-tx2/data ===
  minute/mid:
      page 1: 10,000 bars  2026-08-05 14:19:00+00:00 -> 2026-08-14 20:29:00+00:00
      page 2: 10,000 bars  2026-07-27 08:08:00+00:00 -> 2026-08-05 14:18:00+00:00
      page 3:  8,888 bars  2026-07-16 19:58:00+00:00 -> 2026-07-27 08:07:00+00:00
      fetched 28,887 | +219 new | store 41,213 bars  2026-07-05 -> 2026-08-14

  minute/bid:
      page 1: 10,000 bars  2026-08-05 14:19:00+00:00 -> 2026-08-14 20:29:00+00:00
      page 2: 10,000 bars  2026-07-27 08:08:00+00:00 -> 2026-08-05 14:18:00+00:00
      page 3:  8,888 bars  2026-07-16 19:58:00+00:00 -> 2026-07-27 08:07:00+00:00
      fetched 28,887 | +219 new | store 41,213 bars  2026-07-05 -> 2026-08-14

  minute/ask:
      page 1: 10,000 bars  2026-08-05 14:19:00+00:00 -> 2026-08-14 20:29:00+00:00
      page 2: 10,000 bars  2026-07-27 08:08:00+00:00 -> 2026-08-05 14:18:00+00:00
      page 3:  8,888 bars  2026-07-16 19:58:00+00:00 -> 2026-07-27 08:07:00+00:00
      fetched 28,887 | +219 new | store 41,213 bars  2026-07-05 -> 2026-08-14

  quarter/mid:
      page 1: 10,000 bars  2026-03-15 22:45:00+00:00 -> 2026-08-14 20:15:00+00:00
      page 2: 10,000 bars  2025-10-08 10:30:00+00:00 -> 2026-03-15 22:30:00+00:00
      page 3:  3,424 bars  2025-08-17 22:00:00+00:00 -> 2025-10-08 10:15:00+00:00
      fetched 23,423 | +14 new | store 24,261 bars  2025-08-04 -> 2026-08-14

  quarter/bid:
      page 1: 10,000 bars  2026-03-15 22:45:00+00:00 -> 2026-08-14 20:15:00+00:00
      page 2: 10,000 bars  2025-10-08 10:30:00+00:00 -> 2026-03-15 22:30:00+00:00
      page 3:  3,424 bars  2025-08-17 22:00:00+00:00 -> 2025-10-08 10:15:00+00:00
      fetched 23,423 | +14 new | store 24,261 bars  2025-08-04 -> 2026-08-14

  quarter/ask:
      page 1: 10,000 bars  2026-03-15 22:45:00+00:00 -> 2026-08-14 20:15:00+00:00
      page 2: 10,000 bars  2025-10-08 10:30:00+00:00 -> 2026-03-15 22:30:00+00:00
      page 3:  3,424 bars  2025-08-17 22:00:00+00:00 -> 2025-10-08 10:15:00+00:00
      fetched 23,423 | +14 new | store 24,261 bars  2025-08-04 -> 2026-08-14

  hour/mid:
      page 1: 10,000 bars  2024-12-03 13:00:00+00:00 -> 2026-08-14 20:00:00+00:00
      page 2:  1,752 bars  2024-08-16 20:00:00+00:00 -> 2024-12-03 12:00:00+00:00
      fetched 11,751 | +4 new | store 11,980 bars  2024-08-04 -> 2026-08-14

  hour/bid:
      page 1: 10,000 bars  2024-12-03 13:00:00+00:00 -> 2026-08-14 20:00:00+00:00
      page 2:  1,752 bars  2024-08-16 20:00:00+00:00 -> 2024-12-03 12:00:00+00:00
      fetched 11,751 | +4 new | store 11,980 bars  2024-08-04 -> 2026-08-14

  hour/ask:
      page 1: 10,000 bars  2024-12-03 13:00:00+00:00 -> 2026-08-14 20:00:00+00:00
      page 2:  1,752 bars  2024-08-16 20:00:00+00:00 -> 2024-12-03 12:00:00+00:00
      fetched 11,751 | +4 new | store 11,980 bars  2024-08-04 -> 2026-08-14

  day/mid:
      page 1:  3,846 bars  2012-03-05 00:00:00+00:00 -> 2026-08-14 00:00:00+00:00
      fetched 3,845 | +0 new | store 3,845 bars  2012-03-05 -> 2026-08-13

  day/bid:
      page 1:  3,846 bars  2012-03-05 00:00:00+00:00 -> 2026-08-14 00:00:00+00:00
      fetched 3,845 | +0 new | store 3,845 bars  2012-03-05 -> 2026-08-13

  day/ask:
      page 1:  3,846 bars  2012-03-05 00:00:00+00:00 -> 2026-08-14 00:00:00+00:00
      fetched 3,845 | +0 new | store 3,845 bars  2012-03-05 -> 2026-08-13


=== us500 (id 67995) -> /Users/r.john/git/vc-tx2/data ===
  minute/mid:
      page 1: 10,000 bars  2026-08-05 13:47:00+00:00 -> 2026-08-14 20:29:00+00:00
      page 2: 10,000 bars  2026-07-27 07:35:00+00:00 -> 2026-08-05 13:46:00+00:00
      page 3:  8,850 bars  2026-07-16 19:59:00+00:00 -> 2026-07-27 07:34:00+00:00
      fetched 28,849 | +217 new | store 41,176 bars  2026-07-05 -> 2026-08-14

  minute/bid:
      page 1: 10,000 bars  2026-08-05 13:47:00+00:00 -> 2026-08-14 20:29:00+00:00
      page 2: 10,000 bars  2026-07-27 07:35:00+00:00 -> 2026-08-05 13:46:00+00:00
      page 3:  8,850 bars  2026-07-16 19:59:00+00:00 -> 2026-07-27 07:34:00+00:00
      fetched 28,849 | +216 new | store 41,176 bars  2026-07-05 -> 2026-08-14

  minute/ask:
      page 1: 10,000 bars  2026-08-05 13:47:00+00:00 -> 2026-08-14 20:29:00+00:00
      page 2: 10,000 bars  2026-07-27 07:35:00+00:00 -> 2026-08-05 13:46:00+00:00
      page 3:  8,850 bars  2026-07-16 19:59:00+00:00 -> 2026-07-27 07:34:00+00:00
      fetched 28,849 | +216 new | store 41,176 bars  2026-07-05 -> 2026-08-14

  quarter/mid:
      page 1: 10,000 bars  2026-03-13 20:00:00+00:00 -> 2026-08-14 20:15:00+00:00
      page 2: 10,000 bars  2025-10-08 09:15:00+00:00 -> 2026-03-13 19:45:00+00:00
      page 3:  3,419 bars  2025-08-17 22:00:00+00:00 -> 2025-10-08 09:00:00+00:00
      fetched 23,418 | +14 new | store 24,254 bars  2025-08-04 -> 2026-08-14

  quarter/bid:
      page 1: 10,000 bars  2026-03-13 20:00:00+00:00 -> 2026-08-14 20:15:00+00:00
      page 2: 10,000 bars  2025-10-08 09:15:00+00:00 -> 2026-03-13 19:45:00+00:00
      page 3:  3,419 bars  2025-08-17 22:00:00+00:00 -> 2025-10-08 09:00:00+00:00
      fetched 23,418 | +14 new | store 24,254 bars  2025-08-04 -> 2026-08-14

  quarter/ask:
      page 1: 10,000 bars  2026-03-13 20:00:00+00:00 -> 2026-08-14 20:15:00+00:00
      page 2: 10,000 bars  2025-10-08 09:15:00+00:00 -> 2026-03-13 19:45:00+00:00
      page 3:  3,419 bars  2025-08-17 22:00:00+00:00 -> 2025-10-08 09:00:00+00:00
      fetched 23,418 | +14 new | store 24,254 bars  2025-08-04 -> 2026-08-14

  hour/mid:
      page 1: 10,000 bars  2024-12-03 12:00:00+00:00 -> 2026-08-14 20:00:00+00:00
      page 2:  1,751 bars  2024-08-16 20:00:00+00:00 -> 2024-12-03 11:00:00+00:00
      fetched 11,750 | +4 new | store 11,979 bars  2024-08-04 -> 2026-08-14

  hour/bid:
      page 1: 10,000 bars  2024-12-03 12:00:00+00:00 -> 2026-08-14 20:00:00+00:00
      page 2:  1,751 bars  2024-08-16 20:00:00+00:00 -> 2024-12-03 11:00:00+00:00
      fetched 11,750 | +4 new | store 11,979 bars  2024-08-04 -> 2026-08-14

  hour/ask:
      page 1: 10,000 bars  2024-12-03 12:00:00+00:00 -> 2026-08-14 20:00:00+00:00
      page 2:  1,751 bars  2024-08-16 20:00:00+00:00 -> 2024-12-03 11:00:00+00:00
      fetched 11,750 | +4 new | store 11,979 bars  2024-08-04 -> 2026-08-14

  day/mid:
      page 1:  3,839 bars  2012-03-13 00:00:00+00:00 -> 2026-08-14 00:00:00+00:00
      fetched 3,838 | +0 new | store 3,838 bars  2012-03-13 -> 2026-08-13

  day/bid:
      page 1:  3,839 bars  2012-03-13 00:00:00+00:00 -> 2026-08-14 00:00:00+00:00
      fetched 3,838 | +0 new | store 3,838 bars  2012-03-13 -> 2026-08-13

  day/ask:
      page 1:  3,839 bars  2012-03-13 00:00:00+00:00 -> 2026-08-14 00:00:00+00:00
      fetched 3,838 | +0 new | store 3,838 bars  2012-03-13 -> 2026-08-13


=== gold (id 68924) -> /Users/r.john/git/vc-tx2/data ===
  minute/mid:
      page 1: 10,000 bars  2026-08-05 15:09:00+00:00 -> 2026-08-14 20:57:00+00:00
      page 2: 10,000 bars  2026-07-27 09:20:00+00:00 -> 2026-08-05 15:08:00+00:00
      page 3:  9,006 bars  2026-07-16 19:59:00+00:00 -> 2026-07-27 09:19:00+00:00
      fetched 29,005 | +246 new | store 41,353 bars  2026-07-05 -> 2026-08-14

  minute/bid:
      page 1: 10,000 bars  2026-08-05 15:09:00+00:00 -> 2026-08-14 20:57:00+00:00
      page 2: 10,000 bars  2026-07-27 09:20:00+00:00 -> 2026-08-05 15:08:00+00:00
      page 3:  9,006 bars  2026-07-16 19:59:00+00:00 -> 2026-07-27 09:19:00+00:00
      fetched 29,005 | +246 new | store 41,353 bars  2026-07-05 -> 2026-08-14

  minute/ask:
      page 1: 10,000 bars  2026-08-05 15:09:00+00:00 -> 2026-08-14 20:57:00+00:00
      page 2: 10,000 bars  2026-07-27 09:20:00+00:00 -> 2026-08-05 15:08:00+00:00
      page 3:  9,006 bars  2026-07-16 19:59:00+00:00 -> 2026-07-27 09:19:00+00:00
      fetched 29,005 | +246 new | store 41,353 bars  2026-07-05 -> 2026-08-14

  quarter/mid:
      page 1: 10,000 bars  2026-03-13 17:30:00+00:00 -> 2026-08-14 20:45:00+00:00
      page 2: 10,000 bars  2025-10-09 10:45:00+00:00 -> 2026-03-13 17:15:00+00:00
      page 3:  3,537 bars  2025-08-17 22:00:00+00:00 -> 2025-10-09 10:30:00+00:00
      fetched 23,536 | +16 new | store 24,378 bars  2025-08-04 -> 2026-08-14

  quarter/bid:
      page 1: 10,000 bars  2026-03-13 17:30:00+00:00 -> 2026-08-14 20:45:00+00:00
      page 2: 10,000 bars  2025-10-09 10:45:00+00:00 -> 2026-03-13 17:15:00+00:00
      page 3:  3,537 bars  2025-08-17 22:00:00+00:00 -> 2025-10-09 10:30:00+00:00
      fetched 23,536 | +16 new | store 24,378 bars  2025-08-04 -> 2026-08-14

  quarter/ask:
      page 1: 10,000 bars  2026-03-13 17:30:00+00:00 -> 2026-08-14 20:45:00+00:00
      page 2: 10,000 bars  2025-10-09 10:45:00+00:00 -> 2026-03-13 17:15:00+00:00
      page 3:  3,537 bars  2025-08-17 22:00:00+00:00 -> 2025-10-09 10:30:00+00:00
      fetched 23,536 | +16 new | store 24,378 bars  2025-08-04 -> 2026-08-14

  hour/mid:
      page 1: 10,000 bars  2024-12-04 12:00:00+00:00 -> 2026-08-14 20:00:00+00:00
      page 2:  1,777 bars  2024-08-16 20:00:00+00:00 -> 2024-12-04 11:00:00+00:00
      fetched 11,776 | +4 new | store 12,005 bars  2024-08-04 -> 2026-08-14

  hour/bid:
      page 1: 10,000 bars  2024-12-04 12:00:00+00:00 -> 2026-08-14 20:00:00+00:00
      page 2:  1,777 bars  2024-08-16 20:00:00+00:00 -> 2024-12-04 11:00:00+00:00
      fetched 11,776 | +4 new | store 12,005 bars  2024-08-04 -> 2026-08-14

  hour/ask:
      page 1: 10,000 bars  2024-12-04 12:00:00+00:00 -> 2026-08-14 20:00:00+00:00
      page 2:  1,777 bars  2024-08-16 20:00:00+00:00 -> 2024-12-04 11:00:00+00:00
      fetched 11,776 | +4 new | store 12,005 bars  2024-08-04 -> 2026-08-14

  day/mid:
      page 1:  3,844 bars  2011-12-30 00:00:00+00:00 -> 2026-08-14 00:00:00+00:00
      fetched 3,843 | +0 new | store 3,843 bars  2011-12-30 -> 2026-08-13

  day/bid:
      page 1:  3,844 bars  2011-12-30 00:00:00+00:00 -> 2026-08-14 00:00:00+00:00
      fetched 3,843 | +0 new | store 3,843 bars  2011-12-30 -> 2026-08-13

  day/ask:
      page 1:  3,844 bars  2011-12-30 00:00:00+00:00 -> 2026-08-14 00:00:00+00:00
      fetched 3,843 | +0 new | store 3,843 bars  2011-12-30 -> 2026-08-13


=== goldvar (id 72302) -> /Users/r.john/git/vc-tx2/data ===
  minute/mid:
      page 1: 10,000 bars  2026-08-05 15:09:00+00:00 -> 2026-08-14 20:57:00+00:00
      page 2: 10,000 bars  2026-07-27 09:20:00+00:00 -> 2026-08-05 15:08:00+00:00
      page 3:  9,006 bars  2026-07-16 19:59:00+00:00 -> 2026-07-27 09:19:00+00:00
      fetched 29,005 | +246 new | store 41,353 bars  2026-07-05 -> 2026-08-14

  minute/bid:
      page 1: 10,000 bars  2026-08-05 15:09:00+00:00 -> 2026-08-14 20:57:00+00:00
      page 2: 10,000 bars  2026-07-27 09:20:00+00:00 -> 2026-08-05 15:08:00+00:00
      page 3:  9,006 bars  2026-07-16 19:59:00+00:00 -> 2026-07-27 09:19:00+00:00
      fetched 29,005 | +246 new | store 41,353 bars  2026-07-05 -> 2026-08-14

  minute/ask:
      page 1: 10,000 bars  2026-08-05 15:09:00+00:00 -> 2026-08-14 20:57:00+00:00
      page 2: 10,000 bars  2026-07-27 09:20:00+00:00 -> 2026-08-05 15:08:00+00:00
      page 3:  9,006 bars  2026-07-16 19:59:00+00:00 -> 2026-07-27 09:19:00+00:00
      fetched 29,005 | +245 new | store 41,353 bars  2026-07-05 -> 2026-08-14

  quarter/mid:
      page 1: 10,000 bars  2026-03-13 17:30:00+00:00 -> 2026-08-14 20:45:00+00:00
      page 2: 10,000 bars  2025-10-09 10:45:00+00:00 -> 2026-03-13 17:15:00+00:00
      page 3:  3,537 bars  2025-08-17 22:00:00+00:00 -> 2025-10-09 10:30:00+00:00
      fetched 23,536 | +16 new | store 24,378 bars  2025-08-04 -> 2026-08-14

  quarter/bid:
      page 1: 10,000 bars  2026-03-13 17:30:00+00:00 -> 2026-08-14 20:45:00+00:00
      page 2: 10,000 bars  2025-10-09 10:45:00+00:00 -> 2026-03-13 17:15:00+00:00
      page 3:  3,537 bars  2025-08-17 22:00:00+00:00 -> 2025-10-09 10:30:00+00:00
      fetched 23,536 | +16 new | store 24,378 bars  2025-08-04 -> 2026-08-14

  quarter/ask:
      page 1: 10,000 bars  2026-03-13 17:30:00+00:00 -> 2026-08-14 20:45:00+00:00
      page 2: 10,000 bars  2025-10-09 10:45:00+00:00 -> 2026-03-13 17:15:00+00:00
      page 3:  3,537 bars  2025-08-17 22:00:00+00:00 -> 2025-10-09 10:30:00+00:00
      fetched 23,536 | +16 new | store 24,378 bars  2025-08-04 -> 2026-08-14

  hour/mid:
      page 1: 10,000 bars  2024-12-04 12:00:00+00:00 -> 2026-08-14 20:00:00+00:00
      page 2:  1,777 bars  2024-08-16 20:00:00+00:00 -> 2024-12-04 11:00:00+00:00
      fetched 11,776 | +4 new | store 12,005 bars  2024-08-04 -> 2026-08-14

  hour/bid:
      page 1: 10,000 bars  2024-12-04 12:00:00+00:00 -> 2026-08-14 20:00:00+00:00
      page 2:  1,777 bars  2024-08-16 20:00:00+00:00 -> 2024-12-04 11:00:00+00:00
      fetched 11,776 | +4 new | store 12,005 bars  2024-08-04 -> 2026-08-14

  hour/ask:
      page 1: 10,000 bars  2024-12-04 12:00:00+00:00 -> 2026-08-14 20:00:00+00:00
      page 2:  1,777 bars  2024-08-16 20:00:00+00:00 -> 2024-12-04 11:00:00+00:00
      fetched 11,776 | +4 new | store 12,005 bars  2024-08-04 -> 2026-08-14

  day/mid:
      page 1:  3,844 bars  2011-12-30 00:00:00+00:00 -> 2026-08-14 00:00:00+00:00
      fetched 3,843 | +0 new | store 3,843 bars  2011-12-30 -> 2026-08-13

  day/bid:
      page 1:  3,844 bars  2011-12-30 00:00:00+00:00 -> 2026-08-14 00:00:00+00:00
      fetched 3,843 | +0 new | store 3,843 bars  2011-12-30 -> 2026-08-13

  day/ask:
      page 1:  3,844 bars  2011-12-30 00:00:00+00:00 -> 2026-08-14 00:00:00+00:00
      fetched 3,843 | +0 new | store 3,843 bars  2011-12-30 -> 2026-08-13


=== eurusd (id 16635) -> /Users/r.john/git/vc-tx2/data ===
  minute/mid:
      page 1: 10,000 bars  2026-08-05 20:36:00+00:00 -> 2026-08-14 20:59:00+00:00
      page 2: 10,000 bars  2026-07-27 21:08:00+00:00 -> 2026-08-05 20:35:00+00:00
      page 3: 10,000 bars  2026-07-16 20:54:00+00:00 -> 2026-07-27 21:07:00+00:00
      page 4:     53 bars  2026-07-16 20:00:00+00:00 -> 2026-07-16 20:53:00+00:00
      fetched 30,052 | +246 new | store 42,849 bars  2026-07-05 -> 2026-08-14

  minute/bid:
      page 1: 10,000 bars  2026-08-05 20:36:00+00:00 -> 2026-08-14 20:59:00+00:00
      page 2: 10,000 bars  2026-07-27 21:08:00+00:00 -> 2026-08-05 20:35:00+00:00
      page 3: 10,000 bars  2026-07-16 20:54:00+00:00 -> 2026-07-27 21:07:00+00:00
      page 4:     53 bars  2026-07-16 20:00:00+00:00 -> 2026-07-16 20:53:00+00:00
      fetched 30,052 | +246 new | store 42,849 bars  2026-07-05 -> 2026-08-14

  minute/ask:
      page 1: 10,000 bars  2026-08-05 20:36:00+00:00 -> 2026-08-14 20:59:00+00:00
      page 2: 10,000 bars  2026-07-27 21:08:00+00:00 -> 2026-08-05 20:35:00+00:00
      page 3: 10,000 bars  2026-07-16 20:54:00+00:00 -> 2026-07-27 21:07:00+00:00
      page 4:     53 bars  2026-07-16 20:00:00+00:00 -> 2026-07-16 20:53:00+00:00
      fetched 30,052 | +246 new | store 42,849 bars  2026-07-05 -> 2026-08-14

  quarter/mid:
      page 1: 10,000 bars  2026-03-23 08:15:00+00:00 -> 2026-08-14 20:45:00+00:00
      page 2: 10,000 bars  2025-10-24 01:00:00+00:00 -> 2026-03-23 08:00:00+00:00
      page 3:  4,720 bars  2025-08-17 21:00:00+00:00 -> 2025-10-24 00:45:00+00:00
      fetched 24,719 | +16 new | store 25,597 bars  2025-08-04 -> 2026-08-14

  quarter/bid:
      page 1: 10,000 bars  2026-03-23 08:15:00+00:00 -> 2026-08-14 20:45:00+00:00
      page 2: 10,000 bars  2025-10-24 01:00:00+00:00 -> 2026-03-23 08:00:00+00:00
      page 3:  4,720 bars  2025-08-17 21:00:00+00:00 -> 2025-10-24 00:45:00+00:00
      fetched 24,719 | +16 new | store 25,597 bars  2025-08-04 -> 2026-08-14

  quarter/ask:
      page 1: 10,000 bars  2026-03-23 08:15:00+00:00 -> 2026-08-14 20:45:00+00:00
      page 2: 10,000 bars  2025-10-24 01:00:00+00:00 -> 2026-03-23 08:00:00+00:00
      page 3:  4,720 bars  2025-08-17 21:00:00+00:00 -> 2025-10-24 00:45:00+00:00
      fetched 24,719 | +16 new | store 25,597 bars  2025-08-04 -> 2026-08-14

  hour/mid:
      page 1: 10,000 bars  2025-01-03 19:00:00+00:00 -> 2026-08-14 20:00:00+00:00
      page 2:  2,347 bars  2024-08-16 20:00:00+00:00 -> 2025-01-03 18:00:00+00:00
      fetched 12,346 | +4 new | store 12,585 bars  2024-08-04 -> 2026-08-14

  hour/bid:
      page 1: 10,000 bars  2025-01-03 19:00:00+00:00 -> 2026-08-14 20:00:00+00:00
      page 2:  2,347 bars  2024-08-16 20:00:00+00:00 -> 2025-01-03 18:00:00+00:00
      fetched 12,346 | +4 new | store 12,585 bars  2024-08-04 -> 2026-08-14

  hour/ask:
      page 1: 10,000 bars  2025-01-03 19:00:00+00:00 -> 2026-08-14 20:00:00+00:00
      page 2:  2,347 bars  2024-08-16 20:00:00+00:00 -> 2025-01-03 18:00:00+00:00
      fetched 12,346 | +4 new | store 12,585 bars  2024-08-04 -> 2026-08-14

  day/mid:
      page 1:  7,447 bars  1999-01-04 00:00:00+00:00 -> 2026-08-14 00:00:00+00:00
      fetched 7,446 | +0 new | store 7,446 bars  1999-01-04 -> 2026-08-13

  day/bid:
      page 1:  7,447 bars  1999-01-04 00:00:00+00:00 -> 2026-08-14 00:00:00+00:00
      fetched 7,446 | +0 new | store 7,446 bars  1999-01-04 -> 2026-08-13

  day/ask:
      page 1:  7,447 bars  1999-01-04 00:00:00+00:00 -> 2026-08-14 00:00:00+00:00
      fetched 7,446 | +0 new | store 7,446 bars  1999-01-04 -> 2026-08-13


=== uk100fut (id 70152) -> /Users/r.john/git/vc-tx2/data ===
  minute/mid:
      page 1: 10,000 bars  2026-08-05 10:29:00+00:00 -> 2026-08-14 19:59:00+00:00
      page 2: 10,000 bars  2026-07-27 01:40:00+00:00 -> 2026-08-05 10:28:00+00:00
      page 3:  8,291 bars  2026-07-16 20:00:00+00:00 -> 2026-07-27 01:39:00+00:00
      fetched 28,290 | +177 new | store 33,684 bars  2026-07-12 -> 2026-08-14

  minute/bid:
      page 1: 10,000 bars  2026-08-05 10:29:00+00:00 -> 2026-08-14 19:59:00+00:00
      page 2: 10,000 bars  2026-07-27 01:40:00+00:00 -> 2026-08-05 10:28:00+00:00
      page 3:  8,291 bars  2026-07-16 20:00:00+00:00 -> 2026-07-27 01:39:00+00:00
      fetched 28,290 | +187 new | store 33,684 bars  2026-07-12 -> 2026-08-14

  minute/ask:
      page 1: 10,000 bars  2026-08-05 10:29:00+00:00 -> 2026-08-14 19:59:00+00:00
      page 2: 10,000 bars  2026-07-27 01:40:00+00:00 -> 2026-08-05 10:28:00+00:00
      page 3:  8,291 bars  2026-07-16 20:00:00+00:00 -> 2026-07-27 01:39:00+00:00
      fetched 28,290 | +187 new | store 33,684 bars  2026-07-12 -> 2026-08-14

  quarter/mid:
      page 1: 10,000 bars  2026-03-09 05:45:00+00:00 -> 2026-08-14 19:45:00+00:00
      page 2: 10,000 bars  2025-09-29 15:30:00+00:00 -> 2026-03-09 05:30:00+00:00
      page 3:  2,680 bars  2025-08-17 22:00:00+00:00 -> 2025-09-29 15:15:00+00:00
      fetched 22,679 | +12 new | store 23,131 bars  2025-08-10 -> 2026-08-14

  quarter/bid:
      page 1: 10,000 bars  2026-03-09 05:45:00+00:00 -> 2026-08-14 19:45:00+00:00
      page 2: 10,000 bars  2025-09-29 15:30:00+00:00 -> 2026-03-09 05:30:00+00:00
      page 3:  2,680 bars  2025-08-17 22:00:00+00:00 -> 2025-09-29 15:15:00+00:00
      fetched 22,679 | +12 new | store 23,131 bars  2025-08-10 -> 2026-08-14

  quarter/ask:
      page 1: 10,000 bars  2026-03-09 05:45:00+00:00 -> 2026-08-14 19:45:00+00:00
      page 2: 10,000 bars  2025-09-29 15:30:00+00:00 -> 2026-03-09 05:30:00+00:00
      page 3:  2,680 bars  2025-08-17 22:00:00+00:00 -> 2025-09-29 15:15:00+00:00
      fetched 22,679 | +12 new | store 23,131 bars  2025-08-10 -> 2026-08-14

  hour/mid:
      page 1: 10,000 bars  2024-11-14 07:00:00+00:00 -> 2026-08-14 19:00:00+00:00
      page 2:  1,420 bars  2024-08-18 22:00:00+00:00 -> 2024-11-14 06:00:00+00:00
      fetched 11,419 | +3 new | store 11,533 bars  2024-08-11 -> 2026-08-14

  hour/bid:
      page 1: 10,000 bars  2024-11-14 07:00:00+00:00 -> 2026-08-14 19:00:00+00:00
      page 2:  1,420 bars  2024-08-18 22:00:00+00:00 -> 2024-11-14 06:00:00+00:00
      fetched 11,419 | +3 new | store 11,533 bars  2024-08-11 -> 2026-08-14

  hour/ask:
      page 1: 10,000 bars  2024-11-14 07:00:00+00:00 -> 2026-08-14 19:00:00+00:00
      page 2:  1,420 bars  2024-08-18 22:00:00+00:00 -> 2024-11-14 06:00:00+00:00
      fetched 11,419 | +3 new | store 11,533 bars  2024-08-11 -> 2026-08-14

  day/mid:
      page 1:  1,291 bars  2021-07-05 00:00:00+00:00 -> 2026-08-14 00:00:00+00:00
      fetched 1,290 | +0 new | store 1,290 bars  2021-07-05 -> 2026-08-13

  day/bid:
      page 1:  1,291 bars  2021-07-05 00:00:00+00:00 -> 2026-08-14 00:00:00+00:00
      fetched 1,290 | +0 new | store 1,290 bars  2021-07-05 -> 2026-08-13  !! {'open_outside_hl': 1}

  day/ask:
      page 1:  1,291 bars  2021-07-05 00:00:00+00:00 -> 2026-08-14 00:00:00+00:00
      fetched 1,290 | +0 new | store 1,290 bars  2021-07-05 -> 2026-08-13  !! {'close_outside_hl': 1}


=== uk100sep26 (id 72516) -> /Users/r.john/git/vc-tx2/data ===
  minute/mid:
      page 1: 10,000 bars  2026-08-05 10:29:00+00:00 -> 2026-08-14 19:59:00+00:00
      page 2: 10,000 bars  2026-07-27 01:40:00+00:00 -> 2026-08-05 10:28:00+00:00
      page 3:  8,291 bars  2026-07-16 20:00:00+00:00 -> 2026-07-27 01:39:00+00:00
      fetched 28,290 | +186 new | store 33,684 bars  2026-07-12 -> 2026-08-14

  minute/bid:
      page 1: 10,000 bars  2026-08-05 10:29:00+00:00 -> 2026-08-14 19:59:00+00:00
      page 2: 10,000 bars  2026-07-27 01:40:00+00:00 -> 2026-08-05 10:28:00+00:00
      page 3:  8,291 bars  2026-07-16 20:00:00+00:00 -> 2026-07-27 01:39:00+00:00
      fetched 28,290 | +186 new | store 33,684 bars  2026-07-12 -> 2026-08-14

  minute/ask:
      page 1: 10,000 bars  2026-08-05 10:29:00+00:00 -> 2026-08-14 19:59:00+00:00
      page 2: 10,000 bars  2026-07-27 01:40:00+00:00 -> 2026-08-05 10:28:00+00:00
      page 3:  8,291 bars  2026-07-16 20:00:00+00:00 -> 2026-07-27 01:39:00+00:00
      fetched 28,290 | +186 new | store 33,684 bars  2026-07-12 -> 2026-08-14

  quarter/mid:
      page 1:  4,167 bars  2026-06-11 17:30:00+00:00 -> 2026-08-14 19:45:00+00:00
      fetched 4,166 | +12 new | store 4,166 bars  2026-06-11 -> 2026-08-14

  quarter/bid:
      page 1:  4,167 bars  2026-06-11 17:30:00+00:00 -> 2026-08-14 19:45:00+00:00
      fetched 4,166 | +12 new | store 4,166 bars  2026-06-11 -> 2026-08-14

  quarter/ask:
      page 1:  4,167 bars  2026-06-11 17:30:00+00:00 -> 2026-08-14 19:45:00+00:00
      fetched 4,166 | +12 new | store 4,166 bars  2026-06-11 -> 2026-08-14

  hour/mid:
      page 1:  1,052 bars  2026-06-11 17:00:00+00:00 -> 2026-08-14 19:00:00+00:00
      fetched 1,051 | +3 new | store 1,051 bars  2026-06-11 -> 2026-08-14

  hour/bid:
      page 1:  1,052 bars  2026-06-11 17:00:00+00:00 -> 2026-08-14 19:00:00+00:00
      fetched 1,051 | +3 new | store 1,051 bars  2026-06-11 -> 2026-08-14

  hour/ask:
      page 1:  1,052 bars  2026-06-11 17:00:00+00:00 -> 2026-08-14 19:00:00+00:00
      fetched 1,051 | +3 new | store 1,051 bars  2026-06-11 -> 2026-08-14

  day/mid:
      page 1:     47 bars  2026-06-11 00:00:00+00:00 -> 2026-08-14 00:00:00+00:00
      fetched 46 | +0 new | store 46 bars  2026-06-11 -> 2026-08-13

  day/bid:
      page 1:     47 bars  2026-06-11 00:00:00+00:00 -> 2026-08-14 00:00:00+00:00
      fetched 46 | +0 new | store 46 bars  2026-06-11 -> 2026-08-13

  day/ask:
      page 1:     47 bars  2026-06-11 00:00:00+00:00 -> 2026-08-14 00:00:00+00:00
      fetched 46 | +0 new | store 46 bars  2026-06-11 -> 2026-08-13


Done. `python3 collect.py status` for a summary.
     instr    feed side  bars       from         to  sessions  vol=0 %        last sync
     uk100  minute  mid 40673 2026-07-03 2026-08-14        37      0.0 2026-08-16T19:57
     uk100  minute  bid 40673 2026-07-03 2026-08-14        37      0.0 2026-08-16T19:57
     uk100  minute  ask 40673 2026-07-03 2026-08-14        37      0.0 2026-08-16T19:57
     uk100 quarter  mid 23584 2025-08-03 2026-08-14       312      0.0 2026-08-16T19:57
     uk100 quarter  bid 23584 2025-08-03 2026-08-14       312      0.0 2026-08-16T19:57
     uk100 quarter  ask 23584 2025-08-03 2026-08-14       312      0.0 2026-08-16T19:57
     uk100    hour  mid 11658 2024-08-04 2026-08-14       614      0.0 2026-08-16T19:57
     uk100    hour  bid 11658 2024-08-04 2026-08-14       614      0.0 2026-08-16T19:57
     uk100    hour  ask 11658 2024-08-04 2026-08-14       614      0.0 2026-08-16T19:57
     uk100     day  mid  3753 2012-03-26 2026-08-13      3753     59.8 2026-08-16T19:57
     uk100     day  bid  3753 2012-03-26 2026-08-13      3753     59.8 2026-08-16T19:57
     uk100     day  ask  3753 2012-03-26 2026-08-13      3753     59.8 2026-08-16T19:57
     ger40  minute  mid 40501 2026-07-05 2026-08-14        36      0.0 2026-08-16T19:57
     ger40  minute  bid 40501 2026-07-05 2026-08-14        36      0.0 2026-08-16T19:57
     ger40  minute  ask 40501 2026-07-05 2026-08-14        36      0.0 2026-08-16T19:57
     ger40 quarter  mid 23617 2025-08-04 2026-08-14       315      0.0 2026-08-16T19:58
     ger40 quarter  bid 23617 2025-08-04 2026-08-14       315      0.0 2026-08-16T19:58
     ger40 quarter  ask 23617 2025-08-04 2026-08-14       315      0.0 2026-08-16T19:58
     ger40    hour  mid 11709 2024-08-04 2026-08-14       622      0.0 2026-08-16T19:58
     ger40    hour  bid 11709 2024-08-04 2026-08-14       622      0.0 2026-08-16T19:58
     ger40    hour  ask 11709 2024-08-04 2026-08-14       622      0.0 2026-08-16T19:58
     ger40     day  mid  3772 2012-01-30 2026-08-13      3772     60.2 2026-08-16T19:58
     ger40     day  bid  3772 2012-01-30 2026-08-13      3772     60.2 2026-08-16T19:58
     ger40     day  ask  3772 2012-01-30 2026-08-13      3772     60.2 2026-08-16T19:58
      us30  minute  mid 41212 2026-07-05 2026-08-14        36      0.0 2026-08-16T19:58
      us30  minute  bid 41212 2026-07-05 2026-08-14        36      0.0 2026-08-16T19:58
      us30  minute  ask 41212 2026-07-05 2026-08-14        36      0.0 2026-08-16T19:58
      us30 quarter  mid 24261 2025-08-04 2026-08-14       323      0.0 2026-08-16T19:58
      us30 quarter  bid 24261 2025-08-04 2026-08-14       323      0.0 2026-08-16T19:58
      us30 quarter  ask 24261 2025-08-04 2026-08-14       323      0.0 2026-08-16T19:58
      us30    hour  mid 11979 2024-08-04 2026-08-14       635      0.0 2026-08-16T19:58
      us30    hour  bid 11979 2024-08-04 2026-08-14       635      0.0 2026-08-16T19:58
      us30    hour  ask 11979 2024-08-04 2026-08-14       635      0.0 2026-08-16T19:58
      us30     day  mid  3845 2012-03-05 2026-08-13      3845     60.9 2026-08-16T19:58
      us30     day  bid  3845 2012-03-05 2026-08-13      3845     60.9 2026-08-16T19:58
      us30     day  ask  3845 2012-03-05 2026-08-13      3845     60.9 2026-08-16T19:58
 ustech100  minute  mid 41213 2026-07-05 2026-08-14        36      0.0 2026-08-16T19:58
 ustech100  minute  bid 41213 2026-07-05 2026-08-14        36      0.0 2026-08-16T19:58
 ustech100  minute  ask 41213 2026-07-05 2026-08-14        36      0.0 2026-08-16T19:58
 ustech100 quarter  mid 24261 2025-08-04 2026-08-14       323      0.0 2026-08-16T19:58
 ustech100 quarter  bid 24261 2025-08-04 2026-08-14       323      0.0 2026-08-16T19:58
 ustech100 quarter  ask 24261 2025-08-04 2026-08-14       323      0.0 2026-08-16T19:58
 ustech100    hour  mid 11980 2024-08-04 2026-08-14       635      0.0 2026-08-16T19:58
 ustech100    hour  bid 11980 2024-08-04 2026-08-14       635      0.0 2026-08-16T19:58
 ustech100    hour  ask 11980 2024-08-04 2026-08-14       635      0.0 2026-08-16T19:58
 ustech100     day  mid  3845 2012-03-05 2026-08-13      3845     60.9 2026-08-16T19:58
 ustech100     day  bid  3845 2012-03-05 2026-08-13      3845     60.9 2026-08-16T19:58
 ustech100     day  ask  3845 2012-03-05 2026-08-13      3845     60.9 2026-08-16T19:58
     us500  minute  mid 41176 2026-07-05 2026-08-14        36      0.0 2026-08-16T19:59
     us500  minute  bid 41176 2026-07-05 2026-08-14        36      0.0 2026-08-16T19:59
     us500  minute  ask 41176 2026-07-05 2026-08-14        36      0.0 2026-08-16T19:59
     us500 quarter  mid 24254 2025-08-04 2026-08-14       323      0.0 2026-08-16T19:59
     us500 quarter  bid 24254 2025-08-04 2026-08-14       323      0.0 2026-08-16T19:59
     us500 quarter  ask 24254 2025-08-04 2026-08-14       323      0.0 2026-08-16T19:59
     us500    hour  mid 11979 2024-08-04 2026-08-14       635      0.0 2026-08-16T19:59
     us500    hour  bid 11979 2024-08-04 2026-08-14       635      0.0 2026-08-16T19:59
     us500    hour  ask 11979 2024-08-04 2026-08-14       635      0.0 2026-08-16T19:59
     us500     day  mid  3838 2012-03-13 2026-08-13      3838     60.8 2026-08-16T19:59
     us500     day  bid  3838 2012-03-13 2026-08-13      3838     60.8 2026-08-16T19:59
     us500     day  ask  3838 2012-03-13 2026-08-13      3838     60.8 2026-08-16T19:59
      gold  minute  mid 41353 2026-07-05 2026-08-14        36      0.0 2026-08-16T19:59
      gold  minute  bid 41353 2026-07-05 2026-08-14        36      0.0 2026-08-16T19:59
      gold  minute  ask 41353 2026-07-05 2026-08-14        36      0.0 2026-08-16T19:59
      gold quarter  mid 24378 2025-08-04 2026-08-14       322      0.0 2026-08-16T19:59
      gold quarter  bid 24378 2025-08-04 2026-08-14       322      0.0 2026-08-16T19:59
      gold quarter  ask 24378 2025-08-04 2026-08-14       322      0.0 2026-08-16T19:59
      gold    hour  mid 12005 2024-08-04 2026-08-14       634      0.0 2026-08-16T19:59
      gold    hour  bid 12005 2024-08-04 2026-08-14       634      0.0 2026-08-16T19:59
      gold    hour  ask 12005 2024-08-04 2026-08-14       634      0.0 2026-08-16T19:59
      gold     day  mid  3843 2011-12-30 2026-08-13      3843     60.9 2026-08-16T19:59
      gold     day  bid  3843 2011-12-30 2026-08-13      3843     60.9 2026-08-16T19:59
      gold     day  ask  3843 2011-12-30 2026-08-13      3843     60.9 2026-08-16T19:59
   goldvar  minute  mid 41353 2026-07-05 2026-08-14        36      0.0 2026-08-16T19:59
   goldvar  minute  bid 41353 2026-07-05 2026-08-14        36      0.0 2026-08-16T19:59
   goldvar  minute  ask 41353 2026-07-05 2026-08-14        36      0.0 2026-08-16T20:00
   goldvar quarter  mid 24378 2025-08-04 2026-08-14       322      0.0 2026-08-16T20:00
   goldvar quarter  bid 24378 2025-08-04 2026-08-14       322      0.0 2026-08-16T20:00
   goldvar quarter  ask 24378 2025-08-04 2026-08-14       322      0.0 2026-08-16T20:00
   goldvar    hour  mid 12005 2024-08-04 2026-08-14       634      0.0 2026-08-16T20:00
   goldvar    hour  bid 12005 2024-08-04 2026-08-14       634      0.0 2026-08-16T20:00
   goldvar    hour  ask 12005 2024-08-04 2026-08-14       634      0.0 2026-08-16T20:00
   goldvar     day  mid  3843 2011-12-30 2026-08-13      3843     60.9 2026-08-16T20:00
   goldvar     day  bid  3843 2011-12-30 2026-08-13      3843     60.9 2026-08-16T20:00
   goldvar     day  ask  3843 2011-12-30 2026-08-13      3843     60.9 2026-08-16T20:00
    eurusd  minute  mid 42849 2026-07-05 2026-08-14        36      0.0 2026-08-16T20:00
    eurusd  minute  bid 42849 2026-07-05 2026-08-14        36      0.0 2026-08-16T20:00
    eurusd  minute  ask 42849 2026-07-05 2026-08-14        36      0.0 2026-08-16T20:00
    eurusd quarter  mid 25597 2025-08-04 2026-08-14       323      0.0 2026-08-16T20:00
    eurusd quarter  bid 25597 2025-08-04 2026-08-14       323      0.0 2026-08-16T20:00
    eurusd quarter  ask 25597 2025-08-04 2026-08-14       323      0.0 2026-08-16T20:00
    eurusd    hour  mid 12585 2024-08-04 2026-08-14       635      0.0 2026-08-16T20:00
    eurusd    hour  bid 12585 2024-08-04 2026-08-14       635      0.0 2026-08-16T20:00
    eurusd    hour  ask 12585 2024-08-04 2026-08-14       635      0.0 2026-08-16T20:00
    eurusd     day  mid  7446 1999-01-04 2026-08-13      7446     79.3 2026-08-16T20:00
    eurusd     day  bid  7446 1999-01-04 2026-08-13      7446     79.3 2026-08-16T20:00
    eurusd     day  ask  7446 1999-01-04 2026-08-13      7446     79.3 2026-08-16T20:00
  uk100fut  minute  mid 33684 2026-07-12 2026-08-14        30      0.0 2026-08-16T20:00
  uk100fut  minute  bid 33684 2026-07-12 2026-08-14        30      0.0 2026-08-16T20:00
  uk100fut  minute  ask 33684 2026-07-12 2026-08-14        30      0.0 2026-08-16T20:00
  uk100fut quarter  mid 23131 2025-08-10 2026-08-14       307      0.0 2026-08-16T20:01
  uk100fut quarter  bid 23131 2025-08-10 2026-08-14       307      0.0 2026-08-16T20:01
  uk100fut quarter  ask 23131 2025-08-10 2026-08-14       307      0.0 2026-08-16T20:01
  uk100fut    hour  mid 11533 2024-08-11 2026-08-14       606      0.0 2026-08-16T20:01
  uk100fut    hour  bid 11533 2024-08-11 2026-08-14       606      0.0 2026-08-16T20:01
  uk100fut    hour  ask 11533 2024-08-11 2026-08-14       606      0.0 2026-08-16T20:01
  uk100fut     day  mid  1290 2021-07-05 2026-08-13      1290     49.5 2026-08-16T20:01
  uk100fut     day  bid  1290 2021-07-05 2026-08-13      1290     49.5 2026-08-16T20:01
  uk100fut     day  ask  1290 2021-07-05 2026-08-13      1290     49.5 2026-08-16T20:01
uk100sep26  minute  mid 33684 2026-07-12 2026-08-14        30      0.0 2026-08-16T20:01
uk100sep26  minute  bid 33684 2026-07-12 2026-08-14        30      0.0 2026-08-16T20:01
uk100sep26  minute  ask 33684 2026-07-12 2026-08-14        30      0.0 2026-08-16T20:01
uk100sep26 quarter  mid  4166 2026-06-11 2026-08-14        56      0.0 2026-08-16T20:01
uk100sep26 quarter  bid  4166 2026-06-11 2026-08-14        56      0.0 2026-08-16T20:01
uk100sep26 quarter  ask  4166 2026-06-11 2026-08-14        56      0.0 2026-08-16T20:01
uk100sep26    hour  mid  1051 2026-06-11 2026-08-14        56      0.0 2026-08-16T20:01
uk100sep26    hour  bid  1051 2026-06-11 2026-08-14        56      0.0 2026-08-16T20:01
uk100sep26    hour  ask  1051 2026-06-11 2026-08-14        56      0.0 2026-08-16T20:01
uk100sep26     day  mid    46 2026-06-11 2026-08-13        46      0.0 2026-08-16T20:01
uk100sep26     day  bid    46 2026-06-11 2026-08-13        46      0.0 2026-08-16T20:01
uk100sep26     day  ask    46 2026-06-11 2026-08-13        46      0.0 2026-08-16T20:01

spread (minute, n=40,673): median 1.00 pts | p90 5.00 | core 07:00-15:59 UTC median 0.80 pts (n=16,200)

spread (quarter, n=23,584): median 1.00 pts | p90 5.00 | core 07:00-15:59 UTC median 0.80 pts (n=9,407)

spread (hour, n=11,658): median 1.00 pts | p90 5.00 | core 07:00-15:59 UTC median 0.80 pts (n=4,614)

spread (day, n=3,753): median 0.00 pts | p90 5.00 | core 07:00-15:59 UTC median nan pts (n=0)
uk100/minute/mid: 40,673 bars | OK | zero-volume 0.0% | 120 gaps > one bar (weekends/closures expected)
uk100/minute/bid: 40,673 bars | OK | zero-volume 0.0% | 120 gaps > one bar (weekends/closures expected)
uk100/minute/ask: 40,673 bars | OK | zero-volume 0.0% | 120 gaps > one bar (weekends/closures expected)
uk100/quarter/mid: 23,584 bars | OK | zero-volume 0.0% | 450 gaps > one bar (weekends/closures expected)
uk100/quarter/bid: 23,584 bars | OK | zero-volume 0.0% | 450 gaps > one bar (weekends/closures expected)
uk100/quarter/ask: 23,584 bars | OK | zero-volume 0.0% | 450 gaps > one bar (weekends/closures expected)
uk100/hour/mid: 11,658 bars | OK | zero-volume 0.0% | 513 gaps > one bar (weekends/closures expected)
uk100/hour/bid: 11,658 bars | OK | zero-volume 0.0% | 513 gaps > one bar (weekends/closures expected)
uk100/hour/ask: 11,658 bars | OK | zero-volume 0.0% | 513 gaps > one bar (weekends/closures expected)
uk100/day/mid: 3,753 bars | OK | zero-volume 59.85% | 747 gaps > one bar (weekends/closures expected)
uk100/day/bid: 3,753 bars | known {'open_outside_hl': 2} | zero-volume 59.85% | 747 gaps > one bar (weekends/closures expected)
uk100/day/ask: 3,753 bars | known {'close_outside_hl': 2} | zero-volume 59.85% | 747 gaps > one bar (weekends/closures expected)
ger40/minute/mid: 40,501 bars | OK | zero-volume 0.0% | 160 gaps > one bar (weekends/closures expected)
ger40/minute/bid: 40,501 bars | OK | zero-volume 0.0% | 160 gaps > one bar (weekends/closures expected)
ger40/minute/ask: 40,501 bars | OK | zero-volume 0.0% | 160 gaps > one bar (weekends/closures expected)
ger40/quarter/mid: 23,617 bars | OK | zero-volume 0.0% | 453 gaps > one bar (weekends/closures expected)
ger40/quarter/bid: 23,617 bars | OK | zero-volume 0.0% | 453 gaps > one bar (weekends/closures expected)
ger40/quarter/ask: 23,617 bars | OK | zero-volume 0.0% | 453 gaps > one bar (weekends/closures expected)
ger40/hour/mid: 11,709 bars | OK | zero-volume 0.0% | 514 gaps > one bar (weekends/closures expected)
ger40/hour/bid: 11,709 bars | OK | zero-volume 0.0% | 514 gaps > one bar (weekends/closures expected)
ger40/hour/ask: 11,709 bars | OK | zero-volume 0.0% | 514 gaps > one bar (weekends/closures expected)
ger40/day/mid: 3,772 bars | OK | zero-volume 60.15% | 766 gaps > one bar (weekends/closures expected)
ger40/day/bid: 3,772 bars | OK | zero-volume 60.15% | 766 gaps > one bar (weekends/closures expected)
ger40/day/ask: 3,772 bars | OK | zero-volume 60.15% | 766 gaps > one bar (weekends/closures expected)
us30/minute/mid: 41,212 bars | OK | zero-volume 0.0% | 30 gaps > one bar (weekends/closures expected)
us30/minute/bid: 41,212 bars | OK | zero-volume 0.0% | 30 gaps > one bar (weekends/closures expected)
us30/minute/ask: 41,212 bars | OK | zero-volume 0.0% | 30 gaps > one bar (weekends/closures expected)
us30/quarter/mid: 24,261 bars | OK | zero-volume 0.0% | 269 gaps > one bar (weekends/closures expected)
us30/quarter/bid: 24,261 bars | OK | zero-volume 0.0% | 269 gaps > one bar (weekends/closures expected)
us30/quarter/ask: 24,261 bars | OK | zero-volume 0.0% | 269 gaps > one bar (weekends/closures expected)
us30/hour/mid: 11,979 bars | OK | zero-volume 0.0% | 525 gaps > one bar (weekends/closures expected)
us30/hour/bid: 11,979 bars | OK | zero-volume 0.0% | 525 gaps > one bar (weekends/closures expected)
us30/hour/ask: 11,979 bars | OK | zero-volume 0.0% | 525 gaps > one bar (weekends/closures expected)
us30/day/mid: 3,845 bars | OK | zero-volume 60.86% | 759 gaps > one bar (weekends/closures expected)
us30/day/bid: 3,845 bars | OK | zero-volume 60.86% | 759 gaps > one bar (weekends/closures expected)
us30/day/ask: 3,845 bars | OK | zero-volume 60.86% | 759 gaps > one bar (weekends/closures expected)
ustech100/minute/mid: 41,213 bars | OK | zero-volume 0.0% | 29 gaps > one bar (weekends/closures expected)
ustech100/minute/bid: 41,213 bars | OK | zero-volume 0.0% | 29 gaps > one bar (weekends/closures expected)
ustech100/minute/ask: 41,213 bars | OK | zero-volume 0.0% | 29 gaps > one bar (weekends/closures expected)
ustech100/quarter/mid: 24,261 bars | OK | zero-volume 0.0% | 270 gaps > one bar (weekends/closures expected)
ustech100/quarter/bid: 24,261 bars | OK | zero-volume 0.0% | 270 gaps > one bar (weekends/closures expected)
ustech100/quarter/ask: 24,261 bars | OK | zero-volume 0.0% | 270 gaps > one bar (weekends/closures expected)
ustech100/hour/mid: 11,980 bars | OK | zero-volume 0.0% | 525 gaps > one bar (weekends/closures expected)
ustech100/hour/bid: 11,980 bars | OK | zero-volume 0.0% | 525 gaps > one bar (weekends/closures expected)
ustech100/hour/ask: 11,980 bars | OK | zero-volume 0.0% | 525 gaps > one bar (weekends/closures expected)
ustech100/day/mid: 3,845 bars | OK | zero-volume 60.88% | 759 gaps > one bar (weekends/closures expected)
ustech100/day/bid: 3,845 bars | OK | zero-volume 60.88% | 759 gaps > one bar (weekends/closures expected)
ustech100/day/ask: 3,845 bars | OK | zero-volume 60.88% | 759 gaps > one bar (weekends/closures expected)
us500/minute/mid: 41,176 bars | OK | zero-volume 0.0% | 60 gaps > one bar (weekends/closures expected)
us500/minute/bid: 41,176 bars | OK | zero-volume 0.0% | 60 gaps > one bar (weekends/closures expected)
us500/minute/ask: 41,176 bars | OK | zero-volume 0.0% | 60 gaps > one bar (weekends/closures expected)
us500/quarter/mid: 24,254 bars | OK | zero-volume 0.0% | 269 gaps > one bar (weekends/closures expected)
us500/quarter/bid: 24,254 bars | OK | zero-volume 0.0% | 269 gaps > one bar (weekends/closures expected)
us500/quarter/ask: 24,254 bars | OK | zero-volume 0.0% | 269 gaps > one bar (weekends/closures expected)
us500/hour/mid: 11,979 bars | OK | zero-volume 0.0% | 525 gaps > one bar (weekends/closures expected)
us500/hour/bid: 11,979 bars | OK | zero-volume 0.0% | 525 gaps > one bar (weekends/closures expected)
us500/hour/ask: 11,979 bars | OK | zero-volume 0.0% | 525 gaps > one bar (weekends/closures expected)
us500/day/mid: 3,838 bars | OK | zero-volume 60.81% | 759 gaps > one bar (weekends/closures expected)
us500/day/bid: 3,838 bars | OK | zero-volume 60.81% | 759 gaps > one bar (weekends/closures expected)
us500/day/ask: 3,838 bars | OK | zero-volume 60.81% | 759 gaps > one bar (weekends/closures expected)
gold/minute/mid: 41,353 bars | OK | zero-volume 0.0% | 29 gaps > one bar (weekends/closures expected)
gold/minute/bid: 41,353 bars | OK | zero-volume 0.0% | 29 gaps > one bar (weekends/closures expected)
gold/minute/ask: 41,353 bars | OK | zero-volume 0.0% | 29 gaps > one bar (weekends/closures expected)
gold/quarter/mid: 24,378 bars | OK | zero-volume 0.0% | 268 gaps > one bar (weekends/closures expected)
gold/quarter/bid: 24,378 bars | OK | zero-volume 0.0% | 268 gaps > one bar (weekends/closures expected)
gold/quarter/ask: 24,378 bars | OK | zero-volume 0.0% | 268 gaps > one bar (weekends/closures expected)
gold/hour/mid: 12,005 bars | OK | zero-volume 0.0% | 523 gaps > one bar (weekends/closures expected)
gold/hour/bid: 12,005 bars | OK | zero-volume 0.0% | 523 gaps > one bar (weekends/closures expected)
gold/hour/ask: 12,005 bars | OK | zero-volume 0.0% | 523 gaps > one bar (weekends/closures expected)
gold/day/mid: 3,843 bars | OK | zero-volume 60.89% | 766 gaps > one bar (weekends/closures expected)
gold/day/bid: 3,843 bars | OK | zero-volume 60.89% | 766 gaps > one bar (weekends/closures expected)
gold/day/ask: 3,843 bars | OK | zero-volume 60.89% | 766 gaps > one bar (weekends/closures expected)
goldvar/minute/mid: 41,353 bars | OK | zero-volume 0.0% | 29 gaps > one bar (weekends/closures expected)
goldvar/minute/bid: 41,353 bars | OK | zero-volume 0.0% | 29 gaps > one bar (weekends/closures expected)
goldvar/minute/ask: 41,353 bars | OK | zero-volume 0.0% | 29 gaps > one bar (weekends/closures expected)
goldvar/quarter/mid: 24,378 bars | OK | zero-volume 0.0% | 268 gaps > one bar (weekends/closures expected)
goldvar/quarter/bid: 24,378 bars | OK | zero-volume 0.0% | 268 gaps > one bar (weekends/closures expected)
goldvar/quarter/ask: 24,378 bars | OK | zero-volume 0.0% | 268 gaps > one bar (weekends/closures expected)
goldvar/hour/mid: 12,005 bars | OK | zero-volume 0.0% | 523 gaps > one bar (weekends/closures expected)
goldvar/hour/bid: 12,005 bars | OK | zero-volume 0.0% | 523 gaps > one bar (weekends/closures expected)
goldvar/hour/ask: 12,005 bars | OK | zero-volume 0.0% | 523 gaps > one bar (weekends/closures expected)
goldvar/day/mid: 3,843 bars | OK | zero-volume 60.89% | 766 gaps > one bar (weekends/closures expected)
goldvar/day/bid: 3,843 bars | OK | zero-volume 60.89% | 766 gaps > one bar (weekends/closures expected)
goldvar/day/ask: 3,843 bars | OK | zero-volume 60.89% | 766 gaps > one bar (weekends/closures expected)
eurusd/minute/mid: 42,849 bars | OK | zero-volume 0.0% | 195 gaps > one bar (weekends/closures expected)
eurusd/minute/bid: 42,849 bars | OK | zero-volume 0.0% | 195 gaps > one bar (weekends/closures expected)
eurusd/minute/ask: 42,849 bars | OK | zero-volume 0.0% | 195 gaps > one bar (weekends/closures expected)
eurusd/quarter/mid: 25,597 bars | OK | zero-volume 0.0% | 57 gaps > one bar (weekends/closures expected)
eurusd/quarter/bid: 25,597 bars | OK | zero-volume 0.0% | 57 gaps > one bar (weekends/closures expected)
eurusd/quarter/ask: 25,597 bars | OK | zero-volume 0.0% | 57 gaps > one bar (weekends/closures expected)
eurusd/hour/mid: 12,585 bars | OK | zero-volume 0.0% | 110 gaps > one bar (weekends/closures expected)
eurusd/hour/bid: 12,585 bars | OK | zero-volume 0.0% | 110 gaps > one bar (weekends/closures expected)
eurusd/hour/ask: 12,585 bars | OK | zero-volume 0.0% | 110 gaps > one bar (weekends/closures expected)
eurusd/day/mid: 7,446 bars | OK | zero-volume 79.34% | 1,441 gaps > one bar (weekends/closures expected)
eurusd/day/bid: 7,446 bars | OK | zero-volume 79.34% | 1,441 gaps > one bar (weekends/closures expected)
eurusd/day/ask: 7,446 bars | OK | zero-volume 79.34% | 1,441 gaps > one bar (weekends/closures expected)
uk100fut/minute/mid: 33,684 bars | OK | zero-volume 0.0% | 93 gaps > one bar (weekends/closures expected)
uk100fut/minute/bid: 33,684 bars | OK | zero-volume 0.0% | 93 gaps > one bar (weekends/closures expected)
uk100fut/minute/ask: 33,684 bars | OK | zero-volume 0.0% | 93 gaps > one bar (weekends/closures expected)
uk100fut/quarter/mid: 23,131 bars | OK | zero-volume 0.0% | 442 gaps > one bar (weekends/closures expected)
uk100fut/quarter/bid: 23,131 bars | OK | zero-volume 0.0% | 442 gaps > one bar (weekends/closures expected)
uk100fut/quarter/ask: 23,131 bars | OK | zero-volume 0.0% | 442 gaps > one bar (weekends/closures expected)
uk100fut/hour/mid: 11,533 bars | OK | zero-volume 0.0% | 509 gaps > one bar (weekends/closures expected)
uk100fut/hour/bid: 11,533 bars | OK | zero-volume 0.0% | 509 gaps > one bar (weekends/closures expected)
uk100fut/hour/ask: 11,533 bars | OK | zero-volume 0.0% | 509 gaps > one bar (weekends/closures expected)
uk100fut/day/mid: 1,290 bars | OK | zero-volume 49.46% | 270 gaps > one bar (weekends/closures expected)
uk100fut/day/bid: 1,290 bars | known {'open_outside_hl': 1} | zero-volume 49.46% | 270 gaps > one bar (weekends/closures expected)
uk100fut/day/ask: 1,290 bars | known {'close_outside_hl': 1} | zero-volume 49.46% | 270 gaps > one bar (weekends/closures expected)
uk100sep26/minute/mid: 33,684 bars | OK | zero-volume 0.0% | 93 gaps > one bar (weekends/closures expected)
uk100sep26/minute/bid: 33,684 bars | OK | zero-volume 0.0% | 93 gaps > one bar (weekends/closures expected)
uk100sep26/minute/ask: 33,684 bars | OK | zero-volume 0.0% | 93 gaps > one bar (weekends/closures expected)
uk100sep26/quarter/mid: 4,166 bars | OK | zero-volume 0.0% | 83 gaps > one bar (weekends/closures expected)
uk100sep26/quarter/bid: 4,166 bars | OK | zero-volume 0.0% | 83 gaps > one bar (weekends/closures expected)
uk100sep26/quarter/ask: 4,166 bars | OK | zero-volume 0.0% | 83 gaps > one bar (weekends/closures expected)
uk100sep26/hour/mid: 1,051 bars | OK | zero-volume 0.0% | 46 gaps > one bar (weekends/closures expected)
uk100sep26/hour/bid: 1,051 bars | OK | zero-volume 0.0% | 46 gaps > one bar (weekends/closures expected)
uk100sep26/hour/ask: 1,051 bars | OK | zero-volume 0.0% | 46 gaps > one bar (weekends/closures expected)
uk100sep26/day/mid: 46 bars | OK | zero-volume 0.0% | 9 gaps > one bar (weekends/closures expected)
uk100sep26/day/bid: 46 bars | OK | zero-volume 0.0% | 9 gaps > one bar (weekends/closures expected)
uk100sep26/day/ask: 46 bars | OK | zero-volume 0.0% | 9 gaps > one bar (weekends/closures expected)

All structural checks passed (known baseline accepted).

=== uk100  (cash 8.0-16.5 London) ===
    1min:  40,673 bars (15,300 cash) 2026-07-03 -> 2026-08-14   spread 0.8
   15min:  23,584 bars ( 8,879 cash) 2025-08-03 -> 2026-08-14   spread 0.8
      1h:  11,658 bars ( 4,610 cash) 2024-08-04 -> 2026-08-14   spread 0.8
      4h:   3,175 bars ( 1,538 cash) 2024-08-04 -> 2026-08-14   spread 0.8
      1d:   3,753 bars ( 3,753 cash) 2012-03-26 -> 2026-08-13   spread 0.0

=== ger40  (cash 8.0-16.5 London) ===
    1min:  40,501 bars (15,300 cash) 2026-07-05 -> 2026-08-14   spread 1.0
   15min:  23,617 bars ( 8,873 cash) 2025-08-04 -> 2026-08-14   spread 1.0
      1h:  11,709 bars ( 4,626 cash) 2024-08-04 -> 2026-08-14   spread 1.0
      4h:   3,190 bars ( 1,542 cash) 2024-08-04 -> 2026-08-14   spread 1.0
      1d:   3,772 bars ( 3,772 cash) 2012-01-30 -> 2026-08-13   spread 0.0

=== us500  (cash 9.5-16.0 London) ===
    1min:  41,176 bars (11,695 cash) 2026-07-05 -> 2026-08-14   spread 0.4
   15min:  24,254 bars ( 6,813 cash) 2025-08-04 -> 2026-08-14   spread 0.4
      1h:  11,979 bars ( 3,086 cash) 2024-08-04 -> 2026-08-14   spread 0.4
      4h:   3,133 bars (   549 cash) 2024-08-04 -> 2026-08-14   spread 0.425
      1d:   3,838 bars ( 3,838 cash) 2012-03-13 -> 2026-08-13   spread 0.0

=== us30  (cash 9.5-16.0 London) ===
    1min:  41,212 bars (11,700 cash) 2026-07-05 -> 2026-08-14   spread 1.9
   15min:  24,261 bars ( 6,819 cash) 2025-08-04 -> 2026-08-14   spread 1.9
      1h:  11,979 bars ( 3,086 cash) 2024-08-04 -> 2026-08-14   spread 1.9
      4h:   3,133 bars (   549 cash) 2024-08-04 -> 2026-08-14   spread 2.2667
      1d:   3,845 bars ( 3,845 cash) 2012-03-05 -> 2026-08-13   spread 0.0

=== ustech100  (cash 9.5-16.0 London) ===
    1min:  41,213 bars (11,700 cash) 2026-07-05 -> 2026-08-14   spread 0.9
   15min:  24,261 bars ( 6,819 cash) 2025-08-04 -> 2026-08-14   spread 0.9
      1h:  11,980 bars ( 3,086 cash) 2024-08-04 -> 2026-08-14   spread 0.9
      4h:   3,133 bars (   549 cash) 2024-08-04 -> 2026-08-14   spread 1.125
      1d:   3,845 bars ( 3,845 cash) 2012-03-05 -> 2026-08-13   spread 0.0

=== gold  (cash 8.0-16.0 London) ===
    1min:  41,353 bars (14,400 cash) 2026-07-05 -> 2026-08-14   spread 0.4
   15min:  24,378 bars ( 8,453 cash) 2025-08-04 -> 2026-08-14   spread 0.4
      1h:  12,005 bars ( 4,164 cash) 2024-08-04 -> 2026-08-14   spread 0.3
      4h:   3,247 bars ( 1,030 cash) 2024-08-04 -> 2026-08-14   spread 0.45
      1d:   3,843 bars ( 3,843 cash) 2011-12-30 -> 2026-08-13   spread 0.0

=== goldvar  (cash 8.0-16.0 London) ===
    1min:  41,353 bars (14,400 cash) 2026-07-05 -> 2026-08-14   spread 0.4
   15min:  24,378 bars ( 8,453 cash) 2025-08-04 -> 2026-08-14   spread 0.4
      1h:  12,005 bars ( 4,164 cash) 2024-08-04 -> 2026-08-14   spread 0.3
      4h:   3,247 bars ( 1,030 cash) 2024-08-04 -> 2026-08-14   spread 0.4
      1d:   3,843 bars ( 3,843 cash) 2011-12-30 -> 2026-08-13   spread 0.0

=== eurusd  (cash 8.0-21.0 London) ===
    1min:  42,849 bars (23,400 cash) 2026-07-05 -> 2026-08-14   spread 0.0001
   15min:  25,597 bars (13,858 cash) 2025-08-04 -> 2026-08-14   spread 0.0001
      1h:  12,585 bars ( 6,815 cash) 2024-08-04 -> 2026-08-14   spread 0.0
      4h:   3,256 bars ( 2,096 cash) 2024-08-04 -> 2026-08-14   spread 0.0
      1d:   7,446 bars ( 7,446 cash) 1999-01-04 -> 2026-08-13   spread 0.0

=== uk100fut  (cash 8.0-16.5 London) ===
    1min:  33,684 bars (12,750 cash) 2026-07-12 -> 2026-08-14   spread 1.3
   15min:  23,131 bars ( 8,709 cash) 2025-08-10 -> 2026-08-14   spread 1.3
      1h:  11,533 bars ( 4,565 cash) 2024-08-11 -> 2026-08-14   spread 1.3
      4h:   3,141 bars ( 1,523 cash) 2024-08-11 -> 2026-08-14   spread 1.3
      1d:   1,290 bars ( 1,290 cash) 2021-07-05 -> 2026-08-13   spread 5.0

=== uk100sep26  (cash 8.0-16.5 London) ===
    1min:  33,684 bars (12,750 cash) 2026-07-12 -> 2026-08-14   spread 4.0
   15min:   4,166 bars ( 1,564 cash) 2026-06-11 -> 2026-08-14   spread 4.0
      1h:   1,051 bars (   414 cash) 2026-06-11 -> 2026-08-14   spread 4.0
      4h:     286 bars (   138 cash) 2026-06-11 -> 2026-08-14   spread 4.0
      1d:      46 bars (    46 cash) 2026-06-11 -> 2026-08-13   spread 6.0

Wrote /Users/r.john/git/vc-tx2/clean_finsa/
uk100      14/14 passed
ger40      14/14 passed
us500      14/14 passed
us30       14/14 passed
ustech100  14/14 passed
gold       14/14 passed
goldvar    14/14 passed
eurusd     14/14 passed
uk100fut   14/14 passed
uk100sep26 14/14 passed

140/140 checks passed overall.
=== done 2026-08-16T20:01:40Z sync=0 validate=0 build=0 verify=0 ===
