=== sync start 2026-08-18T15:49:26Z ===

=== uk100 (id 16645) -> /Users/r.john/git/vc-tx2/data ===
  minute/mid:
      page 1: 10,000 bars  2026-08-07 05:06:00+00:00 -> 2026-08-18 15:49:00+00:00
      page 2: 10,000 bars  2026-07-28 19:00:00+00:00 -> 2026-08-07 05:05:00+00:00
      page 3:  9,364 bars  2026-07-19 22:08:00+00:00 -> 2026-07-28 18:59:00+00:00
      fetched 29,363 | +1,109 new | store 43,060 bars  2026-07-03 -> 2026-08-18

  minute/bid:
      page 1: 10,000 bars  2026-08-07 05:06:00+00:00 -> 2026-08-18 15:49:00+00:00
      page 2: 10,000 bars  2026-07-28 19:00:00+00:00 -> 2026-08-07 05:05:00+00:00
      page 3:  9,364 bars  2026-07-19 22:08:00+00:00 -> 2026-07-28 18:59:00+00:00
      fetched 29,363 | +52 new | store 43,060 bars  2026-07-03 -> 2026-08-18

  minute/ask:
      page 1: 10,000 bars  2026-08-07 05:06:00+00:00 -> 2026-08-18 15:49:00+00:00
      page 2: 10,000 bars  2026-07-28 19:00:00+00:00 -> 2026-08-07 05:05:00+00:00
      page 3:  9,364 bars  2026-07-19 22:08:00+00:00 -> 2026-07-28 18:59:00+00:00
      fetched 29,363 | +52 new | store 43,060 bars  2026-07-03 -> 2026-08-18

  quarter/mid:
      page 1: 10,000 bars  2026-03-11 01:00:00+00:00 -> 2026-08-18 15:45:00+00:00
      page 2: 10,000 bars  2025-10-01 11:00:00+00:00 -> 2026-03-11 00:45:00+00:00
      page 3:  2,772 bars  2025-08-18 16:00:00+00:00 -> 2025-10-01 10:45:00+00:00
      fetched 22,771 | +75 new | store 23,747 bars  2025-08-03 -> 2026-08-18

  quarter/bid:
      page 1: 10,000 bars  2026-03-11 01:00:00+00:00 -> 2026-08-18 15:45:00+00:00
      page 2: 10,000 bars  2025-10-01 11:00:00+00:00 -> 2026-03-11 00:45:00+00:00
      page 3:  2,772 bars  2025-08-18 16:00:00+00:00 -> 2025-10-01 10:45:00+00:00
      fetched 22,771 | +75 new | store 23,747 bars  2025-08-03 -> 2026-08-18

  quarter/ask:
      page 1: 10,000 bars  2026-03-11 01:00:00+00:00 -> 2026-08-18 15:45:00+00:00
      page 2: 10,000 bars  2025-10-01 11:00:00+00:00 -> 2026-03-11 00:45:00+00:00
      page 3:  2,772 bars  2025-08-18 16:00:00+00:00 -> 2025-10-01 10:45:00+00:00
      fetched 22,771 | +75 new | store 23,747 bars  2025-08-03 -> 2026-08-18

  hour/mid:
      page 1: 10,000 bars  2024-11-18 14:00:00+00:00 -> 2026-08-18 15:00:00+00:00
      page 2:  1,472 bars  2024-08-18 22:00:00+00:00 -> 2024-11-18 13:00:00+00:00
      fetched 11,471 | +19 new | store 11,699 bars  2024-08-04 -> 2026-08-18

  hour/bid:
      page 1: 10,000 bars  2024-11-18 14:00:00+00:00 -> 2026-08-18 15:00:00+00:00
      page 2:  1,472 bars  2024-08-18 22:00:00+00:00 -> 2024-11-18 13:00:00+00:00
      fetched 11,471 | +19 new | store 11,699 bars  2024-08-04 -> 2026-08-18

  hour/ask:
      page 1: 10,000 bars  2024-11-18 14:00:00+00:00 -> 2026-08-18 15:00:00+00:00
      page 2:  1,472 bars  2024-08-18 22:00:00+00:00 -> 2024-11-18 13:00:00+00:00
      fetched 11,471 | +19 new | store 11,699 bars  2024-08-04 -> 2026-08-18

  day/mid:
      page 1:  3,756 bars  2012-03-26 00:00:00+00:00 -> 2026-08-18 00:00:00+00:00
      fetched 3,755 | +1 new | store 3,755 bars  2012-03-26 -> 2026-08-17

  day/bid:
      page 1:  3,756 bars  2012-03-26 00:00:00+00:00 -> 2026-08-18 00:00:00+00:00
      fetched 3,755 | +1 new | store 3,755 bars  2012-03-26 -> 2026-08-17  !! {'open_outside_hl': 2}

  day/ask:
      page 1:  3,756 bars  2012-03-26 00:00:00+00:00 -> 2026-08-18 00:00:00+00:00
      fetched 3,755 | +1 new | store 3,755 bars  2012-03-26 -> 2026-08-17  !! {'close_outside_hl': 2}


=== ger40 (id 17068) -> /Users/r.john/git/vc-tx2/data ===
  minute/mid:
      page 1: 10,000 bars  2026-08-07 05:27:00+00:00 -> 2026-08-18 15:50:00+00:00
      page 2: 10,000 bars  2026-07-28 19:19:00+00:00 -> 2026-08-07 05:26:00+00:00
      page 3:  9,390 bars  2026-07-19 22:03:00+00:00 -> 2026-07-28 19:18:00+00:00
      fetched 29,389 | +1,112 new | store 42,899 bars  2026-07-05 -> 2026-08-18

  minute/bid:
      page 1: 10,000 bars  2026-08-07 05:27:00+00:00 -> 2026-08-18 15:50:00+00:00
      page 2: 10,000 bars  2026-07-28 19:19:00+00:00 -> 2026-08-07 05:26:00+00:00
      page 3:  9,390 bars  2026-07-19 22:03:00+00:00 -> 2026-07-28 19:18:00+00:00
      fetched 29,389 | +1,112 new | store 42,899 bars  2026-07-05 -> 2026-08-18

  minute/ask:
      page 1: 10,000 bars  2026-08-07 05:27:00+00:00 -> 2026-08-18 15:50:00+00:00
      page 2: 10,000 bars  2026-07-28 19:19:00+00:00 -> 2026-08-07 05:26:00+00:00
      page 3:  9,390 bars  2026-07-19 22:03:00+00:00 -> 2026-07-28 19:18:00+00:00
      fetched 29,389 | +1,112 new | store 42,899 bars  2026-07-05 -> 2026-08-18

  quarter/mid:
      page 1: 10,000 bars  2026-03-12 06:15:00+00:00 -> 2026-08-18 15:45:00+00:00
      page 2: 10,000 bars  2025-10-01 14:00:00+00:00 -> 2026-03-12 06:00:00+00:00
      page 3:  2,883 bars  2025-08-18 16:00:00+00:00 -> 2025-10-01 13:45:00+00:00
      fetched 22,882 | +75 new | store 23,780 bars  2025-08-04 -> 2026-08-18

  quarter/bid:
      page 1: 10,000 bars  2026-03-12 06:15:00+00:00 -> 2026-08-18 15:45:00+00:00
      page 2: 10,000 bars  2025-10-01 14:00:00+00:00 -> 2026-03-12 06:00:00+00:00
      page 3:  2,883 bars  2025-08-18 16:00:00+00:00 -> 2025-10-01 13:45:00+00:00
      fetched 22,882 | +75 new | store 23,780 bars  2025-08-04 -> 2026-08-18

  quarter/ask:
      page 1: 10,000 bars  2026-03-12 06:15:00+00:00 -> 2026-08-18 15:45:00+00:00
      page 2: 10,000 bars  2025-10-01 14:00:00+00:00 -> 2026-03-12 06:00:00+00:00
      page 3:  2,883 bars  2025-08-18 16:00:00+00:00 -> 2025-10-01 13:45:00+00:00
      fetched 22,882 | +75 new | store 23,780 bars  2025-08-04 -> 2026-08-18

  hour/mid:
      page 1: 10,000 bars  2024-11-19 17:00:00+00:00 -> 2026-08-18 15:00:00+00:00
      page 2:  1,523 bars  2024-08-18 22:00:00+00:00 -> 2024-11-19 16:00:00+00:00
      fetched 11,522 | +19 new | store 11,750 bars  2024-08-04 -> 2026-08-18

  hour/bid:
      page 1: 10,000 bars  2024-11-19 17:00:00+00:00 -> 2026-08-18 15:00:00+00:00
      page 2:  1,523 bars  2024-08-18 22:00:00+00:00 -> 2024-11-19 16:00:00+00:00
      fetched 11,522 | +18 new | store 11,750 bars  2024-08-04 -> 2026-08-18

  hour/ask:
      page 1: 10,000 bars  2024-11-19 17:00:00+00:00 -> 2026-08-18 15:00:00+00:00
      page 2:  1,523 bars  2024-08-18 22:00:00+00:00 -> 2024-11-19 16:00:00+00:00
      fetched 11,522 | +18 new | store 11,750 bars  2024-08-04 -> 2026-08-18

  day/mid:
      page 1:  3,775 bars  2012-01-30 00:00:00+00:00 -> 2026-08-18 00:00:00+00:00
      fetched 3,774 | +1 new | store 3,774 bars  2012-01-30 -> 2026-08-17

  day/bid:
      page 1:  3,775 bars  2012-01-30 00:00:00+00:00 -> 2026-08-18 00:00:00+00:00
      fetched 3,774 | +1 new | store 3,774 bars  2012-01-30 -> 2026-08-17

  day/ask:
      page 1:  3,775 bars  2012-01-30 00:00:00+00:00 -> 2026-08-18 00:00:00+00:00
      fetched 3,774 | +1 new | store 3,774 bars  2012-01-30 -> 2026-08-17


=== us30 (id 17322) -> /Users/r.john/git/vc-tx2/data ===
  minute/mid:
      page 1: 10,000 bars  2026-08-07 09:09:00+00:00 -> 2026-08-18 15:51:00+00:00
      page 2: 10,000 bars  2026-07-29 02:58:00+00:00 -> 2026-08-07 09:08:00+00:00
      page 3:  9,926 bars  2026-07-19 22:01:00+00:00 -> 2026-07-29 02:57:00+00:00
      fetched 29,925 | +1,131 new | store 43,663 bars  2026-07-05 -> 2026-08-18

  minute/bid:
      page 1: 10,000 bars  2026-08-07 09:09:00+00:00 -> 2026-08-18 15:51:00+00:00
      page 2: 10,000 bars  2026-07-29 02:58:00+00:00 -> 2026-08-07 09:08:00+00:00
      page 3:  9,926 bars  2026-07-19 22:01:00+00:00 -> 2026-07-29 02:57:00+00:00
      fetched 29,925 | +1,131 new | store 43,663 bars  2026-07-05 -> 2026-08-18

  minute/ask:
      page 1: 10,000 bars  2026-08-07 09:09:00+00:00 -> 2026-08-18 15:51:00+00:00
      page 2: 10,000 bars  2026-07-29 02:58:00+00:00 -> 2026-08-07 09:08:00+00:00
      page 3:  9,926 bars  2026-07-19 22:01:00+00:00 -> 2026-07-29 02:57:00+00:00
      fetched 29,925 | +1,131 new | store 43,663 bars  2026-07-05 -> 2026-08-18

  quarter/mid:
      page 1: 10,000 bars  2026-03-17 16:30:00+00:00 -> 2026-08-18 15:45:00+00:00
      page 2: 10,000 bars  2025-10-10 05:30:00+00:00 -> 2026-03-17 16:15:00+00:00
      page 3:  3,516 bars  2025-08-18 16:00:00+00:00 -> 2025-10-10 05:15:00+00:00
      fetched 23,515 | +75 new | store 24,425 bars  2025-08-04 -> 2026-08-18

  quarter/bid:
      page 1: 10,000 bars  2026-03-17 16:30:00+00:00 -> 2026-08-18 15:45:00+00:00
      page 2: 10,000 bars  2025-10-10 05:30:00+00:00 -> 2026-03-17 16:15:00+00:00
      page 3:  3,516 bars  2025-08-18 16:00:00+00:00 -> 2025-10-10 05:15:00+00:00
      fetched 23,515 | +75 new | store 24,425 bars  2025-08-04 -> 2026-08-18

  quarter/ask:
      page 1: 10,000 bars  2026-03-17 16:30:00+00:00 -> 2026-08-18 15:45:00+00:00
      page 2: 10,000 bars  2025-10-10 05:30:00+00:00 -> 2026-03-17 16:15:00+00:00
      page 3:  3,516 bars  2025-08-18 16:00:00+00:00 -> 2025-10-10 05:15:00+00:00
      fetched 23,515 | +75 new | store 24,425 bars  2025-08-04 -> 2026-08-18

  hour/mid:
      page 1: 10,000 bars  2024-12-05 07:00:00+00:00 -> 2026-08-18 15:00:00+00:00
      page 2:  1,791 bars  2024-08-18 22:00:00+00:00 -> 2024-12-05 06:00:00+00:00
      fetched 11,790 | +18 new | store 12,020 bars  2024-08-04 -> 2026-08-18

  hour/bid:
      page 1: 10,000 bars  2024-12-05 07:00:00+00:00 -> 2026-08-18 15:00:00+00:00
      page 2:  1,791 bars  2024-08-18 22:00:00+00:00 -> 2024-12-05 06:00:00+00:00
      fetched 11,790 | +18 new | store 12,020 bars  2024-08-04 -> 2026-08-18

  hour/ask:
      page 1: 10,000 bars  2024-12-05 07:00:00+00:00 -> 2026-08-18 15:00:00+00:00
      page 2:  1,791 bars  2024-08-18 22:00:00+00:00 -> 2024-12-05 06:00:00+00:00
      fetched 11,790 | +18 new | store 12,020 bars  2024-08-04 -> 2026-08-18

  day/mid:
      page 1:  3,848 bars  2012-03-05 00:00:00+00:00 -> 2026-08-18 00:00:00+00:00
      fetched 3,847 | +1 new | store 3,847 bars  2012-03-05 -> 2026-08-17

  day/bid:
      page 1:  3,848 bars  2012-03-05 00:00:00+00:00 -> 2026-08-18 00:00:00+00:00
      fetched 3,847 | +1 new | store 3,847 bars  2012-03-05 -> 2026-08-17

  day/ask:
      page 1:  3,848 bars  2012-03-05 00:00:00+00:00 -> 2026-08-18 00:00:00+00:00
      fetched 3,847 | +1 new | store 3,847 bars  2012-03-05 -> 2026-08-17


=== ustech100 (id 20190) -> /Users/r.john/git/vc-tx2/data ===
  minute/mid:
      page 1: 10,000 bars  2026-08-07 09:11:00+00:00 -> 2026-08-18 15:52:00+00:00
      page 2: 10,000 bars  2026-07-29 03:00:00+00:00 -> 2026-08-07 09:10:00+00:00
      page 3:  9,928 bars  2026-07-19 22:01:00+00:00 -> 2026-07-29 02:59:00+00:00
      fetched 29,927 | +1,132 new | store 43,665 bars  2026-07-05 -> 2026-08-18

  minute/bid:
      page 1: 10,000 bars  2026-08-07 09:11:00+00:00 -> 2026-08-18 15:52:00+00:00
      page 2: 10,000 bars  2026-07-29 03:00:00+00:00 -> 2026-08-07 09:10:00+00:00
      page 3:  9,928 bars  2026-07-19 22:01:00+00:00 -> 2026-07-29 02:59:00+00:00
      fetched 29,927 | +1,132 new | store 43,665 bars  2026-07-05 -> 2026-08-18

  minute/ask:
      page 1: 10,000 bars  2026-08-07 09:12:00+00:00 -> 2026-08-18 15:53:00+00:00
      page 2: 10,000 bars  2026-07-29 03:01:00+00:00 -> 2026-08-07 09:11:00+00:00
      page 3:  9,929 bars  2026-07-19 22:01:00+00:00 -> 2026-07-29 03:00:00+00:00
      fetched 29,928 | +1,133 new | store 43,666 bars  2026-07-05 -> 2026-08-18

  quarter/mid:
      page 1: 10,000 bars  2026-03-17 16:45:00+00:00 -> 2026-08-18 15:45:00+00:00
      page 2: 10,000 bars  2025-10-10 05:30:00+00:00 -> 2026-03-17 16:30:00+00:00
      page 3:  3,516 bars  2025-08-18 16:00:00+00:00 -> 2025-10-10 05:15:00+00:00
      fetched 23,515 | +75 new | store 24,425 bars  2025-08-04 -> 2026-08-18

  quarter/bid:
      page 1: 10,000 bars  2026-03-17 16:45:00+00:00 -> 2026-08-18 15:45:00+00:00
      page 2: 10,000 bars  2025-10-10 05:30:00+00:00 -> 2026-03-17 16:30:00+00:00
      page 3:  3,516 bars  2025-08-18 16:00:00+00:00 -> 2025-10-10 05:15:00+00:00
      fetched 23,515 | +75 new | store 24,425 bars  2025-08-04 -> 2026-08-18

  quarter/ask:
      page 1: 10,000 bars  2026-03-17 16:45:00+00:00 -> 2026-08-18 15:45:00+00:00
      page 2: 10,000 bars  2025-10-10 05:30:00+00:00 -> 2026-03-17 16:30:00+00:00
      page 3:  3,516 bars  2025-08-18 16:00:00+00:00 -> 2025-10-10 05:15:00+00:00
      fetched 23,515 | +75 new | store 24,425 bars  2025-08-04 -> 2026-08-18

  hour/mid:
      page 1: 10,000 bars  2024-12-05 08:00:00+00:00 -> 2026-08-18 15:00:00+00:00
      page 2:  1,792 bars  2024-08-18 22:00:00+00:00 -> 2024-12-05 07:00:00+00:00
      fetched 11,791 | +18 new | store 12,021 bars  2024-08-04 -> 2026-08-18

  hour/bid:
      page 1: 10,000 bars  2024-12-05 08:00:00+00:00 -> 2026-08-18 15:00:00+00:00
      page 2:  1,792 bars  2024-08-18 22:00:00+00:00 -> 2024-12-05 07:00:00+00:00
      fetched 11,791 | +18 new | store 12,021 bars  2024-08-04 -> 2026-08-18

  hour/ask:
      page 1: 10,000 bars  2024-12-05 08:00:00+00:00 -> 2026-08-18 15:00:00+00:00
      page 2:  1,792 bars  2024-08-18 22:00:00+00:00 -> 2024-12-05 07:00:00+00:00
      fetched 11,791 | +18 new | store 12,021 bars  2024-08-04 -> 2026-08-18

  day/mid:
      page 1:  3,848 bars  2012-03-05 00:00:00+00:00 -> 2026-08-18 00:00:00+00:00
      fetched 3,847 | +1 new | store 3,847 bars  2012-03-05 -> 2026-08-17

  day/bid:
      page 1:  3,848 bars  2012-03-05 00:00:00+00:00 -> 2026-08-18 00:00:00+00:00
      fetched 3,847 | +1 new | store 3,847 bars  2012-03-05 -> 2026-08-17

  day/ask:
      page 1:  3,848 bars  2012-03-05 00:00:00+00:00 -> 2026-08-18 00:00:00+00:00
      fetched 3,847 | +1 new | store 3,847 bars  2012-03-05 -> 2026-08-17


=== us500 (id 67995) -> /Users/r.john/git/vc-tx2/data ===
  minute/mid:
      page 1: 10,000 bars  2026-08-07 08:10:00+00:00 -> 2026-08-18 15:53:00+00:00
      page 2: 10,000 bars  2026-07-29 01:58:00+00:00 -> 2026-08-07 08:09:00+00:00
      page 3:  9,862 bars  2026-07-19 22:04:00+00:00 -> 2026-07-29 01:57:00+00:00
      fetched 29,861 | +1,131 new | store 43,599 bars  2026-07-05 -> 2026-08-18

  minute/bid:
      page 1: 10,000 bars  2026-08-07 08:11:00+00:00 -> 2026-08-18 15:54:00+00:00
      page 2: 10,000 bars  2026-07-29 01:59:00+00:00 -> 2026-08-07 08:10:00+00:00
      page 3:  9,863 bars  2026-07-19 22:04:00+00:00 -> 2026-07-29 01:58:00+00:00
      fetched 29,862 | +1,131 new | store 43,600 bars  2026-07-05 -> 2026-08-18

  minute/ask:
      page 1: 10,000 bars  2026-08-07 08:11:00+00:00 -> 2026-08-18 15:54:00+00:00
      page 2: 10,000 bars  2026-07-29 01:59:00+00:00 -> 2026-08-07 08:10:00+00:00
      page 3:  9,863 bars  2026-07-19 22:04:00+00:00 -> 2026-07-29 01:58:00+00:00
      fetched 29,862 | +1,131 new | store 43,600 bars  2026-07-05 -> 2026-08-18

  quarter/mid:
      page 1: 10,000 bars  2026-03-17 15:30:00+00:00 -> 2026-08-18 15:45:00+00:00
      page 2: 10,000 bars  2025-10-10 04:15:00+00:00 -> 2026-03-17 15:15:00+00:00
      page 3:  3,511 bars  2025-08-18 16:00:00+00:00 -> 2025-10-10 04:00:00+00:00
      fetched 23,510 | +75 new | store 24,418 bars  2025-08-04 -> 2026-08-18

  quarter/bid:
      page 1: 10,000 bars  2026-03-17 15:30:00+00:00 -> 2026-08-18 15:45:00+00:00
      page 2: 10,000 bars  2025-10-10 04:15:00+00:00 -> 2026-03-17 15:15:00+00:00
      page 3:  3,511 bars  2025-08-18 16:00:00+00:00 -> 2025-10-10 04:00:00+00:00
      fetched 23,510 | +75 new | store 24,418 bars  2025-08-04 -> 2026-08-18

  quarter/ask:
      page 1: 10,000 bars  2026-03-17 15:30:00+00:00 -> 2026-08-18 15:45:00+00:00
      page 2: 10,000 bars  2025-10-10 04:15:00+00:00 -> 2026-03-17 15:15:00+00:00
      page 3:  3,511 bars  2025-08-18 16:00:00+00:00 -> 2025-10-10 04:00:00+00:00
      fetched 23,510 | +75 new | store 24,418 bars  2025-08-04 -> 2026-08-18

  hour/mid:
      page 1: 10,000 bars  2024-12-05 07:00:00+00:00 -> 2026-08-18 15:00:00+00:00
      page 2:  1,791 bars  2024-08-18 22:00:00+00:00 -> 2024-12-05 06:00:00+00:00
      fetched 11,790 | +18 new | store 12,020 bars  2024-08-04 -> 2026-08-18

  hour/bid:
      page 1: 10,000 bars  2024-12-05 07:00:00+00:00 -> 2026-08-18 15:00:00+00:00
      page 2:  1,791 bars  2024-08-18 22:00:00+00:00 -> 2024-12-05 06:00:00+00:00
      fetched 11,790 | +18 new | store 12,020 bars  2024-08-04 -> 2026-08-18

  hour/ask:
      page 1: 10,000 bars  2024-12-05 07:00:00+00:00 -> 2026-08-18 15:00:00+00:00
      page 2:  1,791 bars  2024-08-18 22:00:00+00:00 -> 2024-12-05 06:00:00+00:00
      fetched 11,790 | +18 new | store 12,020 bars  2024-08-04 -> 2026-08-18

  day/mid:
      page 1:  3,841 bars  2012-03-13 00:00:00+00:00 -> 2026-08-18 00:00:00+00:00
      fetched 3,840 | +1 new | store 3,840 bars  2012-03-13 -> 2026-08-17

  day/bid:
      page 1:  3,841 bars  2012-03-13 00:00:00+00:00 -> 2026-08-18 00:00:00+00:00
      fetched 3,840 | +1 new | store 3,840 bars  2012-03-13 -> 2026-08-17

  day/ask:
      page 1:  3,841 bars  2012-03-13 00:00:00+00:00 -> 2026-08-18 00:00:00+00:00
      fetched 3,840 | +1 new | store 3,840 bars  2012-03-13 -> 2026-08-17


=== gold (id 68924) -> /Users/r.john/git/vc-tx2/data ===
  minute/mid:
      page 1: 10,000 bars  2026-08-07 10:05:00+00:00 -> 2026-08-18 15:55:00+00:00
      page 2: 10,000 bars  2026-07-29 04:16:00+00:00 -> 2026-08-07 10:04:00+00:00
      page 3: 10,000 bars  2026-07-19 22:27:00+00:00 -> 2026-07-29 04:15:00+00:00
      page 4:     22 bars  2026-07-19 22:05:00+00:00 -> 2026-07-19 22:26:00+00:00
      fetched 30,021 | +1,133 new | store 43,807 bars  2026-07-05 -> 2026-08-18

  minute/bid:
      page 1: 10,000 bars  2026-08-07 10:05:00+00:00 -> 2026-08-18 15:55:00+00:00
      page 2: 10,000 bars  2026-07-29 04:16:00+00:00 -> 2026-08-07 10:04:00+00:00
      page 3: 10,000 bars  2026-07-19 22:27:00+00:00 -> 2026-07-29 04:15:00+00:00
      page 4:     22 bars  2026-07-19 22:05:00+00:00 -> 2026-07-19 22:26:00+00:00
      fetched 30,021 | +1,133 new | store 43,807 bars  2026-07-05 -> 2026-08-18

  minute/ask:
      page 1: 10,000 bars  2026-08-07 10:05:00+00:00 -> 2026-08-18 15:55:00+00:00
      page 2: 10,000 bars  2026-07-29 04:16:00+00:00 -> 2026-08-07 10:04:00+00:00
      page 3: 10,000 bars  2026-07-19 22:27:00+00:00 -> 2026-07-29 04:15:00+00:00
      page 4:     22 bars  2026-07-19 22:05:00+00:00 -> 2026-07-19 22:26:00+00:00
      fetched 30,021 | +1,133 new | store 43,807 bars  2026-07-05 -> 2026-08-18

  quarter/mid:
      page 1: 10,000 bars  2026-03-17 12:30:00+00:00 -> 2026-08-18 15:45:00+00:00
      page 2: 10,000 bars  2025-10-13 05:45:00+00:00 -> 2026-03-17 12:15:00+00:00
      page 3:  3,629 bars  2025-08-18 16:00:00+00:00 -> 2025-10-13 05:30:00+00:00
      fetched 23,628 | +75 new | store 24,542 bars  2025-08-04 -> 2026-08-18

  quarter/bid:
      page 1: 10,000 bars  2026-03-17 12:30:00+00:00 -> 2026-08-18 15:45:00+00:00
      page 2: 10,000 bars  2025-10-13 05:45:00+00:00 -> 2026-03-17 12:15:00+00:00
      page 3:  3,629 bars  2025-08-18 16:00:00+00:00 -> 2025-10-13 05:30:00+00:00
      fetched 23,628 | +75 new | store 24,542 bars  2025-08-04 -> 2026-08-18

  quarter/ask:
      page 1: 10,000 bars  2026-03-17 12:30:00+00:00 -> 2026-08-18 15:45:00+00:00
      page 2: 10,000 bars  2025-10-13 05:45:00+00:00 -> 2026-03-17 12:15:00+00:00
      page 3:  3,629 bars  2025-08-18 16:00:00+00:00 -> 2025-10-13 05:30:00+00:00
      fetched 23,628 | +75 new | store 24,542 bars  2025-08-04 -> 2026-08-18

  hour/mid:
      page 1: 10,000 bars  2024-12-06 07:00:00+00:00 -> 2026-08-18 15:00:00+00:00
      page 2:  1,817 bars  2024-08-18 22:00:00+00:00 -> 2024-12-06 06:00:00+00:00
      fetched 11,816 | +18 new | store 12,046 bars  2024-08-04 -> 2026-08-18

  hour/bid:
      page 1: 10,000 bars  2024-12-06 07:00:00+00:00 -> 2026-08-18 15:00:00+00:00
      page 2:  1,817 bars  2024-08-18 22:00:00+00:00 -> 2024-12-06 06:00:00+00:00
      fetched 11,816 | +18 new | store 12,046 bars  2024-08-04 -> 2026-08-18

  hour/ask:
      page 1: 10,000 bars  2024-12-06 07:00:00+00:00 -> 2026-08-18 15:00:00+00:00
      page 2:  1,817 bars  2024-08-18 22:00:00+00:00 -> 2024-12-06 06:00:00+00:00
      fetched 11,816 | +18 new | store 12,046 bars  2024-08-04 -> 2026-08-18

  day/mid:
      page 1:  3,846 bars  2011-12-30 00:00:00+00:00 -> 2026-08-18 00:00:00+00:00
      fetched 3,845 | +1 new | store 3,845 bars  2011-12-30 -> 2026-08-17

  day/bid:
      page 1:  3,846 bars  2011-12-30 00:00:00+00:00 -> 2026-08-18 00:00:00+00:00
      fetched 3,845 | +1 new | store 3,845 bars  2011-12-30 -> 2026-08-17

  day/ask:
      page 1:  3,846 bars  2011-12-30 00:00:00+00:00 -> 2026-08-18 00:00:00+00:00
      fetched 3,845 | +1 new | store 3,845 bars  2011-12-30 -> 2026-08-17


=== goldvar (id 72302) -> /Users/r.john/git/vc-tx2/data ===
  minute/mid:
      page 1: 10,000 bars  2026-08-07 10:06:00+00:00 -> 2026-08-18 15:56:00+00:00
      page 2: 10,000 bars  2026-07-29 04:17:00+00:00 -> 2026-08-07 10:05:00+00:00
      page 3: 10,000 bars  2026-07-19 22:28:00+00:00 -> 2026-07-29 04:16:00+00:00
      page 4:     23 bars  2026-07-19 22:05:00+00:00 -> 2026-07-19 22:27:00+00:00
      fetched 30,022 | +1,134 new | store 43,808 bars  2026-07-05 -> 2026-08-18

  minute/bid:
      page 1: 10,000 bars  2026-08-07 10:06:00+00:00 -> 2026-08-18 15:56:00+00:00
      page 2: 10,000 bars  2026-07-29 04:17:00+00:00 -> 2026-08-07 10:05:00+00:00
      page 3: 10,000 bars  2026-07-19 22:28:00+00:00 -> 2026-07-29 04:16:00+00:00
      page 4:     23 bars  2026-07-19 22:05:00+00:00 -> 2026-07-19 22:27:00+00:00
      fetched 30,022 | +1,134 new | store 43,808 bars  2026-07-05 -> 2026-08-18

  minute/ask:
      page 1: 10,000 bars  2026-08-07 10:06:00+00:00 -> 2026-08-18 15:56:00+00:00
      page 2: 10,000 bars  2026-07-29 04:17:00+00:00 -> 2026-08-07 10:05:00+00:00
      page 3: 10,000 bars  2026-07-19 22:28:00+00:00 -> 2026-07-29 04:16:00+00:00
      page 4:     23 bars  2026-07-19 22:05:00+00:00 -> 2026-07-19 22:27:00+00:00
      fetched 30,022 | +1,133 new | store 43,808 bars  2026-07-05 -> 2026-08-18

  quarter/mid:
      page 1: 10,000 bars  2026-03-17 12:30:00+00:00 -> 2026-08-18 15:45:00+00:00
      page 2: 10,000 bars  2025-10-13 05:45:00+00:00 -> 2026-03-17 12:15:00+00:00
      page 3:  3,629 bars  2025-08-18 16:00:00+00:00 -> 2025-10-13 05:30:00+00:00
      fetched 23,628 | +75 new | store 24,542 bars  2025-08-04 -> 2026-08-18

  quarter/bid:
      page 1: 10,000 bars  2026-03-17 12:30:00+00:00 -> 2026-08-18 15:45:00+00:00
      page 2: 10,000 bars  2025-10-13 05:45:00+00:00 -> 2026-03-17 12:15:00+00:00
      page 3:  3,629 bars  2025-08-18 16:00:00+00:00 -> 2025-10-13 05:30:00+00:00
      fetched 23,628 | +75 new | store 24,542 bars  2025-08-04 -> 2026-08-18

  quarter/ask:
      page 1: 10,000 bars  2026-03-17 12:30:00+00:00 -> 2026-08-18 15:45:00+00:00
      page 2: 10,000 bars  2025-10-13 05:45:00+00:00 -> 2026-03-17 12:15:00+00:00
      page 3:  3,629 bars  2025-08-18 16:00:00+00:00 -> 2025-10-13 05:30:00+00:00
      fetched 23,628 | +75 new | store 24,542 bars  2025-08-04 -> 2026-08-18

  hour/mid:
      page 1: 10,000 bars  2024-12-06 07:00:00+00:00 -> 2026-08-18 15:00:00+00:00
      page 2:  1,817 bars  2024-08-18 22:00:00+00:00 -> 2024-12-06 06:00:00+00:00
      fetched 11,816 | +18 new | store 12,046 bars  2024-08-04 -> 2026-08-18

  hour/bid:
      page 1: 10,000 bars  2024-12-06 07:00:00+00:00 -> 2026-08-18 15:00:00+00:00
      page 2:  1,817 bars  2024-08-18 22:00:00+00:00 -> 2024-12-06 06:00:00+00:00
      fetched 11,816 | +18 new | store 12,046 bars  2024-08-04 -> 2026-08-18

  hour/ask:
      page 1: 10,000 bars  2024-12-06 07:00:00+00:00 -> 2026-08-18 15:00:00+00:00
      page 2:  1,817 bars  2024-08-18 22:00:00+00:00 -> 2024-12-06 06:00:00+00:00
      fetched 11,816 | +18 new | store 12,046 bars  2024-08-04 -> 2026-08-18

  day/mid:
      page 1:  3,846 bars  2011-12-30 00:00:00+00:00 -> 2026-08-18 00:00:00+00:00
      fetched 3,845 | +1 new | store 3,845 bars  2011-12-30 -> 2026-08-17

  day/bid:
      page 1:  3,846 bars  2011-12-30 00:00:00+00:00 -> 2026-08-18 00:00:00+00:00
      fetched 3,845 | +1 new | store 3,845 bars  2011-12-30 -> 2026-08-17

  day/ask:
      page 1:  3,846 bars  2011-12-30 00:00:00+00:00 -> 2026-08-18 00:00:00+00:00
      fetched 3,845 | +1 new | store 3,845 bars  2011-12-30 -> 2026-08-17


=== eurusd (id 16635) -> /Users/r.john/git/vc-tx2/data ===
  minute/mid:
      page 1: 10,000 bars  2026-08-07 15:29:00+00:00 -> 2026-08-18 15:57:00+00:00
      page 2: 10,000 bars  2026-07-29 15:55:00+00:00 -> 2026-08-07 15:28:00+00:00
      page 3: 10,000 bars  2026-07-20 15:47:00+00:00 -> 2026-07-29 15:54:00+00:00
      page 4:  1,117 bars  2026-07-19 21:05:00+00:00 -> 2026-07-20 15:46:00+00:00
      fetched 31,116 | +1,182 new | store 45,400 bars  2026-07-05 -> 2026-08-18

  minute/bid:
      page 1: 10,000 bars  2026-08-07 15:29:00+00:00 -> 2026-08-18 15:57:00+00:00
      page 2: 10,000 bars  2026-07-29 15:55:00+00:00 -> 2026-08-07 15:28:00+00:00
      page 3: 10,000 bars  2026-07-20 15:47:00+00:00 -> 2026-07-29 15:54:00+00:00
      page 4:  1,117 bars  2026-07-19 21:05:00+00:00 -> 2026-07-20 15:46:00+00:00
      fetched 31,116 | +1,182 new | store 45,400 bars  2026-07-05 -> 2026-08-18

  minute/ask:
      page 1: 10,000 bars  2026-08-07 15:29:00+00:00 -> 2026-08-18 15:57:00+00:00
      page 2: 10,000 bars  2026-07-29 15:55:00+00:00 -> 2026-08-07 15:28:00+00:00
      page 3: 10,000 bars  2026-07-20 15:47:00+00:00 -> 2026-07-29 15:54:00+00:00
      page 4:  1,117 bars  2026-07-19 21:05:00+00:00 -> 2026-07-20 15:46:00+00:00
      fetched 31,116 | +1,182 new | store 45,400 bars  2026-07-05 -> 2026-08-18

  quarter/mid:
      page 1: 10,000 bars  2026-03-25 03:15:00+00:00 -> 2026-08-18 15:45:00+00:00
      page 2: 10,000 bars  2025-10-27 20:00:00+00:00 -> 2026-03-25 03:00:00+00:00
      page 3:  4,816 bars  2025-08-18 16:00:00+00:00 -> 2025-10-27 19:45:00+00:00
      fetched 24,815 | +79 new | store 25,769 bars  2025-08-04 -> 2026-08-18

  quarter/bid:
      page 1: 10,000 bars  2026-03-25 03:15:00+00:00 -> 2026-08-18 15:45:00+00:00
      page 2: 10,000 bars  2025-10-27 20:00:00+00:00 -> 2026-03-25 03:00:00+00:00
      page 3:  4,816 bars  2025-08-18 16:00:00+00:00 -> 2025-10-27 19:45:00+00:00
      fetched 24,815 | +79 new | store 25,769 bars  2025-08-04 -> 2026-08-18

  quarter/ask:
      page 1: 10,000 bars  2026-03-25 03:15:00+00:00 -> 2026-08-18 15:45:00+00:00
      page 2: 10,000 bars  2025-10-27 20:00:00+00:00 -> 2026-03-25 03:00:00+00:00
      page 3:  4,816 bars  2025-08-18 16:00:00+00:00 -> 2025-10-27 19:45:00+00:00
      fetched 24,815 | +79 new | store 25,769 bars  2025-08-04 -> 2026-08-18

  hour/mid:
      page 1: 10,000 bars  2025-01-07 14:00:00+00:00 -> 2026-08-18 15:00:00+00:00
      page 2:  2,389 bars  2024-08-18 21:00:00+00:00 -> 2025-01-07 13:00:00+00:00
      fetched 12,388 | +19 new | store 12,628 bars  2024-08-04 -> 2026-08-18

  hour/bid:
      page 1: 10,000 bars  2025-01-07 14:00:00+00:00 -> 2026-08-18 15:00:00+00:00
      page 2:  2,389 bars  2024-08-18 21:00:00+00:00 -> 2025-01-07 13:00:00+00:00
      fetched 12,388 | +19 new | store 12,628 bars  2024-08-04 -> 2026-08-18

  hour/ask:
      page 1: 10,000 bars  2025-01-07 14:00:00+00:00 -> 2026-08-18 15:00:00+00:00
      page 2:  2,389 bars  2024-08-18 21:00:00+00:00 -> 2025-01-07 13:00:00+00:00
      fetched 12,388 | +19 new | store 12,628 bars  2024-08-04 -> 2026-08-18

  day/mid:
      page 1:  7,450 bars  1999-01-04 00:00:00+00:00 -> 2026-08-18 00:00:00+00:00
      fetched 7,449 | +1 new | store 7,449 bars  1999-01-04 -> 2026-08-17

  day/bid:
      page 1:  7,450 bars  1999-01-04 00:00:00+00:00 -> 2026-08-18 00:00:00+00:00
      fetched 7,449 | +1 new | store 7,449 bars  1999-01-04 -> 2026-08-17

  day/ask:
      page 1:  7,450 bars  1999-01-04 00:00:00+00:00 -> 2026-08-18 00:00:00+00:00
      fetched 7,449 | +1 new | store 7,449 bars  1999-01-04 -> 2026-08-17


=== uk100fut (id 70152) -> /Users/r.john/git/vc-tx2/data ===
  minute/mid:
      page 1: 10,000 bars  2026-08-07 04:53:00+00:00 -> 2026-08-18 15:58:00+00:00
      page 2: 10,000 bars  2026-07-28 18:45:00+00:00 -> 2026-08-07 04:52:00+00:00
      page 3:  9,315 bars  2026-07-19 22:42:00+00:00 -> 2026-07-28 18:44:00+00:00
      fetched 29,314 | +53 new | store 36,068 bars  2026-07-12 -> 2026-08-18

  minute/bid:
      page 1: 10,000 bars  2026-08-07 04:53:00+00:00 -> 2026-08-18 15:58:00+00:00
      page 2: 10,000 bars  2026-07-28 18:45:00+00:00 -> 2026-08-07 04:52:00+00:00
      page 3:  9,315 bars  2026-07-19 22:42:00+00:00 -> 2026-07-28 18:44:00+00:00
      fetched 29,314 | +1,115 new | store 36,068 bars  2026-07-12 -> 2026-08-18

  minute/ask:
      page 1: 10,000 bars  2026-08-07 04:53:00+00:00 -> 2026-08-18 15:58:00+00:00
      page 2: 10,000 bars  2026-07-28 18:45:00+00:00 -> 2026-08-07 04:52:00+00:00
      page 3:  9,315 bars  2026-07-19 22:42:00+00:00 -> 2026-07-28 18:44:00+00:00
      fetched 29,314 | +1,115 new | store 36,068 bars  2026-07-12 -> 2026-08-18

  quarter/mid:
      page 1: 10,000 bars  2026-03-11 00:30:00+00:00 -> 2026-08-18 15:45:00+00:00
      page 2: 10,000 bars  2025-10-01 10:45:00+00:00 -> 2026-03-11 00:15:00+00:00
      page 3:  2,771 bars  2025-08-18 16:00:00+00:00 -> 2025-10-01 10:30:00+00:00
      fetched 22,770 | +74 new | store 23,294 bars  2025-08-10 -> 2026-08-18

  quarter/bid:
      page 1: 10,000 bars  2026-03-11 00:30:00+00:00 -> 2026-08-18 15:45:00+00:00
      page 2: 10,000 bars  2025-10-01 10:45:00+00:00 -> 2026-03-11 00:15:00+00:00
      page 3:  2,771 bars  2025-08-18 16:00:00+00:00 -> 2025-10-01 10:30:00+00:00
      fetched 22,770 | +74 new | store 23,294 bars  2025-08-10 -> 2026-08-18

  quarter/ask:
      page 1: 10,000 bars  2026-03-11 00:30:00+00:00 -> 2026-08-18 15:45:00+00:00
      page 2: 10,000 bars  2025-10-01 10:45:00+00:00 -> 2026-03-11 00:15:00+00:00
      page 3:  2,771 bars  2025-08-18 16:00:00+00:00 -> 2025-10-01 10:30:00+00:00
      fetched 22,770 | +74 new | store 23,294 bars  2025-08-10 -> 2026-08-18

  hour/mid:
      page 1: 10,000 bars  2024-11-18 03:00:00+00:00 -> 2026-08-18 15:00:00+00:00
      page 2:  1,461 bars  2024-08-18 22:00:00+00:00 -> 2024-11-18 02:00:00+00:00
      fetched 11,460 | +18 new | store 11,574 bars  2024-08-11 -> 2026-08-18

  hour/bid:
      page 1: 10,000 bars  2024-11-18 03:00:00+00:00 -> 2026-08-18 15:00:00+00:00
      page 2:  1,461 bars  2024-08-18 22:00:00+00:00 -> 2024-11-18 02:00:00+00:00
      fetched 11,460 | +18 new | store 11,574 bars  2024-08-11 -> 2026-08-18

  hour/ask:
      page 1: 10,000 bars  2024-11-18 03:00:00+00:00 -> 2026-08-18 15:00:00+00:00
      page 2:  1,461 bars  2024-08-18 22:00:00+00:00 -> 2024-11-18 02:00:00+00:00
      fetched 11,460 | +18 new | store 11,574 bars  2024-08-11 -> 2026-08-18

  day/mid:
      page 1:  1,293 bars  2021-07-05 00:00:00+00:00 -> 2026-08-18 00:00:00+00:00
      fetched 1,292 | +1 new | store 1,292 bars  2021-07-05 -> 2026-08-17

  day/bid:
      page 1:  1,293 bars  2021-07-05 00:00:00+00:00 -> 2026-08-18 00:00:00+00:00
      fetched 1,292 | +1 new | store 1,292 bars  2021-07-05 -> 2026-08-17  !! {'open_outside_hl': 1}

  day/ask:
      page 1:  1,293 bars  2021-07-05 00:00:00+00:00 -> 2026-08-18 00:00:00+00:00
      fetched 1,292 | +1 new | store 1,292 bars  2021-07-05 -> 2026-08-17  !! {'close_outside_hl': 1}


=== uk100sep26 (id 72516) -> /Users/r.john/git/vc-tx2/data ===
  minute/mid:
      page 1: 10,000 bars  2026-08-07 04:54:00+00:00 -> 2026-08-18 15:59:00+00:00
      page 2: 10,000 bars  2026-07-28 18:46:00+00:00 -> 2026-08-07 04:53:00+00:00
      page 3:  9,316 bars  2026-07-19 22:42:00+00:00 -> 2026-07-28 18:45:00+00:00
      fetched 29,315 | +1,115 new | store 36,069 bars  2026-07-12 -> 2026-08-18

  minute/bid:
      page 1: 10,000 bars  2026-08-07 04:55:00+00:00 -> 2026-08-18 16:00:00+00:00
      page 2: 10,000 bars  2026-07-28 18:47:00+00:00 -> 2026-08-07 04:54:00+00:00
      page 3:  9,317 bars  2026-07-19 22:42:00+00:00 -> 2026-07-28 18:46:00+00:00
      fetched 29,316 | +1,116 new | store 36,070 bars  2026-07-12 -> 2026-08-18

  minute/ask:
      page 1: 10,000 bars  2026-08-07 04:55:00+00:00 -> 2026-08-18 16:00:00+00:00
      page 2: 10,000 bars  2026-07-28 18:47:00+00:00 -> 2026-08-07 04:54:00+00:00
      page 3:  9,317 bars  2026-07-19 22:42:00+00:00 -> 2026-07-28 18:46:00+00:00
      fetched 29,316 | +1,116 new | store 36,070 bars  2026-07-12 -> 2026-08-18

  quarter/mid:
      page 1:  4,331 bars  2026-06-11 17:30:00+00:00 -> 2026-08-18 16:00:00+00:00
      fetched 4,330 | +75 new | store 4,330 bars  2026-06-11 -> 2026-08-18

  quarter/bid:
      page 1:  4,331 bars  2026-06-11 17:30:00+00:00 -> 2026-08-18 16:00:00+00:00
      fetched 4,330 | +75 new | store 4,330 bars  2026-06-11 -> 2026-08-18

  quarter/ask:
      page 1:  4,331 bars  2026-06-11 17:30:00+00:00 -> 2026-08-18 16:00:00+00:00
      fetched 4,330 | +75 new | store 4,330 bars  2026-06-11 -> 2026-08-18

  hour/mid:
      page 1:  1,094 bars  2026-06-11 17:00:00+00:00 -> 2026-08-18 16:00:00+00:00
      fetched 1,093 | +19 new | store 1,093 bars  2026-06-11 -> 2026-08-18

  hour/bid:
      page 1:  1,094 bars  2026-06-11 17:00:00+00:00 -> 2026-08-18 16:00:00+00:00
      fetched 1,093 | +19 new | store 1,093 bars  2026-06-11 -> 2026-08-18

  hour/ask:
      page 1:  1,094 bars  2026-06-11 17:00:00+00:00 -> 2026-08-18 16:00:00+00:00
      fetched 1,093 | +19 new | store 1,093 bars  2026-06-11 -> 2026-08-18

  day/mid:
      page 1:     49 bars  2026-06-11 00:00:00+00:00 -> 2026-08-18 00:00:00+00:00
      fetched 48 | +1 new | store 48 bars  2026-06-11 -> 2026-08-17

  day/bid:
      page 1:     49 bars  2026-06-11 00:00:00+00:00 -> 2026-08-18 00:00:00+00:00
      fetched 48 | +1 new | store 48 bars  2026-06-11 -> 2026-08-17

  day/ask:
      page 1:     49 bars  2026-06-11 00:00:00+00:00 -> 2026-08-18 00:00:00+00:00
      fetched 48 | +1 new | store 48 bars  2026-06-11 -> 2026-08-17


Done. `python3 collect.py status` for a summary.
     instr    feed side  bars       from         to  sessions  vol=0 %        last sync
     uk100  minute  mid 43060 2026-07-03 2026-08-18        40      0.0 2026-08-18T15:49
     uk100  minute  bid 43070 2026-07-03 2026-08-18        40      0.0 2026-08-18T15:49
     uk100  minute  ask 43070 2026-07-03 2026-08-18        40      0.0 2026-08-18T15:49
     uk100 quarter  mid 23747 2025-08-03 2026-08-18       315      0.0 2026-08-18T15:49
     uk100 quarter  bid 23747 2025-08-03 2026-08-18       315      0.0 2026-08-18T15:49
     uk100 quarter  ask 23747 2025-08-03 2026-08-18       315      0.0 2026-08-18T15:50
     uk100    hour  mid 11699 2024-08-04 2026-08-18       617      0.0 2026-08-18T15:50
     uk100    hour  bid 11699 2024-08-04 2026-08-18       617      0.0 2026-08-18T15:50
     uk100    hour  ask 11699 2024-08-04 2026-08-18       617      0.0 2026-08-18T15:50
     uk100     day  mid  3755 2012-03-26 2026-08-17      3755     59.8 2026-08-18T15:50
     uk100     day  bid  3755 2012-03-26 2026-08-17      3755     59.8 2026-08-18T15:50
     uk100     day  ask  3755 2012-03-26 2026-08-17      3755     59.8 2026-08-18T15:50
     ger40  minute  mid 42899 2026-07-05 2026-08-18        39      0.0 2026-08-18T15:50
     ger40  minute  bid 42899 2026-07-05 2026-08-18        39      0.0 2026-08-18T15:50
     ger40  minute  ask 42899 2026-07-05 2026-08-18        39      0.0 2026-08-18T15:50
     ger40 quarter  mid 23780 2025-08-04 2026-08-18       318      0.0 2026-08-18T15:50
     ger40 quarter  bid 23780 2025-08-04 2026-08-18       318      0.0 2026-08-18T15:50
     ger40 quarter  ask 23780 2025-08-04 2026-08-18       318      0.0 2026-08-18T15:51
     ger40    hour  mid 11750 2024-08-04 2026-08-18       625      0.0 2026-08-18T15:51
     ger40    hour  bid 11750 2024-08-04 2026-08-18       625      0.0 2026-08-18T15:51
     ger40    hour  ask 11750 2024-08-04 2026-08-18       625      0.0 2026-08-18T15:51
     ger40     day  mid  3774 2012-01-30 2026-08-17      3774     60.1 2026-08-18T15:51
     ger40     day  bid  3774 2012-01-30 2026-08-17      3774     60.1 2026-08-18T15:51
     ger40     day  ask  3774 2012-01-30 2026-08-17      3774     60.1 2026-08-18T15:51
      us30  minute  mid 43663 2026-07-05 2026-08-18        39      0.0 2026-08-18T15:51
      us30  minute  bid 43663 2026-07-05 2026-08-18        39      0.0 2026-08-18T15:51
      us30  minute  ask 43663 2026-07-05 2026-08-18        39      0.0 2026-08-18T15:52
      us30 quarter  mid 24425 2025-08-04 2026-08-18       326      0.0 2026-08-18T15:52
      us30 quarter  bid 24425 2025-08-04 2026-08-18       326      0.0 2026-08-18T15:52
      us30 quarter  ask 24425 2025-08-04 2026-08-18       326      0.0 2026-08-18T15:52
      us30    hour  mid 12020 2024-08-04 2026-08-18       638      0.0 2026-08-18T15:52
      us30    hour  bid 12020 2024-08-04 2026-08-18       638      0.0 2026-08-18T15:52
      us30    hour  ask 12020 2024-08-04 2026-08-18       638      0.0 2026-08-18T15:52
      us30     day  mid  3847 2012-03-05 2026-08-17      3847     60.8 2026-08-18T15:52
      us30     day  bid  3847 2012-03-05 2026-08-17      3847     60.8 2026-08-18T15:52
      us30     day  ask  3847 2012-03-05 2026-08-17      3847     60.8 2026-08-18T15:52
 ustech100  minute  mid 43665 2026-07-05 2026-08-18        39      0.0 2026-08-18T15:52
 ustech100  minute  bid 43665 2026-07-05 2026-08-18        39      0.0 2026-08-18T15:53
 ustech100  minute  ask 43666 2026-07-05 2026-08-18        39      0.0 2026-08-18T15:53
 ustech100 quarter  mid 24425 2025-08-04 2026-08-18       326      0.0 2026-08-18T15:53
 ustech100 quarter  bid 24425 2025-08-04 2026-08-18       326      0.0 2026-08-18T15:53
 ustech100 quarter  ask 24425 2025-08-04 2026-08-18       326      0.0 2026-08-18T15:53
 ustech100    hour  mid 12021 2024-08-04 2026-08-18       638      0.0 2026-08-18T15:53
 ustech100    hour  bid 12021 2024-08-04 2026-08-18       638      0.0 2026-08-18T15:53
 ustech100    hour  ask 12021 2024-08-04 2026-08-18       638      0.0 2026-08-18T15:53
 ustech100     day  mid  3847 2012-03-05 2026-08-17      3847     60.9 2026-08-18T15:53
 ustech100     day  bid  3847 2012-03-05 2026-08-17      3847     60.9 2026-08-18T15:53
 ustech100     day  ask  3847 2012-03-05 2026-08-17      3847     60.9 2026-08-18T15:53
     us500  minute  mid 43599 2026-07-05 2026-08-18        39      0.0 2026-08-18T15:54
     us500  minute  bid 43600 2026-07-05 2026-08-18        39      0.0 2026-08-18T15:54
     us500  minute  ask 43600 2026-07-05 2026-08-18        39      0.0 2026-08-18T15:54
     us500 quarter  mid 24418 2025-08-04 2026-08-18       326      0.0 2026-08-18T15:54
     us500 quarter  bid 24418 2025-08-04 2026-08-18       326      0.0 2026-08-18T15:54
     us500 quarter  ask 24418 2025-08-04 2026-08-18       326      0.0 2026-08-18T15:55
     us500    hour  mid 12020 2024-08-04 2026-08-18       638      0.0 2026-08-18T15:55
     us500    hour  bid 12020 2024-08-04 2026-08-18       638      0.0 2026-08-18T15:55
     us500    hour  ask 12020 2024-08-04 2026-08-18       638      0.0 2026-08-18T15:55
     us500     day  mid  3840 2012-03-13 2026-08-17      3840     60.8 2026-08-18T15:55
     us500     day  bid  3840 2012-03-13 2026-08-17      3840     60.8 2026-08-18T15:55
     us500     day  ask  3840 2012-03-13 2026-08-17      3840     60.8 2026-08-18T15:55
      gold  minute  mid 43807 2026-07-05 2026-08-18        39      0.0 2026-08-18T15:55
      gold  minute  bid 43807 2026-07-05 2026-08-18        39      0.0 2026-08-18T15:55
      gold  minute  ask 43807 2026-07-05 2026-08-18        39      0.0 2026-08-18T15:55
      gold quarter  mid 24542 2025-08-04 2026-08-18       325      0.0 2026-08-18T15:55
      gold quarter  bid 24542 2025-08-04 2026-08-18       325      0.0 2026-08-18T15:55
      gold quarter  ask 24542 2025-08-04 2026-08-18       325      0.0 2026-08-18T15:55
      gold    hour  mid 12046 2024-08-04 2026-08-18       637      0.0 2026-08-18T15:55
      gold    hour  bid 12046 2024-08-04 2026-08-18       637      0.0 2026-08-18T15:56
      gold    hour  ask 12046 2024-08-04 2026-08-18       637      0.0 2026-08-18T15:56
      gold     day  mid  3845 2011-12-30 2026-08-17      3845     60.9 2026-08-18T15:56
      gold     day  bid  3845 2011-12-30 2026-08-17      3845     60.9 2026-08-18T15:56
      gold     day  ask  3845 2011-12-30 2026-08-17      3845     60.9 2026-08-18T15:56
   goldvar  minute  mid 43808 2026-07-05 2026-08-18        39      0.0 2026-08-18T15:56
   goldvar  minute  bid 43808 2026-07-05 2026-08-18        39      0.0 2026-08-18T15:56
   goldvar  minute  ask 43808 2026-07-05 2026-08-18        39      0.0 2026-08-18T15:56
   goldvar quarter  mid 24542 2025-08-04 2026-08-18       325      0.0 2026-08-18T15:56
   goldvar quarter  bid 24542 2025-08-04 2026-08-18       325      0.0 2026-08-18T15:56
   goldvar quarter  ask 24542 2025-08-04 2026-08-18       325      0.0 2026-08-18T15:56
   goldvar    hour  mid 12046 2024-08-04 2026-08-18       637      0.0 2026-08-18T15:56
   goldvar    hour  bid 12046 2024-08-04 2026-08-18       637      0.0 2026-08-18T15:56
   goldvar    hour  ask 12046 2024-08-04 2026-08-18       637      0.0 2026-08-18T15:56
   goldvar     day  mid  3845 2011-12-30 2026-08-17      3845     60.9 2026-08-18T15:56
   goldvar     day  bid  3845 2011-12-30 2026-08-17      3845     60.9 2026-08-18T15:56
   goldvar     day  ask  3845 2011-12-30 2026-08-17      3845     60.9 2026-08-18T15:57
    eurusd  minute  mid 45400 2026-07-05 2026-08-18        39      0.0 2026-08-18T15:57
    eurusd  minute  bid 45400 2026-07-05 2026-08-18        39      0.0 2026-08-18T15:57
    eurusd  minute  ask 45400 2026-07-05 2026-08-18        39      0.0 2026-08-18T15:57
    eurusd quarter  mid 25769 2025-08-04 2026-08-18       326      0.0 2026-08-18T15:57
    eurusd quarter  bid 25769 2025-08-04 2026-08-18       326      0.0 2026-08-18T15:57
    eurusd quarter  ask 25769 2025-08-04 2026-08-18       326      0.0 2026-08-18T15:58
    eurusd    hour  mid 12628 2024-08-04 2026-08-18       638      0.0 2026-08-18T15:58
    eurusd    hour  bid 12628 2024-08-04 2026-08-18       638      0.0 2026-08-18T15:58
    eurusd    hour  ask 12628 2024-08-04 2026-08-18       638      0.0 2026-08-18T15:58
    eurusd     day  mid  7449 1999-01-04 2026-08-17      7449     79.3 2026-08-18T15:58
    eurusd     day  bid  7449 1999-01-04 2026-08-17      7449     79.3 2026-08-18T15:58
    eurusd     day  ask  7449 1999-01-04 2026-08-17      7449     79.3 2026-08-18T15:58
  uk100fut  minute  mid 36069 2026-07-12 2026-08-18        33      0.0 2026-08-18T15:58
  uk100fut  minute  bid 36068 2026-07-12 2026-08-18        33      0.0 2026-08-18T15:58
  uk100fut  minute  ask 36068 2026-07-12 2026-08-18        33      0.0 2026-08-18T15:59
  uk100fut quarter  mid 23294 2025-08-10 2026-08-18       310      0.0 2026-08-18T15:59
  uk100fut quarter  bid 23294 2025-08-10 2026-08-18       310      0.0 2026-08-18T15:59
  uk100fut quarter  ask 23294 2025-08-10 2026-08-18       310      0.0 2026-08-18T15:59
  uk100fut    hour  mid 11574 2024-08-11 2026-08-18       609      0.0 2026-08-18T15:59
  uk100fut    hour  bid 11574 2024-08-11 2026-08-18       609      0.0 2026-08-18T15:59
  uk100fut    hour  ask 11574 2024-08-11 2026-08-18       609      0.0 2026-08-18T15:59
  uk100fut     day  mid  1292 2021-07-05 2026-08-17      1292     49.4 2026-08-18T15:59
  uk100fut     day  bid  1292 2021-07-05 2026-08-17      1292     49.4 2026-08-18T15:59
  uk100fut     day  ask  1292 2021-07-05 2026-08-17      1292     49.4 2026-08-18T15:59
uk100sep26  minute  mid 36069 2026-07-12 2026-08-18        33      0.0 2026-08-18T16:00
uk100sep26  minute  bid 36070 2026-07-12 2026-08-18        33      0.0 2026-08-18T16:00
uk100sep26  minute  ask 36070 2026-07-12 2026-08-18        33      0.0 2026-08-18T16:00
uk100sep26 quarter  mid  4330 2026-06-11 2026-08-18        59      0.0 2026-08-18T16:00
uk100sep26 quarter  bid  4330 2026-06-11 2026-08-18        59      0.0 2026-08-18T16:00
uk100sep26 quarter  ask  4330 2026-06-11 2026-08-18        59      0.0 2026-08-18T16:00
uk100sep26    hour  mid  1093 2026-06-11 2026-08-18        59      0.0 2026-08-18T16:00
uk100sep26    hour  bid  1093 2026-06-11 2026-08-18        59      0.0 2026-08-18T16:00
uk100sep26    hour  ask  1093 2026-06-11 2026-08-18        59      0.0 2026-08-18T16:00
uk100sep26     day  mid    48 2026-06-11 2026-08-17        48      0.0 2026-08-18T16:00
uk100sep26     day  bid    48 2026-06-11 2026-08-17        48      0.0 2026-08-18T16:00
uk100sep26     day  ask    48 2026-06-11 2026-08-17        48      0.0 2026-08-18T16:00

spread (minute, n=43,070): median 1.00 pts | p90 5.00 | core 07:00-15:59 UTC median 0.80 pts (n=17,279)

spread (quarter, n=23,747): median 1.00 pts | p90 5.00 | core 07:00-15:59 UTC median 0.80 pts (n=9,478)

spread (hour, n=11,699): median 1.00 pts | p90 5.00 | core 07:00-15:59 UTC median 0.80 pts (n=4,631)

spread (day, n=3,755): median 0.00 pts | p90 5.00 | core 07:00-15:59 UTC median nan pts (n=0)
uk100/minute/mid: 43,060 bars | OK | zero-volume 0.0% | 152 gaps > one bar (weekends/closures expected)
uk100/minute/bid: 43,070 bars | OK | zero-volume 0.0% | 152 gaps > one bar (weekends/closures expected)
uk100/minute/ask: 43,070 bars | OK | zero-volume 0.0% | 152 gaps > one bar (weekends/closures expected)
uk100/quarter/mid: 23,747 bars | OK | zero-volume 0.0% | 453 gaps > one bar (weekends/closures expected)
uk100/quarter/bid: 23,747 bars | OK | zero-volume 0.0% | 453 gaps > one bar (weekends/closures expected)
uk100/quarter/ask: 23,747 bars | OK | zero-volume 0.0% | 453 gaps > one bar (weekends/closures expected)
uk100/hour/mid: 11,699 bars | OK | zero-volume 0.0% | 515 gaps > one bar (weekends/closures expected)
uk100/hour/bid: 11,699 bars | OK | zero-volume 0.0% | 515 gaps > one bar (weekends/closures expected)
uk100/hour/ask: 11,699 bars | OK | zero-volume 0.0% | 515 gaps > one bar (weekends/closures expected)
uk100/day/mid: 3,755 bars | OK | zero-volume 59.81% | 748 gaps > one bar (weekends/closures expected)
uk100/day/bid: 3,755 bars | known {'open_outside_hl': 2} | zero-volume 59.81% | 748 gaps > one bar (weekends/closures expected)
uk100/day/ask: 3,755 bars | known {'close_outside_hl': 2} | zero-volume 59.81% | 748 gaps > one bar (weekends/closures expected)
ger40/minute/mid: 42,899 bars | OK | zero-volume 0.0% | 188 gaps > one bar (weekends/closures expected)
ger40/minute/bid: 42,899 bars | OK | zero-volume 0.0% | 188 gaps > one bar (weekends/closures expected)
ger40/minute/ask: 42,899 bars | OK | zero-volume 0.0% | 188 gaps > one bar (weekends/closures expected)
ger40/quarter/mid: 23,780 bars | OK | zero-volume 0.0% | 456 gaps > one bar (weekends/closures expected)
ger40/quarter/bid: 23,780 bars | OK | zero-volume 0.0% | 456 gaps > one bar (weekends/closures expected)
ger40/quarter/ask: 23,780 bars | OK | zero-volume 0.0% | 456 gaps > one bar (weekends/closures expected)
ger40/hour/mid: 11,750 bars | OK | zero-volume 0.0% | 516 gaps > one bar (weekends/closures expected)
ger40/hour/bid: 11,750 bars | OK | zero-volume 0.0% | 516 gaps > one bar (weekends/closures expected)
ger40/hour/ask: 11,750 bars | OK | zero-volume 0.0% | 516 gaps > one bar (weekends/closures expected)
ger40/day/mid: 3,774 bars | OK | zero-volume 60.12% | 767 gaps > one bar (weekends/closures expected)
ger40/day/bid: 3,774 bars | OK | zero-volume 60.12% | 767 gaps > one bar (weekends/closures expected)
ger40/day/ask: 3,774 bars | OK | zero-volume 60.12% | 767 gaps > one bar (weekends/closures expected)
us30/minute/mid: 43,663 bars | OK | zero-volume 0.0% | 32 gaps > one bar (weekends/closures expected)
us30/minute/bid: 43,663 bars | OK | zero-volume 0.0% | 32 gaps > one bar (weekends/closures expected)
us30/minute/ask: 43,663 bars | OK | zero-volume 0.0% | 32 gaps > one bar (weekends/closures expected)
us30/quarter/mid: 24,425 bars | OK | zero-volume 0.0% | 271 gaps > one bar (weekends/closures expected)
us30/quarter/bid: 24,425 bars | OK | zero-volume 0.0% | 271 gaps > one bar (weekends/closures expected)
us30/quarter/ask: 24,425 bars | OK | zero-volume 0.0% | 271 gaps > one bar (weekends/closures expected)
us30/hour/mid: 12,020 bars | OK | zero-volume 0.0% | 527 gaps > one bar (weekends/closures expected)
us30/hour/bid: 12,020 bars | OK | zero-volume 0.0% | 527 gaps > one bar (weekends/closures expected)
us30/hour/ask: 12,020 bars | OK | zero-volume 0.0% | 527 gaps > one bar (weekends/closures expected)
us30/day/mid: 3,847 bars | OK | zero-volume 60.83% | 760 gaps > one bar (weekends/closures expected)
us30/day/bid: 3,847 bars | OK | zero-volume 60.83% | 760 gaps > one bar (weekends/closures expected)
us30/day/ask: 3,847 bars | OK | zero-volume 60.83% | 760 gaps > one bar (weekends/closures expected)
ustech100/minute/mid: 43,665 bars | OK | zero-volume 0.0% | 31 gaps > one bar (weekends/closures expected)
ustech100/minute/bid: 43,665 bars | OK | zero-volume 0.0% | 31 gaps > one bar (weekends/closures expected)
ustech100/minute/ask: 43,666 bars | OK | zero-volume 0.0% | 31 gaps > one bar (weekends/closures expected)
ustech100/quarter/mid: 24,425 bars | OK | zero-volume 0.0% | 272 gaps > one bar (weekends/closures expected)
ustech100/quarter/bid: 24,425 bars | OK | zero-volume 0.0% | 272 gaps > one bar (weekends/closures expected)
ustech100/quarter/ask: 24,425 bars | OK | zero-volume 0.0% | 272 gaps > one bar (weekends/closures expected)
ustech100/hour/mid: 12,021 bars | OK | zero-volume 0.0% | 527 gaps > one bar (weekends/closures expected)
ustech100/hour/bid: 12,021 bars | OK | zero-volume 0.0% | 527 gaps > one bar (weekends/closures expected)
ustech100/hour/ask: 12,021 bars | OK | zero-volume 0.0% | 527 gaps > one bar (weekends/closures expected)
ustech100/day/mid: 3,847 bars | OK | zero-volume 60.85% | 760 gaps > one bar (weekends/closures expected)
ustech100/day/bid: 3,847 bars | OK | zero-volume 60.85% | 760 gaps > one bar (weekends/closures expected)
ustech100/day/ask: 3,847 bars | OK | zero-volume 60.85% | 760 gaps > one bar (weekends/closures expected)
us500/minute/mid: 43,599 bars | OK | zero-volume 0.0% | 87 gaps > one bar (weekends/closures expected)
us500/minute/bid: 43,600 bars | OK | zero-volume 0.0% | 87 gaps > one bar (weekends/closures expected)
us500/minute/ask: 43,600 bars | OK | zero-volume 0.0% | 87 gaps > one bar (weekends/closures expected)
us500/quarter/mid: 24,418 bars | OK | zero-volume 0.0% | 271 gaps > one bar (weekends/closures expected)
us500/quarter/bid: 24,418 bars | OK | zero-volume 0.0% | 271 gaps > one bar (weekends/closures expected)
us500/quarter/ask: 24,418 bars | OK | zero-volume 0.0% | 271 gaps > one bar (weekends/closures expected)
us500/hour/mid: 12,020 bars | OK | zero-volume 0.0% | 527 gaps > one bar (weekends/closures expected)
us500/hour/bid: 12,020 bars | OK | zero-volume 0.0% | 527 gaps > one bar (weekends/closures expected)
us500/hour/ask: 12,020 bars | OK | zero-volume 0.0% | 527 gaps > one bar (weekends/closures expected)
us500/day/mid: 3,840 bars | OK | zero-volume 60.78% | 760 gaps > one bar (weekends/closures expected)
us500/day/bid: 3,840 bars | OK | zero-volume 60.78% | 760 gaps > one bar (weekends/closures expected)
us500/day/ask: 3,840 bars | OK | zero-volume 60.78% | 760 gaps > one bar (weekends/closures expected)
gold/minute/mid: 43,807 bars | OK | zero-volume 0.0% | 31 gaps > one bar (weekends/closures expected)
gold/minute/bid: 43,807 bars | OK | zero-volume 0.0% | 31 gaps > one bar (weekends/closures expected)
gold/minute/ask: 43,807 bars | OK | zero-volume 0.0% | 31 gaps > one bar (weekends/closures expected)
gold/quarter/mid: 24,542 bars | OK | zero-volume 0.0% | 270 gaps > one bar (weekends/closures expected)
gold/quarter/bid: 24,542 bars | OK | zero-volume 0.0% | 270 gaps > one bar (weekends/closures expected)
gold/quarter/ask: 24,542 bars | OK | zero-volume 0.0% | 270 gaps > one bar (weekends/closures expected)
gold/hour/mid: 12,046 bars | OK | zero-volume 0.0% | 525 gaps > one bar (weekends/closures expected)
gold/hour/bid: 12,046 bars | OK | zero-volume 0.0% | 525 gaps > one bar (weekends/closures expected)
gold/hour/ask: 12,046 bars | OK | zero-volume 0.0% | 525 gaps > one bar (weekends/closures expected)
gold/day/mid: 3,845 bars | OK | zero-volume 60.86% | 767 gaps > one bar (weekends/closures expected)
gold/day/bid: 3,845 bars | OK | zero-volume 60.86% | 767 gaps > one bar (weekends/closures expected)
gold/day/ask: 3,845 bars | OK | zero-volume 60.86% | 767 gaps > one bar (weekends/closures expected)
goldvar/minute/mid: 43,808 bars | OK | zero-volume 0.0% | 31 gaps > one bar (weekends/closures expected)
goldvar/minute/bid: 43,808 bars | OK | zero-volume 0.0% | 31 gaps > one bar (weekends/closures expected)
goldvar/minute/ask: 43,808 bars | OK | zero-volume 0.0% | 31 gaps > one bar (weekends/closures expected)
goldvar/quarter/mid: 24,542 bars | OK | zero-volume 0.0% | 270 gaps > one bar (weekends/closures expected)
goldvar/quarter/bid: 24,542 bars | OK | zero-volume 0.0% | 270 gaps > one bar (weekends/closures expected)
goldvar/quarter/ask: 24,542 bars | OK | zero-volume 0.0% | 270 gaps > one bar (weekends/closures expected)
goldvar/hour/mid: 12,046 bars | OK | zero-volume 0.0% | 525 gaps > one bar (weekends/closures expected)
goldvar/hour/bid: 12,046 bars | OK | zero-volume 0.0% | 525 gaps > one bar (weekends/closures expected)
goldvar/hour/ask: 12,046 bars | OK | zero-volume 0.0% | 525 gaps > one bar (weekends/closures expected)
goldvar/day/mid: 3,845 bars | OK | zero-volume 60.86% | 767 gaps > one bar (weekends/closures expected)
goldvar/day/bid: 3,845 bars | OK | zero-volume 60.86% | 767 gaps > one bar (weekends/closures expected)
goldvar/day/ask: 3,845 bars | OK | zero-volume 60.86% | 767 gaps > one bar (weekends/closures expected)
eurusd/minute/mid: 45,400 bars | OK | zero-volume 0.0% | 211 gaps > one bar (weekends/closures expected)
eurusd/minute/bid: 45,400 bars | OK | zero-volume 0.0% | 211 gaps > one bar (weekends/closures expected)
eurusd/minute/ask: 45,400 bars | OK | zero-volume 0.0% | 211 gaps > one bar (weekends/closures expected)
eurusd/quarter/mid: 25,769 bars | OK | zero-volume 0.0% | 58 gaps > one bar (weekends/closures expected)
eurusd/quarter/bid: 25,769 bars | OK | zero-volume 0.0% | 58 gaps > one bar (weekends/closures expected)
eurusd/quarter/ask: 25,769 bars | OK | zero-volume 0.0% | 58 gaps > one bar (weekends/closures expected)
eurusd/hour/mid: 12,628 bars | OK | zero-volume 0.0% | 111 gaps > one bar (weekends/closures expected)
eurusd/hour/bid: 12,628 bars | OK | zero-volume 0.0% | 111 gaps > one bar (weekends/closures expected)
eurusd/hour/ask: 12,628 bars | OK | zero-volume 0.0% | 111 gaps > one bar (weekends/closures expected)
eurusd/day/mid: 7,449 bars | OK | zero-volume 79.31% | 1,442 gaps > one bar (weekends/closures expected)
eurusd/day/bid: 7,449 bars | OK | zero-volume 79.31% | 1,442 gaps > one bar (weekends/closures expected)
eurusd/day/ask: 7,449 bars | OK | zero-volume 79.31% | 1,442 gaps > one bar (weekends/closures expected)
uk100fut/minute/mid: 36,069 bars | OK | zero-volume 0.0% | 134 gaps > one bar (weekends/closures expected)
uk100fut/minute/bid: 36,068 bars | OK | zero-volume 0.0% | 134 gaps > one bar (weekends/closures expected)
uk100fut/minute/ask: 36,068 bars | OK | zero-volume 0.0% | 134 gaps > one bar (weekends/closures expected)
uk100fut/quarter/mid: 23,294 bars | OK | zero-volume 0.0% | 445 gaps > one bar (weekends/closures expected)
uk100fut/quarter/bid: 23,294 bars | OK | zero-volume 0.0% | 445 gaps > one bar (weekends/closures expected)
uk100fut/quarter/ask: 23,294 bars | OK | zero-volume 0.0% | 445 gaps > one bar (weekends/closures expected)
uk100fut/hour/mid: 11,574 bars | OK | zero-volume 0.0% | 511 gaps > one bar (weekends/closures expected)
uk100fut/hour/bid: 11,574 bars | OK | zero-volume 0.0% | 511 gaps > one bar (weekends/closures expected)
uk100fut/hour/ask: 11,574 bars | OK | zero-volume 0.0% | 511 gaps > one bar (weekends/closures expected)
uk100fut/day/mid: 1,292 bars | OK | zero-volume 49.38% | 271 gaps > one bar (weekends/closures expected)
uk100fut/day/bid: 1,292 bars | known {'open_outside_hl': 1} | zero-volume 49.38% | 271 gaps > one bar (weekends/closures expected)
uk100fut/day/ask: 1,292 bars | known {'close_outside_hl': 1} | zero-volume 49.38% | 271 gaps > one bar (weekends/closures expected)
uk100sep26/minute/mid: 36,069 bars | OK | zero-volume 0.0% | 134 gaps > one bar (weekends/closures expected)
uk100sep26/minute/bid: 36,070 bars | OK | zero-volume 0.0% | 134 gaps > one bar (weekends/closures expected)
uk100sep26/minute/ask: 36,070 bars | OK | zero-volume 0.0% | 134 gaps > one bar (weekends/closures expected)
uk100sep26/quarter/mid: 4,330 bars | OK | zero-volume 0.0% | 86 gaps > one bar (weekends/closures expected)
uk100sep26/quarter/bid: 4,330 bars | OK | zero-volume 0.0% | 86 gaps > one bar (weekends/closures expected)
uk100sep26/quarter/ask: 4,330 bars | OK | zero-volume 0.0% | 86 gaps > one bar (weekends/closures expected)
uk100sep26/hour/mid: 1,093 bars | OK | zero-volume 0.0% | 48 gaps > one bar (weekends/closures expected)
uk100sep26/hour/bid: 1,093 bars | OK | zero-volume 0.0% | 48 gaps > one bar (weekends/closures expected)
uk100sep26/hour/ask: 1,093 bars | OK | zero-volume 0.0% | 48 gaps > one bar (weekends/closures expected)
uk100sep26/day/mid: 48 bars | OK | zero-volume 0.0% | 10 gaps > one bar (weekends/closures expected)
uk100sep26/day/bid: 48 bars | OK | zero-volume 0.0% | 10 gaps > one bar (weekends/closures expected)
uk100sep26/day/ask: 48 bars | OK | zero-volume 0.0% | 10 gaps > one bar (weekends/closures expected)

All structural checks passed (known baseline accepted).

=== uk100  (cash 8.0-16.5 London) ===
    1min:  43,060 bars (16,320 cash) 2026-07-03 -> 2026-08-18   spread 0.8
   15min:  23,747 bars ( 8,947 cash) 2025-08-03 -> 2026-08-18   spread 0.8
      1h:  11,699 bars ( 4,627 cash) 2024-08-04 -> 2026-08-18   spread 0.8
      4h:   3,187 bars ( 1,543 cash) 2024-08-04 -> 2026-08-18   spread 0.8
      1d:   3,755 bars ( 3,755 cash) 2012-03-26 -> 2026-08-17   spread 0.0

=== ger40  (cash 8.0-16.5 London) ===
    1min:  42,899 bars (16,320 cash) 2026-07-05 -> 2026-08-18   spread 1.0
   15min:  23,780 bars ( 8,941 cash) 2025-08-04 -> 2026-08-18   spread 1.0
      1h:  11,750 bars ( 4,643 cash) 2024-08-04 -> 2026-08-18   spread 1.0
      4h:   3,202 bars ( 1,547 cash) 2024-08-04 -> 2026-08-18   spread 1.0
      1d:   3,774 bars ( 3,774 cash) 2012-01-30 -> 2026-08-17   spread 0.0

=== us500  (cash 9.5-16.0 London) ===
    1min:  43,599 bars (12,228 cash) 2026-07-05 -> 2026-08-18   spread 0.4
   15min:  24,418 bars ( 6,848 cash) 2025-08-04 -> 2026-08-18   spread 0.4
      1h:  12,020 bars ( 3,093 cash) 2024-08-04 -> 2026-08-18   spread 0.4
      4h:   3,144 bars (   550 cash) 2024-08-04 -> 2026-08-18   spread 0.425
      1d:   3,840 bars ( 3,840 cash) 2012-03-13 -> 2026-08-17   spread 0.0

=== us30  (cash 9.5-16.0 London) ===
    1min:  43,663 bars (12,231 cash) 2026-07-05 -> 2026-08-18   spread 1.9
   15min:  24,425 bars ( 6,854 cash) 2025-08-04 -> 2026-08-18   spread 1.9
      1h:  12,020 bars ( 3,093 cash) 2024-08-04 -> 2026-08-18   spread 1.9
      4h:   3,144 bars (   550 cash) 2024-08-04 -> 2026-08-18   spread 2.2667
      1d:   3,847 bars ( 3,847 cash) 2012-03-05 -> 2026-08-17   spread 0.0

=== ustech100  (cash 9.5-16.0 London) ===
    1min:  43,665 bars (12,232 cash) 2026-07-05 -> 2026-08-18   spread 0.9
   15min:  24,425 bars ( 6,854 cash) 2025-08-04 -> 2026-08-18   spread 0.9
      1h:  12,021 bars ( 3,093 cash) 2024-08-04 -> 2026-08-18   spread 0.9
      4h:   3,144 bars (   550 cash) 2024-08-04 -> 2026-08-18   spread 1.125
      1d:   3,847 bars ( 3,847 cash) 2012-03-05 -> 2026-08-17   spread 0.0

=== gold  (cash 8.0-16.0 London) ===
    1min:  43,807 bars (15,115 cash) 2026-07-05 -> 2026-08-18   spread 0.4
   15min:  24,542 bars ( 8,500 cash) 2025-08-04 -> 2026-08-18   spread 0.4
      1h:  12,046 bars ( 4,175 cash) 2024-08-04 -> 2026-08-18   spread 0.3
      4h:   3,258 bars ( 1,032 cash) 2024-08-04 -> 2026-08-18   spread 0.45
      1d:   3,845 bars ( 3,845 cash) 2011-12-30 -> 2026-08-17   spread 0.0

=== goldvar  (cash 8.0-16.0 London) ===
    1min:  43,808 bars (15,116 cash) 2026-07-05 -> 2026-08-18   spread 0.4
   15min:  24,542 bars ( 8,500 cash) 2025-08-04 -> 2026-08-18   spread 0.4
      1h:  12,046 bars ( 4,175 cash) 2024-08-04 -> 2026-08-18   spread 0.3
      4h:   3,258 bars ( 1,032 cash) 2024-08-04 -> 2026-08-18   spread 0.4
      1d:   3,845 bars ( 3,845 cash) 2011-12-30 -> 2026-08-17   spread 0.0

=== eurusd  (cash 8.0-21.0 London) ===
    1min:  45,400 bars (24,717 cash) 2026-07-05 -> 2026-08-18   spread 0.0001
   15min:  25,769 bars (13,945 cash) 2025-08-04 -> 2026-08-18   spread 0.0001
      1h:  12,628 bars ( 6,836 cash) 2024-08-04 -> 2026-08-18   spread 0.0
      4h:   3,267 bars ( 2,102 cash) 2024-08-04 -> 2026-08-18   spread 0.0
      1d:   7,449 bars ( 7,449 cash) 1999-01-04 -> 2026-08-17   spread 0.0

=== uk100fut  (cash 8.0-16.5 London) ===
    1min:  36,070 bars (13,770 cash) 2026-07-12 -> 2026-08-18   spread 1.3
   15min:  23,294 bars ( 8,777 cash) 2025-08-10 -> 2026-08-18   spread 1.3
      1h:  11,574 bars ( 4,582 cash) 2024-08-11 -> 2026-08-18   spread 1.3
      4h:   3,153 bars ( 1,528 cash) 2024-08-11 -> 2026-08-18   spread 1.3
      1d:   1,292 bars ( 1,292 cash) 2021-07-05 -> 2026-08-17   spread 5.0

=== uk100sep26  (cash 8.0-16.5 London) ===
    1min:  36,069 bars (13,770 cash) 2026-07-12 -> 2026-08-18   spread 4.0
   15min:   4,330 bars ( 1,632 cash) 2026-06-11 -> 2026-08-18   spread 4.0
      1h:   1,093 bars (   432 cash) 2026-06-11 -> 2026-08-18   spread 4.0
      4h:     299 bars (   144 cash) 2026-06-11 -> 2026-08-18   spread 4.0
      1d:      48 bars (    48 cash) 2026-06-11 -> 2026-08-17   spread 6.0

Wrote /Users/r.john/git/vc-tx2/clean_finsa/
uk100      14/14 passed
ger40      14/14 passed
us500      14/14 passed
us30       14/14 passed
ustech100  14/14 passed
gold       14/14 passed
goldvar    14/14 passed
eurusd     14/14 passed
uk100fut   14/14 passed
uk100sep26 14/14 passed

140/140 checks passed overall.
=== done 2026-08-18T16:01:08Z sync=0 validate=0 build=0 verify=0 ===
