=== sync start 2026-08-22T08:51:35Z ===

=== uk100 (id 16645) -> /Users/r.john/git/vc-tx2/data ===
  minute/mid:
      page 1: 10,000 bars  2026-08-12 10:11:00+00:00 -> 2026-08-21 19:59:00+00:00
      page 2: 10,000 bars  2026-08-03 01:09:00+00:00 -> 2026-08-12 10:10:00+00:00
      page 3: 10,000 bars  2026-07-22 14:18:00+00:00 -> 2026-08-03 01:08:00+00:00
      page 4:    326 bars  2026-07-22 08:52:00+00:00 -> 2026-07-22 14:17:00+00:00
      fetched 30,325 | +258 new | store 47,384 bars  2026-07-03 -> 2026-08-21

  minute/bid:
      page 1: 10,000 bars  2026-08-12 10:11:00+00:00 -> 2026-08-21 19:59:00+00:00
      page 2: 10,000 bars  2026-08-03 01:09:00+00:00 -> 2026-08-12 10:10:00+00:00
      page 3: 10,000 bars  2026-07-22 14:18:00+00:00 -> 2026-08-03 01:08:00+00:00
      page 4:    326 bars  2026-07-22 08:52:00+00:00 -> 2026-07-22 14:17:00+00:00
      fetched 30,325 | +0 new | store 47,384 bars  2026-07-03 -> 2026-08-21

  minute/ask:
      page 1: 10,000 bars  2026-08-12 10:11:00+00:00 -> 2026-08-21 19:59:00+00:00
      page 2: 10,000 bars  2026-08-03 01:09:00+00:00 -> 2026-08-12 10:10:00+00:00
      page 3: 10,000 bars  2026-07-22 14:18:00+00:00 -> 2026-08-03 01:08:00+00:00
      page 4:    326 bars  2026-07-22 08:52:00+00:00 -> 2026-07-22 14:17:00+00:00
      fetched 30,325 | +0 new | store 47,384 bars  2026-07-03 -> 2026-08-21

  quarter/mid:
      page 1: 10,000 bars  2026-03-16 04:15:00+00:00 -> 2026-08-21 19:45:00+00:00
      page 2: 10,000 bars  2025-10-06 15:45:00+00:00 -> 2026-03-16 04:00:00+00:00
      page 3:  2,725 bars  2025-08-22 09:00:00+00:00 -> 2025-10-06 15:30:00+00:00
      fetched 22,724 | +17 new | store 24,036 bars  2025-08-03 -> 2026-08-21

  quarter/bid:
      page 1: 10,000 bars  2026-03-16 04:15:00+00:00 -> 2026-08-21 19:45:00+00:00
      page 2: 10,000 bars  2025-10-06 15:45:00+00:00 -> 2026-03-16 04:00:00+00:00
      page 3:  2,725 bars  2025-08-22 09:00:00+00:00 -> 2025-10-06 15:30:00+00:00
      fetched 22,724 | +17 new | store 24,036 bars  2025-08-03 -> 2026-08-21

  quarter/ask:
      page 1: 10,000 bars  2026-03-16 04:15:00+00:00 -> 2026-08-21 19:45:00+00:00
      page 2: 10,000 bars  2025-10-06 15:45:00+00:00 -> 2026-03-16 04:00:00+00:00
      page 3:  2,725 bars  2025-08-22 09:00:00+00:00 -> 2025-10-06 15:30:00+00:00
      fetched 22,724 | +17 new | store 24,036 bars  2025-08-03 -> 2026-08-21

  hour/mid:
      page 1: 10,000 bars  2024-11-21 18:00:00+00:00 -> 2026-08-21 19:00:00+00:00
      page 2:  1,465 bars  2024-08-22 09:00:00+00:00 -> 2024-11-21 17:00:00+00:00
      fetched 11,464 | +4 new | store 11,772 bars  2024-08-04 -> 2026-08-21

  hour/bid:
      page 1: 10,000 bars  2024-11-21 18:00:00+00:00 -> 2026-08-21 19:00:00+00:00
      page 2:  1,465 bars  2024-08-22 09:00:00+00:00 -> 2024-11-21 17:00:00+00:00
      fetched 11,464 | +4 new | store 11,772 bars  2024-08-04 -> 2026-08-21

  hour/ask:
      page 1: 10,000 bars  2024-11-21 18:00:00+00:00 -> 2026-08-21 19:00:00+00:00
      page 2:  1,465 bars  2024-08-22 09:00:00+00:00 -> 2024-11-21 17:00:00+00:00
      fetched 11,464 | +4 new | store 11,772 bars  2024-08-04 -> 2026-08-21

  day/mid:
      page 1:  3,759 bars  2012-03-26 00:00:00+00:00 -> 2026-08-21 00:00:00+00:00
      fetched 3,758 | +0 new | store 3,758 bars  2012-03-26 -> 2026-08-20

  day/bid:
      page 1:  3,759 bars  2012-03-26 00:00:00+00:00 -> 2026-08-21 00:00:00+00:00
      fetched 3,758 | +0 new | store 3,758 bars  2012-03-26 -> 2026-08-20  !! {'open_outside_hl': 2}

  day/ask:
      page 1:  3,759 bars  2012-03-26 00:00:00+00:00 -> 2026-08-21 00:00:00+00:00
      fetched 3,758 | +0 new | store 3,758 bars  2012-03-26 -> 2026-08-20  !! {'close_outside_hl': 2}


=== ger40 (id 17068) -> /Users/r.john/git/vc-tx2/data ===
  minute/mid:
      page 1: 10,000 bars  2026-08-12 10:21:00+00:00 -> 2026-08-21 19:59:00+00:00
      page 2: 10,000 bars  2026-08-03 01:10:00+00:00 -> 2026-08-12 10:20:00+00:00
      page 3: 10,000 bars  2026-07-22 14:35:00+00:00 -> 2026-08-03 01:09:00+00:00
      page 4:    342 bars  2026-07-22 08:53:00+00:00 -> 2026-07-22 14:34:00+00:00
      fetched 30,341 | +256 new | store 47,212 bars  2026-07-05 -> 2026-08-21

  minute/bid:
      page 1: 10,000 bars  2026-08-12 10:21:00+00:00 -> 2026-08-21 19:59:00+00:00
      page 2: 10,000 bars  2026-08-03 01:10:00+00:00 -> 2026-08-12 10:20:00+00:00
      page 3: 10,000 bars  2026-07-22 14:35:00+00:00 -> 2026-08-03 01:09:00+00:00
      page 4:    342 bars  2026-07-22 08:53:00+00:00 -> 2026-07-22 14:34:00+00:00
      fetched 30,341 | +256 new | store 47,212 bars  2026-07-05 -> 2026-08-21

  minute/ask:
      page 1: 10,000 bars  2026-08-12 10:21:00+00:00 -> 2026-08-21 19:59:00+00:00
      page 2: 10,000 bars  2026-08-03 01:10:00+00:00 -> 2026-08-12 10:20:00+00:00
      page 3: 10,000 bars  2026-07-22 14:35:00+00:00 -> 2026-08-03 01:09:00+00:00
      page 4:    342 bars  2026-07-22 08:53:00+00:00 -> 2026-07-22 14:34:00+00:00
      fetched 30,341 | +255 new | store 47,212 bars  2026-07-05 -> 2026-08-21

  quarter/mid:
      page 1: 10,000 bars  2026-03-17 09:30:00+00:00 -> 2026-08-21 19:45:00+00:00
      page 2: 10,000 bars  2025-10-06 18:45:00+00:00 -> 2026-03-17 09:15:00+00:00
      page 3:  2,836 bars  2025-08-22 09:00:00+00:00 -> 2025-10-06 18:30:00+00:00
      fetched 22,835 | +17 new | store 24,069 bars  2025-08-04 -> 2026-08-21

  quarter/bid:
      page 1: 10,000 bars  2026-03-17 09:30:00+00:00 -> 2026-08-21 19:45:00+00:00
      page 2: 10,000 bars  2025-10-06 18:45:00+00:00 -> 2026-03-17 09:15:00+00:00
      page 3:  2,836 bars  2025-08-22 09:00:00+00:00 -> 2025-10-06 18:30:00+00:00
      fetched 22,835 | +17 new | store 24,069 bars  2025-08-04 -> 2026-08-21

  quarter/ask:
      page 1: 10,000 bars  2026-03-17 09:30:00+00:00 -> 2026-08-21 19:45:00+00:00
      page 2: 10,000 bars  2025-10-06 18:45:00+00:00 -> 2026-03-17 09:15:00+00:00
      page 3:  2,836 bars  2025-08-22 09:00:00+00:00 -> 2025-10-06 18:30:00+00:00
      fetched 22,835 | +17 new | store 24,069 bars  2025-08-04 -> 2026-08-21

  hour/mid:
      page 1: 10,000 bars  2024-11-24 23:00:00+00:00 -> 2026-08-21 19:00:00+00:00
      page 2:  1,516 bars  2024-08-22 09:00:00+00:00 -> 2024-11-22 20:00:00+00:00
      fetched 11,515 | +4 new | store 11,823 bars  2024-08-04 -> 2026-08-21

  hour/bid:
      page 1: 10,000 bars  2024-11-24 23:00:00+00:00 -> 2026-08-21 19:00:00+00:00
      page 2:  1,516 bars  2024-08-22 09:00:00+00:00 -> 2024-11-22 20:00:00+00:00
      fetched 11,515 | +4 new | store 11,823 bars  2024-08-04 -> 2026-08-21

  hour/ask:
      page 1: 10,000 bars  2024-11-24 23:00:00+00:00 -> 2026-08-21 19:00:00+00:00
      page 2:  1,516 bars  2024-08-22 09:00:00+00:00 -> 2024-11-22 20:00:00+00:00
      fetched 11,515 | +4 new | store 11,823 bars  2024-08-04 -> 2026-08-21

  day/mid:
      page 1:  3,778 bars  2012-01-30 00:00:00+00:00 -> 2026-08-21 00:00:00+00:00
      fetched 3,777 | +0 new | store 3,777 bars  2012-01-30 -> 2026-08-20

  day/bid:
      page 1:  3,778 bars  2012-01-30 00:00:00+00:00 -> 2026-08-21 00:00:00+00:00
      fetched 3,777 | +0 new | store 3,777 bars  2012-01-30 -> 2026-08-20

  day/ask:
      page 1:  3,778 bars  2012-01-30 00:00:00+00:00 -> 2026-08-21 00:00:00+00:00
      fetched 3,777 | +0 new | store 3,777 bars  2012-01-30 -> 2026-08-20


=== us30 (id 17322) -> /Users/r.john/git/vc-tx2/data ===
  minute/mid:
      page 1: 10,000 bars  2026-08-12 14:18:00+00:00 -> 2026-08-21 20:29:00+00:00
      page 2: 10,000 bars  2026-08-03 08:07:00+00:00 -> 2026-08-12 14:17:00+00:00
      page 3: 10,000 bars  2026-07-23 01:25:00+00:00 -> 2026-08-03 08:06:00+00:00
      page 4:    932 bars  2026-07-22 08:53:00+00:00 -> 2026-07-23 01:24:00+00:00
      fetched 30,931 | +286 new | store 48,081 bars  2026-07-05 -> 2026-08-21

  minute/bid:
      page 1: 10,000 bars  2026-08-12 14:18:00+00:00 -> 2026-08-21 20:29:00+00:00
      page 2: 10,000 bars  2026-08-03 08:07:00+00:00 -> 2026-08-12 14:17:00+00:00
      page 3: 10,000 bars  2026-07-23 01:25:00+00:00 -> 2026-08-03 08:06:00+00:00
      page 4:    931 bars  2026-07-22 08:54:00+00:00 -> 2026-07-23 01:24:00+00:00
      fetched 30,930 | +286 new | store 48,081 bars  2026-07-05 -> 2026-08-21

  minute/ask:
      page 1: 10,000 bars  2026-08-12 14:18:00+00:00 -> 2026-08-21 20:29:00+00:00
      page 2: 10,000 bars  2026-08-03 08:07:00+00:00 -> 2026-08-12 14:17:00+00:00
      page 3: 10,000 bars  2026-07-23 01:25:00+00:00 -> 2026-08-03 08:06:00+00:00
      page 4:    931 bars  2026-07-22 08:54:00+00:00 -> 2026-07-23 01:24:00+00:00
      fetched 30,930 | +286 new | store 48,081 bars  2026-07-05 -> 2026-08-21

  quarter/mid:
      page 1: 10,000 bars  2026-03-22 22:30:00+00:00 -> 2026-08-21 20:15:00+00:00
      page 2: 10,000 bars  2025-10-15 10:30:00+00:00 -> 2026-03-22 22:15:00+00:00
      page 3:  3,470 bars  2025-08-22 09:00:00+00:00 -> 2025-10-15 10:15:00+00:00
      fetched 23,469 | +19 new | store 24,719 bars  2025-08-04 -> 2026-08-21

  quarter/bid:
      page 1: 10,000 bars  2026-03-22 22:30:00+00:00 -> 2026-08-21 20:15:00+00:00
      page 2: 10,000 bars  2025-10-15 10:30:00+00:00 -> 2026-03-22 22:15:00+00:00
      page 3:  3,470 bars  2025-08-22 09:00:00+00:00 -> 2025-10-15 10:15:00+00:00
      fetched 23,469 | +19 new | store 24,719 bars  2025-08-04 -> 2026-08-21

  quarter/ask:
      page 1: 10,000 bars  2026-03-22 22:30:00+00:00 -> 2026-08-21 20:15:00+00:00
      page 2: 10,000 bars  2025-10-15 10:30:00+00:00 -> 2026-03-22 22:15:00+00:00
      page 3:  3,470 bars  2025-08-22 09:00:00+00:00 -> 2025-10-15 10:15:00+00:00
      fetched 23,469 | +19 new | store 24,719 bars  2025-08-04 -> 2026-08-21

  hour/mid:
      page 1: 10,000 bars  2024-12-10 12:00:00+00:00 -> 2026-08-21 20:00:00+00:00
      page 2:  1,785 bars  2024-08-22 09:00:00+00:00 -> 2024-12-10 11:00:00+00:00
      fetched 11,784 | +5 new | store 12,094 bars  2024-08-04 -> 2026-08-21

  hour/bid:
      page 1: 10,000 bars  2024-12-10 12:00:00+00:00 -> 2026-08-21 20:00:00+00:00
      page 2:  1,785 bars  2024-08-22 09:00:00+00:00 -> 2024-12-10 11:00:00+00:00
      fetched 11,784 | +5 new | store 12,094 bars  2024-08-04 -> 2026-08-21

  hour/ask:
      page 1: 10,000 bars  2024-12-10 12:00:00+00:00 -> 2026-08-21 20:00:00+00:00
      page 2:  1,785 bars  2024-08-22 09:00:00+00:00 -> 2024-12-10 11:00:00+00:00
      fetched 11,784 | +5 new | store 12,094 bars  2024-08-04 -> 2026-08-21

  day/mid:
      page 1:  3,851 bars  2012-03-05 00:00:00+00:00 -> 2026-08-21 00:00:00+00:00
      fetched 3,850 | +0 new | store 3,850 bars  2012-03-05 -> 2026-08-20

  day/bid:
      page 1:  3,851 bars  2012-03-05 00:00:00+00:00 -> 2026-08-21 00:00:00+00:00
      fetched 3,850 | +0 new | store 3,850 bars  2012-03-05 -> 2026-08-20

  day/ask:
      page 1:  3,851 bars  2012-03-05 00:00:00+00:00 -> 2026-08-21 00:00:00+00:00
      fetched 3,850 | +0 new | store 3,850 bars  2012-03-05 -> 2026-08-20


=== nas100 (id 20190) -> /Users/r.john/git/vc-tx2/data ===
  minute/mid:
      page 1: 10,000 bars  2026-08-12 14:19:00+00:00 -> 2026-08-21 20:29:00+00:00
      page 2: 10,000 bars  2026-08-03 08:08:00+00:00 -> 2026-08-12 14:18:00+00:00
      page 3: 10,000 bars  2026-07-23 01:26:00+00:00 -> 2026-08-03 08:07:00+00:00
      page 4:    932 bars  2026-07-22 08:54:00+00:00 -> 2026-07-23 01:25:00+00:00
      fetched 30,931 | +285 new | store 48,082 bars  2026-07-05 -> 2026-08-21

  minute/bid:
      page 1: 10,000 bars  2026-08-12 14:19:00+00:00 -> 2026-08-21 20:29:00+00:00
      page 2: 10,000 bars  2026-08-03 08:08:00+00:00 -> 2026-08-12 14:18:00+00:00
      page 3: 10,000 bars  2026-07-23 01:26:00+00:00 -> 2026-08-03 08:07:00+00:00
      page 4:    932 bars  2026-07-22 08:54:00+00:00 -> 2026-07-23 01:25:00+00:00
      fetched 30,931 | +285 new | store 48,082 bars  2026-07-05 -> 2026-08-21

  minute/ask:
      page 1: 10,000 bars  2026-08-12 14:19:00+00:00 -> 2026-08-21 20:29:00+00:00
      page 2: 10,000 bars  2026-08-03 08:08:00+00:00 -> 2026-08-12 14:18:00+00:00
      page 3: 10,000 bars  2026-07-23 01:26:00+00:00 -> 2026-08-03 08:07:00+00:00
      page 4:    932 bars  2026-07-22 08:54:00+00:00 -> 2026-07-23 01:25:00+00:00
      fetched 30,931 | +285 new | store 48,082 bars  2026-07-05 -> 2026-08-21

  quarter/mid:
      page 1: 10,000 bars  2026-03-22 22:45:00+00:00 -> 2026-08-21 20:15:00+00:00
      page 2: 10,000 bars  2025-10-15 10:30:00+00:00 -> 2026-03-22 22:30:00+00:00
      page 3:  3,470 bars  2025-08-22 09:00:00+00:00 -> 2025-10-15 10:15:00+00:00
      fetched 23,469 | +19 new | store 24,719 bars  2025-08-04 -> 2026-08-21

  quarter/bid:
      page 1: 10,000 bars  2026-03-22 22:45:00+00:00 -> 2026-08-21 20:15:00+00:00
      page 2: 10,000 bars  2025-10-15 10:30:00+00:00 -> 2026-03-22 22:30:00+00:00
      page 3:  3,470 bars  2025-08-22 09:00:00+00:00 -> 2025-10-15 10:15:00+00:00
      fetched 23,469 | +18 new | store 24,719 bars  2025-08-04 -> 2026-08-21

  quarter/ask:
      page 1: 10,000 bars  2026-03-22 22:45:00+00:00 -> 2026-08-21 20:15:00+00:00
      page 2: 10,000 bars  2025-10-15 10:30:00+00:00 -> 2026-03-22 22:30:00+00:00
      page 3:  3,470 bars  2025-08-22 09:00:00+00:00 -> 2025-10-15 10:15:00+00:00
      fetched 23,469 | +18 new | store 24,719 bars  2025-08-04 -> 2026-08-21

  hour/mid:
      page 1: 10,000 bars  2024-12-10 13:00:00+00:00 -> 2026-08-21 20:00:00+00:00
      page 2:  1,786 bars  2024-08-22 09:00:00+00:00 -> 2024-12-10 12:00:00+00:00
      fetched 11,785 | +5 new | store 12,095 bars  2024-08-04 -> 2026-08-21

  hour/bid:
      page 1: 10,000 bars  2024-12-10 13:00:00+00:00 -> 2026-08-21 20:00:00+00:00
      page 2:  1,786 bars  2024-08-22 09:00:00+00:00 -> 2024-12-10 12:00:00+00:00
      fetched 11,785 | +5 new | store 12,095 bars  2024-08-04 -> 2026-08-21

  hour/ask:
      page 1: 10,000 bars  2024-12-10 13:00:00+00:00 -> 2026-08-21 20:00:00+00:00
      page 2:  1,786 bars  2024-08-22 09:00:00+00:00 -> 2024-12-10 12:00:00+00:00
      fetched 11,785 | +5 new | store 12,095 bars  2024-08-04 -> 2026-08-21

  day/mid:
      page 1:  3,851 bars  2012-03-05 00:00:00+00:00 -> 2026-08-21 00:00:00+00:00
      fetched 3,850 | +0 new | store 3,850 bars  2012-03-05 -> 2026-08-20

  day/bid:
      page 1:  3,851 bars  2012-03-05 00:00:00+00:00 -> 2026-08-21 00:00:00+00:00
      fetched 3,850 | +0 new | store 3,850 bars  2012-03-05 -> 2026-08-20

  day/ask:
      page 1:  3,851 bars  2012-03-05 00:00:00+00:00 -> 2026-08-21 00:00:00+00:00
      fetched 3,850 | +0 new | store 3,850 bars  2012-03-05 -> 2026-08-20


=== us500 (id 67995) -> /Users/r.john/git/vc-tx2/data ===
  minute/mid:
      page 1: 10,000 bars  2026-08-12 13:21:00+00:00 -> 2026-08-21 20:29:00+00:00
      page 2: 10,000 bars  2026-08-03 07:04:00+00:00 -> 2026-08-12 13:20:00+00:00
      page 3: 10,000 bars  2026-07-23 00:21:00+00:00 -> 2026-08-03 07:03:00+00:00
      page 4:    866 bars  2026-07-22 08:55:00+00:00 -> 2026-07-23 00:20:00+00:00
      fetched 30,865 | +284 new | store 48,013 bars  2026-07-05 -> 2026-08-21

  minute/bid:
      page 1: 10,000 bars  2026-08-12 13:21:00+00:00 -> 2026-08-21 20:29:00+00:00
      page 2: 10,000 bars  2026-08-03 07:04:00+00:00 -> 2026-08-12 13:20:00+00:00
      page 3: 10,000 bars  2026-07-23 00:21:00+00:00 -> 2026-08-03 07:03:00+00:00
      page 4:    866 bars  2026-07-22 08:55:00+00:00 -> 2026-07-23 00:20:00+00:00
      fetched 30,865 | +284 new | store 48,013 bars  2026-07-05 -> 2026-08-21

  minute/ask:
      page 1: 10,000 bars  2026-08-12 13:21:00+00:00 -> 2026-08-21 20:29:00+00:00
      page 2: 10,000 bars  2026-08-03 07:04:00+00:00 -> 2026-08-12 13:20:00+00:00
      page 3: 10,000 bars  2026-07-23 00:21:00+00:00 -> 2026-08-03 07:03:00+00:00
      page 4:    866 bars  2026-07-22 08:55:00+00:00 -> 2026-07-23 00:20:00+00:00
      fetched 30,865 | +283 new | store 48,013 bars  2026-07-05 -> 2026-08-21

  quarter/mid:
      page 1: 10,000 bars  2026-03-22 22:45:00+00:00 -> 2026-08-21 20:15:00+00:00
      page 2: 10,000 bars  2025-10-15 09:15:00+00:00 -> 2026-03-22 22:30:00+00:00
      page 3:  3,465 bars  2025-08-22 09:00:00+00:00 -> 2025-10-15 09:00:00+00:00
      fetched 23,464 | +18 new | store 24,712 bars  2025-08-04 -> 2026-08-21

  quarter/bid:
      page 1: 10,000 bars  2026-03-22 22:45:00+00:00 -> 2026-08-21 20:15:00+00:00
      page 2: 10,000 bars  2025-10-15 09:15:00+00:00 -> 2026-03-22 22:30:00+00:00
      page 3:  3,465 bars  2025-08-22 09:00:00+00:00 -> 2025-10-15 09:00:00+00:00
      fetched 23,464 | +18 new | store 24,712 bars  2025-08-04 -> 2026-08-21

  quarter/ask:
      page 1: 10,000 bars  2026-03-22 22:45:00+00:00 -> 2026-08-21 20:15:00+00:00
      page 2: 10,000 bars  2025-10-15 09:15:00+00:00 -> 2026-03-22 22:30:00+00:00
      page 3:  3,465 bars  2025-08-22 09:00:00+00:00 -> 2025-10-15 09:00:00+00:00
      fetched 23,464 | +18 new | store 24,712 bars  2025-08-04 -> 2026-08-21

  hour/mid:
      page 1: 10,000 bars  2024-12-10 12:00:00+00:00 -> 2026-08-21 20:00:00+00:00
      page 2:  1,785 bars  2024-08-22 09:00:00+00:00 -> 2024-12-10 11:00:00+00:00
      fetched 11,784 | +5 new | store 12,094 bars  2024-08-04 -> 2026-08-21

  hour/bid:
      page 1: 10,000 bars  2024-12-10 12:00:00+00:00 -> 2026-08-21 20:00:00+00:00
      page 2:  1,785 bars  2024-08-22 09:00:00+00:00 -> 2024-12-10 11:00:00+00:00
      fetched 11,784 | +5 new | store 12,094 bars  2024-08-04 -> 2026-08-21

  hour/ask:
      page 1: 10,000 bars  2024-12-10 12:00:00+00:00 -> 2026-08-21 20:00:00+00:00
      page 2:  1,785 bars  2024-08-22 09:00:00+00:00 -> 2024-12-10 11:00:00+00:00
      fetched 11,784 | +5 new | store 12,094 bars  2024-08-04 -> 2026-08-21

  day/mid:
      page 1:  3,844 bars  2012-03-13 00:00:00+00:00 -> 2026-08-21 00:00:00+00:00
      fetched 3,843 | +0 new | store 3,843 bars  2012-03-13 -> 2026-08-20

  day/bid:
      page 1:  3,844 bars  2012-03-13 00:00:00+00:00 -> 2026-08-21 00:00:00+00:00
      fetched 3,843 | +0 new | store 3,843 bars  2012-03-13 -> 2026-08-20

  day/ask:
      page 1:  3,844 bars  2012-03-13 00:00:00+00:00 -> 2026-08-21 00:00:00+00:00
      fetched 3,843 | +0 new | store 3,843 bars  2012-03-13 -> 2026-08-20


=== gold (id 68924) -> /Users/r.john/git/vc-tx2/data ===
  minute/mid:
      page 1: 10,000 bars  2026-08-12 15:09:00+00:00 -> 2026-08-21 20:57:00+00:00
      page 2: 10,000 bars  2026-08-03 09:20:00+00:00 -> 2026-08-12 15:08:00+00:00
      page 3: 10,000 bars  2026-07-23 03:29:00+00:00 -> 2026-08-03 09:19:00+00:00
      page 4:  1,052 bars  2026-07-22 08:56:00+00:00 -> 2026-07-23 03:28:00+00:00
      fetched 31,051 | +311 new | store 48,246 bars  2026-07-05 -> 2026-08-21

  minute/bid:
      page 1: 10,000 bars  2026-08-12 15:09:00+00:00 -> 2026-08-21 20:57:00+00:00
      page 2: 10,000 bars  2026-08-03 09:20:00+00:00 -> 2026-08-12 15:08:00+00:00
      page 3: 10,000 bars  2026-07-23 03:29:00+00:00 -> 2026-08-03 09:19:00+00:00
      page 4:  1,052 bars  2026-07-22 08:56:00+00:00 -> 2026-07-23 03:28:00+00:00
      fetched 31,051 | +311 new | store 48,246 bars  2026-07-05 -> 2026-08-21

  minute/ask:
      page 1: 10,000 bars  2026-08-12 15:09:00+00:00 -> 2026-08-21 20:57:00+00:00
      page 2: 10,000 bars  2026-08-03 09:20:00+00:00 -> 2026-08-12 15:08:00+00:00
      page 3: 10,000 bars  2026-07-23 03:29:00+00:00 -> 2026-08-03 09:19:00+00:00
      page 4:  1,052 bars  2026-07-22 08:56:00+00:00 -> 2026-07-23 03:28:00+00:00
      fetched 31,051 | +311 new | store 48,246 bars  2026-07-05 -> 2026-08-21

  quarter/mid:
      page 1: 10,000 bars  2026-03-20 17:30:00+00:00 -> 2026-08-21 20:45:00+00:00
      page 2: 10,000 bars  2025-10-16 10:45:00+00:00 -> 2026-03-20 17:15:00+00:00
      page 3:  3,585 bars  2025-08-22 09:00:00+00:00 -> 2025-10-16 10:30:00+00:00
      fetched 23,584 | +20 new | store 24,838 bars  2025-08-04 -> 2026-08-21

  quarter/bid:
      page 1: 10,000 bars  2026-03-20 17:30:00+00:00 -> 2026-08-21 20:45:00+00:00
      page 2: 10,000 bars  2025-10-16 10:45:00+00:00 -> 2026-03-20 17:15:00+00:00
      page 3:  3,585 bars  2025-08-22 09:00:00+00:00 -> 2025-10-16 10:30:00+00:00
      fetched 23,584 | +20 new | store 24,838 bars  2025-08-04 -> 2026-08-21

  quarter/ask:
      page 1: 10,000 bars  2026-03-20 17:30:00+00:00 -> 2026-08-21 20:45:00+00:00
      page 2: 10,000 bars  2025-10-16 10:45:00+00:00 -> 2026-03-20 17:15:00+00:00
      page 3:  3,585 bars  2025-08-22 09:00:00+00:00 -> 2025-10-16 10:30:00+00:00
      fetched 23,584 | +20 new | store 24,838 bars  2025-08-04 -> 2026-08-21

  hour/mid:
      page 1: 10,000 bars  2024-12-11 12:00:00+00:00 -> 2026-08-21 20:00:00+00:00
      page 2:  1,811 bars  2024-08-22 09:00:00+00:00 -> 2024-12-11 11:00:00+00:00
      fetched 11,810 | +5 new | store 12,120 bars  2024-08-04 -> 2026-08-21

  hour/bid:
      page 1: 10,000 bars  2024-12-11 12:00:00+00:00 -> 2026-08-21 20:00:00+00:00
      page 2:  1,811 bars  2024-08-22 09:00:00+00:00 -> 2024-12-11 11:00:00+00:00
      fetched 11,810 | +5 new | store 12,120 bars  2024-08-04 -> 2026-08-21

  hour/ask:
      page 1: 10,000 bars  2024-12-11 12:00:00+00:00 -> 2026-08-21 20:00:00+00:00
      page 2:  1,811 bars  2024-08-22 09:00:00+00:00 -> 2024-12-11 11:00:00+00:00
      fetched 11,810 | +5 new | store 12,120 bars  2024-08-04 -> 2026-08-21

  day/mid:
      page 1:  3,849 bars  2011-12-30 00:00:00+00:00 -> 2026-08-21 00:00:00+00:00
      fetched 3,848 | +0 new | store 3,848 bars  2011-12-30 -> 2026-08-20

  day/bid:
      page 1:  3,849 bars  2011-12-30 00:00:00+00:00 -> 2026-08-21 00:00:00+00:00
      fetched 3,848 | +0 new | store 3,848 bars  2011-12-30 -> 2026-08-20

  day/ask:
      page 1:  3,849 bars  2011-12-30 00:00:00+00:00 -> 2026-08-21 00:00:00+00:00
      fetched 3,848 | +0 new | store 3,848 bars  2011-12-30 -> 2026-08-20


=== goldvar (id 72302) -> /Users/r.john/git/vc-tx2/data ===
  minute/mid:
      page 1: 10,000 bars  2026-08-12 15:09:00+00:00 -> 2026-08-21 20:57:00+00:00
      page 2: 10,000 bars  2026-08-03 09:20:00+00:00 -> 2026-08-12 15:08:00+00:00
      page 3: 10,000 bars  2026-07-23 03:29:00+00:00 -> 2026-08-03 09:19:00+00:00
      page 4:  1,051 bars  2026-07-22 08:57:00+00:00 -> 2026-07-23 03:28:00+00:00
      fetched 31,050 | +308 new | store 48,246 bars  2026-07-05 -> 2026-08-21

  minute/bid:
      page 1: 10,000 bars  2026-08-12 15:09:00+00:00 -> 2026-08-21 20:57:00+00:00
      page 2: 10,000 bars  2026-08-03 09:20:00+00:00 -> 2026-08-12 15:08:00+00:00
      page 3: 10,000 bars  2026-07-23 03:29:00+00:00 -> 2026-08-03 09:19:00+00:00
      page 4:  1,051 bars  2026-07-22 08:57:00+00:00 -> 2026-07-23 03:28:00+00:00
      fetched 31,050 | +306 new | store 48,246 bars  2026-07-05 -> 2026-08-21

  minute/ask:
      page 1: 10,000 bars  2026-08-12 15:09:00+00:00 -> 2026-08-21 20:57:00+00:00
      page 2: 10,000 bars  2026-08-03 09:20:00+00:00 -> 2026-08-12 15:08:00+00:00
      page 3: 10,000 bars  2026-07-23 03:29:00+00:00 -> 2026-08-03 09:19:00+00:00
      page 4:  1,051 bars  2026-07-22 08:57:00+00:00 -> 2026-07-23 03:28:00+00:00
      fetched 31,050 | +306 new | store 48,246 bars  2026-07-05 -> 2026-08-21

  quarter/mid:
      page 1: 10,000 bars  2026-03-20 17:30:00+00:00 -> 2026-08-21 20:45:00+00:00
      page 2: 10,000 bars  2025-10-16 10:45:00+00:00 -> 2026-03-20 17:15:00+00:00
      page 3:  3,585 bars  2025-08-22 09:00:00+00:00 -> 2025-10-16 10:30:00+00:00
      fetched 23,584 | +20 new | store 24,838 bars  2025-08-04 -> 2026-08-21

  quarter/bid:
      page 1: 10,000 bars  2026-03-20 17:30:00+00:00 -> 2026-08-21 20:45:00+00:00
      page 2: 10,000 bars  2025-10-16 10:45:00+00:00 -> 2026-03-20 17:15:00+00:00
      page 3:  3,585 bars  2025-08-22 09:00:00+00:00 -> 2025-10-16 10:30:00+00:00
      fetched 23,584 | +20 new | store 24,838 bars  2025-08-04 -> 2026-08-21

  quarter/ask:
      page 1: 10,000 bars  2026-03-20 17:30:00+00:00 -> 2026-08-21 20:45:00+00:00
      page 2: 10,000 bars  2025-10-16 10:45:00+00:00 -> 2026-03-20 17:15:00+00:00
      page 3:  3,585 bars  2025-08-22 09:00:00+00:00 -> 2025-10-16 10:30:00+00:00
      fetched 23,584 | +20 new | store 24,838 bars  2025-08-04 -> 2026-08-21

  hour/mid:
      page 1: 10,000 bars  2024-12-11 12:00:00+00:00 -> 2026-08-21 20:00:00+00:00
      page 2:  1,811 bars  2024-08-22 09:00:00+00:00 -> 2024-12-11 11:00:00+00:00
      fetched 11,810 | +5 new | store 12,120 bars  2024-08-04 -> 2026-08-21

  hour/bid:
      page 1: 10,000 bars  2024-12-11 12:00:00+00:00 -> 2026-08-21 20:00:00+00:00
      page 2:  1,811 bars  2024-08-22 09:00:00+00:00 -> 2024-12-11 11:00:00+00:00
      fetched 11,810 | +5 new | store 12,120 bars  2024-08-04 -> 2026-08-21

  hour/ask:
      page 1: 10,000 bars  2024-12-11 12:00:00+00:00 -> 2026-08-21 20:00:00+00:00
      page 2:  1,811 bars  2024-08-22 09:00:00+00:00 -> 2024-12-11 11:00:00+00:00
      fetched 11,810 | +5 new | store 12,120 bars  2024-08-04 -> 2026-08-21

  day/mid:
      page 1:  3,849 bars  2011-12-30 00:00:00+00:00 -> 2026-08-21 00:00:00+00:00
      fetched 3,848 | +0 new | store 3,848 bars  2011-12-30 -> 2026-08-20

  day/bid:
      page 1:  3,849 bars  2011-12-30 00:00:00+00:00 -> 2026-08-21 00:00:00+00:00
      fetched 3,848 | +0 new | store 3,848 bars  2011-12-30 -> 2026-08-20

  day/ask:
      page 1:  3,849 bars  2011-12-30 00:00:00+00:00 -> 2026-08-21 00:00:00+00:00
      fetched 3,848 | +0 new | store 3,848 bars  2011-12-30 -> 2026-08-20


=== eurusd (id 16635) -> /Users/r.john/git/vc-tx2/data ===
  minute/mid:
      page 1: 10,000 bars  2026-08-12 20:51:00+00:00 -> 2026-08-21 20:59:00+00:00
      page 2: 10,000 bars  2026-08-03 20:45:00+00:00 -> 2026-08-12 20:50:00+00:00
      page 3: 10,000 bars  2026-07-23 20:58:00+00:00 -> 2026-08-03 20:44:00+00:00
      page 4:  2,150 bars  2026-07-22 08:58:00+00:00 -> 2026-07-23 20:57:00+00:00
      fetched 32,149 | +307 new | store 49,992 bars  2026-07-05 -> 2026-08-21

  minute/bid:
      page 1: 10,000 bars  2026-08-12 20:51:00+00:00 -> 2026-08-21 20:59:00+00:00
      page 2: 10,000 bars  2026-08-03 20:45:00+00:00 -> 2026-08-12 20:50:00+00:00
      page 3: 10,000 bars  2026-07-23 20:58:00+00:00 -> 2026-08-03 20:44:00+00:00
      page 4:  2,150 bars  2026-07-22 08:58:00+00:00 -> 2026-07-23 20:57:00+00:00
      fetched 32,149 | +307 new | store 49,992 bars  2026-07-05 -> 2026-08-21

  minute/ask:
      page 1: 10,000 bars  2026-08-12 20:51:00+00:00 -> 2026-08-21 20:59:00+00:00
      page 2: 10,000 bars  2026-08-03 20:45:00+00:00 -> 2026-08-12 20:50:00+00:00
      page 3: 10,000 bars  2026-07-23 20:58:00+00:00 -> 2026-08-03 20:44:00+00:00
      page 4:  2,150 bars  2026-07-22 08:58:00+00:00 -> 2026-07-23 20:57:00+00:00
      fetched 32,149 | +307 new | store 49,992 bars  2026-07-05 -> 2026-08-21

  quarter/mid:
      page 1: 10,000 bars  2026-03-30 08:15:00+00:00 -> 2026-08-21 20:45:00+00:00
      page 2: 10,000 bars  2025-10-31 01:00:00+00:00 -> 2026-03-30 08:00:00+00:00
      page 3:  4,768 bars  2025-08-22 09:00:00+00:00 -> 2025-10-31 00:45:00+00:00
      fetched 24,767 | +20 new | store 26,077 bars  2025-08-04 -> 2026-08-21

  quarter/bid:
      page 1: 10,000 bars  2026-03-30 08:15:00+00:00 -> 2026-08-21 20:45:00+00:00
      page 2: 10,000 bars  2025-10-31 01:00:00+00:00 -> 2026-03-30 08:00:00+00:00
      page 3:  4,768 bars  2025-08-22 09:00:00+00:00 -> 2025-10-31 00:45:00+00:00
      fetched 24,767 | +20 new | store 26,077 bars  2025-08-04 -> 2026-08-21

  quarter/ask:
      page 1: 10,000 bars  2026-03-30 08:15:00+00:00 -> 2026-08-21 20:45:00+00:00
      page 2: 10,000 bars  2025-10-31 01:00:00+00:00 -> 2026-03-30 08:00:00+00:00
      page 3:  4,768 bars  2025-08-22 09:00:00+00:00 -> 2025-10-31 00:45:00+00:00
      fetched 24,767 | +20 new | store 26,077 bars  2025-08-04 -> 2026-08-21

  hour/mid:
      page 1: 10,000 bars  2025-01-10 19:00:00+00:00 -> 2026-08-21 20:00:00+00:00
      page 2:  2,382 bars  2024-08-22 09:00:00+00:00 -> 2025-01-10 18:00:00+00:00
      fetched 12,381 | +5 new | store 12,705 bars  2024-08-04 -> 2026-08-21

  hour/bid:
      page 1: 10,000 bars  2025-01-10 19:00:00+00:00 -> 2026-08-21 20:00:00+00:00
      page 2:  2,382 bars  2024-08-22 09:00:00+00:00 -> 2025-01-10 18:00:00+00:00
      fetched 12,381 | +5 new | store 12,705 bars  2024-08-04 -> 2026-08-21

  hour/ask:
      page 1: 10,000 bars  2025-01-10 19:00:00+00:00 -> 2026-08-21 20:00:00+00:00
      page 2:  2,382 bars  2024-08-22 09:00:00+00:00 -> 2025-01-10 18:00:00+00:00
      fetched 12,381 | +5 new | store 12,705 bars  2024-08-04 -> 2026-08-21

  day/mid:
      page 1:  7,453 bars  1999-01-04 00:00:00+00:00 -> 2026-08-21 00:00:00+00:00
      fetched 7,452 | +0 new | store 7,452 bars  1999-01-04 -> 2026-08-20

  day/bid:
      page 1:  7,453 bars  1999-01-04 00:00:00+00:00 -> 2026-08-21 00:00:00+00:00
      fetched 7,452 | +0 new | store 7,452 bars  1999-01-04 -> 2026-08-20

  day/ask:
      page 1:  7,453 bars  1999-01-04 00:00:00+00:00 -> 2026-08-21 00:00:00+00:00
      fetched 7,452 | +0 new | store 7,452 bars  1999-01-04 -> 2026-08-20


=== uk100fut (id 70152) -> /Users/r.john/git/vc-tx2/data ===
  minute/mid:
      page 1: 10,000 bars  2026-08-12 09:51:00+00:00 -> 2026-08-21 19:59:00+00:00
      page 2: 10,000 bars  2026-08-03 00:44:00+00:00 -> 2026-08-12 09:50:00+00:00
      page 3: 10,000 bars  2026-07-22 13:53:00+00:00 -> 2026-08-03 00:43:00+00:00
      page 4:    294 bars  2026-07-22 08:59:00+00:00 -> 2026-07-22 13:52:00+00:00
      fetched 30,293 | +0 new | store 40,382 bars  2026-07-12 -> 2026-08-21

  minute/bid:
      page 1: 10,000 bars  2026-08-12 09:51:00+00:00 -> 2026-08-21 19:59:00+00:00
      page 2: 10,000 bars  2026-08-03 00:44:00+00:00 -> 2026-08-12 09:50:00+00:00
      page 3: 10,000 bars  2026-07-22 13:53:00+00:00 -> 2026-08-03 00:43:00+00:00
      page 4:    294 bars  2026-07-22 08:59:00+00:00 -> 2026-07-22 13:52:00+00:00
      fetched 30,293 | +246 new | store 40,382 bars  2026-07-12 -> 2026-08-21

  minute/ask:
      page 1: 10,000 bars  2026-08-12 09:51:00+00:00 -> 2026-08-21 19:59:00+00:00
      page 2: 10,000 bars  2026-08-03 00:44:00+00:00 -> 2026-08-12 09:50:00+00:00
      page 3: 10,000 bars  2026-07-22 13:53:00+00:00 -> 2026-08-03 00:43:00+00:00
      page 4:    294 bars  2026-07-22 08:59:00+00:00 -> 2026-07-22 13:52:00+00:00
      fetched 30,293 | +246 new | store 40,382 bars  2026-07-12 -> 2026-08-21

  quarter/mid:
      page 1: 10,000 bars  2026-03-16 03:45:00+00:00 -> 2026-08-21 19:45:00+00:00
      page 2: 10,000 bars  2025-10-06 15:30:00+00:00 -> 2026-03-16 03:30:00+00:00
      page 3:  2,724 bars  2025-08-22 09:00:00+00:00 -> 2025-10-06 15:15:00+00:00
      fetched 22,723 | +16 new | store 23,583 bars  2025-08-10 -> 2026-08-21

  quarter/bid:
      page 1: 10,000 bars  2026-03-16 03:45:00+00:00 -> 2026-08-21 19:45:00+00:00
      page 2: 10,000 bars  2025-10-06 15:30:00+00:00 -> 2026-03-16 03:30:00+00:00
      page 3:  2,724 bars  2025-08-22 09:00:00+00:00 -> 2025-10-06 15:15:00+00:00
      fetched 22,723 | +16 new | store 23,583 bars  2025-08-10 -> 2026-08-21

  quarter/ask:
      page 1: 10,000 bars  2026-03-16 03:45:00+00:00 -> 2026-08-21 19:45:00+00:00
      page 2: 10,000 bars  2025-10-06 15:30:00+00:00 -> 2026-03-16 03:30:00+00:00
      page 3:  2,724 bars  2025-08-22 09:00:00+00:00 -> 2025-10-06 15:15:00+00:00
      fetched 22,723 | +16 new | store 23,583 bars  2025-08-10 -> 2026-08-21

  hour/mid:
      page 1: 10,000 bars  2024-11-21 07:00:00+00:00 -> 2026-08-21 19:00:00+00:00
      page 2:  1,454 bars  2024-08-22 09:00:00+00:00 -> 2024-11-21 06:00:00+00:00
      fetched 11,453 | +4 new | store 11,647 bars  2024-08-11 -> 2026-08-21

  hour/bid:
      page 1: 10,000 bars  2024-11-21 07:00:00+00:00 -> 2026-08-21 19:00:00+00:00
      page 2:  1,454 bars  2024-08-22 09:00:00+00:00 -> 2024-11-21 06:00:00+00:00
      fetched 11,453 | +4 new | store 11,647 bars  2024-08-11 -> 2026-08-21

  hour/ask:
      page 1: 10,000 bars  2024-11-21 07:00:00+00:00 -> 2026-08-21 19:00:00+00:00
      page 2:  1,454 bars  2024-08-22 09:00:00+00:00 -> 2024-11-21 06:00:00+00:00
      fetched 11,453 | +4 new | store 11,647 bars  2024-08-11 -> 2026-08-21

  day/mid:
      page 1:  1,296 bars  2021-07-05 00:00:00+00:00 -> 2026-08-21 00:00:00+00:00
      fetched 1,295 | +0 new | store 1,295 bars  2021-07-05 -> 2026-08-20

  day/bid:
      page 1:  1,296 bars  2021-07-05 00:00:00+00:00 -> 2026-08-21 00:00:00+00:00
      fetched 1,295 | +0 new | store 1,295 bars  2021-07-05 -> 2026-08-20  !! {'open_outside_hl': 1}

  day/ask:
      page 1:  1,296 bars  2021-07-05 00:00:00+00:00 -> 2026-08-21 00:00:00+00:00
      fetched 1,295 | +0 new | store 1,295 bars  2021-07-05 -> 2026-08-20  !! {'close_outside_hl': 1}


=== ger40fut (id 70088) -> /Users/r.john/git/vc-tx2/data ===
  minute/mid:
      page 1: 10,000 bars  2026-08-12 08:06:00+00:00 -> 2026-08-21 19:59:00+00:00
      page 2: 10,000 bars  2026-07-31 18:25:00+00:00 -> 2026-08-12 08:05:00+00:00
      page 3:  9,920 bars  2026-07-22 09:00:00+00:00 -> 2026-07-31 18:24:00+00:00
      fetched 29,919 | +245 new | store 33,201 bars  2026-07-19 -> 2026-08-21

  minute/bid:
      page 1: 10,000 bars  2026-08-12 08:06:00+00:00 -> 2026-08-21 19:59:00+00:00
      page 2: 10,000 bars  2026-07-31 18:25:00+00:00 -> 2026-08-12 08:05:00+00:00
      page 3:  9,920 bars  2026-07-22 09:00:00+00:00 -> 2026-07-31 18:24:00+00:00
      fetched 29,919 | +245 new | store 33,201 bars  2026-07-19 -> 2026-08-21

  minute/ask:
      page 1: 10,000 bars  2026-08-12 08:06:00+00:00 -> 2026-08-21 19:59:00+00:00
      page 2: 10,000 bars  2026-07-31 18:25:00+00:00 -> 2026-08-12 08:05:00+00:00
      page 3:  9,920 bars  2026-07-22 09:00:00+00:00 -> 2026-07-31 18:24:00+00:00
      fetched 29,919 | +245 new | store 33,201 bars  2026-07-19 -> 2026-08-21

  quarter/mid:
      page 1: 10,000 bars  2026-03-16 04:15:00+00:00 -> 2026-08-21 19:45:00+00:00
      page 2: 10,000 bars  2025-10-03 08:00:00+00:00 -> 2026-03-16 04:00:00+00:00
      page 3:  2,705 bars  2025-08-22 09:15:00+00:00 -> 2025-10-03 07:45:00+00:00
      fetched 22,704 | +16 new | store 22,964 bars  2025-08-19 -> 2026-08-21

  quarter/bid:
      page 1: 10,000 bars  2026-03-16 04:15:00+00:00 -> 2026-08-21 19:45:00+00:00
      page 2: 10,000 bars  2025-10-03 08:00:00+00:00 -> 2026-03-16 04:00:00+00:00
      page 3:  2,705 bars  2025-08-22 09:15:00+00:00 -> 2025-10-03 07:45:00+00:00
      fetched 22,704 | +16 new | store 22,964 bars  2025-08-19 -> 2026-08-21

  quarter/ask:
      page 1: 10,000 bars  2026-03-16 04:15:00+00:00 -> 2026-08-21 19:45:00+00:00
      page 2: 10,000 bars  2025-10-03 08:00:00+00:00 -> 2026-03-16 04:00:00+00:00
      page 3:  2,705 bars  2025-08-22 09:15:00+00:00 -> 2025-10-03 07:45:00+00:00
      fetched 22,704 | +16 new | store 22,964 bars  2025-08-19 -> 2026-08-21

  hour/mid:
      page 1: 10,000 bars  2024-11-22 11:00:00+00:00 -> 2026-08-21 19:00:00+00:00
      page 2:  1,505 bars  2024-08-22 10:00:00+00:00 -> 2024-11-22 10:00:00+00:00
      fetched 11,504 | +4 new | store 11,570 bars  2024-08-19 -> 2026-08-21

  hour/bid:
      page 1: 10,000 bars  2024-11-22 11:00:00+00:00 -> 2026-08-21 19:00:00+00:00
      page 2:  1,505 bars  2024-08-22 10:00:00+00:00 -> 2024-11-22 10:00:00+00:00
      fetched 11,504 | +4 new | store 11,570 bars  2024-08-19 -> 2026-08-21

  hour/ask:
      page 1: 10,000 bars  2024-11-22 11:00:00+00:00 -> 2026-08-21 19:00:00+00:00
      page 2:  1,505 bars  2024-08-22 10:00:00+00:00 -> 2024-11-22 10:00:00+00:00
      fetched 11,504 | +4 new | store 11,570 bars  2024-08-19 -> 2026-08-21

  day/mid:
      page 1:  2,765 bars  2015-11-21 00:00:00+00:00 -> 2026-08-21 00:00:00+00:00
      fetched 2,764 | +0 new | store 2,764 bars  2015-11-21 -> 2026-08-20

  day/bid:
      page 1:  2,765 bars  2015-11-21 00:00:00+00:00 -> 2026-08-21 00:00:00+00:00
      fetched 2,764 | +0 new | store 2,764 bars  2015-11-21 -> 2026-08-20

  day/ask:
      page 1:  2,765 bars  2015-11-21 00:00:00+00:00 -> 2026-08-21 00:00:00+00:00
      fetched 2,764 | +0 new | store 2,764 bars  2015-11-21 -> 2026-08-20


=== nas100fut (id 70433) -> /Users/r.john/git/vc-tx2/data ===
  minute/mid:
      page 1: 10,000 bars  2026-08-12 14:19:00+00:00 -> 2026-08-21 20:29:00+00:00
      page 2: 10,000 bars  2026-08-03 08:08:00+00:00 -> 2026-08-12 14:18:00+00:00
      page 3: 10,000 bars  2026-07-23 01:26:00+00:00 -> 2026-08-03 08:07:00+00:00
      page 4:    925 bars  2026-07-22 09:01:00+00:00 -> 2026-07-23 01:25:00+00:00
      fetched 30,924 | +274 new | store 34,344 bars  2026-07-19 -> 2026-08-21

  minute/bid:
      page 1: 10,000 bars  2026-08-12 14:19:00+00:00 -> 2026-08-21 20:29:00+00:00
      page 2: 10,000 bars  2026-08-03 08:08:00+00:00 -> 2026-08-12 14:18:00+00:00
      page 3: 10,000 bars  2026-07-23 01:26:00+00:00 -> 2026-08-03 08:07:00+00:00
      page 4:    925 bars  2026-07-22 09:01:00+00:00 -> 2026-07-23 01:25:00+00:00
      fetched 30,924 | +274 new | store 34,344 bars  2026-07-19 -> 2026-08-21

  minute/ask:
      page 1: 10,000 bars  2026-08-12 14:19:00+00:00 -> 2026-08-21 20:29:00+00:00
      page 2: 10,000 bars  2026-08-03 08:08:00+00:00 -> 2026-08-12 14:18:00+00:00
      page 3: 10,000 bars  2026-07-23 01:26:00+00:00 -> 2026-08-03 08:07:00+00:00
      page 4:    924 bars  2026-07-22 09:02:00+00:00 -> 2026-07-23 01:25:00+00:00
      fetched 30,923 | +274 new | store 34,344 bars  2026-07-19 -> 2026-08-21

  quarter/mid:
      page 1: 10,000 bars  2026-03-22 23:00:00+00:00 -> 2026-08-21 20:15:00+00:00
      page 2: 10,000 bars  2025-10-15 10:00:00+00:00 -> 2026-03-22 22:45:00+00:00
      page 3:  3,468 bars  2025-08-22 09:15:00+00:00 -> 2025-10-15 09:45:00+00:00
      fetched 23,467 | +18 new | store 23,730 bars  2025-08-19 -> 2026-08-21

  quarter/bid:
      page 1: 10,000 bars  2026-03-22 23:00:00+00:00 -> 2026-08-21 20:15:00+00:00
      page 2: 10,000 bars  2025-10-15 10:00:00+00:00 -> 2026-03-22 22:45:00+00:00
      page 3:  3,468 bars  2025-08-22 09:15:00+00:00 -> 2025-10-15 09:45:00+00:00
      fetched 23,467 | +18 new | store 23,730 bars  2025-08-19 -> 2026-08-21

  quarter/ask:
      page 1: 10,000 bars  2026-03-22 23:00:00+00:00 -> 2026-08-21 20:15:00+00:00
      page 2: 10,000 bars  2025-10-15 10:00:00+00:00 -> 2026-03-22 22:45:00+00:00
      page 3:  3,468 bars  2025-08-22 09:15:00+00:00 -> 2025-10-15 09:45:00+00:00
      fetched 23,467 | +18 new | store 23,730 bars  2025-08-19 -> 2026-08-21

  hour/mid:
      page 1: 10,000 bars  2024-12-10 14:00:00+00:00 -> 2026-08-21 20:00:00+00:00
      page 2:  1,785 bars  2024-08-22 10:00:00+00:00 -> 2024-12-10 13:00:00+00:00
      fetched 11,784 | +5 new | store 11,850 bars  2024-08-19 -> 2026-08-21

  hour/bid:
      page 1: 10,000 bars  2024-12-10 14:00:00+00:00 -> 2026-08-21 20:00:00+00:00
      page 2:  1,785 bars  2024-08-22 10:00:00+00:00 -> 2024-12-10 13:00:00+00:00
      fetched 11,784 | +5 new | store 11,850 bars  2024-08-19 -> 2026-08-21

  hour/ask:
      page 1: 10,000 bars  2024-12-10 14:00:00+00:00 -> 2026-08-21 20:00:00+00:00
      page 2:  1,785 bars  2024-08-22 10:00:00+00:00 -> 2024-12-10 13:00:00+00:00
      fetched 11,784 | +5 new | store 11,850 bars  2024-08-19 -> 2026-08-21

  day/mid:
      page 1:  1,176 bars  2022-02-03 00:00:00+00:00 -> 2026-08-21 00:00:00+00:00
      fetched 1,175 | +0 new | store 1,175 bars  2022-02-03 -> 2026-08-20

  day/bid:
      page 1:  1,176 bars  2022-02-03 00:00:00+00:00 -> 2026-08-21 00:00:00+00:00
      fetched 1,175 | +0 new | store 1,175 bars  2022-02-03 -> 2026-08-20

  day/ask:
      page 1:  1,176 bars  2022-02-03 00:00:00+00:00 -> 2026-08-21 00:00:00+00:00
      fetched 1,175 | +0 new | store 1,175 bars  2022-02-03 -> 2026-08-20


=== us30fut (id 70153) -> /Users/r.john/git/vc-tx2/data ===
  minute/mid:
      page 1: 10,000 bars  2026-08-12 14:06:00+00:00 -> 2026-08-21 20:29:00+00:00
      page 2: 10,000 bars  2026-08-03 07:45:00+00:00 -> 2026-08-12 14:05:00+00:00
      page 3: 10,000 bars  2026-07-23 01:03:00+00:00 -> 2026-08-03 07:44:00+00:00
      page 4:    901 bars  2026-07-22 09:02:00+00:00 -> 2026-07-23 01:02:00+00:00
      fetched 30,900 | +273 new | store 34,321 bars  2026-07-19 -> 2026-08-21

  minute/bid:
      page 1: 10,000 bars  2026-08-12 14:06:00+00:00 -> 2026-08-21 20:29:00+00:00
      page 2: 10,000 bars  2026-08-03 07:45:00+00:00 -> 2026-08-12 14:05:00+00:00
      page 3: 10,000 bars  2026-07-23 01:03:00+00:00 -> 2026-08-03 07:44:00+00:00
      page 4:    900 bars  2026-07-22 09:03:00+00:00 -> 2026-07-23 01:02:00+00:00
      fetched 30,899 | +273 new | store 34,321 bars  2026-07-19 -> 2026-08-21

  minute/ask:
      page 1: 10,000 bars  2026-08-12 14:06:00+00:00 -> 2026-08-21 20:29:00+00:00
      page 2: 10,000 bars  2026-08-03 07:45:00+00:00 -> 2026-08-12 14:05:00+00:00
      page 3: 10,000 bars  2026-07-23 01:03:00+00:00 -> 2026-08-03 07:44:00+00:00
      page 4:    900 bars  2026-07-22 09:03:00+00:00 -> 2026-07-23 01:02:00+00:00
      fetched 30,899 | +273 new | store 34,321 bars  2026-07-19 -> 2026-08-21

  quarter/mid:
      page 1: 10,000 bars  2026-03-22 23:00:00+00:00 -> 2026-08-21 20:15:00+00:00
      page 2: 10,000 bars  2025-10-15 10:15:00+00:00 -> 2026-03-22 22:45:00+00:00
      page 3:  3,470 bars  2025-08-22 09:15:00+00:00 -> 2025-10-15 10:00:00+00:00
      fetched 23,469 | +18 new | store 23,732 bars  2025-08-19 -> 2026-08-21

  quarter/bid:
      page 1: 10,000 bars  2026-03-22 23:00:00+00:00 -> 2026-08-21 20:15:00+00:00
      page 2: 10,000 bars  2025-10-15 10:15:00+00:00 -> 2026-03-22 22:45:00+00:00
      page 3:  3,470 bars  2025-08-22 09:15:00+00:00 -> 2025-10-15 10:00:00+00:00
      fetched 23,469 | +18 new | store 23,732 bars  2025-08-19 -> 2026-08-21

  quarter/ask:
      page 1: 10,000 bars  2026-03-22 23:00:00+00:00 -> 2026-08-21 20:15:00+00:00
      page 2: 10,000 bars  2025-10-15 10:15:00+00:00 -> 2026-03-22 22:45:00+00:00
      page 3:  3,470 bars  2025-08-22 09:15:00+00:00 -> 2025-10-15 10:00:00+00:00
      fetched 23,469 | +18 new | store 23,732 bars  2025-08-19 -> 2026-08-21

  hour/mid:
      page 1: 10,000 bars  2024-12-10 14:00:00+00:00 -> 2026-08-21 20:00:00+00:00
      page 2:  1,786 bars  2024-08-22 10:00:00+00:00 -> 2024-12-10 13:00:00+00:00
      fetched 11,785 | +5 new | store 11,851 bars  2024-08-19 -> 2026-08-21

  hour/bid:
      page 1: 10,000 bars  2024-12-10 14:00:00+00:00 -> 2026-08-21 20:00:00+00:00
      page 2:  1,786 bars  2024-08-22 10:00:00+00:00 -> 2024-12-10 13:00:00+00:00
      fetched 11,785 | +5 new | store 11,851 bars  2024-08-19 -> 2026-08-21

  hour/ask:
      page 1: 10,000 bars  2024-12-10 14:00:00+00:00 -> 2026-08-21 20:00:00+00:00
      page 2:  1,786 bars  2024-08-22 10:00:00+00:00 -> 2024-12-10 13:00:00+00:00
      fetched 11,785 | +5 new | store 11,851 bars  2024-08-19 -> 2026-08-21

  day/mid:
      page 1:  1,327 bars  2021-07-05 00:00:00+00:00 -> 2026-08-21 00:00:00+00:00
      fetched 1,326 | +0 new | store 1,326 bars  2021-07-05 -> 2026-08-20

  day/bid:
      page 1:  1,327 bars  2021-07-05 00:00:00+00:00 -> 2026-08-21 00:00:00+00:00
      fetched 1,326 | +0 new | store 1,326 bars  2021-07-05 -> 2026-08-20

  day/ask:
      page 1:  1,327 bars  2021-07-05 00:00:00+00:00 -> 2026-08-21 00:00:00+00:00
      fetched 1,326 | +0 new | store 1,326 bars  2021-07-05 -> 2026-08-20


=== uk100sep26 (id 72516) -> /Users/r.john/git/vc-tx2/data ===
  minute/mid:
      page 1: 10,000 bars  2026-08-12 09:51:00+00:00 -> 2026-08-21 19:59:00+00:00
      page 2: 10,000 bars  2026-08-03 00:44:00+00:00 -> 2026-08-12 09:50:00+00:00
      page 3: 10,000 bars  2026-07-22 13:53:00+00:00 -> 2026-08-03 00:43:00+00:00
      page 4:    289 bars  2026-07-22 09:04:00+00:00 -> 2026-07-22 13:52:00+00:00
      fetched 30,288 | +242 new | store 40,382 bars  2026-07-12 -> 2026-08-21

  minute/bid:
      page 1: 10,000 bars  2026-08-12 09:51:00+00:00 -> 2026-08-21 19:59:00+00:00
      page 2: 10,000 bars  2026-08-03 00:44:00+00:00 -> 2026-08-12 09:50:00+00:00
      page 3: 10,000 bars  2026-07-22 13:53:00+00:00 -> 2026-08-03 00:43:00+00:00
      page 4:    289 bars  2026-07-22 09:04:00+00:00 -> 2026-07-22 13:52:00+00:00
      fetched 30,288 | +242 new | store 40,382 bars  2026-07-12 -> 2026-08-21

  minute/ask:
      page 1: 10,000 bars  2026-08-12 09:51:00+00:00 -> 2026-08-21 19:59:00+00:00
      page 2: 10,000 bars  2026-08-03 00:44:00+00:00 -> 2026-08-12 09:50:00+00:00
      page 3: 10,000 bars  2026-07-22 13:53:00+00:00 -> 2026-08-03 00:43:00+00:00
      page 4:    289 bars  2026-07-22 09:04:00+00:00 -> 2026-07-22 13:52:00+00:00
      fetched 30,288 | +242 new | store 40,382 bars  2026-07-12 -> 2026-08-21

  quarter/mid:
      page 1:  4,619 bars  2026-06-11 17:30:00+00:00 -> 2026-08-21 19:45:00+00:00
      fetched 4,618 | +16 new | store 4,618 bars  2026-06-11 -> 2026-08-21

  quarter/bid:
      page 1:  4,619 bars  2026-06-11 17:30:00+00:00 -> 2026-08-21 19:45:00+00:00
      fetched 4,618 | +16 new | store 4,618 bars  2026-06-11 -> 2026-08-21

  quarter/ask:
      page 1:  4,619 bars  2026-06-11 17:30:00+00:00 -> 2026-08-21 19:45:00+00:00
      fetched 4,618 | +16 new | store 4,618 bars  2026-06-11 -> 2026-08-21

  hour/mid:
      page 1:  1,166 bars  2026-06-11 17:00:00+00:00 -> 2026-08-21 19:00:00+00:00
      fetched 1,165 | +4 new | store 1,165 bars  2026-06-11 -> 2026-08-21

  hour/bid:
      page 1:  1,166 bars  2026-06-11 17:00:00+00:00 -> 2026-08-21 19:00:00+00:00
      fetched 1,165 | +4 new | store 1,165 bars  2026-06-11 -> 2026-08-21

  hour/ask:
      page 1:  1,166 bars  2026-06-11 17:00:00+00:00 -> 2026-08-21 19:00:00+00:00
      fetched 1,165 | +4 new | store 1,165 bars  2026-06-11 -> 2026-08-21

  day/mid:
      page 1:     52 bars  2026-06-11 00:00:00+00:00 -> 2026-08-21 00:00:00+00:00
      fetched 51 | +0 new | store 51 bars  2026-06-11 -> 2026-08-20

  day/bid:
      page 1:     52 bars  2026-06-11 00:00:00+00:00 -> 2026-08-21 00:00:00+00:00
      fetched 51 | +0 new | store 51 bars  2026-06-11 -> 2026-08-20

  day/ask:
      page 1:     52 bars  2026-06-11 00:00:00+00:00 -> 2026-08-21 00:00:00+00:00
      fetched 51 | +0 new | store 51 bars  2026-06-11 -> 2026-08-20


Done. `python3 collect.py status` for a summary.
     instr    feed side  bars       from         to  sessions  vol=0 %        last sync
     uk100  minute  mid 47384 2026-07-03 2026-08-21        43      0.0 2026-08-22T08:51
     uk100  minute  bid 47384 2026-07-03 2026-08-21        43      0.0 2026-08-22T08:51
     uk100  minute  ask 47384 2026-07-03 2026-08-21        43      0.0 2026-08-22T08:52
     uk100 quarter  mid 24036 2025-08-03 2026-08-21       318      0.0 2026-08-22T08:52
     uk100 quarter  bid 24036 2025-08-03 2026-08-21       318      0.0 2026-08-22T08:52
     uk100 quarter  ask 24036 2025-08-03 2026-08-21       318      0.0 2026-08-22T08:52
     uk100    hour  mid 11772 2024-08-04 2026-08-21       620      0.0 2026-08-22T08:52
     uk100    hour  bid 11772 2024-08-04 2026-08-21       620      0.0 2026-08-22T08:52
     uk100    hour  ask 11772 2024-08-04 2026-08-21       620      0.0 2026-08-22T08:52
     uk100     day  mid  3758 2012-03-26 2026-08-20      3758     59.8 2026-08-22T08:52
     uk100     day  bid  3758 2012-03-26 2026-08-20      3758     59.8 2026-08-22T08:52
     uk100     day  ask  3758 2012-03-26 2026-08-20      3758     59.8 2026-08-22T08:52
     ger40  minute  mid 47212 2026-07-05 2026-08-21        42      0.0 2026-08-22T08:52
     ger40  minute  bid 47212 2026-07-05 2026-08-21        42      0.0 2026-08-22T08:52
     ger40  minute  ask 47212 2026-07-05 2026-08-21        42      0.0 2026-08-22T08:53
     ger40 quarter  mid 24069 2025-08-04 2026-08-21       321      0.0 2026-08-22T08:53
     ger40 quarter  bid 24069 2025-08-04 2026-08-21       321      0.0 2026-08-22T08:53
     ger40 quarter  ask 24069 2025-08-04 2026-08-21       321      0.0 2026-08-22T08:53
     ger40    hour  mid 11823 2024-08-04 2026-08-21       628      0.0 2026-08-22T08:53
     ger40    hour  bid 11823 2024-08-04 2026-08-21       628      0.0 2026-08-22T08:53
     ger40    hour  ask 11823 2024-08-04 2026-08-21       628      0.0 2026-08-22T08:53
     ger40     day  mid  3777 2012-01-30 2026-08-20      3777     60.1 2026-08-22T08:53
     ger40     day  bid  3777 2012-01-30 2026-08-20      3777     60.1 2026-08-22T08:53
     ger40     day  ask  3777 2012-01-30 2026-08-20      3777     60.1 2026-08-22T08:53
      us30  minute  mid 48081 2026-07-05 2026-08-21        42      0.0 2026-08-22T08:53
      us30  minute  bid 48081 2026-07-05 2026-08-21        42      0.0 2026-08-22T08:53
      us30  minute  ask 48081 2026-07-05 2026-08-21        42      0.0 2026-08-22T08:53
      us30 quarter  mid 24719 2025-08-04 2026-08-21       329      0.0 2026-08-22T08:53
      us30 quarter  bid 24719 2025-08-04 2026-08-21       329      0.0 2026-08-22T08:53
      us30 quarter  ask 24719 2025-08-04 2026-08-21       329      0.0 2026-08-22T08:54
      us30    hour  mid 12094 2024-08-04 2026-08-21       641      0.0 2026-08-22T08:54
      us30    hour  bid 12094 2024-08-04 2026-08-21       641      0.0 2026-08-22T08:54
      us30    hour  ask 12094 2024-08-04 2026-08-21       641      0.0 2026-08-22T08:54
      us30     day  mid  3850 2012-03-05 2026-08-20      3850     60.8 2026-08-22T08:54
      us30     day  bid  3850 2012-03-05 2026-08-20      3850     60.8 2026-08-22T08:54
      us30     day  ask  3850 2012-03-05 2026-08-20      3850     60.8 2026-08-22T08:54
    nas100  minute  mid 48082 2026-07-05 2026-08-21        42      0.0 2026-08-22T08:54
    nas100  minute  bid 48082 2026-07-05 2026-08-21        42      0.0 2026-08-22T08:54
    nas100  minute  ask 48082 2026-07-05 2026-08-21        42      0.0 2026-08-22T08:54
    nas100 quarter  mid 24719 2025-08-04 2026-08-21       329      0.0 2026-08-22T08:54
    nas100 quarter  bid 24719 2025-08-04 2026-08-21       329      0.0 2026-08-22T08:54
    nas100 quarter  ask 24719 2025-08-04 2026-08-21       329      0.0 2026-08-22T08:54
    nas100    hour  mid 12095 2024-08-04 2026-08-21       641      0.0 2026-08-22T08:54
    nas100    hour  bid 12095 2024-08-04 2026-08-21       641      0.0 2026-08-22T08:54
    nas100    hour  ask 12095 2024-08-04 2026-08-21       641      0.0 2026-08-22T08:54
    nas100     day  mid  3850 2012-03-05 2026-08-20      3850     60.8 2026-08-22T08:55
    nas100     day  bid  3850 2012-03-05 2026-08-20      3850     60.8 2026-08-22T08:55
    nas100     day  ask  3850 2012-03-05 2026-08-20      3850     60.8 2026-08-22T08:55
     us500  minute  mid 48013 2026-07-05 2026-08-21        42      0.0 2026-08-22T08:55
     us500  minute  bid 48013 2026-07-05 2026-08-21        42      0.0 2026-08-22T08:55
     us500  minute  ask 48013 2026-07-05 2026-08-21        42      0.0 2026-08-22T08:55
     us500 quarter  mid 24712 2025-08-04 2026-08-21       329      0.0 2026-08-22T08:55
     us500 quarter  bid 24712 2025-08-04 2026-08-21       329      0.0 2026-08-22T08:55
     us500 quarter  ask 24712 2025-08-04 2026-08-21       329      0.0 2026-08-22T08:55
     us500    hour  mid 12094 2024-08-04 2026-08-21       641      0.0 2026-08-22T08:55
     us500    hour  bid 12094 2024-08-04 2026-08-21       641      0.0 2026-08-22T08:55
     us500    hour  ask 12094 2024-08-04 2026-08-21       641      0.0 2026-08-22T08:56
     us500     day  mid  3843 2012-03-13 2026-08-20      3843     60.7 2026-08-22T08:56
     us500     day  bid  3843 2012-03-13 2026-08-20      3843     60.7 2026-08-22T08:56
     us500     day  ask  3843 2012-03-13 2026-08-20      3843     60.7 2026-08-22T08:56
      gold  minute  mid 48246 2026-07-05 2026-08-21        42      0.0 2026-08-22T08:56
      gold  minute  bid 48246 2026-07-05 2026-08-21        42      0.0 2026-08-22T08:56
      gold  minute  ask 48246 2026-07-05 2026-08-21        42      0.0 2026-08-22T08:56
      gold quarter  mid 24838 2025-08-04 2026-08-21       328      0.0 2026-08-22T08:56
      gold quarter  bid 24838 2025-08-04 2026-08-21       328      0.0 2026-08-22T08:56
      gold quarter  ask 24838 2025-08-04 2026-08-21       328      0.0 2026-08-22T08:56
      gold    hour  mid 12120 2024-08-04 2026-08-21       640      0.0 2026-08-22T08:56
      gold    hour  bid 12120 2024-08-04 2026-08-21       640      0.0 2026-08-22T08:56
      gold    hour  ask 12120 2024-08-04 2026-08-21       640      0.0 2026-08-22T08:57
      gold     day  mid  3848 2011-12-30 2026-08-20      3848     60.8 2026-08-22T08:57
      gold     day  bid  3848 2011-12-30 2026-08-20      3848     60.8 2026-08-22T08:57
      gold     day  ask  3848 2011-12-30 2026-08-20      3848     60.8 2026-08-22T08:57
   goldvar  minute  mid 48246 2026-07-05 2026-08-21        42      0.0 2026-08-22T08:57
   goldvar  minute  bid 48246 2026-07-05 2026-08-21        42      0.0 2026-08-22T08:57
   goldvar  minute  ask 48246 2026-07-05 2026-08-21        42      0.0 2026-08-22T08:57
   goldvar quarter  mid 24838 2025-08-04 2026-08-21       328      0.0 2026-08-22T08:57
   goldvar quarter  bid 24838 2025-08-04 2026-08-21       328      0.0 2026-08-22T08:57
   goldvar quarter  ask 24838 2025-08-04 2026-08-21       328      0.0 2026-08-22T08:57
   goldvar    hour  mid 12120 2024-08-04 2026-08-21       640      0.0 2026-08-22T08:57
   goldvar    hour  bid 12120 2024-08-04 2026-08-21       640      0.0 2026-08-22T08:57
   goldvar    hour  ask 12120 2024-08-04 2026-08-21       640      0.0 2026-08-22T08:57
   goldvar     day  mid  3848 2011-12-30 2026-08-20      3848     60.8 2026-08-22T08:57
   goldvar     day  bid  3848 2011-12-30 2026-08-20      3848     60.8 2026-08-22T08:58
   goldvar     day  ask  3848 2011-12-30 2026-08-20      3848     60.8 2026-08-22T08:58
    eurusd  minute  mid 49992 2026-07-05 2026-08-21        42      0.0 2026-08-22T08:58
    eurusd  minute  bid 49992 2026-07-05 2026-08-21        42      0.0 2026-08-22T08:58
    eurusd  minute  ask 49992 2026-07-05 2026-08-21        42      0.0 2026-08-22T08:58
    eurusd quarter  mid 26077 2025-08-04 2026-08-21       329      0.0 2026-08-22T08:58
    eurusd quarter  bid 26077 2025-08-04 2026-08-21       329      0.0 2026-08-22T08:58
    eurusd quarter  ask 26077 2025-08-04 2026-08-21       329      0.0 2026-08-22T08:58
    eurusd    hour  mid 12705 2024-08-04 2026-08-21       641      0.0 2026-08-22T08:58
    eurusd    hour  bid 12705 2024-08-04 2026-08-21       641      0.0 2026-08-22T08:58
    eurusd    hour  ask 12705 2024-08-04 2026-08-21       641      0.0 2026-08-22T08:59
    eurusd     day  mid  7452 1999-01-04 2026-08-20      7452     79.3 2026-08-22T08:59
    eurusd     day  bid  7452 1999-01-04 2026-08-20      7452     79.3 2026-08-22T08:59
    eurusd     day  ask  7452 1999-01-04 2026-08-20      7452     79.3 2026-08-22T08:59
  uk100fut  minute  mid 40382 2026-07-12 2026-08-21        36      0.0 2026-08-22T08:59
  uk100fut  minute  bid 40382 2026-07-12 2026-08-21        36      0.0 2026-08-22T08:59
  uk100fut  minute  ask 40382 2026-07-12 2026-08-21        36      0.0 2026-08-22T08:59
  uk100fut quarter  mid 23583 2025-08-10 2026-08-21       313      0.0 2026-08-22T08:59
  uk100fut quarter  bid 23583 2025-08-10 2026-08-21       313      0.0 2026-08-22T08:59
  uk100fut quarter  ask 23583 2025-08-10 2026-08-21       313      0.0 2026-08-22T08:59
  uk100fut    hour  mid 11647 2024-08-11 2026-08-21       612      0.0 2026-08-22T09:00
  uk100fut    hour  bid 11647 2024-08-11 2026-08-21       612      0.0 2026-08-22T09:00
  uk100fut    hour  ask 11647 2024-08-11 2026-08-21       612      0.0 2026-08-22T09:00
  uk100fut     day  mid  1295 2021-07-05 2026-08-20      1295     49.3 2026-08-22T09:00
  uk100fut     day  bid  1295 2021-07-05 2026-08-20      1295     49.3 2026-08-22T09:00
  uk100fut     day  ask  1295 2021-07-05 2026-08-20      1295     49.3 2026-08-22T09:00
  ger40fut  minute  mid 33201 2026-07-19 2026-08-21        30      0.0 2026-08-22T09:00
  ger40fut  minute  bid 33201 2026-07-19 2026-08-21        30      0.0 2026-08-22T09:00
  ger40fut  minute  ask 33201 2026-07-19 2026-08-21        30      0.0 2026-08-22T09:00
  ger40fut quarter  mid 22964 2025-08-19 2026-08-21       305      0.0 2026-08-22T09:00
  ger40fut quarter  bid 22964 2025-08-19 2026-08-21       305      0.0 2026-08-22T09:00
  ger40fut quarter  ask 22964 2025-08-19 2026-08-21       305      0.0 2026-08-22T09:00
  ger40fut    hour  mid 11570 2024-08-19 2026-08-21       612      0.0 2026-08-22T09:01
  ger40fut    hour  bid 11570 2024-08-19 2026-08-21       612      0.0 2026-08-22T09:01
  ger40fut    hour  ask 11570 2024-08-19 2026-08-21       612      0.0 2026-08-22T09:01
  ger40fut     day  mid  2764 2015-11-21 2026-08-20      2764     76.2 2026-08-22T09:01
  ger40fut     day  bid  2764 2015-11-21 2026-08-20      2764     76.2 2026-08-22T09:01
  ger40fut     day  ask  2764 2015-11-21 2026-08-20      2764     76.2 2026-08-22T09:01
 nas100fut  minute  mid 34344 2026-07-19 2026-08-21        30      0.0 2026-08-22T09:01
 nas100fut  minute  bid 34344 2026-07-19 2026-08-21        30      0.0 2026-08-22T09:01
 nas100fut  minute  ask 34344 2026-07-19 2026-08-21        30      0.0 2026-08-22T09:01
 nas100fut quarter  mid 23730 2025-08-19 2026-08-21       316      0.0 2026-08-22T09:01
 nas100fut quarter  bid 23730 2025-08-19 2026-08-21       316      0.0 2026-08-22T09:02
 nas100fut quarter  ask 23730 2025-08-19 2026-08-21       316      0.0 2026-08-22T09:02
 nas100fut    hour  mid 11850 2024-08-19 2026-08-21       628      0.0 2026-08-22T09:02
 nas100fut    hour  bid 11850 2024-08-19 2026-08-21       628      0.0 2026-08-22T09:02
 nas100fut    hour  ask 11850 2024-08-19 2026-08-21       628      0.0 2026-08-22T09:02
 nas100fut     day  mid  1175 2022-02-03 2026-08-20      1175     42.9 2026-08-22T09:02
 nas100fut     day  bid  1175 2022-02-03 2026-08-20      1175     42.9 2026-08-22T09:02
 nas100fut     day  ask  1175 2022-02-03 2026-08-20      1175     42.9 2026-08-22T09:02
   us30fut  minute  mid 34321 2026-07-19 2026-08-21        30      0.0 2026-08-22T09:02
   us30fut  minute  bid 34321 2026-07-19 2026-08-21        30      0.0 2026-08-22T09:02
   us30fut  minute  ask 34321 2026-07-19 2026-08-21        30      0.0 2026-08-22T09:02
   us30fut quarter  mid 23732 2025-08-19 2026-08-21       316      0.0 2026-08-22T09:03
   us30fut quarter  bid 23732 2025-08-19 2026-08-21       316      0.0 2026-08-22T09:03
   us30fut quarter  ask 23732 2025-08-19 2026-08-21       316      0.0 2026-08-22T09:03
   us30fut    hour  mid 11851 2024-08-19 2026-08-21       628      0.0 2026-08-22T09:03
   us30fut    hour  bid 11851 2024-08-19 2026-08-21       628      0.0 2026-08-22T09:03
   us30fut    hour  ask 11851 2024-08-19 2026-08-21       628      0.0 2026-08-22T09:03
   us30fut     day  mid  1326 2021-07-05 2026-08-20      1326     49.4 2026-08-22T09:03
   us30fut     day  bid  1326 2021-07-05 2026-08-20      1326     49.4 2026-08-22T09:03
   us30fut     day  ask  1326 2021-07-05 2026-08-20      1326     49.4 2026-08-22T09:03
uk100sep26  minute  mid 40382 2026-07-12 2026-08-21        36      0.0 2026-08-22T09:03
uk100sep26  minute  bid 40382 2026-07-12 2026-08-21        36      0.0 2026-08-22T09:03
uk100sep26  minute  ask 40382 2026-07-12 2026-08-21        36      0.0 2026-08-22T09:04
uk100sep26 quarter  mid  4618 2026-06-11 2026-08-21        62      0.0 2026-08-22T09:04
uk100sep26 quarter  bid  4618 2026-06-11 2026-08-21        62      0.0 2026-08-22T09:04
uk100sep26 quarter  ask  4618 2026-06-11 2026-08-21        62      0.0 2026-08-22T09:04
uk100sep26    hour  mid  1165 2026-06-11 2026-08-21        62      0.0 2026-08-22T09:04
uk100sep26    hour  bid  1165 2026-06-11 2026-08-21        62      0.0 2026-08-22T09:04
uk100sep26    hour  ask  1165 2026-06-11 2026-08-21        62      0.0 2026-08-22T09:04
uk100sep26     day  mid    51 2026-06-11 2026-08-20        51      0.0 2026-08-22T09:04
uk100sep26     day  bid    51 2026-06-11 2026-08-20        51      0.0 2026-08-22T09:04
uk100sep26     day  ask    51 2026-06-11 2026-08-20        51      0.0 2026-08-22T09:04

spread (minute, n=47,384): median 1.00 pts | p90 5.00 | core 07:00-15:59 UTC median 0.80 pts (n=18,900)

spread (quarter, n=24,036): median 1.00 pts | p90 5.00 | core 07:00-15:59 UTC median 0.80 pts (n=9,587)

spread (hour, n=11,772): median 1.00 pts | p90 5.00 | core 07:00-15:59 UTC median 0.80 pts (n=4,659)

spread (day, n=3,758): median 0.00 pts | p90 5.00 | core 07:00-15:59 UTC median nan pts (n=0)
uk100/minute/mid: 47,384 bars | OK | zero-volume 0.0% | 164 gaps > one bar (weekends/closures expected)
uk100/minute/bid: 47,384 bars | OK | zero-volume 0.0% | 164 gaps > one bar (weekends/closures expected)
uk100/minute/ask: 47,384 bars | OK | zero-volume 0.0% | 164 gaps > one bar (weekends/closures expected)
uk100/quarter/mid: 24,036 bars | OK | zero-volume 0.0% | 459 gaps > one bar (weekends/closures expected)
uk100/quarter/bid: 24,036 bars | OK | zero-volume 0.0% | 459 gaps > one bar (weekends/closures expected)
uk100/quarter/ask: 24,036 bars | OK | zero-volume 0.0% | 459 gaps > one bar (weekends/closures expected)
uk100/hour/mid: 11,772 bars | OK | zero-volume 0.0% | 518 gaps > one bar (weekends/closures expected)
uk100/hour/bid: 11,772 bars | OK | zero-volume 0.0% | 518 gaps > one bar (weekends/closures expected)
uk100/hour/ask: 11,772 bars | OK | zero-volume 0.0% | 518 gaps > one bar (weekends/closures expected)
uk100/day/mid: 3,758 bars | OK | zero-volume 59.77% | 748 gaps > one bar (weekends/closures expected)
uk100/day/bid: 3,758 bars | known {'open_outside_hl': 2} | zero-volume 59.77% | 748 gaps > one bar (weekends/closures expected)
uk100/day/ask: 3,758 bars | known {'close_outside_hl': 2} | zero-volume 59.77% | 748 gaps > one bar (weekends/closures expected)
ger40/minute/mid: 47,212 bars | OK | zero-volume 0.0% | 211 gaps > one bar (weekends/closures expected)
ger40/minute/bid: 47,212 bars | OK | zero-volume 0.0% | 211 gaps > one bar (weekends/closures expected)
ger40/minute/ask: 47,212 bars | OK | zero-volume 0.0% | 211 gaps > one bar (weekends/closures expected)
ger40/quarter/mid: 24,069 bars | OK | zero-volume 0.0% | 462 gaps > one bar (weekends/closures expected)
ger40/quarter/bid: 24,069 bars | OK | zero-volume 0.0% | 462 gaps > one bar (weekends/closures expected)
ger40/quarter/ask: 24,069 bars | OK | zero-volume 0.0% | 462 gaps > one bar (weekends/closures expected)
ger40/hour/mid: 11,823 bars | OK | zero-volume 0.0% | 519 gaps > one bar (weekends/closures expected)
ger40/hour/bid: 11,823 bars | OK | zero-volume 0.0% | 519 gaps > one bar (weekends/closures expected)
ger40/hour/ask: 11,823 bars | OK | zero-volume 0.0% | 519 gaps > one bar (weekends/closures expected)
ger40/day/mid: 3,777 bars | OK | zero-volume 60.07% | 767 gaps > one bar (weekends/closures expected)
ger40/day/bid: 3,777 bars | OK | zero-volume 60.07% | 767 gaps > one bar (weekends/closures expected)
ger40/day/ask: 3,777 bars | OK | zero-volume 60.07% | 767 gaps > one bar (weekends/closures expected)
us30/minute/mid: 48,081 bars | OK | zero-volume 0.0% | 35 gaps > one bar (weekends/closures expected)
us30/minute/bid: 48,081 bars | OK | zero-volume 0.0% | 35 gaps > one bar (weekends/closures expected)
us30/minute/ask: 48,081 bars | OK | zero-volume 0.0% | 35 gaps > one bar (weekends/closures expected)
us30/quarter/mid: 24,719 bars | OK | zero-volume 0.0% | 274 gaps > one bar (weekends/closures expected)
us30/quarter/bid: 24,719 bars | OK | zero-volume 0.0% | 274 gaps > one bar (weekends/closures expected)
us30/quarter/ask: 24,719 bars | OK | zero-volume 0.0% | 274 gaps > one bar (weekends/closures expected)
us30/hour/mid: 12,094 bars | OK | zero-volume 0.0% | 530 gaps > one bar (weekends/closures expected)
us30/hour/bid: 12,094 bars | OK | zero-volume 0.0% | 530 gaps > one bar (weekends/closures expected)
us30/hour/ask: 12,094 bars | OK | zero-volume 0.0% | 530 gaps > one bar (weekends/closures expected)
us30/day/mid: 3,850 bars | OK | zero-volume 60.78% | 760 gaps > one bar (weekends/closures expected)
us30/day/bid: 3,850 bars | OK | zero-volume 60.78% | 760 gaps > one bar (weekends/closures expected)
us30/day/ask: 3,850 bars | OK | zero-volume 60.78% | 760 gaps > one bar (weekends/closures expected)
nas100/minute/mid: 48,082 bars | OK | zero-volume 0.0% | 34 gaps > one bar (weekends/closures expected)
nas100/minute/bid: 48,082 bars | OK | zero-volume 0.0% | 34 gaps > one bar (weekends/closures expected)
nas100/minute/ask: 48,082 bars | OK | zero-volume 0.0% | 34 gaps > one bar (weekends/closures expected)
nas100/quarter/mid: 24,719 bars | OK | zero-volume 0.0% | 275 gaps > one bar (weekends/closures expected)
nas100/quarter/bid: 24,719 bars | OK | zero-volume 0.0% | 275 gaps > one bar (weekends/closures expected)
nas100/quarter/ask: 24,719 bars | OK | zero-volume 0.0% | 275 gaps > one bar (weekends/closures expected)
nas100/hour/mid: 12,095 bars | OK | zero-volume 0.0% | 530 gaps > one bar (weekends/closures expected)
nas100/hour/bid: 12,095 bars | OK | zero-volume 0.0% | 530 gaps > one bar (weekends/closures expected)
nas100/hour/ask: 12,095 bars | OK | zero-volume 0.0% | 530 gaps > one bar (weekends/closures expected)
nas100/day/mid: 3,850 bars | OK | zero-volume 60.81% | 760 gaps > one bar (weekends/closures expected)
nas100/day/bid: 3,850 bars | OK | zero-volume 60.81% | 760 gaps > one bar (weekends/closures expected)
nas100/day/ask: 3,850 bars | OK | zero-volume 60.81% | 760 gaps > one bar (weekends/closures expected)
us500/minute/mid: 48,013 bars | OK | zero-volume 0.0% | 92 gaps > one bar (weekends/closures expected)
us500/minute/bid: 48,013 bars | OK | zero-volume 0.0% | 92 gaps > one bar (weekends/closures expected)
us500/minute/ask: 48,013 bars | OK | zero-volume 0.0% | 92 gaps > one bar (weekends/closures expected)
us500/quarter/mid: 24,712 bars | OK | zero-volume 0.0% | 274 gaps > one bar (weekends/closures expected)
us500/quarter/bid: 24,712 bars | OK | zero-volume 0.0% | 274 gaps > one bar (weekends/closures expected)
us500/quarter/ask: 24,712 bars | OK | zero-volume 0.0% | 274 gaps > one bar (weekends/closures expected)
us500/hour/mid: 12,094 bars | OK | zero-volume 0.0% | 530 gaps > one bar (weekends/closures expected)
us500/hour/bid: 12,094 bars | OK | zero-volume 0.0% | 530 gaps > one bar (weekends/closures expected)
us500/hour/ask: 12,094 bars | OK | zero-volume 0.0% | 530 gaps > one bar (weekends/closures expected)
us500/day/mid: 3,843 bars | OK | zero-volume 60.73% | 760 gaps > one bar (weekends/closures expected)
us500/day/bid: 3,843 bars | OK | zero-volume 60.73% | 760 gaps > one bar (weekends/closures expected)
us500/day/ask: 3,843 bars | OK | zero-volume 60.73% | 760 gaps > one bar (weekends/closures expected)
gold/minute/mid: 48,246 bars | OK | zero-volume 0.0% | 34 gaps > one bar (weekends/closures expected)
gold/minute/bid: 48,246 bars | OK | zero-volume 0.0% | 34 gaps > one bar (weekends/closures expected)
gold/minute/ask: 48,246 bars | OK | zero-volume 0.0% | 34 gaps > one bar (weekends/closures expected)
gold/quarter/mid: 24,838 bars | OK | zero-volume 0.0% | 273 gaps > one bar (weekends/closures expected)
gold/quarter/bid: 24,838 bars | OK | zero-volume 0.0% | 273 gaps > one bar (weekends/closures expected)
gold/quarter/ask: 24,838 bars | OK | zero-volume 0.0% | 273 gaps > one bar (weekends/closures expected)
gold/hour/mid: 12,120 bars | OK | zero-volume 0.0% | 528 gaps > one bar (weekends/closures expected)
gold/hour/bid: 12,120 bars | OK | zero-volume 0.0% | 528 gaps > one bar (weekends/closures expected)
gold/hour/ask: 12,120 bars | OK | zero-volume 0.0% | 528 gaps > one bar (weekends/closures expected)
gold/day/mid: 3,848 bars | OK | zero-volume 60.81% | 767 gaps > one bar (weekends/closures expected)
gold/day/bid: 3,848 bars | OK | zero-volume 60.81% | 767 gaps > one bar (weekends/closures expected)
gold/day/ask: 3,848 bars | OK | zero-volume 60.81% | 767 gaps > one bar (weekends/closures expected)
goldvar/minute/mid: 48,246 bars | OK | zero-volume 0.0% | 34 gaps > one bar (weekends/closures expected)
goldvar/minute/bid: 48,246 bars | OK | zero-volume 0.0% | 34 gaps > one bar (weekends/closures expected)
goldvar/minute/ask: 48,246 bars | OK | zero-volume 0.0% | 34 gaps > one bar (weekends/closures expected)
goldvar/quarter/mid: 24,838 bars | OK | zero-volume 0.0% | 273 gaps > one bar (weekends/closures expected)
goldvar/quarter/bid: 24,838 bars | OK | zero-volume 0.0% | 273 gaps > one bar (weekends/closures expected)
goldvar/quarter/ask: 24,838 bars | OK | zero-volume 0.0% | 273 gaps > one bar (weekends/closures expected)
goldvar/hour/mid: 12,120 bars | OK | zero-volume 0.0% | 528 gaps > one bar (weekends/closures expected)
goldvar/hour/bid: 12,120 bars | OK | zero-volume 0.0% | 528 gaps > one bar (weekends/closures expected)
goldvar/hour/ask: 12,120 bars | OK | zero-volume 0.0% | 528 gaps > one bar (weekends/closures expected)
goldvar/day/mid: 3,848 bars | OK | zero-volume 60.81% | 767 gaps > one bar (weekends/closures expected)
goldvar/day/bid: 3,848 bars | OK | zero-volume 60.81% | 767 gaps > one bar (weekends/closures expected)
goldvar/day/ask: 3,848 bars | OK | zero-volume 60.81% | 767 gaps > one bar (weekends/closures expected)
eurusd/minute/mid: 49,992 bars | OK | zero-volume 0.0% | 227 gaps > one bar (weekends/closures expected)
eurusd/minute/bid: 49,992 bars | OK | zero-volume 0.0% | 227 gaps > one bar (weekends/closures expected)
eurusd/minute/ask: 49,992 bars | OK | zero-volume 0.0% | 227 gaps > one bar (weekends/closures expected)
eurusd/quarter/mid: 26,077 bars | OK | zero-volume 0.0% | 58 gaps > one bar (weekends/closures expected)
eurusd/quarter/bid: 26,077 bars | OK | zero-volume 0.0% | 58 gaps > one bar (weekends/closures expected)
eurusd/quarter/ask: 26,077 bars | OK | zero-volume 0.0% | 58 gaps > one bar (weekends/closures expected)
eurusd/hour/mid: 12,705 bars | OK | zero-volume 0.0% | 111 gaps > one bar (weekends/closures expected)
eurusd/hour/bid: 12,705 bars | OK | zero-volume 0.0% | 111 gaps > one bar (weekends/closures expected)
eurusd/hour/ask: 12,705 bars | OK | zero-volume 0.0% | 111 gaps > one bar (weekends/closures expected)
eurusd/day/mid: 7,452 bars | OK | zero-volume 79.28% | 1,442 gaps > one bar (weekends/closures expected)
eurusd/day/bid: 7,452 bars | OK | zero-volume 79.28% | 1,442 gaps > one bar (weekends/closures expected)
eurusd/day/ask: 7,452 bars | OK | zero-volume 79.28% | 1,442 gaps > one bar (weekends/closures expected)
uk100fut/minute/mid: 40,382 bars | OK | zero-volume 0.0% | 147 gaps > one bar (weekends/closures expected)
uk100fut/minute/bid: 40,382 bars | OK | zero-volume 0.0% | 147 gaps > one bar (weekends/closures expected)
uk100fut/minute/ask: 40,382 bars | OK | zero-volume 0.0% | 147 gaps > one bar (weekends/closures expected)
uk100fut/quarter/mid: 23,583 bars | OK | zero-volume 0.0% | 451 gaps > one bar (weekends/closures expected)
uk100fut/quarter/bid: 23,583 bars | OK | zero-volume 0.0% | 451 gaps > one bar (weekends/closures expected)
uk100fut/quarter/ask: 23,583 bars | OK | zero-volume 0.0% | 451 gaps > one bar (weekends/closures expected)
uk100fut/hour/mid: 11,647 bars | OK | zero-volume 0.0% | 514 gaps > one bar (weekends/closures expected)
uk100fut/hour/bid: 11,647 bars | OK | zero-volume 0.0% | 514 gaps > one bar (weekends/closures expected)
uk100fut/hour/ask: 11,647 bars | OK | zero-volume 0.0% | 514 gaps > one bar (weekends/closures expected)
uk100fut/day/mid: 1,295 bars | OK | zero-volume 49.27% | 271 gaps > one bar (weekends/closures expected)
uk100fut/day/bid: 1,295 bars | known {'open_outside_hl': 1} | zero-volume 49.27% | 271 gaps > one bar (weekends/closures expected)
uk100fut/day/ask: 1,295 bars | known {'close_outside_hl': 1} | zero-volume 49.27% | 271 gaps > one bar (weekends/closures expected)
ger40fut/minute/mid: 33,201 bars | OK | zero-volume 0.0% | 188 gaps > one bar (weekends/closures expected)
ger40fut/minute/bid: 33,201 bars | OK | zero-volume 0.0% | 188 gaps > one bar (weekends/closures expected)
ger40fut/minute/ask: 33,201 bars | OK | zero-volume 0.0% | 188 gaps > one bar (weekends/closures expected)
ger40fut/quarter/mid: 22,964 bars | OK | zero-volume 0.0% | 515 gaps > one bar (weekends/closures expected)
ger40fut/quarter/bid: 22,964 bars | OK | zero-volume 0.0% | 515 gaps > one bar (weekends/closures expected)
ger40fut/quarter/ask: 22,964 bars | OK | zero-volume 0.0% | 515 gaps > one bar (weekends/closures expected)
ger40fut/hour/mid: 11,570 bars | OK | zero-volume 0.0% | 508 gaps > one bar (weekends/closures expected)
ger40fut/hour/bid: 11,570 bars | OK | zero-volume 0.0% | 508 gaps > one bar (weekends/closures expected)
ger40fut/hour/ask: 11,570 bars | OK | zero-volume 0.0% | 508 gaps > one bar (weekends/closures expected)
ger40fut/day/mid: 2,764 bars | OK | zero-volume 76.19% | 562 gaps > one bar (weekends/closures expected)
ger40fut/day/bid: 2,764 bars | OK | zero-volume 76.19% | 562 gaps > one bar (weekends/closures expected)
ger40fut/day/ask: 2,764 bars | OK | zero-volume 76.19% | 562 gaps > one bar (weekends/closures expected)
nas100fut/minute/mid: 34,344 bars | OK | zero-volume 0.0% | 24 gaps > one bar (weekends/closures expected)
nas100fut/minute/bid: 34,344 bars | OK | zero-volume 0.0% | 24 gaps > one bar (weekends/closures expected)
nas100fut/minute/ask: 34,344 bars | OK | zero-volume 0.0% | 24 gaps > one bar (weekends/closures expected)
nas100fut/quarter/mid: 23,730 bars | OK | zero-volume 0.0% | 264 gaps > one bar (weekends/closures expected)
nas100fut/quarter/bid: 23,730 bars | OK | zero-volume 0.0% | 264 gaps > one bar (weekends/closures expected)
nas100fut/quarter/ask: 23,730 bars | OK | zero-volume 0.0% | 264 gaps > one bar (weekends/closures expected)
nas100fut/hour/mid: 11,850 bars | OK | zero-volume 0.0% | 518 gaps > one bar (weekends/closures expected)
nas100fut/hour/bid: 11,850 bars | OK | zero-volume 0.0% | 518 gaps > one bar (weekends/closures expected)
nas100fut/hour/ask: 11,850 bars | OK | zero-volume 0.0% | 518 gaps > one bar (weekends/closures expected)
nas100fut/day/mid: 1,175 bars | OK | zero-volume 42.89% | 241 gaps > one bar (weekends/closures expected)
nas100fut/day/bid: 1,175 bars | OK | zero-volume 42.89% | 241 gaps > one bar (weekends/closures expected)
nas100fut/day/ask: 1,175 bars | OK | zero-volume 42.89% | 241 gaps > one bar (weekends/closures expected)
us30fut/minute/mid: 34,321 bars | OK | zero-volume 0.0% | 45 gaps > one bar (weekends/closures expected)
us30fut/minute/bid: 34,321 bars | OK | zero-volume 0.0% | 45 gaps > one bar (weekends/closures expected)
us30fut/minute/ask: 34,321 bars | OK | zero-volume 0.0% | 45 gaps > one bar (weekends/closures expected)
us30fut/quarter/mid: 23,732 bars | OK | zero-volume 0.0% | 263 gaps > one bar (weekends/closures expected)
us30fut/quarter/bid: 23,732 bars | OK | zero-volume 0.0% | 263 gaps > one bar (weekends/closures expected)
us30fut/quarter/ask: 23,732 bars | OK | zero-volume 0.0% | 263 gaps > one bar (weekends/closures expected)
us30fut/hour/mid: 11,851 bars | OK | zero-volume 0.0% | 518 gaps > one bar (weekends/closures expected)
us30fut/hour/bid: 11,851 bars | OK | zero-volume 0.0% | 518 gaps > one bar (weekends/closures expected)
us30fut/hour/ask: 11,851 bars | OK | zero-volume 0.0% | 518 gaps > one bar (weekends/closures expected)
us30fut/day/mid: 1,326 bars | OK | zero-volume 49.4% | 272 gaps > one bar (weekends/closures expected)
us30fut/day/bid: 1,326 bars | OK | zero-volume 49.4% | 272 gaps > one bar (weekends/closures expected)
us30fut/day/ask: 1,326 bars | OK | zero-volume 49.4% | 272 gaps > one bar (weekends/closures expected)
uk100sep26/minute/mid: 40,382 bars | OK | zero-volume 0.0% | 147 gaps > one bar (weekends/closures expected)
uk100sep26/minute/bid: 40,382 bars | OK | zero-volume 0.0% | 147 gaps > one bar (weekends/closures expected)
uk100sep26/minute/ask: 40,382 bars | OK | zero-volume 0.0% | 147 gaps > one bar (weekends/closures expected)
uk100sep26/quarter/mid: 4,618 bars | OK | zero-volume 0.0% | 92 gaps > one bar (weekends/closures expected)
uk100sep26/quarter/bid: 4,618 bars | OK | zero-volume 0.0% | 92 gaps > one bar (weekends/closures expected)
uk100sep26/quarter/ask: 4,618 bars | OK | zero-volume 0.0% | 92 gaps > one bar (weekends/closures expected)
uk100sep26/hour/mid: 1,165 bars | OK | zero-volume 0.0% | 51 gaps > one bar (weekends/closures expected)
uk100sep26/hour/bid: 1,165 bars | OK | zero-volume 0.0% | 51 gaps > one bar (weekends/closures expected)
uk100sep26/hour/ask: 1,165 bars | OK | zero-volume 0.0% | 51 gaps > one bar (weekends/closures expected)
uk100sep26/day/mid: 51 bars | OK | zero-volume 0.0% | 10 gaps > one bar (weekends/closures expected)
uk100sep26/day/bid: 51 bars | OK | zero-volume 0.0% | 10 gaps > one bar (weekends/closures expected)
uk100sep26/day/ask: 51 bars | OK | zero-volume 0.0% | 10 gaps > one bar (weekends/closures expected)

All structural checks passed (known baseline accepted).

=== uk100  (cash 8.0-16.5 London) ===
    1min:  47,384 bars (17,850 cash) 2026-07-03 -> 2026-08-21   spread 0.8
   15min:  24,036 bars ( 9,049 cash) 2025-08-03 -> 2026-08-21   spread 0.8
      1h:  11,772 bars ( 4,655 cash) 2024-08-04 -> 2026-08-21   spread 0.8
      4h:   3,206 bars ( 1,553 cash) 2024-08-04 -> 2026-08-21   spread 0.8
      1d:   3,758 bars ( 3,758 cash) 2012-03-26 -> 2026-08-20   spread 0.0

=== ger40  (cash 9.0-17.5 London) ===
    1min:  47,212 bars (17,850 cash) 2026-07-05 -> 2026-08-21   spread 1.0
   15min:  24,069 bars ( 9,043 cash) 2025-08-04 -> 2026-08-21   spread 1.0
      1h:  11,823 bars ( 4,671 cash) 2024-08-04 -> 2026-08-21   spread 1.0
      4h:   3,119 bars ( 1,038 cash) 2024-08-04 -> 2026-08-21   spread 1.175
      1d:   3,777 bars ( 3,777 cash) 2012-01-30 -> 2026-08-20   spread 0.0

=== ger40fut  (cash 9.0-17.5 London) ===
    1min:  33,201 bars (12,750 cash) 2026-07-19 -> 2026-08-21   spread 1.5
   15min:  22,964 bars ( 8,680 cash) 2025-08-19 -> 2026-08-21   spread 1.5
      1h:  11,570 bars ( 4,575 cash) 2024-08-19 -> 2026-08-21   spread 1.5
      4h:   3,051 bars ( 1,017 cash) 2024-08-19 -> 2026-08-21   spread 1.5
      1d:   2,764 bars ( 2,764 cash) 2015-11-21 -> 2026-08-20   spread 0.0

=== us500  (cash 9.5-16.0 London) ===
    1min:  48,013 bars (13,645 cash) 2026-07-05 -> 2026-08-21   spread 0.4
   15min:  24,712 bars ( 6,943 cash) 2025-08-04 -> 2026-08-21   spread 0.4
      1h:  12,094 bars ( 3,116 cash) 2024-08-04 -> 2026-08-21   spread 0.4
      4h:   3,163 bars (   554 cash) 2024-08-04 -> 2026-08-21   spread 0.425
      1d:   3,843 bars ( 3,843 cash) 2012-03-13 -> 2026-08-20   spread 0.0

=== us30  (cash 9.5-16.0 London) ===
    1min:  48,081 bars (13,650 cash) 2026-07-05 -> 2026-08-21   spread 1.9
   15min:  24,719 bars ( 6,949 cash) 2025-08-04 -> 2026-08-21   spread 1.9
      1h:  12,094 bars ( 3,116 cash) 2024-08-04 -> 2026-08-21   spread 1.9
      4h:   3,163 bars (   554 cash) 2024-08-04 -> 2026-08-21   spread 2.2667
      1d:   3,850 bars ( 3,850 cash) 2012-03-05 -> 2026-08-20   spread 0.0

=== nas100  (cash 9.5-16.0 London) ===
    1min:  48,082 bars (13,650 cash) 2026-07-05 -> 2026-08-21   spread 0.9
   15min:  24,719 bars ( 6,949 cash) 2025-08-04 -> 2026-08-21   spread 0.9
      1h:  12,095 bars ( 3,116 cash) 2024-08-04 -> 2026-08-21   spread 0.9
      4h:   3,163 bars (   554 cash) 2024-08-04 -> 2026-08-21   spread 1.125
      1d:   3,850 bars ( 3,850 cash) 2012-03-05 -> 2026-08-20   spread 0.0

=== nas100fut  (cash 9.5-16.0 London) ===
    1min:  34,344 bars ( 9,750 cash) 2026-07-19 -> 2026-08-21   spread 1.8
   15min:  23,730 bars ( 6,679 cash) 2025-08-19 -> 2026-08-21   spread 1.8
      1h:  11,850 bars ( 3,056 cash) 2024-08-19 -> 2026-08-21   spread 1.8
      4h:   3,099 bars (   544 cash) 2024-08-19 -> 2026-08-21   spread 2.05
      1d:   1,175 bars ( 1,175 cash) 2022-02-03 -> 2026-08-20   spread 1.5

=== us30fut  (cash 9.5-16.0 London) ===
    1min:  34,321 bars ( 9,750 cash) 2026-07-19 -> 2026-08-21   spread 2.6
   15min:  23,732 bars ( 6,680 cash) 2025-08-19 -> 2026-08-21   spread 2.6
      1h:  11,851 bars ( 3,056 cash) 2024-08-19 -> 2026-08-21   spread 2.6
      4h:   3,099 bars (   544 cash) 2024-08-19 -> 2026-08-21   spread 3.45
      1d:   1,326 bars ( 1,326 cash) 2021-07-05 -> 2026-08-20   spread 4.0

=== gold  (cash 8.0-16.0 London) ===
    1min:  48,246 bars (16,800 cash) 2026-07-05 -> 2026-08-21   spread 0.4
   15min:  24,838 bars ( 8,613 cash) 2025-08-04 -> 2026-08-21   spread 0.4
      1h:  12,120 bars ( 4,204 cash) 2024-08-04 -> 2026-08-21   spread 0.3
      4h:   3,278 bars ( 1,040 cash) 2024-08-04 -> 2026-08-21   spread 0.45
      1d:   3,848 bars ( 3,848 cash) 2011-12-30 -> 2026-08-20   spread 0.0

=== goldvar  (cash 8.0-16.0 London) ===
    1min:  48,246 bars (16,800 cash) 2026-07-05 -> 2026-08-21   spread 0.2
   15min:  24,838 bars ( 8,613 cash) 2025-08-04 -> 2026-08-21   spread 0.4
      1h:  12,120 bars ( 4,204 cash) 2024-08-04 -> 2026-08-21   spread 0.3
      4h:   3,278 bars ( 1,040 cash) 2024-08-04 -> 2026-08-21   spread 0.4
      1d:   3,848 bars ( 3,848 cash) 2011-12-30 -> 2026-08-20   spread 0.0

=== eurusd  (cash 8.0-21.0 London) ===
    1min:  49,992 bars (27,300 cash) 2026-07-05 -> 2026-08-21   spread 0.0001
   15min:  26,077 bars (14,118 cash) 2025-08-04 -> 2026-08-21   spread 0.0001
      1h:  12,705 bars ( 6,880 cash) 2024-08-04 -> 2026-08-21   spread 0.0
      4h:   3,287 bars ( 2,116 cash) 2024-08-04 -> 2026-08-21   spread 0.0
      1d:   7,452 bars ( 7,452 cash) 1999-01-04 -> 2026-08-20   spread 0.0

=== uk100fut  (cash 8.0-16.5 London) ===
    1min:  40,382 bars (15,300 cash) 2026-07-12 -> 2026-08-21   spread 1.3
   15min:  23,583 bars ( 8,879 cash) 2025-08-10 -> 2026-08-21   spread 1.3
      1h:  11,647 bars ( 4,610 cash) 2024-08-11 -> 2026-08-21   spread 1.3
      4h:   3,172 bars ( 1,538 cash) 2024-08-11 -> 2026-08-21   spread 1.3
      1d:   1,295 bars ( 1,295 cash) 2021-07-05 -> 2026-08-20   spread 5.0

=== uk100sep26  (cash 8.0-16.5 London) ===
    1min:  40,382 bars (15,300 cash) 2026-07-12 -> 2026-08-21   spread 4.0
   15min:   4,618 bars ( 1,734 cash) 2026-06-11 -> 2026-08-21   spread 4.0
      1h:   1,165 bars (   459 cash) 2026-06-11 -> 2026-08-21   spread 4.0
      4h:     317 bars (   153 cash) 2026-06-11 -> 2026-08-21   spread 4.0
      1d:      51 bars (    51 cash) 2026-06-11 -> 2026-08-20   spread 6.0

Wrote /Users/r.john/git/vc-tx2/clean_finsa/
uk100      14/14 passed
ger40      14/14 passed
ger40fut   14/14 passed
us500      14/14 passed
us30       14/14 passed
nas100     14/14 passed
nas100fut  14/14 passed
us30fut    14/14 passed
gold       14/14 passed
goldvar    14/14 passed
eurusd     14/14 passed
uk100fut   14/14 passed
uk100sep26 14/14 passed

182/182 checks passed overall.
=== done 2026-08-22T09:04:29Z sync=0 validate=0 build=0 verify=0 ===
