=== sync start 2026-08-21T15:41:42Z ===

=== uk100 (id 16645) -> /Users/r.john/git/vc-tx2/data ===
  minute/mid:
      page 1: 10,000 bars  2026-08-12 05:51:00+00:00 -> 2026-08-21 15:41:00+00:00
      page 2: 10,000 bars  2026-07-31 18:46:00+00:00 -> 2026-08-12 05:49:00+00:00
      page 3: 10,000 bars  2026-07-22 10:00:00+00:00 -> 2026-07-31 18:45:00+00:00
      page 4:  1,017 bars  2026-07-21 15:42:00+00:00 -> 2026-07-22 09:59:00+00:00
      fetched 31,016 | +1,495 new | store 47,126 bars  2026-07-03 -> 2026-08-21

  minute/bid:
      page 1: 10,000 bars  2026-08-12 05:51:00+00:00 -> 2026-08-21 15:41:00+00:00
      page 2: 10,000 bars  2026-07-31 18:46:00+00:00 -> 2026-08-12 05:49:00+00:00
      page 3: 10,000 bars  2026-07-22 10:00:00+00:00 -> 2026-07-31 18:45:00+00:00
      page 4:  1,017 bars  2026-07-21 15:42:00+00:00 -> 2026-07-22 09:59:00+00:00
      fetched 31,016 | +0 new | store 47,126 bars  2026-07-03 -> 2026-08-21

  minute/ask:
      page 1: 10,000 bars  2026-08-12 05:51:00+00:00 -> 2026-08-21 15:41:00+00:00
      page 2: 10,000 bars  2026-07-31 18:46:00+00:00 -> 2026-08-12 05:49:00+00:00
      page 3: 10,000 bars  2026-07-22 10:00:00+00:00 -> 2026-07-31 18:45:00+00:00
      page 4:  1,017 bars  2026-07-21 15:42:00+00:00 -> 2026-07-22 09:59:00+00:00
      fetched 31,016 | +0 new | store 47,126 bars  2026-07-03 -> 2026-08-21

  quarter/mid:
      page 1: 10,000 bars  2026-03-16 00:00:00+00:00 -> 2026-08-21 15:30:00+00:00
      page 2: 10,000 bars  2025-10-06 11:30:00+00:00 -> 2026-03-15 23:45:00+00:00
      page 3:  2,772 bars  2025-08-21 15:45:00+00:00 -> 2025-10-06 11:15:00+00:00
      fetched 22,771 | +100 new | store 24,019 bars  2025-08-03 -> 2026-08-21

  quarter/bid:
      page 1: 10,000 bars  2026-03-16 00:00:00+00:00 -> 2026-08-21 15:30:00+00:00
      page 2: 10,000 bars  2025-10-06 11:30:00+00:00 -> 2026-03-15 23:45:00+00:00
      page 3:  2,772 bars  2025-08-21 15:45:00+00:00 -> 2025-10-06 11:15:00+00:00
      fetched 22,771 | +100 new | store 24,019 bars  2025-08-03 -> 2026-08-21

  quarter/ask:
      page 1: 10,000 bars  2026-03-16 00:00:00+00:00 -> 2026-08-21 15:30:00+00:00
      page 2: 10,000 bars  2025-10-06 11:30:00+00:00 -> 2026-03-15 23:45:00+00:00
      page 3:  2,772 bars  2025-08-21 15:45:00+00:00 -> 2025-10-06 11:15:00+00:00
      fetched 22,771 | +100 new | store 24,019 bars  2025-08-03 -> 2026-08-21

  hour/mid:
      page 1: 10,000 bars  2024-11-21 14:00:00+00:00 -> 2026-08-21 15:00:00+00:00
      page 2:  1,477 bars  2024-08-21 16:00:00+00:00 -> 2024-11-21 13:00:00+00:00
      fetched 11,476 | +25 new | store 11,768 bars  2024-08-04 -> 2026-08-21

  hour/bid:
      page 1: 10,000 bars  2024-11-21 14:00:00+00:00 -> 2026-08-21 15:00:00+00:00
      page 2:  1,477 bars  2024-08-21 16:00:00+00:00 -> 2024-11-21 13:00:00+00:00
      fetched 11,476 | +25 new | store 11,768 bars  2024-08-04 -> 2026-08-21

  hour/ask:
      page 1: 10,000 bars  2024-11-21 14:00:00+00:00 -> 2026-08-21 15:00:00+00:00
      page 2:  1,477 bars  2024-08-21 16:00:00+00:00 -> 2024-11-21 13:00:00+00:00
      fetched 11,476 | +25 new | store 11,768 bars  2024-08-04 -> 2026-08-21

  day/mid:
      page 1:  3,759 bars  2012-03-26 00:00:00+00:00 -> 2026-08-21 00:00:00+00:00
      fetched 3,758 | +1 new | store 3,758 bars  2012-03-26 -> 2026-08-20

  day/bid:
      page 1:  3,759 bars  2012-03-26 00:00:00+00:00 -> 2026-08-21 00:00:00+00:00
      fetched 3,758 | +1 new | store 3,758 bars  2012-03-26 -> 2026-08-20  !! {'open_outside_hl': 2}

  day/ask:
      page 1:  3,759 bars  2012-03-26 00:00:00+00:00 -> 2026-08-21 00:00:00+00:00
      fetched 3,758 | +1 new | store 3,758 bars  2012-03-26 -> 2026-08-20  !! {'close_outside_hl': 2}


=== ger40 (id 17068) -> /Users/r.john/git/vc-tx2/data ===
  minute/mid:
      page 1: 10,000 bars  2026-08-12 06:05:00+00:00 -> 2026-08-21 15:42:00+00:00
      page 2: 10,000 bars  2026-07-31 18:50:00+00:00 -> 2026-08-12 06:04:00+00:00
      page 3: 10,000 bars  2026-07-22 10:19:00+00:00 -> 2026-07-31 18:49:00+00:00
      page 4:  1,031 bars  2026-07-21 15:43:00+00:00 -> 2026-07-22 10:18:00+00:00
      fetched 31,030 | +1,484 new | store 46,956 bars  2026-07-05 -> 2026-08-21

  minute/bid:
      page 1: 10,000 bars  2026-08-12 06:05:00+00:00 -> 2026-08-21 15:42:00+00:00
      page 2: 10,000 bars  2026-07-31 18:50:00+00:00 -> 2026-08-12 06:04:00+00:00
      page 3: 10,000 bars  2026-07-22 10:19:00+00:00 -> 2026-07-31 18:49:00+00:00
      page 4:  1,031 bars  2026-07-21 15:43:00+00:00 -> 2026-07-22 10:18:00+00:00
      fetched 31,030 | +1,483 new | store 46,956 bars  2026-07-05 -> 2026-08-21

  minute/ask:
      page 1: 10,000 bars  2026-08-12 06:06:00+00:00 -> 2026-08-21 15:43:00+00:00
      page 2: 10,000 bars  2026-07-31 18:51:00+00:00 -> 2026-08-12 06:05:00+00:00
      page 3: 10,000 bars  2026-07-22 10:20:00+00:00 -> 2026-07-31 18:50:00+00:00
      page 4:  1,032 bars  2026-07-21 15:43:00+00:00 -> 2026-07-22 10:19:00+00:00
      fetched 31,031 | +1,484 new | store 46,957 bars  2026-07-05 -> 2026-08-21

  quarter/mid:
      page 1: 10,000 bars  2026-03-17 05:15:00+00:00 -> 2026-08-21 15:30:00+00:00
      page 2: 10,000 bars  2025-10-06 14:30:00+00:00 -> 2026-03-17 05:00:00+00:00
      page 3:  2,883 bars  2025-08-21 15:45:00+00:00 -> 2025-10-06 14:15:00+00:00
      fetched 22,882 | +100 new | store 24,052 bars  2025-08-04 -> 2026-08-21

  quarter/bid:
      page 1: 10,000 bars  2026-03-17 05:15:00+00:00 -> 2026-08-21 15:30:00+00:00
      page 2: 10,000 bars  2025-10-06 14:30:00+00:00 -> 2026-03-17 05:00:00+00:00
      page 3:  2,883 bars  2025-08-21 15:45:00+00:00 -> 2025-10-06 14:15:00+00:00
      fetched 22,882 | +100 new | store 24,052 bars  2025-08-04 -> 2026-08-21

  quarter/ask:
      page 1: 10,000 bars  2026-03-17 05:15:00+00:00 -> 2026-08-21 15:30:00+00:00
      page 2: 10,000 bars  2025-10-06 14:30:00+00:00 -> 2026-03-17 05:00:00+00:00
      page 3:  2,883 bars  2025-08-21 15:45:00+00:00 -> 2025-10-06 14:15:00+00:00
      fetched 22,882 | +100 new | store 24,052 bars  2025-08-04 -> 2026-08-21

  hour/mid:
      page 1: 10,000 bars  2024-11-22 17:00:00+00:00 -> 2026-08-21 15:00:00+00:00
      page 2:  1,528 bars  2024-08-21 16:00:00+00:00 -> 2024-11-22 16:00:00+00:00
      fetched 11,527 | +25 new | store 11,819 bars  2024-08-04 -> 2026-08-21

  hour/bid:
      page 1: 10,000 bars  2024-11-22 17:00:00+00:00 -> 2026-08-21 15:00:00+00:00
      page 2:  1,528 bars  2024-08-21 16:00:00+00:00 -> 2024-11-22 16:00:00+00:00
      fetched 11,527 | +25 new | store 11,819 bars  2024-08-04 -> 2026-08-21

  hour/ask:
      page 1: 10,000 bars  2024-11-22 17:00:00+00:00 -> 2026-08-21 15:00:00+00:00
      page 2:  1,528 bars  2024-08-21 16:00:00+00:00 -> 2024-11-22 16:00:00+00:00
      fetched 11,527 | +25 new | store 11,819 bars  2024-08-04 -> 2026-08-21

  day/mid:
      page 1:  3,778 bars  2012-01-30 00:00:00+00:00 -> 2026-08-21 00:00:00+00:00
      fetched 3,777 | +1 new | store 3,777 bars  2012-01-30 -> 2026-08-20

  day/bid:
      page 1:  3,778 bars  2012-01-30 00:00:00+00:00 -> 2026-08-21 00:00:00+00:00
      fetched 3,777 | +1 new | store 3,777 bars  2012-01-30 -> 2026-08-20

  day/ask:
      page 1:  3,778 bars  2012-01-30 00:00:00+00:00 -> 2026-08-21 00:00:00+00:00
      fetched 3,777 | +1 new | store 3,777 bars  2012-01-30 -> 2026-08-20


=== us30 (id 17322) -> /Users/r.john/git/vc-tx2/data ===
  minute/mid:
      page 1: 10,000 bars  2026-08-12 09:32:00+00:00 -> 2026-08-21 15:43:00+00:00
      page 2: 10,000 bars  2026-08-03 03:21:00+00:00 -> 2026-08-12 09:31:00+00:00
      page 3: 10,000 bars  2026-07-22 19:39:00+00:00 -> 2026-08-03 03:20:00+00:00
      page 4:  1,616 bars  2026-07-21 15:43:00+00:00 -> 2026-07-22 19:38:00+00:00
      fetched 31,615 | +1,520 new | store 47,795 bars  2026-07-05 -> 2026-08-21

  minute/bid:
      page 1: 10,000 bars  2026-08-12 09:32:00+00:00 -> 2026-08-21 15:43:00+00:00
      page 2: 10,000 bars  2026-08-03 03:21:00+00:00 -> 2026-08-12 09:31:00+00:00
      page 3: 10,000 bars  2026-07-22 19:39:00+00:00 -> 2026-08-03 03:20:00+00:00
      page 4:  1,615 bars  2026-07-21 15:44:00+00:00 -> 2026-07-22 19:38:00+00:00
      fetched 31,614 | +1,520 new | store 47,795 bars  2026-07-05 -> 2026-08-21

  minute/ask:
      page 1: 10,000 bars  2026-08-12 09:32:00+00:00 -> 2026-08-21 15:43:00+00:00
      page 2: 10,000 bars  2026-08-03 03:21:00+00:00 -> 2026-08-12 09:31:00+00:00
      page 3: 10,000 bars  2026-07-22 19:39:00+00:00 -> 2026-08-03 03:20:00+00:00
      page 4:  1,615 bars  2026-07-21 15:44:00+00:00 -> 2026-07-22 19:38:00+00:00
      fetched 31,614 | +1,520 new | store 47,795 bars  2026-07-05 -> 2026-08-21

  quarter/mid:
      page 1: 10,000 bars  2026-03-20 16:15:00+00:00 -> 2026-08-21 15:30:00+00:00
      page 2: 10,000 bars  2025-10-15 05:45:00+00:00 -> 2026-03-20 16:00:00+00:00
      page 3:  3,516 bars  2025-08-21 15:45:00+00:00 -> 2025-10-15 05:30:00+00:00
      fetched 23,515 | +101 new | store 24,700 bars  2025-08-04 -> 2026-08-21

  quarter/bid:
      page 1: 10,000 bars  2026-03-20 16:15:00+00:00 -> 2026-08-21 15:30:00+00:00
      page 2: 10,000 bars  2025-10-15 05:45:00+00:00 -> 2026-03-20 16:00:00+00:00
      page 3:  3,516 bars  2025-08-21 15:45:00+00:00 -> 2025-10-15 05:30:00+00:00
      fetched 23,515 | +101 new | store 24,700 bars  2025-08-04 -> 2026-08-21

  quarter/ask:
      page 1: 10,000 bars  2026-03-20 16:15:00+00:00 -> 2026-08-21 15:30:00+00:00
      page 2: 10,000 bars  2025-10-15 05:45:00+00:00 -> 2026-03-20 16:00:00+00:00
      page 3:  3,516 bars  2025-08-21 15:45:00+00:00 -> 2025-10-15 05:30:00+00:00
      fetched 23,515 | +101 new | store 24,700 bars  2025-08-04 -> 2026-08-21

  hour/mid:
      page 1: 10,000 bars  2024-12-10 07:00:00+00:00 -> 2026-08-21 15:00:00+00:00
      page 2:  1,796 bars  2024-08-21 16:00:00+00:00 -> 2024-12-10 06:00:00+00:00
      fetched 11,795 | +25 new | store 12,089 bars  2024-08-04 -> 2026-08-21

  hour/bid:
      page 1: 10,000 bars  2024-12-10 07:00:00+00:00 -> 2026-08-21 15:00:00+00:00
      page 2:  1,796 bars  2024-08-21 16:00:00+00:00 -> 2024-12-10 06:00:00+00:00
      fetched 11,795 | +25 new | store 12,089 bars  2024-08-04 -> 2026-08-21

  hour/ask:
      page 1: 10,000 bars  2024-12-10 07:00:00+00:00 -> 2026-08-21 15:00:00+00:00
      page 2:  1,796 bars  2024-08-21 16:00:00+00:00 -> 2024-12-10 06:00:00+00:00
      fetched 11,795 | +25 new | store 12,089 bars  2024-08-04 -> 2026-08-21

  day/mid:
      page 1:  3,851 bars  2012-03-05 00:00:00+00:00 -> 2026-08-21 00:00:00+00:00
      fetched 3,850 | +1 new | store 3,850 bars  2012-03-05 -> 2026-08-20

  day/bid:
      page 1:  3,851 bars  2012-03-05 00:00:00+00:00 -> 2026-08-21 00:00:00+00:00
      fetched 3,850 | +1 new | store 3,850 bars  2012-03-05 -> 2026-08-20

  day/ask:
      page 1:  3,851 bars  2012-03-05 00:00:00+00:00 -> 2026-08-21 00:00:00+00:00
      fetched 3,850 | +1 new | store 3,850 bars  2012-03-05 -> 2026-08-20


=== nas100 (id 20190) -> /Users/r.john/git/vc-tx2/data ===
  minute/mid:
      page 1: 10,000 bars  2026-08-12 09:34:00+00:00 -> 2026-08-21 15:44:00+00:00
      page 2: 10,000 bars  2026-08-03 03:23:00+00:00 -> 2026-08-12 09:33:00+00:00
      page 3: 10,000 bars  2026-07-22 19:41:00+00:00 -> 2026-08-03 03:22:00+00:00
      page 4:  1,617 bars  2026-07-21 15:44:00+00:00 -> 2026-07-22 19:40:00+00:00
      fetched 31,616 | +1,521 new | store 47,797 bars  2026-07-05 -> 2026-08-21

  minute/bid:
      page 1: 10,000 bars  2026-08-12 09:34:00+00:00 -> 2026-08-21 15:44:00+00:00
      page 2: 10,000 bars  2026-08-03 03:23:00+00:00 -> 2026-08-12 09:33:00+00:00
      page 3: 10,000 bars  2026-07-22 19:41:00+00:00 -> 2026-08-03 03:22:00+00:00
      page 4:  1,617 bars  2026-07-21 15:44:00+00:00 -> 2026-07-22 19:40:00+00:00
      fetched 31,616 | +1,521 new | store 47,797 bars  2026-07-05 -> 2026-08-21

  minute/ask:
      page 1: 10,000 bars  2026-08-12 09:34:00+00:00 -> 2026-08-21 15:44:00+00:00
      page 2: 10,000 bars  2026-08-03 03:23:00+00:00 -> 2026-08-12 09:33:00+00:00
      page 3: 10,000 bars  2026-07-22 19:41:00+00:00 -> 2026-08-03 03:22:00+00:00
      page 4:  1,616 bars  2026-07-21 15:45:00+00:00 -> 2026-07-22 19:40:00+00:00
      fetched 31,615 | +1,520 new | store 47,797 bars  2026-07-05 -> 2026-08-21

  quarter/mid:
      page 1: 10,000 bars  2026-03-20 16:30:00+00:00 -> 2026-08-21 15:30:00+00:00
      page 2: 10,000 bars  2025-10-15 05:45:00+00:00 -> 2026-03-20 16:15:00+00:00
      page 3:  3,516 bars  2025-08-21 15:45:00+00:00 -> 2025-10-15 05:30:00+00:00
      fetched 23,515 | +101 new | store 24,700 bars  2025-08-04 -> 2026-08-21

  quarter/bid:
      page 1: 10,000 bars  2026-03-20 16:45:00+00:00 -> 2026-08-21 15:45:00+00:00
      page 2: 10,000 bars  2025-10-15 06:00:00+00:00 -> 2026-03-20 16:30:00+00:00
      page 3:  3,517 bars  2025-08-21 15:45:00+00:00 -> 2025-10-15 05:45:00+00:00
      fetched 23,516 | +102 new | store 24,701 bars  2025-08-04 -> 2026-08-21

  quarter/ask:
      page 1: 10,000 bars  2026-03-20 16:45:00+00:00 -> 2026-08-21 15:45:00+00:00
      page 2: 10,000 bars  2025-10-15 06:00:00+00:00 -> 2026-03-20 16:30:00+00:00
      page 3:  3,517 bars  2025-08-21 15:45:00+00:00 -> 2025-10-15 05:45:00+00:00
      fetched 23,516 | +102 new | store 24,701 bars  2025-08-04 -> 2026-08-21

  hour/mid:
      page 1: 10,000 bars  2024-12-10 08:00:00+00:00 -> 2026-08-21 15:00:00+00:00
      page 2:  1,797 bars  2024-08-21 16:00:00+00:00 -> 2024-12-10 07:00:00+00:00
      fetched 11,796 | +25 new | store 12,090 bars  2024-08-04 -> 2026-08-21

  hour/bid:
      page 1: 10,000 bars  2024-12-10 08:00:00+00:00 -> 2026-08-21 15:00:00+00:00
      page 2:  1,797 bars  2024-08-21 16:00:00+00:00 -> 2024-12-10 07:00:00+00:00
      fetched 11,796 | +25 new | store 12,090 bars  2024-08-04 -> 2026-08-21

  hour/ask:
      page 1: 10,000 bars  2024-12-10 08:00:00+00:00 -> 2026-08-21 15:00:00+00:00
      page 2:  1,797 bars  2024-08-21 16:00:00+00:00 -> 2024-12-10 07:00:00+00:00
      fetched 11,796 | +25 new | store 12,090 bars  2024-08-04 -> 2026-08-21

  day/mid:
      page 1:  3,851 bars  2012-03-05 00:00:00+00:00 -> 2026-08-21 00:00:00+00:00
      fetched 3,850 | +1 new | store 3,850 bars  2012-03-05 -> 2026-08-20

  day/bid:
      page 1:  3,851 bars  2012-03-05 00:00:00+00:00 -> 2026-08-21 00:00:00+00:00
      fetched 3,850 | +1 new | store 3,850 bars  2012-03-05 -> 2026-08-20

  day/ask:
      page 1:  3,851 bars  2012-03-05 00:00:00+00:00 -> 2026-08-21 00:00:00+00:00
      fetched 3,850 | +1 new | store 3,850 bars  2012-03-05 -> 2026-08-20


=== us500 (id 67995) -> /Users/r.john/git/vc-tx2/data ===
  minute/mid:
      page 1: 10,000 bars  2026-08-12 08:37:00+00:00 -> 2026-08-21 15:45:00+00:00
      page 2: 10,000 bars  2026-08-03 02:19:00+00:00 -> 2026-08-12 08:36:00+00:00
      page 3: 10,000 bars  2026-07-22 18:37:00+00:00 -> 2026-08-03 02:18:00+00:00
      page 4:  1,552 bars  2026-07-21 15:45:00+00:00 -> 2026-07-22 18:36:00+00:00
      fetched 31,551 | +1,520 new | store 47,729 bars  2026-07-05 -> 2026-08-21

  minute/bid:
      page 1: 10,000 bars  2026-08-12 08:37:00+00:00 -> 2026-08-21 15:45:00+00:00
      page 2: 10,000 bars  2026-08-03 02:19:00+00:00 -> 2026-08-12 08:36:00+00:00
      page 3: 10,000 bars  2026-07-22 18:37:00+00:00 -> 2026-08-03 02:18:00+00:00
      page 4:  1,551 bars  2026-07-21 15:46:00+00:00 -> 2026-07-22 18:36:00+00:00
      fetched 31,550 | +1,520 new | store 47,729 bars  2026-07-05 -> 2026-08-21

  minute/ask:
      page 1: 10,000 bars  2026-08-12 08:38:00+00:00 -> 2026-08-21 15:46:00+00:00
      page 2: 10,000 bars  2026-08-03 02:20:00+00:00 -> 2026-08-12 08:37:00+00:00
      page 3: 10,000 bars  2026-07-22 18:38:00+00:00 -> 2026-08-03 02:19:00+00:00
      page 4:  1,552 bars  2026-07-21 15:46:00+00:00 -> 2026-07-22 18:37:00+00:00
      fetched 31,551 | +1,521 new | store 47,730 bars  2026-07-05 -> 2026-08-21

  quarter/mid:
      page 1: 10,000 bars  2026-03-20 16:45:00+00:00 -> 2026-08-21 15:45:00+00:00
      page 2: 10,000 bars  2025-10-15 04:45:00+00:00 -> 2026-03-20 16:30:00+00:00
      page 3:  3,511 bars  2025-08-21 16:00:00+00:00 -> 2025-10-15 04:30:00+00:00
      fetched 23,510 | +102 new | store 24,694 bars  2025-08-04 -> 2026-08-21

  quarter/bid:
      page 1: 10,000 bars  2026-03-20 16:45:00+00:00 -> 2026-08-21 15:45:00+00:00
      page 2: 10,000 bars  2025-10-15 04:45:00+00:00 -> 2026-03-20 16:30:00+00:00
      page 3:  3,511 bars  2025-08-21 16:00:00+00:00 -> 2025-10-15 04:30:00+00:00
      fetched 23,510 | +102 new | store 24,694 bars  2025-08-04 -> 2026-08-21

  quarter/ask:
      page 1: 10,000 bars  2026-03-20 16:45:00+00:00 -> 2026-08-21 15:45:00+00:00
      page 2: 10,000 bars  2025-10-15 04:45:00+00:00 -> 2026-03-20 16:30:00+00:00
      page 3:  3,511 bars  2025-08-21 16:00:00+00:00 -> 2025-10-15 04:30:00+00:00
      fetched 23,510 | +102 new | store 24,694 bars  2025-08-04 -> 2026-08-21

  hour/mid:
      page 1: 10,000 bars  2024-12-10 07:00:00+00:00 -> 2026-08-21 15:00:00+00:00
      page 2:  1,796 bars  2024-08-21 16:00:00+00:00 -> 2024-12-10 06:00:00+00:00
      fetched 11,795 | +25 new | store 12,089 bars  2024-08-04 -> 2026-08-21

  hour/bid:
      page 1: 10,000 bars  2024-12-10 07:00:00+00:00 -> 2026-08-21 15:00:00+00:00
      page 2:  1,796 bars  2024-08-21 16:00:00+00:00 -> 2024-12-10 06:00:00+00:00
      fetched 11,795 | +25 new | store 12,089 bars  2024-08-04 -> 2026-08-21

  hour/ask:
      page 1: 10,000 bars  2024-12-10 07:00:00+00:00 -> 2026-08-21 15:00:00+00:00
      page 2:  1,796 bars  2024-08-21 16:00:00+00:00 -> 2024-12-10 06:00:00+00:00
      fetched 11,795 | +25 new | store 12,089 bars  2024-08-04 -> 2026-08-21

  day/mid:
      page 1:  3,844 bars  2012-03-13 00:00:00+00:00 -> 2026-08-21 00:00:00+00:00
      fetched 3,843 | +1 new | store 3,843 bars  2012-03-13 -> 2026-08-20

  day/bid:
      page 1:  3,844 bars  2012-03-13 00:00:00+00:00 -> 2026-08-21 00:00:00+00:00
      fetched 3,843 | +1 new | store 3,843 bars  2012-03-13 -> 2026-08-20

  day/ask:
      page 1:  3,844 bars  2012-03-13 00:00:00+00:00 -> 2026-08-21 00:00:00+00:00
      fetched 3,843 | +1 new | store 3,843 bars  2012-03-13 -> 2026-08-20


=== gold (id 68924) -> /Users/r.john/git/vc-tx2/data ===
  minute/mid:
      page 1: 10,000 bars  2026-08-12 09:58:00+00:00 -> 2026-08-21 15:46:00+00:00
      page 2: 10,000 bars  2026-08-03 04:09:00+00:00 -> 2026-08-12 09:57:00+00:00
      page 3: 10,000 bars  2026-07-22 22:18:00+00:00 -> 2026-08-03 04:08:00+00:00
      page 4:  1,709 bars  2026-07-21 15:47:00+00:00 -> 2026-07-22 22:17:00+00:00
      fetched 31,708 | +1,521 new | store 47,935 bars  2026-07-05 -> 2026-08-21

  minute/bid:
      page 1: 10,000 bars  2026-08-12 09:58:00+00:00 -> 2026-08-21 15:46:00+00:00
      page 2: 10,000 bars  2026-08-03 04:09:00+00:00 -> 2026-08-12 09:57:00+00:00
      page 3: 10,000 bars  2026-07-22 22:18:00+00:00 -> 2026-08-03 04:08:00+00:00
      page 4:  1,709 bars  2026-07-21 15:47:00+00:00 -> 2026-07-22 22:17:00+00:00
      fetched 31,708 | +1,521 new | store 47,935 bars  2026-07-05 -> 2026-08-21

  minute/ask:
      page 1: 10,000 bars  2026-08-12 09:58:00+00:00 -> 2026-08-21 15:46:00+00:00
      page 2: 10,000 bars  2026-08-03 04:09:00+00:00 -> 2026-08-12 09:57:00+00:00
      page 3: 10,000 bars  2026-07-22 22:18:00+00:00 -> 2026-08-03 04:08:00+00:00
      page 4:  1,709 bars  2026-07-21 15:47:00+00:00 -> 2026-07-22 22:17:00+00:00
      fetched 31,708 | +1,521 new | store 47,935 bars  2026-07-05 -> 2026-08-21

  quarter/mid:
      page 1: 10,000 bars  2026-03-20 12:30:00+00:00 -> 2026-08-21 15:45:00+00:00
      page 2: 10,000 bars  2025-10-16 05:45:00+00:00 -> 2026-03-20 12:15:00+00:00
      page 3:  3,629 bars  2025-08-21 16:00:00+00:00 -> 2025-10-16 05:30:00+00:00
      fetched 23,628 | +102 new | store 24,818 bars  2025-08-04 -> 2026-08-21

  quarter/bid:
      page 1: 10,000 bars  2026-03-20 12:30:00+00:00 -> 2026-08-21 15:45:00+00:00
      page 2: 10,000 bars  2025-10-16 05:45:00+00:00 -> 2026-03-20 12:15:00+00:00
      page 3:  3,629 bars  2025-08-21 16:00:00+00:00 -> 2025-10-16 05:30:00+00:00
      fetched 23,628 | +102 new | store 24,818 bars  2025-08-04 -> 2026-08-21

  quarter/ask:
      page 1: 10,000 bars  2026-03-20 12:30:00+00:00 -> 2026-08-21 15:45:00+00:00
      page 2: 10,000 bars  2025-10-16 05:45:00+00:00 -> 2026-03-20 12:15:00+00:00
      page 3:  3,629 bars  2025-08-21 16:00:00+00:00 -> 2025-10-16 05:30:00+00:00
      fetched 23,628 | +102 new | store 24,818 bars  2025-08-04 -> 2026-08-21

  hour/mid:
      page 1: 10,000 bars  2024-12-11 07:00:00+00:00 -> 2026-08-21 15:00:00+00:00
      page 2:  1,822 bars  2024-08-21 16:00:00+00:00 -> 2024-12-11 06:00:00+00:00
      fetched 11,821 | +25 new | store 12,115 bars  2024-08-04 -> 2026-08-21

  hour/bid:
      page 1: 10,000 bars  2024-12-11 07:00:00+00:00 -> 2026-08-21 15:00:00+00:00
      page 2:  1,822 bars  2024-08-21 16:00:00+00:00 -> 2024-12-11 06:00:00+00:00
      fetched 11,821 | +25 new | store 12,115 bars  2024-08-04 -> 2026-08-21

  hour/ask:
      page 1: 10,000 bars  2024-12-11 07:00:00+00:00 -> 2026-08-21 15:00:00+00:00
      page 2:  1,822 bars  2024-08-21 16:00:00+00:00 -> 2024-12-11 06:00:00+00:00
      fetched 11,821 | +25 new | store 12,115 bars  2024-08-04 -> 2026-08-21

  day/mid:
      page 1:  3,849 bars  2011-12-30 00:00:00+00:00 -> 2026-08-21 00:00:00+00:00
      fetched 3,848 | +1 new | store 3,848 bars  2011-12-30 -> 2026-08-20

  day/bid:
      page 1:  3,849 bars  2011-12-30 00:00:00+00:00 -> 2026-08-21 00:00:00+00:00
      fetched 3,848 | +1 new | store 3,848 bars  2011-12-30 -> 2026-08-20

  day/ask:
      page 1:  3,849 bars  2011-12-30 00:00:00+00:00 -> 2026-08-21 00:00:00+00:00
      fetched 3,848 | +1 new | store 3,848 bars  2011-12-30 -> 2026-08-20


=== goldvar (id 72302) -> /Users/r.john/git/vc-tx2/data ===
  minute/mid:
      page 1: 10,000 bars  2026-08-12 10:01:00+00:00 -> 2026-08-21 15:49:00+00:00
      page 2: 10,000 bars  2026-08-03 04:12:00+00:00 -> 2026-08-12 10:00:00+00:00
      page 3: 10,000 bars  2026-07-22 22:21:00+00:00 -> 2026-08-03 04:11:00+00:00
      page 4:  1,709 bars  2026-07-21 15:50:00+00:00 -> 2026-07-22 22:20:00+00:00
      fetched 31,708 | +1,523 new | store 47,938 bars  2026-07-05 -> 2026-08-21

  minute/bid:
      page 1: 10,000 bars  2026-08-12 10:03:00+00:00 -> 2026-08-21 15:51:00+00:00
      page 2: 10,000 bars  2026-08-03 04:14:00+00:00 -> 2026-08-12 10:02:00+00:00
      page 3: 10,000 bars  2026-07-22 22:23:00+00:00 -> 2026-08-03 04:13:00+00:00
      page 4:  1,709 bars  2026-07-21 15:52:00+00:00 -> 2026-07-22 22:22:00+00:00
      fetched 31,708 | +1,525 new | store 47,940 bars  2026-07-05 -> 2026-08-21

  minute/ask:
      page 1: 10,000 bars  2026-08-12 10:03:00+00:00 -> 2026-08-21 15:51:00+00:00
      page 2: 10,000 bars  2026-08-03 04:14:00+00:00 -> 2026-08-12 10:02:00+00:00
      page 3: 10,000 bars  2026-07-22 22:23:00+00:00 -> 2026-08-03 04:13:00+00:00
      page 4:  1,709 bars  2026-07-21 15:52:00+00:00 -> 2026-07-22 22:22:00+00:00
      fetched 31,708 | +1,525 new | store 47,940 bars  2026-07-05 -> 2026-08-21

  quarter/mid:
      page 1: 10,000 bars  2026-03-20 12:30:00+00:00 -> 2026-08-21 15:45:00+00:00
      page 2: 10,000 bars  2025-10-16 05:45:00+00:00 -> 2026-03-20 12:15:00+00:00
      page 3:  3,629 bars  2025-08-21 16:00:00+00:00 -> 2025-10-16 05:30:00+00:00
      fetched 23,628 | +102 new | store 24,818 bars  2025-08-04 -> 2026-08-21

  quarter/bid:
      page 1: 10,000 bars  2026-03-20 12:30:00+00:00 -> 2026-08-21 15:45:00+00:00
      page 2: 10,000 bars  2025-10-16 05:45:00+00:00 -> 2026-03-20 12:15:00+00:00
      page 3:  3,629 bars  2025-08-21 16:00:00+00:00 -> 2025-10-16 05:30:00+00:00
      fetched 23,628 | +102 new | store 24,818 bars  2025-08-04 -> 2026-08-21

  quarter/ask:
      page 1: 10,000 bars  2026-03-20 12:30:00+00:00 -> 2026-08-21 15:45:00+00:00
      page 2: 10,000 bars  2025-10-16 05:45:00+00:00 -> 2026-03-20 12:15:00+00:00
      page 3:  3,629 bars  2025-08-21 16:00:00+00:00 -> 2025-10-16 05:30:00+00:00
      fetched 23,628 | +102 new | store 24,818 bars  2025-08-04 -> 2026-08-21

  hour/mid:
      page 1: 10,000 bars  2024-12-11 07:00:00+00:00 -> 2026-08-21 15:00:00+00:00
      page 2:  1,822 bars  2024-08-21 16:00:00+00:00 -> 2024-12-11 06:00:00+00:00
      fetched 11,821 | +25 new | store 12,115 bars  2024-08-04 -> 2026-08-21

  hour/bid:
      page 1: 10,000 bars  2024-12-11 07:00:00+00:00 -> 2026-08-21 15:00:00+00:00
      page 2:  1,822 bars  2024-08-21 16:00:00+00:00 -> 2024-12-11 06:00:00+00:00
      fetched 11,821 | +25 new | store 12,115 bars  2024-08-04 -> 2026-08-21

  hour/ask:
      page 1: 10,000 bars  2024-12-11 07:00:00+00:00 -> 2026-08-21 15:00:00+00:00
      page 2:  1,822 bars  2024-08-21 16:00:00+00:00 -> 2024-12-11 06:00:00+00:00
      fetched 11,821 | +25 new | store 12,115 bars  2024-08-04 -> 2026-08-21

  day/mid:
      page 1:  3,849 bars  2011-12-30 00:00:00+00:00 -> 2026-08-21 00:00:00+00:00
      fetched 3,848 | +1 new | store 3,848 bars  2011-12-30 -> 2026-08-20

  day/bid:
      page 1:  3,849 bars  2011-12-30 00:00:00+00:00 -> 2026-08-21 00:00:00+00:00
      fetched 3,848 | +1 new | store 3,848 bars  2011-12-30 -> 2026-08-20

  day/ask:
      page 1:  3,849 bars  2011-12-30 00:00:00+00:00 -> 2026-08-21 00:00:00+00:00
      fetched 3,848 | +1 new | store 3,848 bars  2011-12-30 -> 2026-08-20


=== eurusd (id 16635) -> /Users/r.john/git/vc-tx2/data ===
  minute/mid:
      page 1: 10,000 bars  2026-08-12 15:44:00+00:00 -> 2026-08-21 15:52:00+00:00
      page 2: 10,000 bars  2026-08-03 15:38:00+00:00 -> 2026-08-12 15:43:00+00:00
      page 3: 10,000 bars  2026-07-23 15:51:00+00:00 -> 2026-08-03 15:37:00+00:00
      page 4:  2,849 bars  2026-07-21 15:52:00+00:00 -> 2026-07-23 15:50:00+00:00
      fetched 32,848 | +1,578 new | store 49,685 bars  2026-07-05 -> 2026-08-21

  minute/bid:
      page 1: 10,000 bars  2026-08-12 15:44:00+00:00 -> 2026-08-21 15:52:00+00:00
      page 2: 10,000 bars  2026-08-03 15:38:00+00:00 -> 2026-08-12 15:43:00+00:00
      page 3: 10,000 bars  2026-07-23 15:51:00+00:00 -> 2026-08-03 15:37:00+00:00
      page 4:  2,848 bars  2026-07-21 15:53:00+00:00 -> 2026-07-23 15:50:00+00:00
      fetched 32,847 | +1,578 new | store 49,685 bars  2026-07-05 -> 2026-08-21

  minute/ask:
      page 1: 10,000 bars  2026-08-12 15:44:00+00:00 -> 2026-08-21 15:52:00+00:00
      page 2: 10,000 bars  2026-08-03 15:38:00+00:00 -> 2026-08-12 15:43:00+00:00
      page 3: 10,000 bars  2026-07-23 15:51:00+00:00 -> 2026-08-03 15:37:00+00:00
      page 4:  2,848 bars  2026-07-21 15:53:00+00:00 -> 2026-07-23 15:50:00+00:00
      fetched 32,847 | +1,578 new | store 49,685 bars  2026-07-05 -> 2026-08-21

  quarter/mid:
      page 1: 10,000 bars  2026-03-30 03:15:00+00:00 -> 2026-08-21 15:45:00+00:00
      page 2: 10,000 bars  2025-10-30 20:00:00+00:00 -> 2026-03-30 03:00:00+00:00
      page 3:  4,816 bars  2025-08-21 16:00:00+00:00 -> 2025-10-30 19:45:00+00:00
      fetched 24,815 | +106 new | store 26,057 bars  2025-08-04 -> 2026-08-21

  quarter/bid:
      page 1: 10,000 bars  2026-03-30 03:15:00+00:00 -> 2026-08-21 15:45:00+00:00
      page 2: 10,000 bars  2025-10-30 20:00:00+00:00 -> 2026-03-30 03:00:00+00:00
      page 3:  4,816 bars  2025-08-21 16:00:00+00:00 -> 2025-10-30 19:45:00+00:00
      fetched 24,815 | +106 new | store 26,057 bars  2025-08-04 -> 2026-08-21

  quarter/ask:
      page 1: 10,000 bars  2026-03-30 03:15:00+00:00 -> 2026-08-21 15:45:00+00:00
      page 2: 10,000 bars  2025-10-30 20:00:00+00:00 -> 2026-03-30 03:00:00+00:00
      page 3:  4,816 bars  2025-08-21 16:00:00+00:00 -> 2025-10-30 19:45:00+00:00
      fetched 24,815 | +106 new | store 26,057 bars  2025-08-04 -> 2026-08-21

  hour/mid:
      page 1: 10,000 bars  2025-01-10 14:00:00+00:00 -> 2026-08-21 15:00:00+00:00
      page 2:  2,394 bars  2024-08-21 16:00:00+00:00 -> 2025-01-10 13:00:00+00:00
      fetched 12,393 | +26 new | store 12,700 bars  2024-08-04 -> 2026-08-21

  hour/bid:
      page 1: 10,000 bars  2025-01-10 14:00:00+00:00 -> 2026-08-21 15:00:00+00:00
      page 2:  2,394 bars  2024-08-21 16:00:00+00:00 -> 2025-01-10 13:00:00+00:00
      fetched 12,393 | +26 new | store 12,700 bars  2024-08-04 -> 2026-08-21

  hour/ask:
      page 1: 10,000 bars  2025-01-10 14:00:00+00:00 -> 2026-08-21 15:00:00+00:00
      page 2:  2,394 bars  2024-08-21 16:00:00+00:00 -> 2025-01-10 13:00:00+00:00
      fetched 12,393 | +26 new | store 12,700 bars  2024-08-04 -> 2026-08-21

  day/mid:
      page 1:  7,453 bars  1999-01-04 00:00:00+00:00 -> 2026-08-21 00:00:00+00:00
      fetched 7,452 | +1 new | store 7,452 bars  1999-01-04 -> 2026-08-20

  day/bid:
      page 1:  7,453 bars  1999-01-04 00:00:00+00:00 -> 2026-08-21 00:00:00+00:00
      fetched 7,452 | +1 new | store 7,452 bars  1999-01-04 -> 2026-08-20

  day/ask:
      page 1:  7,453 bars  1999-01-04 00:00:00+00:00 -> 2026-08-21 00:00:00+00:00
      fetched 7,452 | +1 new | store 7,452 bars  1999-01-04 -> 2026-08-20


=== uk100fut (id 70152) -> /Users/r.john/git/vc-tx2/data ===
  minute/mid:
      page 1: 10,000 bars  2026-08-12 05:42:00+00:00 -> 2026-08-21 15:53:00+00:00
      page 2: 10,000 bars  2026-07-31 18:33:00+00:00 -> 2026-08-12 05:41:00+00:00
      page 3: 10,000 bars  2026-07-22 09:47:00+00:00 -> 2026-07-31 18:32:00+00:00
      page 4:    993 bars  2026-07-21 15:53:00+00:00 -> 2026-07-22 09:46:00+00:00
      fetched 30,992 | +1 new | store 40,136 bars  2026-07-12 -> 2026-08-21

  minute/bid:
      page 1: 10,000 bars  2026-08-12 05:42:00+00:00 -> 2026-08-21 15:53:00+00:00
      page 2: 10,000 bars  2026-07-31 18:33:00+00:00 -> 2026-08-12 05:41:00+00:00
      page 3: 10,000 bars  2026-07-22 09:47:00+00:00 -> 2026-07-31 18:32:00+00:00
      page 4:    993 bars  2026-07-21 15:53:00+00:00 -> 2026-07-22 09:46:00+00:00
      fetched 30,992 | +1,502 new | store 40,136 bars  2026-07-12 -> 2026-08-21

  minute/ask:
      page 1: 10,000 bars  2026-08-12 05:42:00+00:00 -> 2026-08-21 15:53:00+00:00
      page 2: 10,000 bars  2026-07-31 18:33:00+00:00 -> 2026-08-12 05:41:00+00:00
      page 3: 10,000 bars  2026-07-22 09:47:00+00:00 -> 2026-07-31 18:32:00+00:00
      page 4:    992 bars  2026-07-21 15:54:00+00:00 -> 2026-07-22 09:46:00+00:00
      fetched 30,991 | +1,502 new | store 40,136 bars  2026-07-12 -> 2026-08-21

  quarter/mid:
      page 1: 10,000 bars  2026-03-15 23:45:00+00:00 -> 2026-08-21 15:45:00+00:00
      page 2: 10,000 bars  2025-10-06 11:30:00+00:00 -> 2026-03-15 23:30:00+00:00
      page 3:  2,771 bars  2025-08-21 16:00:00+00:00 -> 2025-10-06 11:15:00+00:00
      fetched 22,770 | +101 new | store 23,567 bars  2025-08-10 -> 2026-08-21

  quarter/bid:
      page 1: 10,000 bars  2026-03-15 23:45:00+00:00 -> 2026-08-21 15:45:00+00:00
      page 2: 10,000 bars  2025-10-06 11:30:00+00:00 -> 2026-03-15 23:30:00+00:00
      page 3:  2,771 bars  2025-08-21 16:00:00+00:00 -> 2025-10-06 11:15:00+00:00
      fetched 22,770 | +101 new | store 23,567 bars  2025-08-10 -> 2026-08-21

  quarter/ask:
      page 1: 10,000 bars  2026-03-15 23:45:00+00:00 -> 2026-08-21 15:45:00+00:00
      page 2: 10,000 bars  2025-10-06 11:30:00+00:00 -> 2026-03-15 23:30:00+00:00
      page 3:  2,771 bars  2025-08-21 16:00:00+00:00 -> 2025-10-06 11:15:00+00:00
      fetched 22,770 | +101 new | store 23,567 bars  2025-08-10 -> 2026-08-21

  hour/mid:
      page 1: 10,000 bars  2024-11-21 03:00:00+00:00 -> 2026-08-21 15:00:00+00:00
      page 2:  1,466 bars  2024-08-21 16:00:00+00:00 -> 2024-11-21 02:00:00+00:00
      fetched 11,465 | +25 new | store 11,643 bars  2024-08-11 -> 2026-08-21

  hour/bid:
      page 1: 10,000 bars  2024-11-21 03:00:00+00:00 -> 2026-08-21 15:00:00+00:00
      page 2:  1,466 bars  2024-08-21 16:00:00+00:00 -> 2024-11-21 02:00:00+00:00
      fetched 11,465 | +25 new | store 11,643 bars  2024-08-11 -> 2026-08-21

  hour/ask:
      page 1: 10,000 bars  2024-11-21 03:00:00+00:00 -> 2026-08-21 15:00:00+00:00
      page 2:  1,466 bars  2024-08-21 16:00:00+00:00 -> 2024-11-21 02:00:00+00:00
      fetched 11,465 | +25 new | store 11,643 bars  2024-08-11 -> 2026-08-21

  day/mid:
      page 1:  1,296 bars  2021-07-05 00:00:00+00:00 -> 2026-08-21 00:00:00+00:00
      fetched 1,295 | +1 new | store 1,295 bars  2021-07-05 -> 2026-08-20

  day/bid:
      page 1:  1,296 bars  2021-07-05 00:00:00+00:00 -> 2026-08-21 00:00:00+00:00
      fetched 1,295 | +1 new | store 1,295 bars  2021-07-05 -> 2026-08-20  !! {'open_outside_hl': 1}

  day/ask:
      page 1:  1,296 bars  2021-07-05 00:00:00+00:00 -> 2026-08-21 00:00:00+00:00
      fetched 1,295 | +1 new | store 1,295 bars  2021-07-05 -> 2026-08-20  !! {'close_outside_hl': 1}


=== ger40fut (id 70088) -> /Users/r.john/git/vc-tx2/data ===
  minute/mid:
      page 1: 10,000 bars  2026-08-12 04:00:00+00:00 -> 2026-08-21 15:54:00+00:00
      page 2: 10,000 bars  2026-07-31 14:20:00+00:00 -> 2026-08-12 03:59:00+00:00
      page 3: 10,000 bars  2026-07-22 03:35:00+00:00 -> 2026-07-31 14:19:00+00:00
      page 4:    599 bars  2026-07-21 15:54:00+00:00 -> 2026-07-22 03:34:00+00:00
      fetched 30,598 | +1,481 new | store 32,956 bars  2026-07-19 -> 2026-08-21

  minute/bid:
      page 1: 10,000 bars  2026-08-12 04:00:00+00:00 -> 2026-08-21 15:54:00+00:00
      page 2: 10,000 bars  2026-07-31 14:20:00+00:00 -> 2026-08-12 03:59:00+00:00
      page 3: 10,000 bars  2026-07-22 03:35:00+00:00 -> 2026-07-31 14:19:00+00:00
      page 4:    599 bars  2026-07-21 15:54:00+00:00 -> 2026-07-22 03:34:00+00:00
      fetched 30,598 | +1,481 new | store 32,956 bars  2026-07-19 -> 2026-08-21

  minute/ask:
      page 1: 10,000 bars  2026-08-12 04:00:00+00:00 -> 2026-08-21 15:54:00+00:00
      page 2: 10,000 bars  2026-07-31 14:20:00+00:00 -> 2026-08-12 03:59:00+00:00
      page 3: 10,000 bars  2026-07-22 03:35:00+00:00 -> 2026-07-31 14:19:00+00:00
      page 4:    598 bars  2026-07-21 15:55:00+00:00 -> 2026-07-22 03:34:00+00:00
      fetched 30,597 | +1,481 new | store 32,956 bars  2026-07-19 -> 2026-08-21

  quarter/mid:
      page 1: 10,000 bars  2026-03-16 00:15:00+00:00 -> 2026-08-21 15:45:00+00:00
      page 2: 10,000 bars  2025-10-03 04:00:00+00:00 -> 2026-03-16 00:00:00+00:00
      page 3:  2,753 bars  2025-08-21 16:00:00+00:00 -> 2025-10-03 03:45:00+00:00
      fetched 22,752 | +100 new | store 22,948 bars  2025-08-19 -> 2026-08-21

  quarter/bid:
      page 1: 10,000 bars  2026-03-16 00:15:00+00:00 -> 2026-08-21 15:45:00+00:00
      page 2: 10,000 bars  2025-10-03 04:00:00+00:00 -> 2026-03-16 00:00:00+00:00
      page 3:  2,753 bars  2025-08-21 16:00:00+00:00 -> 2025-10-03 03:45:00+00:00
      fetched 22,752 | +100 new | store 22,948 bars  2025-08-19 -> 2026-08-21

  quarter/ask:
      page 1: 10,000 bars  2026-03-16 00:15:00+00:00 -> 2026-08-21 15:45:00+00:00
      page 2: 10,000 bars  2025-10-03 04:00:00+00:00 -> 2026-03-16 00:00:00+00:00
      page 3:  2,753 bars  2025-08-21 16:00:00+00:00 -> 2025-10-03 03:45:00+00:00
      fetched 22,752 | +100 new | store 22,948 bars  2025-08-19 -> 2026-08-21

  hour/mid:
      page 1: 10,000 bars  2024-11-22 07:00:00+00:00 -> 2026-08-21 15:00:00+00:00
      page 2:  1,518 bars  2024-08-21 16:00:00+00:00 -> 2024-11-22 06:00:00+00:00
      fetched 11,517 | +25 new | store 11,566 bars  2024-08-19 -> 2026-08-21

  hour/bid:
      page 1: 10,000 bars  2024-11-22 07:00:00+00:00 -> 2026-08-21 15:00:00+00:00
      page 2:  1,518 bars  2024-08-21 16:00:00+00:00 -> 2024-11-22 06:00:00+00:00
      fetched 11,517 | +25 new | store 11,566 bars  2024-08-19 -> 2026-08-21

  hour/ask:
      page 1: 10,000 bars  2024-11-22 07:00:00+00:00 -> 2026-08-21 15:00:00+00:00
      page 2:  1,518 bars  2024-08-21 16:00:00+00:00 -> 2024-11-22 06:00:00+00:00
      fetched 11,517 | +25 new | store 11,566 bars  2024-08-19 -> 2026-08-21

  day/mid:
      page 1:  2,765 bars  2015-11-21 00:00:00+00:00 -> 2026-08-21 00:00:00+00:00
      fetched 2,764 | +1 new | store 2,764 bars  2015-11-21 -> 2026-08-20

  day/bid:
      page 1:  2,765 bars  2015-11-21 00:00:00+00:00 -> 2026-08-21 00:00:00+00:00
      fetched 2,764 | +1 new | store 2,764 bars  2015-11-21 -> 2026-08-20

  day/ask:
      page 1:  2,765 bars  2015-11-21 00:00:00+00:00 -> 2026-08-21 00:00:00+00:00
      fetched 2,764 | +1 new | store 2,764 bars  2015-11-21 -> 2026-08-20


=== nas100fut (id 70433) -> /Users/r.john/git/vc-tx2/data ===
  minute/mid:
      page 1: 10,000 bars  2026-08-12 09:45:00+00:00 -> 2026-08-21 15:55:00+00:00
      page 2: 10,000 bars  2026-08-03 03:34:00+00:00 -> 2026-08-12 09:44:00+00:00
      page 3: 10,000 bars  2026-07-22 19:52:00+00:00 -> 2026-08-03 03:33:00+00:00
      page 4:  1,617 bars  2026-07-21 15:55:00+00:00 -> 2026-07-22 19:51:00+00:00
      fetched 31,616 | +1,528 new | store 34,070 bars  2026-07-19 -> 2026-08-21

  minute/bid:
      page 1: 10,000 bars  2026-08-12 09:45:00+00:00 -> 2026-08-21 15:55:00+00:00
      page 2: 10,000 bars  2026-08-03 03:34:00+00:00 -> 2026-08-12 09:44:00+00:00
      page 3: 10,000 bars  2026-07-22 19:52:00+00:00 -> 2026-08-03 03:33:00+00:00
      page 4:  1,616 bars  2026-07-21 15:56:00+00:00 -> 2026-07-22 19:51:00+00:00
      fetched 31,615 | +1,528 new | store 34,070 bars  2026-07-19 -> 2026-08-21

  minute/ask:
      page 1: 10,000 bars  2026-08-12 09:45:00+00:00 -> 2026-08-21 15:55:00+00:00
      page 2: 10,000 bars  2026-08-03 03:34:00+00:00 -> 2026-08-12 09:44:00+00:00
      page 3: 10,000 bars  2026-07-22 19:52:00+00:00 -> 2026-08-03 03:33:00+00:00
      page 4:  1,616 bars  2026-07-21 15:56:00+00:00 -> 2026-07-22 19:51:00+00:00
      fetched 31,615 | +1,528 new | store 34,070 bars  2026-07-19 -> 2026-08-21

  quarter/mid:
      page 1: 10,000 bars  2026-03-20 17:00:00+00:00 -> 2026-08-21 15:45:00+00:00
      page 2: 10,000 bars  2025-10-15 05:30:00+00:00 -> 2026-03-20 16:45:00+00:00
      page 3:  3,515 bars  2025-08-21 16:00:00+00:00 -> 2025-10-15 05:15:00+00:00
      fetched 23,514 | +102 new | store 23,712 bars  2025-08-19 -> 2026-08-21

  quarter/bid:
      page 1: 10,000 bars  2026-03-20 17:00:00+00:00 -> 2026-08-21 15:45:00+00:00
      page 2: 10,000 bars  2025-10-15 05:30:00+00:00 -> 2026-03-20 16:45:00+00:00
      page 3:  3,515 bars  2025-08-21 16:00:00+00:00 -> 2025-10-15 05:15:00+00:00
      fetched 23,514 | +102 new | store 23,712 bars  2025-08-19 -> 2026-08-21

  quarter/ask:
      page 1: 10,000 bars  2026-03-20 17:00:00+00:00 -> 2026-08-21 15:45:00+00:00
      page 2: 10,000 bars  2025-10-15 05:30:00+00:00 -> 2026-03-20 16:45:00+00:00
      page 3:  3,515 bars  2025-08-21 16:00:00+00:00 -> 2025-10-15 05:15:00+00:00
      fetched 23,514 | +102 new | store 23,712 bars  2025-08-19 -> 2026-08-21

  hour/mid:
      page 1: 10,000 bars  2024-12-10 09:00:00+00:00 -> 2026-08-21 15:00:00+00:00
      page 2:  1,797 bars  2024-08-21 16:00:00+00:00 -> 2024-12-10 08:00:00+00:00
      fetched 11,796 | +25 new | store 11,845 bars  2024-08-19 -> 2026-08-21

  hour/bid:
      page 1: 10,000 bars  2024-12-10 09:00:00+00:00 -> 2026-08-21 15:00:00+00:00
      page 2:  1,797 bars  2024-08-21 16:00:00+00:00 -> 2024-12-10 08:00:00+00:00
      fetched 11,796 | +25 new | store 11,845 bars  2024-08-19 -> 2026-08-21

  hour/ask:
      page 1: 10,000 bars  2024-12-10 09:00:00+00:00 -> 2026-08-21 15:00:00+00:00
      page 2:  1,797 bars  2024-08-21 16:00:00+00:00 -> 2024-12-10 08:00:00+00:00
      fetched 11,796 | +25 new | store 11,845 bars  2024-08-19 -> 2026-08-21

  day/mid:
      page 1:  1,176 bars  2022-02-03 00:00:00+00:00 -> 2026-08-21 00:00:00+00:00
      fetched 1,175 | +1 new | store 1,175 bars  2022-02-03 -> 2026-08-20

  day/bid:
      page 1:  1,176 bars  2022-02-03 00:00:00+00:00 -> 2026-08-21 00:00:00+00:00
      fetched 1,175 | +1 new | store 1,175 bars  2022-02-03 -> 2026-08-20

  day/ask:
      page 1:  1,176 bars  2022-02-03 00:00:00+00:00 -> 2026-08-21 00:00:00+00:00
      fetched 1,175 | +1 new | store 1,175 bars  2022-02-03 -> 2026-08-20


=== us30fut (id 70153) -> /Users/r.john/git/vc-tx2/data ===
  minute/mid:
      page 1: 10,000 bars  2026-08-12 09:33:00+00:00 -> 2026-08-21 15:56:00+00:00
      page 2: 10,000 bars  2026-08-03 03:12:00+00:00 -> 2026-08-12 09:32:00+00:00
      page 3: 10,000 bars  2026-07-22 19:30:00+00:00 -> 2026-08-03 03:11:00+00:00
      page 4:  1,594 bars  2026-07-21 15:56:00+00:00 -> 2026-07-22 19:29:00+00:00
      fetched 31,593 | +1,529 new | store 34,048 bars  2026-07-19 -> 2026-08-21

  minute/bid:
      page 1: 10,000 bars  2026-08-12 09:33:00+00:00 -> 2026-08-21 15:56:00+00:00
      page 2: 10,000 bars  2026-08-03 03:12:00+00:00 -> 2026-08-12 09:32:00+00:00
      page 3: 10,000 bars  2026-07-22 19:30:00+00:00 -> 2026-08-03 03:11:00+00:00
      page 4:  1,593 bars  2026-07-21 15:57:00+00:00 -> 2026-07-22 19:29:00+00:00
      fetched 31,592 | +1,529 new | store 34,048 bars  2026-07-19 -> 2026-08-21

  minute/ask:
      page 1: 10,000 bars  2026-08-12 09:33:00+00:00 -> 2026-08-21 15:56:00+00:00
      page 2: 10,000 bars  2026-08-03 03:12:00+00:00 -> 2026-08-12 09:32:00+00:00
      page 3: 10,000 bars  2026-07-22 19:30:00+00:00 -> 2026-08-03 03:11:00+00:00
      page 4:  1,593 bars  2026-07-21 15:57:00+00:00 -> 2026-07-22 19:29:00+00:00
      fetched 31,592 | +1,529 new | store 34,048 bars  2026-07-19 -> 2026-08-21

  quarter/mid:
      page 1: 10,000 bars  2026-03-20 17:00:00+00:00 -> 2026-08-21 15:45:00+00:00
      page 2: 10,000 bars  2025-10-15 05:45:00+00:00 -> 2026-03-20 16:45:00+00:00
      page 3:  3,517 bars  2025-08-21 16:00:00+00:00 -> 2025-10-15 05:30:00+00:00
      fetched 23,516 | +102 new | store 23,714 bars  2025-08-19 -> 2026-08-21

  quarter/bid:
      page 1: 10,000 bars  2026-03-20 17:00:00+00:00 -> 2026-08-21 15:45:00+00:00
      page 2: 10,000 bars  2025-10-15 05:45:00+00:00 -> 2026-03-20 16:45:00+00:00
      page 3:  3,517 bars  2025-08-21 16:00:00+00:00 -> 2025-10-15 05:30:00+00:00
      fetched 23,516 | +102 new | store 23,714 bars  2025-08-19 -> 2026-08-21

  quarter/ask:
      page 1: 10,000 bars  2026-03-20 17:00:00+00:00 -> 2026-08-21 15:45:00+00:00
      page 2: 10,000 bars  2025-10-15 05:45:00+00:00 -> 2026-03-20 16:45:00+00:00
      page 3:  3,517 bars  2025-08-21 16:00:00+00:00 -> 2025-10-15 05:30:00+00:00
      fetched 23,516 | +102 new | store 23,714 bars  2025-08-19 -> 2026-08-21

  hour/mid:
      page 1: 10,000 bars  2024-12-10 09:00:00+00:00 -> 2026-08-21 15:00:00+00:00
      page 2:  1,798 bars  2024-08-21 16:00:00+00:00 -> 2024-12-10 08:00:00+00:00
      fetched 11,797 | +25 new | store 11,846 bars  2024-08-19 -> 2026-08-21

  hour/bid:
      page 1: 10,000 bars  2024-12-10 09:00:00+00:00 -> 2026-08-21 15:00:00+00:00
      page 2:  1,798 bars  2024-08-21 16:00:00+00:00 -> 2024-12-10 08:00:00+00:00
      fetched 11,797 | +25 new | store 11,846 bars  2024-08-19 -> 2026-08-21

  hour/ask:
      page 1: 10,000 bars  2024-12-10 09:00:00+00:00 -> 2026-08-21 15:00:00+00:00
      page 2:  1,798 bars  2024-08-21 16:00:00+00:00 -> 2024-12-10 08:00:00+00:00
      fetched 11,797 | +25 new | store 11,846 bars  2024-08-19 -> 2026-08-21

  day/mid:
      page 1:  1,327 bars  2021-07-05 00:00:00+00:00 -> 2026-08-21 00:00:00+00:00
      fetched 1,326 | +1 new | store 1,326 bars  2021-07-05 -> 2026-08-20

  day/bid:
      page 1:  1,327 bars  2021-07-05 00:00:00+00:00 -> 2026-08-21 00:00:00+00:00
      fetched 1,326 | +1 new | store 1,326 bars  2021-07-05 -> 2026-08-20

  day/ask:
      page 1:  1,327 bars  2021-07-05 00:00:00+00:00 -> 2026-08-21 00:00:00+00:00
      fetched 1,326 | +1 new | store 1,326 bars  2021-07-05 -> 2026-08-20


=== uk100sep26 (id 72516) -> /Users/r.john/git/vc-tx2/data ===
  minute/mid:
      page 1: 10,000 bars  2026-08-12 05:46:00+00:00 -> 2026-08-21 15:57:00+00:00
      page 2: 10,000 bars  2026-07-31 18:37:00+00:00 -> 2026-08-12 05:45:00+00:00
      page 3: 10,000 bars  2026-07-22 09:51:00+00:00 -> 2026-07-31 18:36:00+00:00
      page 4:    993 bars  2026-07-21 15:57:00+00:00 -> 2026-07-22 09:50:00+00:00
      fetched 30,992 | +1,504 new | store 40,140 bars  2026-07-12 -> 2026-08-21

  minute/bid:
      page 1: 10,000 bars  2026-08-12 05:46:00+00:00 -> 2026-08-21 15:57:00+00:00
      page 2: 10,000 bars  2026-07-31 18:37:00+00:00 -> 2026-08-12 05:45:00+00:00
      page 3: 10,000 bars  2026-07-22 09:51:00+00:00 -> 2026-07-31 18:36:00+00:00
      page 4:    992 bars  2026-07-21 15:58:00+00:00 -> 2026-07-22 09:50:00+00:00
      fetched 30,991 | +1,504 new | store 40,140 bars  2026-07-12 -> 2026-08-21

  minute/ask:
      page 1: 10,000 bars  2026-08-12 05:46:00+00:00 -> 2026-08-21 15:57:00+00:00
      page 2: 10,000 bars  2026-07-31 18:37:00+00:00 -> 2026-08-12 05:45:00+00:00
      page 3: 10,000 bars  2026-07-22 09:51:00+00:00 -> 2026-07-31 18:36:00+00:00
      page 4:    992 bars  2026-07-21 15:58:00+00:00 -> 2026-07-22 09:50:00+00:00
      fetched 30,991 | +1,504 new | store 40,140 bars  2026-07-12 -> 2026-08-21

  quarter/mid:
      page 1:  4,603 bars  2026-06-11 17:30:00+00:00 -> 2026-08-21 15:45:00+00:00
      fetched 4,602 | +101 new | store 4,602 bars  2026-06-11 -> 2026-08-21

  quarter/bid:
      page 1:  4,603 bars  2026-06-11 17:30:00+00:00 -> 2026-08-21 15:45:00+00:00
      fetched 4,602 | +101 new | store 4,602 bars  2026-06-11 -> 2026-08-21

  quarter/ask:
      page 1:  4,603 bars  2026-06-11 17:30:00+00:00 -> 2026-08-21 15:45:00+00:00
      fetched 4,602 | +101 new | store 4,602 bars  2026-06-11 -> 2026-08-21

  hour/mid:
      page 1:  1,162 bars  2026-06-11 17:00:00+00:00 -> 2026-08-21 15:00:00+00:00
      fetched 1,161 | +25 new | store 1,161 bars  2026-06-11 -> 2026-08-21

  hour/bid:
      page 1:  1,162 bars  2026-06-11 17:00:00+00:00 -> 2026-08-21 15:00:00+00:00
      fetched 1,161 | +25 new | store 1,161 bars  2026-06-11 -> 2026-08-21

  hour/ask:
      page 1:  1,162 bars  2026-06-11 17:00:00+00:00 -> 2026-08-21 15:00:00+00:00
      fetched 1,161 | +25 new | store 1,161 bars  2026-06-11 -> 2026-08-21

  day/mid:
      page 1:     52 bars  2026-06-11 00:00:00+00:00 -> 2026-08-21 00:00:00+00:00
      fetched 51 | +1 new | store 51 bars  2026-06-11 -> 2026-08-20

  day/bid:
      page 1:     52 bars  2026-06-11 00:00:00+00:00 -> 2026-08-21 00:00:00+00:00
      fetched 51 | +1 new | store 51 bars  2026-06-11 -> 2026-08-20

  day/ask:
      page 1:     52 bars  2026-06-11 00:00:00+00:00 -> 2026-08-21 00:00:00+00:00
      fetched 51 | +1 new | store 51 bars  2026-06-11 -> 2026-08-20


Done. `python3 collect.py status` for a summary.
     instr    feed side  bars       from         to  sessions  vol=0 %        last sync
     uk100  minute  mid 47126 2026-07-03 2026-08-21        43      0.0 2026-08-21T15:41
     uk100  minute  bid 47143 2026-07-03 2026-08-21        43      0.0 2026-08-21T15:42
     uk100  minute  ask 47143 2026-07-03 2026-08-21        43      0.0 2026-08-21T15:42
     uk100 quarter  mid 24019 2025-08-03 2026-08-21       318      0.0 2026-08-21T15:42
     uk100 quarter  bid 24019 2025-08-03 2026-08-21       318      0.0 2026-08-21T15:42
     uk100 quarter  ask 24019 2025-08-03 2026-08-21       318      0.0 2026-08-21T15:42
     uk100    hour  mid 11768 2024-08-04 2026-08-21       620      0.0 2026-08-21T15:42
     uk100    hour  bid 11768 2024-08-04 2026-08-21       620      0.0 2026-08-21T15:42
     uk100    hour  ask 11768 2024-08-04 2026-08-21       620      0.0 2026-08-21T15:42
     uk100     day  mid  3758 2012-03-26 2026-08-20      3758     59.8 2026-08-21T15:42
     uk100     day  bid  3758 2012-03-26 2026-08-20      3758     59.8 2026-08-21T15:42
     uk100     day  ask  3758 2012-03-26 2026-08-20      3758     59.8 2026-08-21T15:42
     ger40  minute  mid 46956 2026-07-05 2026-08-21        42      0.0 2026-08-21T15:42
     ger40  minute  bid 46956 2026-07-05 2026-08-21        42      0.0 2026-08-21T15:43
     ger40  minute  ask 46957 2026-07-05 2026-08-21        42      0.0 2026-08-21T15:43
     ger40 quarter  mid 24052 2025-08-04 2026-08-21       321      0.0 2026-08-21T15:43
     ger40 quarter  bid 24052 2025-08-04 2026-08-21       321      0.0 2026-08-21T15:43
     ger40 quarter  ask 24052 2025-08-04 2026-08-21       321      0.0 2026-08-21T15:43
     ger40    hour  mid 11819 2024-08-04 2026-08-21       628      0.0 2026-08-21T15:43
     ger40    hour  bid 11819 2024-08-04 2026-08-21       628      0.0 2026-08-21T15:43
     ger40    hour  ask 11819 2024-08-04 2026-08-21       628      0.0 2026-08-21T15:43
     ger40     day  mid  3777 2012-01-30 2026-08-20      3777     60.1 2026-08-21T15:43
     ger40     day  bid  3777 2012-01-30 2026-08-20      3777     60.1 2026-08-21T15:43
     ger40     day  ask  3777 2012-01-30 2026-08-20      3777     60.1 2026-08-21T15:43
      us30  minute  mid 47795 2026-07-05 2026-08-21        42      0.0 2026-08-21T15:43
      us30  minute  bid 47795 2026-07-05 2026-08-21        42      0.0 2026-08-21T15:43
      us30  minute  ask 47795 2026-07-05 2026-08-21        42      0.0 2026-08-21T15:44
      us30 quarter  mid 24700 2025-08-04 2026-08-21       329      0.0 2026-08-21T15:44
      us30 quarter  bid 24700 2025-08-04 2026-08-21       329      0.0 2026-08-21T15:44
      us30 quarter  ask 24700 2025-08-04 2026-08-21       329      0.0 2026-08-21T15:44
      us30    hour  mid 12089 2024-08-04 2026-08-21       641      0.0 2026-08-21T15:44
      us30    hour  bid 12089 2024-08-04 2026-08-21       641      0.0 2026-08-21T15:44
      us30    hour  ask 12089 2024-08-04 2026-08-21       641      0.0 2026-08-21T15:44
      us30     day  mid  3850 2012-03-05 2026-08-20      3850     60.8 2026-08-21T15:44
      us30     day  bid  3850 2012-03-05 2026-08-20      3850     60.8 2026-08-21T15:44
      us30     day  ask  3850 2012-03-05 2026-08-20      3850     60.8 2026-08-21T15:44
    nas100  minute  mid 47797 2026-07-05 2026-08-21        42      0.0 2026-08-21T15:44
    nas100  minute  bid 47797 2026-07-05 2026-08-21        42      0.0 2026-08-21T15:44
    nas100  minute  ask 47797 2026-07-05 2026-08-21        42      0.0 2026-08-21T15:44
    nas100 quarter  mid 24700 2025-08-04 2026-08-21       329      0.0 2026-08-21T15:45
    nas100 quarter  bid 24701 2025-08-04 2026-08-21       329      0.0 2026-08-21T15:45
    nas100 quarter  ask 24701 2025-08-04 2026-08-21       329      0.0 2026-08-21T15:45
    nas100    hour  mid 12090 2024-08-04 2026-08-21       641      0.0 2026-08-21T15:45
    nas100    hour  bid 12090 2024-08-04 2026-08-21       641      0.0 2026-08-21T15:45
    nas100    hour  ask 12090 2024-08-04 2026-08-21       641      0.0 2026-08-21T15:45
    nas100     day  mid  3850 2012-03-05 2026-08-20      3850     60.8 2026-08-21T15:45
    nas100     day  bid  3850 2012-03-05 2026-08-20      3850     60.8 2026-08-21T15:45
    nas100     day  ask  3850 2012-03-05 2026-08-20      3850     60.8 2026-08-21T15:45
     us500  minute  mid 47729 2026-07-05 2026-08-21        42      0.0 2026-08-21T15:45
     us500  minute  bid 47729 2026-07-05 2026-08-21        42      0.0 2026-08-21T15:46
     us500  minute  ask 47730 2026-07-05 2026-08-21        42      0.0 2026-08-21T15:46
     us500 quarter  mid 24694 2025-08-04 2026-08-21       329      0.0 2026-08-21T15:46
     us500 quarter  bid 24694 2025-08-04 2026-08-21       329      0.0 2026-08-21T15:46
     us500 quarter  ask 24694 2025-08-04 2026-08-21       329      0.0 2026-08-21T15:46
     us500    hour  mid 12089 2024-08-04 2026-08-21       641      0.0 2026-08-21T15:46
     us500    hour  bid 12089 2024-08-04 2026-08-21       641      0.0 2026-08-21T15:46
     us500    hour  ask 12089 2024-08-04 2026-08-21       641      0.0 2026-08-21T15:46
     us500     day  mid  3843 2012-03-13 2026-08-20      3843     60.7 2026-08-21T15:46
     us500     day  bid  3843 2012-03-13 2026-08-20      3843     60.7 2026-08-21T15:46
     us500     day  ask  3843 2012-03-13 2026-08-20      3843     60.7 2026-08-21T15:46
      gold  minute  mid 47935 2026-07-05 2026-08-21        42      0.0 2026-08-21T15:46
      gold  minute  bid 47935 2026-07-05 2026-08-21        42      0.0 2026-08-21T15:46
      gold  minute  ask 47935 2026-07-05 2026-08-21        42      0.0 2026-08-21T15:47
      gold quarter  mid 24818 2025-08-04 2026-08-21       328      0.0 2026-08-21T15:47
      gold quarter  bid 24818 2025-08-04 2026-08-21       328      0.0 2026-08-21T15:47
      gold quarter  ask 24818 2025-08-04 2026-08-21       328      0.0 2026-08-21T15:48
      gold    hour  mid 12115 2024-08-04 2026-08-21       640      0.0 2026-08-21T15:48
      gold    hour  bid 12115 2024-08-04 2026-08-21       640      0.0 2026-08-21T15:48
      gold    hour  ask 12115 2024-08-04 2026-08-21       640      0.0 2026-08-21T15:48
      gold     day  mid  3848 2011-12-30 2026-08-20      3848     60.8 2026-08-21T15:49
      gold     day  bid  3848 2011-12-30 2026-08-20      3848     60.8 2026-08-21T15:49
      gold     day  ask  3848 2011-12-30 2026-08-20      3848     60.8 2026-08-21T15:49
   goldvar  minute  mid 47938 2026-07-05 2026-08-21        42      0.0 2026-08-21T15:50
   goldvar  minute  bid 47940 2026-07-05 2026-08-21        42      0.0 2026-08-21T15:51
   goldvar  minute  ask 47940 2026-07-05 2026-08-21        42      0.0 2026-08-21T15:52
   goldvar quarter  mid 24818 2025-08-04 2026-08-21       328      0.0 2026-08-21T15:52
   goldvar quarter  bid 24818 2025-08-04 2026-08-21       328      0.0 2026-08-21T15:52
   goldvar quarter  ask 24818 2025-08-04 2026-08-21       328      0.0 2026-08-21T15:52
   goldvar    hour  mid 12115 2024-08-04 2026-08-21       640      0.0 2026-08-21T15:52
   goldvar    hour  bid 12115 2024-08-04 2026-08-21       640      0.0 2026-08-21T15:52
   goldvar    hour  ask 12115 2024-08-04 2026-08-21       640      0.0 2026-08-21T15:52
   goldvar     day  mid  3848 2011-12-30 2026-08-20      3848     60.8 2026-08-21T15:52
   goldvar     day  bid  3848 2011-12-30 2026-08-20      3848     60.8 2026-08-21T15:52
   goldvar     day  ask  3848 2011-12-30 2026-08-20      3848     60.8 2026-08-21T15:52
    eurusd  minute  mid 49685 2026-07-05 2026-08-21        42      0.0 2026-08-21T15:52
    eurusd  minute  bid 49685 2026-07-05 2026-08-21        42      0.0 2026-08-21T15:52
    eurusd  minute  ask 49685 2026-07-05 2026-08-21        42      0.0 2026-08-21T15:53
    eurusd quarter  mid 26057 2025-08-04 2026-08-21       329      0.0 2026-08-21T15:53
    eurusd quarter  bid 26057 2025-08-04 2026-08-21       329      0.0 2026-08-21T15:53
    eurusd quarter  ask 26057 2025-08-04 2026-08-21       329      0.0 2026-08-21T15:53
    eurusd    hour  mid 12700 2024-08-04 2026-08-21       641      0.0 2026-08-21T15:53
    eurusd    hour  bid 12700 2024-08-04 2026-08-21       641      0.0 2026-08-21T15:53
    eurusd    hour  ask 12700 2024-08-04 2026-08-21       641      0.0 2026-08-21T15:53
    eurusd     day  mid  7452 1999-01-04 2026-08-20      7452     79.3 2026-08-21T15:53
    eurusd     day  bid  7452 1999-01-04 2026-08-20      7452     79.3 2026-08-21T15:53
    eurusd     day  ask  7452 1999-01-04 2026-08-20      7452     79.3 2026-08-21T15:53
  uk100fut  minute  mid 40141 2026-07-12 2026-08-21        36      0.0 2026-08-21T15:53
  uk100fut  minute  bid 40136 2026-07-12 2026-08-21        36      0.0 2026-08-21T15:53
  uk100fut  minute  ask 40136 2026-07-12 2026-08-21        36      0.0 2026-08-21T15:53
  uk100fut quarter  mid 23567 2025-08-10 2026-08-21       313      0.0 2026-08-21T15:53
  uk100fut quarter  bid 23567 2025-08-10 2026-08-21       313      0.0 2026-08-21T15:54
  uk100fut quarter  ask 23567 2025-08-10 2026-08-21       313      0.0 2026-08-21T15:54
  uk100fut    hour  mid 11643 2024-08-11 2026-08-21       612      0.0 2026-08-21T15:54
  uk100fut    hour  bid 11643 2024-08-11 2026-08-21       612      0.0 2026-08-21T15:54
  uk100fut    hour  ask 11643 2024-08-11 2026-08-21       612      0.0 2026-08-21T15:54
  uk100fut     day  mid  1295 2021-07-05 2026-08-20      1295     49.3 2026-08-21T15:54
  uk100fut     day  bid  1295 2021-07-05 2026-08-20      1295     49.3 2026-08-21T15:54
  uk100fut     day  ask  1295 2021-07-05 2026-08-20      1295     49.3 2026-08-21T15:54
  ger40fut  minute  mid 32956 2026-07-19 2026-08-21        30      0.0 2026-08-21T15:54
  ger40fut  minute  bid 32956 2026-07-19 2026-08-21        30      0.0 2026-08-21T15:54
  ger40fut  minute  ask 32956 2026-07-19 2026-08-21        30      0.0 2026-08-21T15:54
  ger40fut quarter  mid 22948 2025-08-19 2026-08-21       305      0.0 2026-08-21T15:54
  ger40fut quarter  bid 22948 2025-08-19 2026-08-21       305      0.0 2026-08-21T15:55
  ger40fut quarter  ask 22948 2025-08-19 2026-08-21       305      0.0 2026-08-21T15:55
  ger40fut    hour  mid 11566 2024-08-19 2026-08-21       612      0.0 2026-08-21T15:55
  ger40fut    hour  bid 11566 2024-08-19 2026-08-21       612      0.0 2026-08-21T15:55
  ger40fut    hour  ask 11566 2024-08-19 2026-08-21       612      0.0 2026-08-21T15:55
  ger40fut     day  mid  2764 2015-11-21 2026-08-20      2764     76.2 2026-08-21T15:55
  ger40fut     day  bid  2764 2015-11-21 2026-08-20      2764     76.2 2026-08-21T15:55
  ger40fut     day  ask  2764 2015-11-21 2026-08-20      2764     76.2 2026-08-21T15:55
 nas100fut  minute  mid 34070 2026-07-19 2026-08-21        30      0.0 2026-08-21T15:55
 nas100fut  minute  bid 34070 2026-07-19 2026-08-21        30      0.0 2026-08-21T15:55
 nas100fut  minute  ask 34070 2026-07-19 2026-08-21        30      0.0 2026-08-21T15:55
 nas100fut quarter  mid 23712 2025-08-19 2026-08-21       316      0.0 2026-08-21T15:56
 nas100fut quarter  bid 23712 2025-08-19 2026-08-21       316      0.0 2026-08-21T15:56
 nas100fut quarter  ask 23712 2025-08-19 2026-08-21       316      0.0 2026-08-21T15:56
 nas100fut    hour  mid 11845 2024-08-19 2026-08-21       628      0.0 2026-08-21T15:56
 nas100fut    hour  bid 11845 2024-08-19 2026-08-21       628      0.0 2026-08-21T15:56
 nas100fut    hour  ask 11845 2024-08-19 2026-08-21       628      0.0 2026-08-21T15:56
 nas100fut     day  mid  1175 2022-02-03 2026-08-20      1175     42.9 2026-08-21T15:56
 nas100fut     day  bid  1175 2022-02-03 2026-08-20      1175     42.9 2026-08-21T15:56
 nas100fut     day  ask  1175 2022-02-03 2026-08-20      1175     42.9 2026-08-21T15:56
   us30fut  minute  mid 34048 2026-07-19 2026-08-21        30      0.0 2026-08-21T15:56
   us30fut  minute  bid 34048 2026-07-19 2026-08-21        30      0.0 2026-08-21T15:56
   us30fut  minute  ask 34048 2026-07-19 2026-08-21        30      0.0 2026-08-21T15:56
   us30fut quarter  mid 23714 2025-08-19 2026-08-21       316      0.0 2026-08-21T15:57
   us30fut quarter  bid 23714 2025-08-19 2026-08-21       316      0.0 2026-08-21T15:57
   us30fut quarter  ask 23714 2025-08-19 2026-08-21       316      0.0 2026-08-21T15:57
   us30fut    hour  mid 11846 2024-08-19 2026-08-21       628      0.0 2026-08-21T15:57
   us30fut    hour  bid 11846 2024-08-19 2026-08-21       628      0.0 2026-08-21T15:57
   us30fut    hour  ask 11846 2024-08-19 2026-08-21       628      0.0 2026-08-21T15:57
   us30fut     day  mid  1326 2021-07-05 2026-08-20      1326     49.4 2026-08-21T15:57
   us30fut     day  bid  1326 2021-07-05 2026-08-20      1326     49.4 2026-08-21T15:57
   us30fut     day  ask  1326 2021-07-05 2026-08-20      1326     49.4 2026-08-21T15:57
uk100sep26  minute  mid 40140 2026-07-12 2026-08-21        36      0.0 2026-08-21T15:57
uk100sep26  minute  bid 40140 2026-07-12 2026-08-21        36      0.0 2026-08-21T15:57
uk100sep26  minute  ask 40140 2026-07-12 2026-08-21        36      0.0 2026-08-21T15:58
uk100sep26 quarter  mid  4602 2026-06-11 2026-08-21        62      0.0 2026-08-21T15:58
uk100sep26 quarter  bid  4602 2026-06-11 2026-08-21        62      0.0 2026-08-21T15:58
uk100sep26 quarter  ask  4602 2026-06-11 2026-08-21        62      0.0 2026-08-21T15:58
uk100sep26    hour  mid  1161 2026-06-11 2026-08-21        62      0.0 2026-08-21T15:58
uk100sep26    hour  bid  1161 2026-06-11 2026-08-21        62      0.0 2026-08-21T15:58
uk100sep26    hour  ask  1161 2026-06-11 2026-08-21        62      0.0 2026-08-21T15:58
uk100sep26     day  mid    51 2026-06-11 2026-08-20        51      0.0 2026-08-21T15:58
uk100sep26     day  bid    51 2026-06-11 2026-08-20        51      0.0 2026-08-21T15:58
uk100sep26     day  ask    51 2026-06-11 2026-08-20        51      0.0 2026-08-21T15:58

spread (minute, n=47,143): median 1.00 pts | p90 5.00 | core 07:00-15:59 UTC median 0.80 pts (n=18,898)

spread (quarter, n=24,019): median 1.00 pts | p90 5.00 | core 07:00-15:59 UTC median 0.80 pts (n=9,585)

spread (hour, n=11,768): median 1.00 pts | p90 5.00 | core 07:00-15:59 UTC median 0.80 pts (n=4,658)

spread (day, n=3,758): median 0.00 pts | p90 5.00 | core 07:00-15:59 UTC median nan pts (n=0)
uk100/minute/mid: 47,126 bars | OK | zero-volume 0.0% | 164 gaps > one bar (weekends/closures expected)
uk100/minute/bid: 47,143 bars | OK | zero-volume 0.0% | 164 gaps > one bar (weekends/closures expected)
uk100/minute/ask: 47,143 bars | OK | zero-volume 0.0% | 164 gaps > one bar (weekends/closures expected)
uk100/quarter/mid: 24,019 bars | OK | zero-volume 0.0% | 459 gaps > one bar (weekends/closures expected)
uk100/quarter/bid: 24,019 bars | OK | zero-volume 0.0% | 459 gaps > one bar (weekends/closures expected)
uk100/quarter/ask: 24,019 bars | OK | zero-volume 0.0% | 459 gaps > one bar (weekends/closures expected)
uk100/hour/mid: 11,768 bars | OK | zero-volume 0.0% | 518 gaps > one bar (weekends/closures expected)
uk100/hour/bid: 11,768 bars | OK | zero-volume 0.0% | 518 gaps > one bar (weekends/closures expected)
uk100/hour/ask: 11,768 bars | OK | zero-volume 0.0% | 518 gaps > one bar (weekends/closures expected)
uk100/day/mid: 3,758 bars | OK | zero-volume 59.77% | 748 gaps > one bar (weekends/closures expected)
uk100/day/bid: 3,758 bars | known {'open_outside_hl': 2} | zero-volume 59.77% | 748 gaps > one bar (weekends/closures expected)
uk100/day/ask: 3,758 bars | known {'close_outside_hl': 2} | zero-volume 59.77% | 748 gaps > one bar (weekends/closures expected)
ger40/minute/mid: 46,956 bars | OK | zero-volume 0.0% | 210 gaps > one bar (weekends/closures expected)
ger40/minute/bid: 46,956 bars | OK | zero-volume 0.0% | 210 gaps > one bar (weekends/closures expected)
ger40/minute/ask: 46,957 bars | OK | zero-volume 0.0% | 210 gaps > one bar (weekends/closures expected)
ger40/quarter/mid: 24,052 bars | OK | zero-volume 0.0% | 462 gaps > one bar (weekends/closures expected)
ger40/quarter/bid: 24,052 bars | OK | zero-volume 0.0% | 462 gaps > one bar (weekends/closures expected)
ger40/quarter/ask: 24,052 bars | OK | zero-volume 0.0% | 462 gaps > one bar (weekends/closures expected)
ger40/hour/mid: 11,819 bars | OK | zero-volume 0.0% | 519 gaps > one bar (weekends/closures expected)
ger40/hour/bid: 11,819 bars | OK | zero-volume 0.0% | 519 gaps > one bar (weekends/closures expected)
ger40/hour/ask: 11,819 bars | OK | zero-volume 0.0% | 519 gaps > one bar (weekends/closures expected)
ger40/day/mid: 3,777 bars | OK | zero-volume 60.07% | 767 gaps > one bar (weekends/closures expected)
ger40/day/bid: 3,777 bars | OK | zero-volume 60.07% | 767 gaps > one bar (weekends/closures expected)
ger40/day/ask: 3,777 bars | OK | zero-volume 60.07% | 767 gaps > one bar (weekends/closures expected)
us30/minute/mid: 47,795 bars | OK | zero-volume 0.0% | 35 gaps > one bar (weekends/closures expected)
us30/minute/bid: 47,795 bars | OK | zero-volume 0.0% | 35 gaps > one bar (weekends/closures expected)
us30/minute/ask: 47,795 bars | OK | zero-volume 0.0% | 35 gaps > one bar (weekends/closures expected)
us30/quarter/mid: 24,700 bars | OK | zero-volume 0.0% | 274 gaps > one bar (weekends/closures expected)
us30/quarter/bid: 24,700 bars | OK | zero-volume 0.0% | 274 gaps > one bar (weekends/closures expected)
us30/quarter/ask: 24,700 bars | OK | zero-volume 0.0% | 274 gaps > one bar (weekends/closures expected)
us30/hour/mid: 12,089 bars | OK | zero-volume 0.0% | 530 gaps > one bar (weekends/closures expected)
us30/hour/bid: 12,089 bars | OK | zero-volume 0.0% | 530 gaps > one bar (weekends/closures expected)
us30/hour/ask: 12,089 bars | OK | zero-volume 0.0% | 530 gaps > one bar (weekends/closures expected)
us30/day/mid: 3,850 bars | OK | zero-volume 60.78% | 760 gaps > one bar (weekends/closures expected)
us30/day/bid: 3,850 bars | OK | zero-volume 60.78% | 760 gaps > one bar (weekends/closures expected)
us30/day/ask: 3,850 bars | OK | zero-volume 60.78% | 760 gaps > one bar (weekends/closures expected)
nas100/minute/mid: 47,797 bars | OK | zero-volume 0.0% | 34 gaps > one bar (weekends/closures expected)
nas100/minute/bid: 47,797 bars | OK | zero-volume 0.0% | 34 gaps > one bar (weekends/closures expected)
nas100/minute/ask: 47,797 bars | OK | zero-volume 0.0% | 34 gaps > one bar (weekends/closures expected)
nas100/quarter/mid: 24,700 bars | OK | zero-volume 0.0% | 275 gaps > one bar (weekends/closures expected)
nas100/quarter/bid: 24,701 bars | OK | zero-volume 0.0% | 275 gaps > one bar (weekends/closures expected)
nas100/quarter/ask: 24,701 bars | OK | zero-volume 0.0% | 275 gaps > one bar (weekends/closures expected)
nas100/hour/mid: 12,090 bars | OK | zero-volume 0.0% | 530 gaps > one bar (weekends/closures expected)
nas100/hour/bid: 12,090 bars | OK | zero-volume 0.0% | 530 gaps > one bar (weekends/closures expected)
nas100/hour/ask: 12,090 bars | OK | zero-volume 0.0% | 530 gaps > one bar (weekends/closures expected)
nas100/day/mid: 3,850 bars | OK | zero-volume 60.81% | 760 gaps > one bar (weekends/closures expected)
nas100/day/bid: 3,850 bars | OK | zero-volume 60.81% | 760 gaps > one bar (weekends/closures expected)
nas100/day/ask: 3,850 bars | OK | zero-volume 60.81% | 760 gaps > one bar (weekends/closures expected)
us500/minute/mid: 47,729 bars | OK | zero-volume 0.0% | 92 gaps > one bar (weekends/closures expected)
us500/minute/bid: 47,729 bars | OK | zero-volume 0.0% | 92 gaps > one bar (weekends/closures expected)
us500/minute/ask: 47,730 bars | OK | zero-volume 0.0% | 92 gaps > one bar (weekends/closures expected)
us500/quarter/mid: 24,694 bars | OK | zero-volume 0.0% | 274 gaps > one bar (weekends/closures expected)
us500/quarter/bid: 24,694 bars | OK | zero-volume 0.0% | 274 gaps > one bar (weekends/closures expected)
us500/quarter/ask: 24,694 bars | OK | zero-volume 0.0% | 274 gaps > one bar (weekends/closures expected)
us500/hour/mid: 12,089 bars | OK | zero-volume 0.0% | 530 gaps > one bar (weekends/closures expected)
us500/hour/bid: 12,089 bars | OK | zero-volume 0.0% | 530 gaps > one bar (weekends/closures expected)
us500/hour/ask: 12,089 bars | OK | zero-volume 0.0% | 530 gaps > one bar (weekends/closures expected)
us500/day/mid: 3,843 bars | OK | zero-volume 60.73% | 760 gaps > one bar (weekends/closures expected)
us500/day/bid: 3,843 bars | OK | zero-volume 60.73% | 760 gaps > one bar (weekends/closures expected)
us500/day/ask: 3,843 bars | OK | zero-volume 60.73% | 760 gaps > one bar (weekends/closures expected)
gold/minute/mid: 47,935 bars | OK | zero-volume 0.0% | 34 gaps > one bar (weekends/closures expected)
gold/minute/bid: 47,935 bars | OK | zero-volume 0.0% | 34 gaps > one bar (weekends/closures expected)
gold/minute/ask: 47,935 bars | OK | zero-volume 0.0% | 34 gaps > one bar (weekends/closures expected)
gold/quarter/mid: 24,818 bars | OK | zero-volume 0.0% | 273 gaps > one bar (weekends/closures expected)
gold/quarter/bid: 24,818 bars | OK | zero-volume 0.0% | 273 gaps > one bar (weekends/closures expected)
gold/quarter/ask: 24,818 bars | OK | zero-volume 0.0% | 273 gaps > one bar (weekends/closures expected)
gold/hour/mid: 12,115 bars | OK | zero-volume 0.0% | 528 gaps > one bar (weekends/closures expected)
gold/hour/bid: 12,115 bars | OK | zero-volume 0.0% | 528 gaps > one bar (weekends/closures expected)
gold/hour/ask: 12,115 bars | OK | zero-volume 0.0% | 528 gaps > one bar (weekends/closures expected)
gold/day/mid: 3,848 bars | OK | zero-volume 60.81% | 767 gaps > one bar (weekends/closures expected)
gold/day/bid: 3,848 bars | OK | zero-volume 60.81% | 767 gaps > one bar (weekends/closures expected)
gold/day/ask: 3,848 bars | OK | zero-volume 60.81% | 767 gaps > one bar (weekends/closures expected)
goldvar/minute/mid: 47,938 bars | OK | zero-volume 0.0% | 34 gaps > one bar (weekends/closures expected)
goldvar/minute/bid: 47,940 bars | OK | zero-volume 0.0% | 34 gaps > one bar (weekends/closures expected)
goldvar/minute/ask: 47,940 bars | OK | zero-volume 0.0% | 34 gaps > one bar (weekends/closures expected)
goldvar/quarter/mid: 24,818 bars | OK | zero-volume 0.0% | 273 gaps > one bar (weekends/closures expected)
goldvar/quarter/bid: 24,818 bars | OK | zero-volume 0.0% | 273 gaps > one bar (weekends/closures expected)
goldvar/quarter/ask: 24,818 bars | OK | zero-volume 0.0% | 273 gaps > one bar (weekends/closures expected)
goldvar/hour/mid: 12,115 bars | OK | zero-volume 0.0% | 528 gaps > one bar (weekends/closures expected)
goldvar/hour/bid: 12,115 bars | OK | zero-volume 0.0% | 528 gaps > one bar (weekends/closures expected)
goldvar/hour/ask: 12,115 bars | OK | zero-volume 0.0% | 528 gaps > one bar (weekends/closures expected)
goldvar/day/mid: 3,848 bars | OK | zero-volume 60.81% | 767 gaps > one bar (weekends/closures expected)
goldvar/day/bid: 3,848 bars | OK | zero-volume 60.81% | 767 gaps > one bar (weekends/closures expected)
goldvar/day/ask: 3,848 bars | OK | zero-volume 60.81% | 767 gaps > one bar (weekends/closures expected)
eurusd/minute/mid: 49,685 bars | OK | zero-volume 0.0% | 227 gaps > one bar (weekends/closures expected)
eurusd/minute/bid: 49,685 bars | OK | zero-volume 0.0% | 227 gaps > one bar (weekends/closures expected)
eurusd/minute/ask: 49,685 bars | OK | zero-volume 0.0% | 227 gaps > one bar (weekends/closures expected)
eurusd/quarter/mid: 26,057 bars | OK | zero-volume 0.0% | 58 gaps > one bar (weekends/closures expected)
eurusd/quarter/bid: 26,057 bars | OK | zero-volume 0.0% | 58 gaps > one bar (weekends/closures expected)
eurusd/quarter/ask: 26,057 bars | OK | zero-volume 0.0% | 58 gaps > one bar (weekends/closures expected)
eurusd/hour/mid: 12,700 bars | OK | zero-volume 0.0% | 111 gaps > one bar (weekends/closures expected)
eurusd/hour/bid: 12,700 bars | OK | zero-volume 0.0% | 111 gaps > one bar (weekends/closures expected)
eurusd/hour/ask: 12,700 bars | OK | zero-volume 0.0% | 111 gaps > one bar (weekends/closures expected)
eurusd/day/mid: 7,452 bars | OK | zero-volume 79.28% | 1,442 gaps > one bar (weekends/closures expected)
eurusd/day/bid: 7,452 bars | OK | zero-volume 79.28% | 1,442 gaps > one bar (weekends/closures expected)
eurusd/day/ask: 7,452 bars | OK | zero-volume 79.28% | 1,442 gaps > one bar (weekends/closures expected)
uk100fut/minute/mid: 40,141 bars | OK | zero-volume 0.0% | 147 gaps > one bar (weekends/closures expected)
uk100fut/minute/bid: 40,136 bars | OK | zero-volume 0.0% | 147 gaps > one bar (weekends/closures expected)
uk100fut/minute/ask: 40,136 bars | OK | zero-volume 0.0% | 147 gaps > one bar (weekends/closures expected)
uk100fut/quarter/mid: 23,567 bars | OK | zero-volume 0.0% | 451 gaps > one bar (weekends/closures expected)
uk100fut/quarter/bid: 23,567 bars | OK | zero-volume 0.0% | 451 gaps > one bar (weekends/closures expected)
uk100fut/quarter/ask: 23,567 bars | OK | zero-volume 0.0% | 451 gaps > one bar (weekends/closures expected)
uk100fut/hour/mid: 11,643 bars | OK | zero-volume 0.0% | 514 gaps > one bar (weekends/closures expected)
uk100fut/hour/bid: 11,643 bars | OK | zero-volume 0.0% | 514 gaps > one bar (weekends/closures expected)
uk100fut/hour/ask: 11,643 bars | OK | zero-volume 0.0% | 514 gaps > one bar (weekends/closures expected)
uk100fut/day/mid: 1,295 bars | OK | zero-volume 49.27% | 271 gaps > one bar (weekends/closures expected)
uk100fut/day/bid: 1,295 bars | known {'open_outside_hl': 1} | zero-volume 49.27% | 271 gaps > one bar (weekends/closures expected)
uk100fut/day/ask: 1,295 bars | known {'close_outside_hl': 1} | zero-volume 49.27% | 271 gaps > one bar (weekends/closures expected)
ger40fut/minute/mid: 32,956 bars | OK | zero-volume 0.0% | 188 gaps > one bar (weekends/closures expected)
ger40fut/minute/bid: 32,956 bars | OK | zero-volume 0.0% | 188 gaps > one bar (weekends/closures expected)
ger40fut/minute/ask: 32,956 bars | OK | zero-volume 0.0% | 188 gaps > one bar (weekends/closures expected)
ger40fut/quarter/mid: 22,948 bars | OK | zero-volume 0.0% | 515 gaps > one bar (weekends/closures expected)
ger40fut/quarter/bid: 22,948 bars | OK | zero-volume 0.0% | 515 gaps > one bar (weekends/closures expected)
ger40fut/quarter/ask: 22,948 bars | OK | zero-volume 0.0% | 515 gaps > one bar (weekends/closures expected)
ger40fut/hour/mid: 11,566 bars | OK | zero-volume 0.0% | 508 gaps > one bar (weekends/closures expected)
ger40fut/hour/bid: 11,566 bars | OK | zero-volume 0.0% | 508 gaps > one bar (weekends/closures expected)
ger40fut/hour/ask: 11,566 bars | OK | zero-volume 0.0% | 508 gaps > one bar (weekends/closures expected)
ger40fut/day/mid: 2,764 bars | OK | zero-volume 76.19% | 562 gaps > one bar (weekends/closures expected)
ger40fut/day/bid: 2,764 bars | OK | zero-volume 76.19% | 562 gaps > one bar (weekends/closures expected)
ger40fut/day/ask: 2,764 bars | OK | zero-volume 76.19% | 562 gaps > one bar (weekends/closures expected)
nas100fut/minute/mid: 34,070 bars | OK | zero-volume 0.0% | 24 gaps > one bar (weekends/closures expected)
nas100fut/minute/bid: 34,070 bars | OK | zero-volume 0.0% | 24 gaps > one bar (weekends/closures expected)
nas100fut/minute/ask: 34,070 bars | OK | zero-volume 0.0% | 24 gaps > one bar (weekends/closures expected)
nas100fut/quarter/mid: 23,712 bars | OK | zero-volume 0.0% | 264 gaps > one bar (weekends/closures expected)
nas100fut/quarter/bid: 23,712 bars | OK | zero-volume 0.0% | 264 gaps > one bar (weekends/closures expected)
nas100fut/quarter/ask: 23,712 bars | OK | zero-volume 0.0% | 264 gaps > one bar (weekends/closures expected)
nas100fut/hour/mid: 11,845 bars | OK | zero-volume 0.0% | 518 gaps > one bar (weekends/closures expected)
nas100fut/hour/bid: 11,845 bars | OK | zero-volume 0.0% | 518 gaps > one bar (weekends/closures expected)
nas100fut/hour/ask: 11,845 bars | OK | zero-volume 0.0% | 518 gaps > one bar (weekends/closures expected)
nas100fut/day/mid: 1,175 bars | OK | zero-volume 42.89% | 241 gaps > one bar (weekends/closures expected)
nas100fut/day/bid: 1,175 bars | OK | zero-volume 42.89% | 241 gaps > one bar (weekends/closures expected)
nas100fut/day/ask: 1,175 bars | OK | zero-volume 42.89% | 241 gaps > one bar (weekends/closures expected)
us30fut/minute/mid: 34,048 bars | OK | zero-volume 0.0% | 45 gaps > one bar (weekends/closures expected)
us30fut/minute/bid: 34,048 bars | OK | zero-volume 0.0% | 45 gaps > one bar (weekends/closures expected)
us30fut/minute/ask: 34,048 bars | OK | zero-volume 0.0% | 45 gaps > one bar (weekends/closures expected)
us30fut/quarter/mid: 23,714 bars | OK | zero-volume 0.0% | 263 gaps > one bar (weekends/closures expected)
us30fut/quarter/bid: 23,714 bars | OK | zero-volume 0.0% | 263 gaps > one bar (weekends/closures expected)
us30fut/quarter/ask: 23,714 bars | OK | zero-volume 0.0% | 263 gaps > one bar (weekends/closures expected)
us30fut/hour/mid: 11,846 bars | OK | zero-volume 0.0% | 518 gaps > one bar (weekends/closures expected)
us30fut/hour/bid: 11,846 bars | OK | zero-volume 0.0% | 518 gaps > one bar (weekends/closures expected)
us30fut/hour/ask: 11,846 bars | OK | zero-volume 0.0% | 518 gaps > one bar (weekends/closures expected)
us30fut/day/mid: 1,326 bars | OK | zero-volume 49.4% | 272 gaps > one bar (weekends/closures expected)
us30fut/day/bid: 1,326 bars | OK | zero-volume 49.4% | 272 gaps > one bar (weekends/closures expected)
us30fut/day/ask: 1,326 bars | OK | zero-volume 49.4% | 272 gaps > one bar (weekends/closures expected)
uk100sep26/minute/mid: 40,140 bars | OK | zero-volume 0.0% | 147 gaps > one bar (weekends/closures expected)
uk100sep26/minute/bid: 40,140 bars | OK | zero-volume 0.0% | 147 gaps > one bar (weekends/closures expected)
uk100sep26/minute/ask: 40,140 bars | OK | zero-volume 0.0% | 147 gaps > one bar (weekends/closures expected)
uk100sep26/quarter/mid: 4,602 bars | OK | zero-volume 0.0% | 92 gaps > one bar (weekends/closures expected)
uk100sep26/quarter/bid: 4,602 bars | OK | zero-volume 0.0% | 92 gaps > one bar (weekends/closures expected)
uk100sep26/quarter/ask: 4,602 bars | OK | zero-volume 0.0% | 92 gaps > one bar (weekends/closures expected)
uk100sep26/hour/mid: 1,161 bars | OK | zero-volume 0.0% | 51 gaps > one bar (weekends/closures expected)
uk100sep26/hour/bid: 1,161 bars | OK | zero-volume 0.0% | 51 gaps > one bar (weekends/closures expected)
uk100sep26/hour/ask: 1,161 bars | OK | zero-volume 0.0% | 51 gaps > one bar (weekends/closures expected)
uk100sep26/day/mid: 51 bars | OK | zero-volume 0.0% | 10 gaps > one bar (weekends/closures expected)
uk100sep26/day/bid: 51 bars | OK | zero-volume 0.0% | 10 gaps > one bar (weekends/closures expected)
uk100sep26/day/ask: 51 bars | OK | zero-volume 0.0% | 10 gaps > one bar (weekends/closures expected)

All structural checks passed (known baseline accepted).

=== uk100  (cash 8.0-16.5 London) ===
    1min:  47,126 bars (17,850 cash) 2026-07-03 -> 2026-08-21   spread 0.8
   15min:  24,019 bars ( 9,049 cash) 2025-08-03 -> 2026-08-21   spread 0.8
      1h:  11,768 bars ( 4,654 cash) 2024-08-04 -> 2026-08-21   spread 0.8
      4h:   3,205 bars ( 1,552 cash) 2024-08-04 -> 2026-08-21   spread 0.8
      1d:   3,758 bars ( 3,758 cash) 2012-03-26 -> 2026-08-20   spread 0.0

=== ger40  (cash 9.0-17.5 London) ===
    1min:  46,956 bars (17,850 cash) 2026-07-05 -> 2026-08-21   spread 1.0
   15min:  24,052 bars ( 9,043 cash) 2025-08-04 -> 2026-08-21   spread 1.0
      1h:  11,819 bars ( 4,670 cash) 2024-08-04 -> 2026-08-21   spread 1.0
      4h:   3,118 bars ( 1,038 cash) 2024-08-04 -> 2026-08-21   spread 1.0875
      1d:   3,777 bars ( 3,777 cash) 2012-01-30 -> 2026-08-20   spread 0.0

=== ger40fut  (cash 9.0-17.5 London) ===
    1min:  32,956 bars (12,750 cash) 2026-07-19 -> 2026-08-21   spread 1.5
   15min:  22,948 bars ( 8,680 cash) 2025-08-19 -> 2026-08-21   spread 1.5
      1h:  11,566 bars ( 4,574 cash) 2024-08-19 -> 2026-08-21   spread 1.5
      4h:   3,050 bars ( 1,017 cash) 2024-08-19 -> 2026-08-21   spread 1.5
      1d:   2,764 bars ( 2,764 cash) 2015-11-21 -> 2026-08-20   spread 0.0

=== us500  (cash 9.5-16.0 London) ===
    1min:  47,729 bars (13,390 cash) 2026-07-05 -> 2026-08-21   spread 0.4
   15min:  24,694 bars ( 6,926 cash) 2025-08-04 -> 2026-08-21   spread 0.4
      1h:  12,089 bars ( 3,111 cash) 2024-08-04 -> 2026-08-21   spread 0.4
      4h:   3,162 bars (   553 cash) 2024-08-04 -> 2026-08-21   spread 0.425
      1d:   3,843 bars ( 3,843 cash) 2012-03-13 -> 2026-08-20   spread 0.0

=== us30  (cash 9.5-16.0 London) ===
    1min:  47,795 bars (13,393 cash) 2026-07-05 -> 2026-08-21   spread 1.9
   15min:  24,700 bars ( 6,931 cash) 2025-08-04 -> 2026-08-21   spread 1.9
      1h:  12,089 bars ( 3,111 cash) 2024-08-04 -> 2026-08-21   spread 1.9
      4h:   3,162 bars (   553 cash) 2024-08-04 -> 2026-08-21   spread 2.2667
      1d:   3,850 bars ( 3,850 cash) 2012-03-05 -> 2026-08-20   spread 0.0

=== nas100  (cash 9.5-16.0 London) ===
    1min:  47,797 bars (13,394 cash) 2026-07-05 -> 2026-08-21   spread 0.9
   15min:  24,700 bars ( 6,931 cash) 2025-08-04 -> 2026-08-21   spread 0.9
      1h:  12,090 bars ( 3,111 cash) 2024-08-04 -> 2026-08-21   spread 0.9
      4h:   3,162 bars (   553 cash) 2024-08-04 -> 2026-08-21   spread 1.125
      1d:   3,850 bars ( 3,850 cash) 2012-03-05 -> 2026-08-20   spread 0.0

=== nas100fut  (cash 9.5-16.0 London) ===
    1min:  34,070 bars ( 9,505 cash) 2026-07-19 -> 2026-08-21   spread 1.8
   15min:  23,712 bars ( 6,662 cash) 2025-08-19 -> 2026-08-21   spread 1.8
      1h:  11,845 bars ( 3,051 cash) 2024-08-19 -> 2026-08-21   spread 1.8
      4h:   3,098 bars (   543 cash) 2024-08-19 -> 2026-08-21   spread 2.05
      1d:   1,175 bars ( 1,175 cash) 2022-02-03 -> 2026-08-20   spread 1.5

=== us30fut  (cash 9.5-16.0 London) ===
    1min:  34,048 bars ( 9,506 cash) 2026-07-19 -> 2026-08-21   spread 2.6
   15min:  23,714 bars ( 6,663 cash) 2025-08-19 -> 2026-08-21   spread 2.6
      1h:  11,846 bars ( 3,051 cash) 2024-08-19 -> 2026-08-21   spread 2.6
      4h:   3,098 bars (   543 cash) 2024-08-19 -> 2026-08-21   spread 3.45
      1d:   1,326 bars ( 1,326 cash) 2021-07-05 -> 2026-08-20   spread 4.0

=== gold  (cash 8.0-16.0 London) ===
    1min:  47,935 bars (16,546 cash) 2026-07-05 -> 2026-08-21   spread 0.4
   15min:  24,818 bars ( 8,596 cash) 2025-08-04 -> 2026-08-21   spread 0.4
      1h:  12,115 bars ( 4,199 cash) 2024-08-04 -> 2026-08-21   spread 0.3
      4h:   3,276 bars ( 1,038 cash) 2024-08-04 -> 2026-08-21   spread 0.45
      1d:   3,848 bars ( 3,848 cash) 2011-12-30 -> 2026-08-20   spread 0.0

=== goldvar  (cash 8.0-16.0 London) ===
    1min:  47,938 bars (16,549 cash) 2026-07-05 -> 2026-08-21   spread 0.2
   15min:  24,818 bars ( 8,596 cash) 2025-08-04 -> 2026-08-21   spread 0.4
      1h:  12,115 bars ( 4,199 cash) 2024-08-04 -> 2026-08-21   spread 0.3
      4h:   3,276 bars ( 1,038 cash) 2024-08-04 -> 2026-08-21   spread 0.4
      1d:   3,848 bars ( 3,848 cash) 2011-12-30 -> 2026-08-20   spread 0.0

=== eurusd  (cash 8.0-21.0 London) ===
    1min:  49,685 bars (27,052 cash) 2026-07-05 -> 2026-08-21   spread 0.0001
   15min:  26,057 bars (14,101 cash) 2025-08-04 -> 2026-08-21   spread 0.0001
      1h:  12,700 bars ( 6,875 cash) 2024-08-04 -> 2026-08-21   spread 0.0
      4h:   3,285 bars ( 2,114 cash) 2024-08-04 -> 2026-08-21   spread 0.0
      1d:   7,452 bars ( 7,452 cash) 1999-01-04 -> 2026-08-20   spread 0.0

=== uk100fut  (cash 8.0-16.5 London) ===
    1min:  40,141 bars (15,300 cash) 2026-07-12 -> 2026-08-21   spread 1.3
   15min:  23,567 bars ( 8,879 cash) 2025-08-10 -> 2026-08-21   spread 1.3
      1h:  11,643 bars ( 4,609 cash) 2024-08-11 -> 2026-08-21   spread 1.3
      4h:   3,171 bars ( 1,537 cash) 2024-08-11 -> 2026-08-21   spread 1.3
      1d:   1,295 bars ( 1,295 cash) 2021-07-05 -> 2026-08-20   spread 5.0

=== uk100sep26  (cash 8.0-16.5 London) ===
    1min:  40,140 bars (15,300 cash) 2026-07-12 -> 2026-08-21   spread 4.0
   15min:   4,602 bars ( 1,734 cash) 2026-06-11 -> 2026-08-21   spread 4.0
      1h:   1,161 bars (   458 cash) 2026-06-11 -> 2026-08-21   spread 4.0
      4h:     316 bars (   152 cash) 2026-06-11 -> 2026-08-21   spread 4.0
      1d:      51 bars (    51 cash) 2026-06-11 -> 2026-08-20   spread 6.0

Wrote /Users/r.john/git/vc-tx2/clean_finsa/
uk100      14/14 passed
ger40      14/14 passed
ger40fut   14/14 passed
us500      14/14 passed
us30       14/14 passed
nas100     14/14 passed
nas100fut  14/14 passed
us30fut    14/14 passed
gold       14/14 passed
goldvar    14/14 passed
eurusd     14/14 passed
uk100fut   14/14 passed
uk100sep26 14/14 passed

182/182 checks passed overall.
=== done 2026-08-21T15:58:35Z sync=0 validate=0 build=0 verify=0 ===
